--------- beginning of main
05-07 23:51:36.889 W/RecyclerView(11714): No adapter attached; skipping layout
05-07 23:51:36.890 E/roid.play.game(11714): vulkan version is 4202746
05-07 23:51:36.890 D/gralloc_x86(11714): gralloc_alloc: Creating ashmem region of size 14749696
05-07 23:51:36.891 D/gralloc_x86(11714): gralloc_alloc: Creating ashmem region of size 14749696
05-07 23:51:36.891 D/gralloc_x86(11714): gralloc_alloc: Creating ashmem region of size 14749696
--------- beginning of system
05-07 23:51:36.937 V/ActivityManager( 2429): Got obituary of 12221:com.HolydayStudios.Firestone
05-07 23:51:36.937 W/ActivityManager( 2429): setHasOverlayUi called on unknown pid: 12221
05-07 23:51:36.937 W/WindowManager( 2429): Cannot find window which accessibility connection is added to
05-07 23:51:36.939 I/Zygote  ( 2220): Process 12221 exited due to signal 9 (Killed)
05-07 23:51:36.942 I/GoogleSignatureVerifier( 3171): package info is not set correctly
05-07 23:51:36.945 E/BpTransactionCompletedListener( 2254): Failed to transact (-32)
05-07 23:51:36.946 E/BpTransactionCompletedListener( 2254): Failed to transact (-32)
05-07 23:51:36.946 W/SurfaceFlinger( 2254): couldn't log to binary event log: overflow.
05-07 23:51:36.947 W/ActivityManager( 2429): callingPackage:com.google.android.gms, packageName:com.google.android.gms, name:com.google.android.gms.auth.account.be.legacy.GoogleAccountDataService, isSkip: true
05-07 23:51:36.964 W/ActivityManager( 2429): callingPackage:com.google.android.gms, packageName:com.google.android.gms, name:com.google.android.gms.games.chimera.GamesAsyncServiceProxy, isSkip: true
05-07 23:51:36.967 I/GetServiceValidatorImpl( 3171): (REDACTED) onGetService() from Client SDK version [%s], Module version [%s], PGA version [%s], Account [%s], Calling package [%s], Game package [%s]
05-07 23:51:36.968 I/GetServiceValidatorImpl( 3171): (REDACTED) onGetService() from Client SDK version [%s], Module version [%s], PGA version [%s], Account [%s], Calling package [%s], Game package [%s]
05-07 23:51:36.968 W/GetGamesServiceReqFacto( 3171): Parsing request with ignored arguments. signInOptionsBundle [Bundle[mParcelledData.dataSize=1300]], isRetryingSignIn [false], skipWelcomePopup [false], requireGooglePlus [false]
05-07 23:51:36.968 W/GetGamesServiceReqFacto( 3171): Parsing request with ignored arguments. signInOptionsBundle [Bundle[mParcelledData.dataSize=1300]], isRetryingSignIn [false], skipWelcomePopup [false], requireGooglePlus [false]
05-07 23:51:36.968 W/GetGamesServiceReqFacto( 3171): SDK variant was not specified.
05-07 23:51:36.973 I/SignInPerformer-14( 3171): (REDACTED) Handling request [%s], isFirstPartyCaller [%s]
05-07 23:51:36.973 I/SignInPerformer-14( 3171): (REDACTED) java sdk version: [%s]	unity sdk version: [%s]	native sdk version: [%s]
05-07 23:51:36.978 I/SignInPerformer-14( 3171): (REDACTED) Found existing game run [%s]
05-07 23:51:36.980 I/GetServiceValidatorImpl( 3171): (REDACTED) onGetService() from Client SDK version [%s], Module version [%s], PGA version [%s], Account [%s], Calling package [%s], Game package [%s]
05-07 23:51:36.981 W/GetGamesServiceReqFacto( 3171): Parsing request with ignored arguments. signInOptionsBundle [Bundle[{com.google.android.gms.signin.internal.serverClientId=null, com.google.android.gms.signin.internal.usePromptModeForAuthCode=true, com.google.android.gms.signin.internal.logSessionId=null, com.google.android.gms.signin.internal.hostedDomain=null, com.google.android.gms.signin.internal.offlineAccessRequested=false, com.google.android.gms.signin.internal.waitForAccessTokenRefresh=false, com.google.android.gms.signin.internal.clientRequestedAccount=Account {name=<<default account>>, type=com.google}, com.google.android.gms.signin.internal.idTokenRequested=false, com.google.android.gms.signin.internal.forceCodeForRefreshToken=false}]], isRetryingSignIn [false], skipWelcomePopup [false], requireGooglePlus [false]
05-07 23:51:36.981 I/GetGamesServiceReqFacto( 3171): Replacing request for `games` scope with `games_lite`
05-07 23:51:36.991 I/SignInPerformer-14( 3171): (REDACTED) Successfully resolved account: [%s]
05-07 23:51:37.001 W/ActivityManager( 2429): callingPackage:com.google.android.gms, packageName:com.google.android.gms, name:com.google.android.gms.chimera.GmsInternalBoundBrokerService, isSkip: true
05-07 23:51:37.002 D/BoundBrokerSvc( 3171): onBind: Intent { act=com.google.android.gms.signin.service.INTERNAL_START id=identifierhack:1dc43665-3f37-446d-9b6b-7d9a45b7ec72 pkg=com.google.android.gms (has extras) }
05-07 23:51:37.002 D/BoundBrokerSvc( 3171): Loading bound service for intent: Intent { act=com.google.android.gms.signin.service.INTERNAL_START id=identifierhack:1dc43665-3f37-446d-9b6b-7d9a45b7ec72 pkg=com.google.android.gms (has extras) }
05-07 23:51:37.004 I/GoogleSignatureVerifier( 3171): package info is not set correctly
05-07 23:51:37.011 D/BoundBrokerSvc( 3171): onUnbind: Intent { act=com.google.android.gms.signin.service.INTERNAL_START id=identifierhack:1dc43665-3f37-446d-9b6b-7d9a45b7ec72 pkg=com.google.android.gms (has extras) }
05-07 23:51:37.012 I/SignInPerformer-14( 3171): (REDACTED) Successfully authorized %s
05-07 23:51:37.012 I/PlayerManager( 3171): (REDACTED) Fetching player: account [%s] gamePackageName [%s] forceServerFetch [%s] getLegacyPlayerIdResponse [%s]
05-07 23:51:37.014 I/PlayerManager( 3171): (REDACTED) Found player: account [%s] validatedLegacyPlayerId [%s] playerId [%s] legacyPlayerId [%s]
05-07 23:51:37.014 I/SignInPerformer-14( 3171): (REDACTED) Successfully found player (id [%s], originalId [%s], displayName [%s]) for account [%s]
05-07 23:51:37.017 I/SignInPerformer-14( 3171): (REDACTED) Successfully found game: displayName [%s], applicationId [%s], packageName [%s]
05-07 23:51:37.024 I/GmsCoreAccountHinter( 3171): (REDACTED) No Games Java SDK version for %s. Assuming first generation SDK. Updating active gmscore account.
05-07 23:51:37.024 I/GmsCoreAccountHinter( 3171): (REDACTED) Hinted account %s for %s
05-07 23:51:37.028 I/SignInManagerV2( 3171): (REDACTED) Recorded sign-in successful: request[%s]
05-07 23:51:37.033 I/GetGamesServiceV2Op( 3171): (REDACTED) Successfully brokered GamesService for request %s
05-07 23:51:37.034 I/SignInPerformer-15( 3171): (REDACTED) Handling request [%s], isFirstPartyCaller [%s]
05-07 23:51:37.034 I/SignInPerformer-15( 3171): (REDACTED) java sdk version: [%s]	unity sdk version: [%s]	native sdk version: [%s]
05-07 23:51:37.034 W/ActivityManager( 2429): callingPackage:com.google.android.gms, packageName:com.google.android.gms, name:com.google.android.gms.auth.be.appcert.AppCertService, isSkip: true
05-07 23:51:37.035 I/SignInPerformer-15( 3171): (REDACTED) Found existing game run [%s]
05-07 23:51:37.037 W/GLSUser ( 2754): [DeviceKeyStore] Cannot load key: Device key file not found.
05-07 23:51:37.040 I/SignInPerformer-15( 3171): (REDACTED) Successfully resolved account: [%s]
05-07 23:51:37.045 W/ActivityManager( 2429): callingPackage:com.google.android.gms, packageName:com.google.android.gms, name:com.google.android.gms.droidguard.DroidGuardService, isSkip: true
05-07 23:51:37.046 W/ActivityManager( 2429): callingPackage:com.google.android.gms, packageName:com.google.android.gms, name:com.google.android.gms.chimera.GmsInternalBoundBrokerService, isSkip: true
05-07 23:51:37.048 D/BoundBrokerSvc( 3171): onBind: Intent { act=com.google.android.gms.signin.service.INTERNAL_START id=identifierhack:394c3b8d-dff6-49e2-84a1-0a11366044f6 pkg=com.google.android.gms (has extras) }
05-07 23:51:37.048 D/BoundBrokerSvc( 3171): Loading bound service for intent: Intent { act=com.google.android.gms.signin.service.INTERNAL_START id=identifierhack:394c3b8d-dff6-49e2-84a1-0a11366044f6 pkg=com.google.android.gms (has extras) }
05-07 23:51:37.050 I/GoogleSignatureVerifier( 3171): package info is not set correctly
05-07 23:51:37.054 D/BoundBrokerSvc( 3171): onUnbind: Intent { act=com.google.android.gms.signin.service.INTERNAL_START id=identifierhack:394c3b8d-dff6-49e2-84a1-0a11366044f6 pkg=com.google.android.gms (has extras) }
05-07 23:51:37.055 I/SignInPerformer-15( 3171): (REDACTED) Successfully authorized %s
05-07 23:51:37.055 I/PlayerManager( 3171): (REDACTED) Fetching player: account [%s] gamePackageName [%s] forceServerFetch [%s] getLegacyPlayerIdResponse [%s]
05-07 23:51:37.058 I/PlayerManager( 3171): (REDACTED) Found player: account [%s] validatedLegacyPlayerId [%s] playerId [%s] legacyPlayerId [%s]
05-07 23:51:37.058 I/SignInPerformer-15( 3171): (REDACTED) Successfully found player (id [%s], originalId [%s], displayName [%s]) for account [%s]
05-07 23:51:37.060 I/SignInPerformer-15( 3171): (REDACTED) Successfully found game: displayName [%s], applicationId [%s], packageName [%s]
05-07 23:51:37.066 I/GmsCoreAccountHinter( 3171): (REDACTED) No Games Java SDK version for %s. Assuming first generation SDK. Updating active gmscore account.
05-07 23:51:37.066 I/GmsCoreAccountHinter( 3171): (REDACTED) Hinted account %s for %s
05-07 23:51:37.069 I/SignInManagerV2( 3171): (REDACTED) Recorded sign-in successful: request[%s]
05-07 23:51:37.072 I/GetGamesServiceV2Op( 3171): (REDACTED) Successfully brokered GamesService for request %s
05-07 23:51:37.074 I/SignInPerformer-16( 3171): (REDACTED) Handling request [%s], isFirstPartyCaller [%s]
05-07 23:51:37.074 I/SignInPerformer-16( 3171): Successfully brokered first-party unauthenticated GamesService [CONTEXT service_id=1 ]
05-07 23:51:37.075 I/GetGamesServiceV2Op( 3171): (REDACTED) Successfully brokered GamesService for request %s
05-07 23:51:37.097 I/ScopedIdsTransformer( 3171): This is PGA. Doing nothing.
05-07 23:51:37.116 W/GmsUrlRequestImpl( 2754): [https://android.googleapis.com/auth/devicekey] Content-Type header is overwritten.
05-07 23:51:37.190 W/GLSUser ( 2754): [AppCertManager] Exception while requesting key: 
05-07 23:51:37.190 W/GLSUser ( 2754): java.util.concurrent.ExecutionException: cxgt: Parsing Exception
05-07 23:51:37.190 W/GLSUser ( 2754): 	at hirt.j(:com.google.android.gms@261731029@26.17.31 (190400-906420463):21)
05-07 23:51:37.190 W/GLSUser ( 2754): 	at hisc.t(:com.google.android.gms@261731029@26.17.31 (190400-906420463):73)
05-07 23:51:37.190 W/GLSUser ( 2754): 	at alvg.b(:com.google.android.gms@261731029@26.17.31 (190400-906420463):435)
05-07 23:51:37.190 W/GLSUser ( 2754): 	at alve.a(:com.google.android.gms@261731029@26.17.31 (190400-906420463):67)
05-07 23:51:37.190 W/GLSUser ( 2754): 	at alve.dispatchTransaction(:com.google.android.gms@261731029@26.17.31 (190400-906420463):16)
05-07 23:51:37.190 W/GLSUser ( 2754): 	at cans.a(:com.google.android.gms@261731029@26.17.31 (190400-906420463):64)
05-07 23:51:37.190 W/GLSUser ( 2754): 	at zrf.onTransact(:com.google.android.gms@261731029@26.17.31 (190400-906420463):23)
05-07 23:51:37.190 W/GLSUser ( 2754): 	at android.os.Binder.transact(Binder.java:1064)
05-07 23:51:37.190 W/GLSUser ( 2754): 	at cmxp.onTransact(:com.google.android.gms@261731029@26.17.31 (190400-906420463):12)
05-07 23:51:37.190 W/GLSUser ( 2754): 	at android.os.Binder.transact(Binder.java:1064)
05-07 23:51:37.190 W/GLSUser ( 2754): 	at caog.onTransact(:com.google.android.gms@261731029@26.17.31 (190400-906420463):169)
05-07 23:51:37.190 W/GLSUser ( 2754): 	at android.os.Binder.execTransactInternal(Binder.java:1179)
05-07 23:51:37.190 W/GLSUser ( 2754): 	at android.os.Binder.execTransact(Binder.java:1143)
05-07 23:51:37.190 W/GLSUser ( 2754): Caused by: cxgt: Parsing Exception
05-07 23:51:37.190 W/GLSUser ( 2754): 	at cxhy.a(:com.google.android.gms@261731029@26.17.31 (190400-906420463):15)
05-07 23:51:37.190 W/GLSUser ( 2754): 	at hium.run(:com.google.android.gms@261731029@26.17.31 (190400-906420463):56)
05-07 23:51:37.190 W/GLSUser ( 2754): 	at bjbn.c(:com.google.android.gms@261731029@26.17.31 (190400-906420463):50)
05-07 23:51:37.190 W/GLSUser ( 2754): 	at bjbn.run(:com.google.android.gms@261731029@26.17.31 (190400-906420463):66)
05-07 23:51:37.190 W/GLSUser ( 2754): 	at java.util.concurrent.ThreadPoolExecutor.runWorker(ThreadPoolExecutor.java:1167)
05-07 23:51:37.190 W/GLSUser ( 2754): 	at java.util.concurrent.ThreadPoolExecutor$Worker.run(ThreadPoolExecutor.java:641)
05-07 23:51:37.190 W/GLSUser ( 2754): 	at bjhe.run(:com.google.android.gms@261731029@26.17.31 (190400-906420463):8)
05-07 23:51:37.190 W/GLSUser ( 2754): 	at java.lang.Thread.run(Thread.java:920)
05-07 23:51:37.190 W/GLSUser ( 2754): Caused by: itlt: Protocol message end-group tag did not match expected tag.
05-07 23:51:37.190 W/GLSUser ( 2754): 	at itnq.a(:com.google.android.gms@261731029@26.17.31 (190400-906420463):57)
05-07 23:51:37.190 W/GLSUser ( 2754): 	at itmn.l(:com.google.android.gms@261731029@26.17.31 (190400-906420463):60)
05-07 23:51:37.190 W/GLSUser ( 2754): 	at itkp.s(:com.google.android.gms@261731029@26.17.31 (190400-906420463):26)
05-07 23:51:37.190 W/GLSUser ( 2754): 	at itik.f(:com.google.android.gms@261731029@26.17.31 (190400-906420463):7)
05-07 23:51:37.190 W/GLSUser ( 2754): 	at itik.c(:com.google.android.gms@261731029@26.17.31 (190400-906420463):1)
05-07 23:51:37.190 W/GLSUser ( 2754): 	at itik.o(:com.google.android.gms@261731029@26.17.31 (190400-906420463):1)
05-07 23:51:37.190 W/GLSUser ( 2754): 	at cxhx.a(:com.google.android.gms@261731029@26.17.31 (190400-906420463):15)
05-07 23:51:37.190 W/GLSUser ( 2754): 	at cxic.call(:com.google.android.gms@261731029@26.17.31 (190400-906420463):8)
05-07 23:51:37.190 W/GLSUser ( 2754): 	at java.util.concurrent.FutureTask.run(FutureTask.java:266)
05-07 23:51:37.190 W/GLSUser ( 2754): 	... 6 more
05-07 23:51:37.190 W/GLSUser ( 2754): [DeviceKeyStore] Cannot load key: Device key file not found.
05-07 23:51:37.191 W/GLSUser ( 2754): [DeviceKeyStore] Cannot load key: Device key file not found.
05-07 23:51:37.191 W/GLSUser ( 2754): [DeviceKeyStore] Cannot load key: Device key file not found.
05-07 23:51:37.192 W/ActivityManager( 2429): callingPackage:com.google.android.gms, packageName:com.google.android.gms, name:com.google.android.gms.auth.GetToken, isSkip: true
05-07 23:51:37.198 I/GamesModuleInfoProvider( 3171): (REDACTED) Retrieved module info: %s
05-07 23:51:37.198 I/GamesModuleInfoProvider( 3171): (REDACTED) Retrieved module info: %s
05-07 23:51:37.213 W/Conscrypt( 3171): Could not set socket write timeout: java.net.SocketException: Socket closed
05-07 23:51:37.214 W/Conscrypt( 3171): 	at com.google.android.gms.org.conscrypt.Platform.setSocketWriteTimeout(:com.google.android.gms@261731029@26.17.31 (190400-906420463):204)
05-07 23:51:37.214 W/Conscrypt( 3171): 	at com.google.android.gms.org.conscrypt.ConscryptFileDescriptorSocket.setSoWriteTimeout(:com.google.android.gms@261731029@26.17.31 (190400-906420463):4)
05-07 23:51:37.216 W/Conscrypt( 3171): Could not set socket write timeout: java.net.SocketException: Socket closed
05-07 23:51:37.216 W/Conscrypt( 3171): 	at com.google.android.gms.org.conscrypt.Platform.setSocketWriteTimeout(:com.google.android.gms@261731029@26.17.31 (190400-906420463):204)
05-07 23:51:37.216 W/Conscrypt( 3171): 	at com.google.android.gms.org.conscrypt.ConscryptFileDescriptorSocket.setSoWriteTimeout(:com.google.android.gms@261731029@26.17.31 (190400-906420463):4)
05-07 23:51:37.236 W/Conscrypt( 3171): Could not set socket write timeout: java.net.SocketException: Socket closed
05-07 23:51:37.236 W/Conscrypt( 3171): 	at com.google.android.gms.org.conscrypt.Platform.setSocketWriteTimeout(:com.google.android.gms@261731029@26.17.31 (190400-906420463):204)
05-07 23:51:37.236 W/Conscrypt( 3171): 	at com.google.android.gms.org.conscrypt.ConscryptFileDescriptorSocket.setSoWriteTimeout(:com.google.android.gms@261731029@26.17.31 (190400-906420463):4)
05-07 23:51:37.250 W/Conscrypt( 3171): Could not set socket write timeout: java.net.SocketException: Socket closed
05-07 23:51:37.250 W/Conscrypt( 3171): 	at com.google.android.gms.org.conscrypt.Platform.setSocketWriteTimeout(:com.google.android.gms@261731029@26.17.31 (190400-906420463):204)
05-07 23:51:37.250 W/Conscrypt( 3171): 	at com.google.android.gms.org.conscrypt.ConscryptFileDescriptorSocket.setSoWriteTimeout(:com.google.android.gms@261731029@26.17.31 (190400-906420463):4)
05-07 23:51:37.503 W/GLSUser ( 2754): [DeviceKeyStore] Cannot load key: Device key file not found.
05-07 23:51:37.503 W/GLSUser ( 2754): [DeviceKeyStore] Cannot load key: Device key file not found.
05-07 23:51:37.506 I/Choreographer(11714): Skipped 51 frames!  The application may be doing too much work on its main thread.
05-07 23:51:37.507 I/GamesModuleInfoProvider( 3171): (REDACTED) Retrieved module info: %s
05-07 23:51:37.515 W/GLSUser ( 2754): [DeviceKeyStore] Cannot load key: Device key file not found.
05-07 23:51:37.515 W/GLSUser ( 2754): [DeviceKeyStore] Cannot load key: Device key file not found.
05-07 23:51:37.517 W/Conscrypt( 3171): Could not set socket write timeout: java.net.SocketException: Socket closed
05-07 23:51:37.518 W/Conscrypt( 3171): 	at com.google.android.gms.org.conscrypt.Platform.setSocketWriteTimeout(:com.google.android.gms@261731029@26.17.31 (190400-906420463):204)
05-07 23:51:37.518 W/Conscrypt( 3171): 	at com.google.android.gms.org.conscrypt.ConscryptFileDescriptorSocket.setSoWriteTimeout(:com.google.android.gms@261731029@26.17.31 (190400-906420463):4)
05-07 23:51:37.519 I/GamesModuleInfoProvider( 3171): (REDACTED) Retrieved module info: %s
05-07 23:51:37.529 W/Conscrypt( 3171): Could not set socket write timeout: java.net.SocketException: Socket closed
05-07 23:51:37.529 W/Conscrypt( 3171): 	at com.google.android.gms.org.conscrypt.Platform.setSocketWriteTimeout(:com.google.android.gms@261731029@26.17.31 (190400-906420463):204)
05-07 23:51:37.529 W/Conscrypt( 3171): 	at com.google.android.gms.org.conscrypt.ConscryptFileDescriptorSocket.setSoWriteTimeout(:com.google.android.gms@261731029@26.17.31 (190400-906420463):4)
05-07 23:51:37.535 W/Conscrypt( 3171): Could not set socket write timeout: java.net.SocketException: Socket closed
05-07 23:51:37.535 W/Conscrypt( 3171): 	at com.google.android.gms.org.conscrypt.Platform.setSocketWriteTimeout(:com.google.android.gms@261731029@26.17.31 (190400-906420463):204)
05-07 23:51:37.535 W/Conscrypt( 3171): 	at com.google.android.gms.org.conscrypt.ConscryptFileDescriptorSocket.setSoWriteTimeout(:com.google.android.gms@261731029@26.17.31 (190400-906420463):4)
05-07 23:51:37.545 W/Conscrypt( 3171): Could not set socket write timeout: java.net.SocketException: Socket closed
05-07 23:51:37.545 W/Conscrypt( 3171): 	at com.google.android.gms.org.conscrypt.Platform.setSocketWriteTimeout(:com.google.android.gms@261731029@26.17.31 (190400-906420463):204)
05-07 23:51:37.545 W/Conscrypt( 3171): 	at com.google.android.gms.org.conscrypt.ConscryptFileDescriptorSocket.setSoWriteTimeout(:com.google.android.gms@261731029@26.17.31 (190400-906420463):4)
05-07 23:51:37.839 D/IntervalStats( 2429): Unable to parse usage stats packages: [42, 44, 46, 47, 48, 50, 51, 55, 56, 58, 59, 61, 62, 64, 66, 67, 68, 69, 70, 72, 73, 79, 80, 84, 85, 88, 90, 91, 93, 94, 95, 99, 100, 101, 102, 104, 108, 110, 111, 112, 118, 120, 123, 124, 125, 127, 128, 130, 131, 132, 133, 134, 135, 136, 137, 138, 139, 147, 148, 149, 153, 156, 157, 163, 164, 167, 169, 172, 174, 175, 176, 177, 178, 181]
05-07 23:51:37.843 W/GLSUser ( 2754): [DeviceKeyStore] Cannot load key: Device key file not found.
05-07 23:51:37.843 W/GLSUser ( 2754): [DeviceKeyStore] Cannot load key: Device key file not found.
05-07 23:51:37.847 I/GamesModuleInfoProvider( 3171): (REDACTED) Retrieved module info: %s
05-07 23:51:37.859 W/Conscrypt( 3171): Could not set socket write timeout: java.net.SocketException: Socket closed
05-07 23:51:37.859 W/Conscrypt( 3171): 	at com.google.android.gms.org.conscrypt.Platform.setSocketWriteTimeout(:com.google.android.gms@261731029@26.17.31 (190400-906420463):204)
05-07 23:51:37.859 W/Conscrypt( 3171): 	at com.google.android.gms.org.conscrypt.ConscryptFileDescriptorSocket.setSoWriteTimeout(:com.google.android.gms@261731029@26.17.31 (190400-906420463):4)
05-07 23:51:37.877 W/Conscrypt( 3171): Could not set socket write timeout: java.net.SocketException: Socket closed
05-07 23:51:37.877 W/Conscrypt( 3171): 	at com.google.android.gms.org.conscrypt.Platform.setSocketWriteTimeout(:com.google.android.gms@261731029@26.17.31 (190400-906420463):204)
05-07 23:51:37.877 W/Conscrypt( 3171): 	at com.google.android.gms.org.conscrypt.ConscryptFileDescriptorSocket.setSoWriteTimeout(:com.google.android.gms@261731029@26.17.31 (190400-906420463):4)
05-07 23:51:37.907 D/IntervalStats( 2429): Unable to parse usage stats packages: [42, 44, 46, 47, 48, 50, 51, 55, 56, 58, 59, 61, 62, 64, 66, 67, 68, 69, 70, 72, 73, 79, 80, 84, 85, 88, 90, 91, 93, 94, 95, 99, 100, 101, 102, 104, 108, 110, 111, 112, 118, 120, 123, 124, 125, 127, 128, 130, 131, 132, 133, 134, 135, 136, 137, 138, 139, 147, 148, 149, 153, 156, 157, 163, 164, 167, 169, 172, 174, 175, 176, 177, 178, 181]
05-07 23:51:37.911 E/PlayGamesServices[GameAgent]( 3171): Badge MarketBadge1P{images=[], values=badge_type=0} does not have exactly one image
05-07 23:51:37.911 E/PlayGamesServices[GameAgent]( 3171): Badge MarketBadge1P{images=[], values=badge_type=3} does not have exactly one image
05-07 23:51:37.913 E/PlayGamesServices[GameAgent]( 3171): Badge MarketBadge1P{images=[], values=badge_type=0} does not have exactly one image
05-07 23:51:37.914 E/PlayGamesServices[GameAgent]( 3171): Badge MarketBadge1P{images=[], values=badge_type=0} does not have exactly one image
05-07 23:51:37.915 E/PlayGamesServices[GameAgent]( 3171): Badge MarketBadge1P{images=[], values=badge_type=0} does not have exactly one image
05-07 23:51:37.915 E/PlayGamesServices[GameAgent]( 3171): Badge MarketBadge1P{images=[], values=badge_type=2} does not have exactly one image
05-07 23:51:37.915 E/PlayGamesServices[GameAgent]( 3171): Badge MarketBadge1P{images=[], values=badge_type=3} does not have exactly one image
05-07 23:51:37.916 E/PlayGamesServices[GameAgent]( 3171): Badge MarketBadge1P{images=[], values=badge_type=0} does not have exactly one image
05-07 23:51:37.918 E/PlayGamesServices[GameAgent]( 3171): Badge MarketBadge1P{images=[], values=badge_type=0} does not have exactly one image
05-07 23:51:37.918 E/PlayGamesServices[GameAgent]( 3171): Badge MarketBadge1P{images=[], values=badge_type=2} does not have exactly one image
05-07 23:51:37.918 E/PlayGamesServices[GameAgent]( 3171): Badge MarketBadge1P{images=[], values=badge_type=3} does not have exactly one image
05-07 23:51:37.919 E/PlayGamesServices[GameAgent]( 3171): Badge MarketBadge1P{images=[], values=badge_type=0} does not have exactly one image
05-07 23:51:37.920 E/PlayGamesServices[GameAgent]( 3171): Badge MarketBadge1P{images=[], values=badge_type=0} does not have exactly one image
05-07 23:51:37.920 E/PlayGamesServices[GameAgent]( 3171): Badge MarketBadge1P{images=[], values=badge_type=3} does not have exactly one image
05-07 23:51:37.920 E/PlayGamesServices[GameAgent]( 3171): Badge MarketBadge1P{images=[], values=badge_type=2} does not have exactly one image
05-07 23:51:37.923 E/PlayGamesServices[GameAgent]( 3171): Badge MarketBadge1P{images=[], values=badge_type=0} does not have exactly one image
05-07 23:51:37.923 E/PlayGamesServices[GameAgent]( 3171): Badge MarketBadge1P{images=[], values=badge_type=3} does not have exactly one image
05-07 23:51:37.924 E/PlayGamesServices[GameAgent]( 3171): Badge MarketBadge1P{images=[], values=badge_type=0} does not have exactly one image
05-07 23:51:37.924 E/PlayGamesServices[GameAgent]( 3171): Badge MarketBadge1P{images=[], values=badge_type=3} does not have exactly one image
05-07 23:51:37.925 E/PlayGamesServices[GameAgent]( 3171): Badge MarketBadge1P{images=[], values=badge_type=0} does not have exactly one image
05-07 23:51:37.926 E/PlayGamesServices[GameAgent]( 3171): Badge MarketBadge1P{images=[], values=badge_type=0} does not have exactly one image
05-07 23:51:37.926 E/PlayGamesServices[GameAgent]( 3171): Badge MarketBadge1P{images=[], values=badge_type=0} does not have exactly one image
05-07 23:51:37.927 E/PlayGamesServices[GameAgent]( 3171): Badge MarketBadge1P{images=[], values=badge_type=0} does not have exactly one image
05-07 23:51:37.928 E/PlayGamesServices[GameAgent]( 3171): Badge MarketBadge1P{images=[], values=badge_type=0} does not have exactly one image
05-07 23:51:37.929 E/PlayGamesServices[GameAgent]( 3171): Badge MarketBadge1P{images=[], values=badge_type=0} does not have exactly one image
05-07 23:51:37.930 E/PlayGamesServices[GameAgent]( 3171): Badge MarketBadge1P{images=[], values=badge_type=0} does not have exactly one image
05-07 23:51:37.930 E/PlayGamesServices[GameAgent]( 3171): Badge MarketBadge1P{images=[], values=badge_type=0} does not have exactly one image
05-07 23:51:37.930 E/PlayGamesServices[GameAgent]( 3171): Badge MarketBadge1P{images=[], values=badge_type=3} does not have exactly one image
05-07 23:51:37.931 E/PlayGamesServices[GameAgent]( 3171): Badge MarketBadge1P{images=[], values=badge_type=0} does not have exactly one image
05-07 23:51:37.936 D/ProcessState(12544): Binder ioctl to enable oneway spam detection failed: Invalid argument
05-07 23:51:37.939 I/ActivityManager( 2429): Force stopping com.HolydayStudios.Firestone appid=10077 user=0: from pid 12544
05-07 23:51:37.936 I/servicemanager( 2056): type=1400 audit(0.0:14737): avc: denied { transfer } for scontext=u:r:init:s0 tcontext=u:r:adbd:s0 tclass=binder permissive=1
05-07 23:51:38.148 I/Binder:2219_3( 2219): type=1400 audit(0.0:14738): avc: denied { create } for scontext=u:r:init:s0 tcontext=u:r:init:s0 tclass=key_socket permissive=1
05-07 23:51:38.164 I/NetworkStats( 2429): type=1400 audit(0.0:14739): avc: denied { map_write } for scontext=u:r:system_server:s0 tcontext=u:r:init:s0 tclass=bpf permissive=1
05-07 23:51:38.164 I/iptables-restor( 2241): type=1400 audit(0.0:14740): avc: denied { create } for scontext=u:r:init:s0 tcontext=u:r:init:s0 tclass=rawip_socket permissive=1
05-07 23:51:38.164 I/iptables-restor( 2241): type=1400 audit(0.0:14741): avc: denied { getopt } for lport=255 scontext=u:r:init:s0 tcontext=u:r:init:s0 tclass=rawip_socket permissive=1
05-07 23:51:38.175 E/TelephonyManager( 2429): Error calling setDataEnabledForReason e:java.lang.IllegalStateException: telephony service is null.
05-07 23:51:38.193 I/ActivityTaskManager( 2429): START u0 {flg=0x10000000 cmp=com.HolydayStudios.Firestone/com.unity3d.player.UnityPlayerActivity} from uid 2000, pid 12544
05-07 23:51:38.194 I/ActivityTaskManager( 2429): [KeepAlive] disabled for com.HolydayStudios.Firestone
05-07 23:51:38.194 W/ActivityTaskManager( 2429): Can't find TaskDisplayArea to determine support for multi window. Task id=56 attached=false
05-07 23:51:38.197 I/RecentTaskMonitor( 2429): onTaskMovedToFront 56
05-07 23:51:38.197 D/RecentTaskMonitor( 2429): openTabFromAms task is Task{514ecb6 #56 type=standard A=10077:com.HolydayStudios.Firestone U=0 visible=true visibleRequested=false mode=fullscreen translucent=true sz=1}
05-07 23:51:38.198 D/RecentTaskMonitor( 2429): onRecentTaskAdded 56:Task=56
05-07 23:51:38.213 W/RecentTaskMonitor( 2429): null pid retry ...
05-07 23:51:38.213 E/RecentTaskMonitor( 2429): VAPIShellNotifier#notifyOpenTab null params
05-07 23:51:38.216 D/CompatibilityChangeReporter( 2429): Compat change id reported: 135634846; UID 10077; state: DISABLED
05-07 23:51:38.216 D/CompatibilityChangeReporter( 2429): Compat change id reported: 177438394; UID 10077; state: DISABLED
05-07 23:51:38.216 D/CompatibilityChangeReporter( 2429): Compat change id reported: 135772972; UID 10077; state: DISABLED
05-07 23:51:38.216 D/CompatibilityChangeReporter( 2429): Compat change id reported: 135754954; UID 10077; state: ENABLED
05-07 23:51:38.217 D/gralloc_x86( 2670): gralloc_alloc: Creating ashmem region of size 14749696
05-07 23:51:38.219 D/gralloc_x86( 2670): gralloc_alloc: Creating ashmem region of size 14749696
05-07 23:51:38.221 E/ndroid.systemu( 2670): vulkan version is 4202746
05-07 23:51:38.222 D/gralloc_x86( 2670): gralloc_alloc: Creating ashmem region of size 14749696
05-07 23:51:38.222 D/gralloc_x86( 2670): gralloc_alloc: Creating ashmem region of size 14749696
05-07 23:51:38.224 D/AdvertisingIdClient( 3171): AdvertisingIdClient already created.
05-07 23:51:38.224 D/AdvertisingIdClient( 3171): AdvertisingIdClient is not bounded. Starting to bind it...
05-07 23:51:38.226 D/Zygote  ( 2220): Forked child process 12550
05-07 23:51:38.226 D/gralloc_x86( 2254): gralloc_alloc: Creating ashmem region of size 14749696
05-07 23:51:38.227 W/RecentTaskMonitor( 2429): null pid retry ...
05-07 23:51:38.227 E/RecentTaskMonitor( 2429): VAPIShellNotifier#notifyOpenTab null params
05-07 23:51:38.227 I/ActivityManager( 2429): Start proc 12550:com.HolydayStudios.Firestone/u0a77 for pre-top-activity {com.HolydayStudios.Firestone/com.unity3d.player.UnityPlayerActivity}
05-07 23:51:38.236 W/ActivityManager( 2429): callingPackage:com.google.android.gms, packageName:com.google.android.gms, name:com.google.android.gms.ads.identifier.service.AdvertisingIdService, isSkip: true
05-07 23:51:38.239 D/AdvertisingIdClient( 3171): AdvertisingIdClient is bounded
05-07 23:51:38.239 I/Zygote  (12550): fakeProductInfoIfNeed callded! com.HolydayStudios.Firestone
05-07 23:51:38.241 I/AdvertisingIdClient( 3171): shouldSendLog 1888169
05-07 23:51:38.241 I/AdvertisingIdClient( 3171): GetInfoInternal elapse 17ms
05-07 23:51:38.242 I/Zygote  (12550): fake Product info com.HolydayStudios.Firestone not matched any pattern
05-07 23:51:38.243 I/Zygote  (12550): fakeProductInfoFromProperties callded! com.HolydayStudios.Firestone
05-07 23:51:38.246 E/NemuAppNameUtil(12550): save data success
05-07 23:51:38.246 D/BoundBrokerSvc( 2754): onRebind: Intent { act=com.google.android.gms.presencemanager.service.START dat=chimera-action: cmp=com.google.android.gms/.chimera.PersistentApiService }
05-07 23:51:38.249 D/BoundBrokerSvc( 2754): onRebind: Intent { act=com.google.android.gms.presencemanager.service.INTERNAL_IDENTITY dat=chimera-action: cmp=com.google.android.gms/.chimera.PersistentApiService }
05-07 23:51:38.251 V/zygiskd64( 2221): zygiskd::zygiskd: New daemon action: GetProcessFlags
05-07 23:51:38.271 D/ProcessState(12556): Binder ioctl to enable oneway spam detection failed: Invalid argument
05-07 23:51:38.283 W/System  ( 2670): A resource failed to call release. 
05-07 23:51:38.283 W/System  ( 2670): A resource failed to call close. 
05-07 23:51:38.283 W/System  ( 2670): A resource failed to call close. 
05-07 23:51:38.284 W/System  ( 2670): A resource failed to call release. 
05-07 23:51:38.284 W/System  ( 2670): A resource failed to call close. 
05-07 23:51:38.285 V/zygiskd64( 2221): zygiskd::zygiskd: Flags for UID 10077: ProcessFlags(PROCESS_ROOT_IS_MAGISK)
05-07 23:51:38.286 V/zygiskd64( 2221): zygiskd::zygiskd: New daemon action: ReadModules
05-07 23:51:38.317 W/GLSUser ( 2754): [DeviceKeyStore] Cannot load key: Device key file not found.
05-07 23:51:38.317 W/GLSUser ( 2754): [DeviceKeyStore] Cannot load key: Device key file not found.
05-07 23:51:38.322 I/GamesModuleInfoProvider( 3171): (REDACTED) Retrieved module info: %s
05-07 23:51:38.324 D/RecentTaskMonitor( 2429): task null or not sub display in notifyDisplayOpened
05-07 23:51:38.325 D/RecentTaskMonitor( 2429): VAPIShellNotifier#notifyOpenTab :{"id":"task:56","displayId":0,"userId":0,"name":"Firestone","originName":"Firestone","packageName":"com.HolydayStudios.Firestone","launcher":false,"newTask":false,"icon":"iVBORw0KGgoAAAANSUhEUgAAAIAAAACACAYAAADDPmHLAAAAAXNSR0IArs4c6QAAAARzQklUCAgICHwIZIgAACAASURBVHicrLx3lJ3Jddj5q\/rSy6FzBLrRyGkQOAlDDGc45AQmURTFoBWpFU1JFJUsadc+R7K98tljr71eWxbtlShrSUs8YpBIyhSHYpghZzjkJGAiYqMBdM7p9cvvi1X7x2vEQQOYse47dfr1++qrcO+te2\/durcEG8DWz73a7gjvXqT4GIIPaq3i19cRQqJ0hECAEAAoqdBSo7UFiEs1b9iHENf+rrW+4e9vBi61cTO4pn15k3rr49bqqjavry9BG1eeaw1KGbxxzhvMSWssHSFliFh\/P9A2UgT84ty\/ZCq+l+dbP4FhRNhSYgkwhAQBmvX5rs\/n6h6kINLIYyj95cg0n3jhI3su3niON4Ddf\/bSQXT0tIDsjUd9BUIzvOHvUl5pOoquMMP\/DHGvAbHelr49ot+wCSlQltr4eSQQ6trxKlNtSMuNQCmJ1sbG\/QCWDhBCobVFJAQDjdf5+Pwf8bmBL1Ix24gBUiikoZFX4VDIK3i1tb7h0JTSRFp\/Maqpz7zya28Lrn52DT\/3\/afn43v\/7MU\/kahnb0V8LTTKUAiaDHh9uWaCUiHEbRJJ3Eb5x2hHNqXVzUBLjZLqmvJmQANKG1xG803mEwmTEJtICAQR95e+xSv591G3csj1vkMBgRIordHrRSl1eRGEcLkEQKA1vtLUgboWn6o7vHzk9\/\/r5qvHeJkBBv7o6Vg2bnxOw29rdOJaZF8l4tY\/SA2GRkiBEFfKpVnp9bc0IEQEQq0zhr6mvevh6rY2LFJckSTrxLyGMW6HiSRgAFoh1AaEFet1ri5vZvXr9Y6ERMgbLxQhBEiBkrJZhGCzN0xHOMVzLT8HUmNI3VSrUqOk5sqnqab0Oj6VEFeYQGsCfYUZVOTT+ew39vc+\/ddPvqd35\/ZLQzQvfUn0Of9Zi+jTN54IyEA29btxFbJuIM61lqBN0O56lSaxpNRNRmBdJN5M+V7d8TVfNWJd5+l1Da0FaFNtOJ5bgyC7epFKy2Yiw34L718Rw1dDc47Xin0pwytEX6+jrlMxAsUjla9yLnME18q9AUtCCIJL6lQKbHVF7GutL9srCk0ERAjwG3S8+D1aX\/wH6nVvG4719Z9n951f56xvAuz\/\/PMPKS0+qa4T00rp5oARaEOhUdfqW70+mattKgGICCEM9OWldslgASHWdegtNIIVeeT9VeJBFSMMsBolMtV5Um4FpIGRTWLHYxStNirSxrfiLJtZ6kYM37AJDRvErZnMCar8Vtt5Pl9LspzquWX9N8AGPNdUedE1PHkJl1fXkdepla5gmq5wnMfbfuW2uo\/Etei89DfSze\/Sq9P\/o78mO3ycaj0AIhJxsbfvHeIPeYb\/Q2z93E\/aEzExpqSR0vKNCGsSXF\/+fjX9pZQbGnUa0DdaBSJAc2OjSGhFIqyTK8+xZ\/kYufoiURihfIUIg3WdChKBKT2k0MTjDqZlYkiBJx3WZJK10KLm5Cgn2iilOygl2\/GcNEoab5ASO8un+dw7DH77r04xcsdHrnl+jfV\/aYzXMfytoNncVUS\/ycuG9vnF5f9A2cjzP1o+cw0D3wjPN5I8l8astcaqFhl44ksYw8fwPZdMOk5bPkbC0WRTtSiXdbabsZT1zgiR2ngCV4yBNyNhlTK5EaaUtt7wm4GmLVrjQOkUb6ueQXk+Nd\/FlRplahoKQmHgYyERqEjhaxMVKeo1j7gj2NFj0t2eImbCQqHIyPws8\/MxNAYqGaOY6WapZZBitpt6PEtoWBh+gw+3TmEFLXTPvsL4zsfwY5mbIvhWcDWhbkbsa19q\/unzxzjgPc+\/6\/48XLUYN2rnRgx6yR4wKwW2\/sOfE557jUApOtrS9HUoWuMubSmDji6MdFI\/bGr4xduc2w1B6Y3E7K0nL2VEJ1Xe759kj3cOoRu4QlM3I4hL7MggCEJAEoQhMRSekjQijecHSCkwTYMw0igtKBVLkDDJZ5P0kWBLv4FpmJyacYkXxmgvTBAYFoGdYDXTR5RyeM8HWikWiiTLs7QvnWV20z03HKteN+iEUGykv26b4BvAfbXv8UryQZbN7jf9rr5qTObqAgPf+xLeyMvEHZuhvjjppGBTt6C3TZJN+nihxciF6Z8zNdz3Vofd1Os33t8KIa5z7FwRTQCmgIfNUX4ueoWsUcYzXEJbkRAC0zWpKkWkNIaElK3BMlA6wgsVCRNcx8T1PKoNhdbw6gWNo11yhsv+ff1syceJWRqtQxL9JlPzHkuBxDQ1QeCSmq\/x7vts6pMzJFruI2nV6Z58ZUMGaHpejPXdzMYYuyUTbPC4LxhlV3iS\/9zyf6GEeXttcRmr6\/9oYgsTbH7yS0Tjw\/S3BXS0JdjT59HVnaa93UNrwdKywfA0zK\/E7zQFIn\/LXq4Dpa927Gxc7xpxKDRSNncBGRnwTxLneYTzEFWoVKpYZoRSEPoGkWruHGwzwjA0KKu518Ugbiu0VghhEQSSlZSm4UeUSj6r1ZDRpSpzyy+zd1c\/d+7pRwpBW9ogm8gR2jaGlWNyrsirw7N0Z7vx3AYr8wVaWvIUloZJ1FdpJNuujPsSEQQ0N1VvYbnckicE76w\/zow1RMHsvmLVrxP2ZoyglIkQCkFAau4Ce7\/\/p5Rmxxgc6GD\/tjqb+2129GliMUmtlmByusDkTJXFZRBCZ80NW74pRNf9L7mZT1WI6LIjqM3w+NdtZ3i7NUXguyws1JBhiFI2gYpoRD7StMg4NpXAJwwDHNRlJAihMC2BEA6eFyDrPmtCYOXihEmHlnSclZVVnj6+yNjIHA8+cJSeXomlFL4XMXxxnOHFOoPdazjFFeLbevnT\/\/QEve0OGbHGponnOL\/7A+h\/LI\/lbUBGrbE3fJU\/z\/zBm35XCoVG03r2efa9\/BXaWObnPpZm9x6HfLITx7FQKoXnwdJclQuzmoklA6UU+bzFW2IAKa7dumgtbrqrE+tOoA7D49+1HuewnEIpyWphichyMG0bVYuQlqC1NYFpGHieD3UTFUmMdZeHNCS27QCKej0CAiwUCUIM0yIUGktKpMxQqxksLFf528df4IF7Orlj3178RhHllzH9Ve7b042uTzJxIWAm8RArs89wqEdSHf0RE1sfxHdu6QW\/bpJvEonrYOqIn69+kfPWHUyY265r8jbsqMij\/eSP2Xvy7+hylnnonZId+0xiyRJStxGFmnrdYW6+zNmRBnMLdaJIk8062LZ4awxwNahrDn2umphx9R5YkpEB\/7b1ZQ7piyAF5WKdTD6PY6ZwPY98XCFME2GYFFeKaDcgYVuAgRAgDYnjGAghCIOQMFD4foSpNTECTKkIpERLiVYSKR2kNCgVizzx7AhLRXj7\/i0QNkgbNVqNEjKT4sXX6\/Qe+WVe+corPLLPYH51mXxhnKWeg5fnorXGieqoSBE4qQ2Jo29lHAreYD90hrPc5z3Dv235v9GG9ab4SAQ+fa98ix2nf0Bfssqdd+XZsbeKYwtEZOMHDrVawNx8wNRUmfmFGq6nSSYTxOMaIfT\/PAOA4opvtekEvt7vb6D5bO4Mh9VZpG0SAfnePmqejwgE8XgcJ2ujQ8Xq8hpBGBCLx1CquRuS0sCJxbFSCYxIocKARMLFWguxzQbJRMjERQi1wjEEdcekGoWYMYGRsln1U7xwYpqZZZ9YfIWH37uJtdWzxLp28GJ9B0eG4CnzKKNLP6Yz1WBg+Hssd+5FG1e2rK2iQ
05-07 23:51:38.330 W/Zygote  (12550): BindMount ,  SpecializeCommon: source /data/system/etc/mumu-configs/app/com.HolydayStudios.Firestone/currentApp, target: /system/etc/mumu-configs/currentApp , chownRet: 0
05-07 23:51:38.331 W/System.err( 2429): org.json.JSONException: No value for errcode
05-07 23:51:38.331 W/System.err( 2429): 	at org.json.JSONObject.get(JSONObject.java:403)
05-07 23:51:38.331 W/System.err( 2429): 	at org.json.JSONObject.getInt(JSONObject.java:492)
05-07 23:51:38.331 W/System.err( 2429): 	at com.android.server.vapi.VApiRequestListener.onResponse(VApiRequestListener.java:20)
05-07 23:51:38.331 W/System.err( 2429): 	at com.android.server.vapi.VApiRequestListener.onResponse(VApiRequestListener.java:13)
05-07 23:51:38.331 W/System.err( 2429): 	at com.android.volley.toolbox.JsonRequest.deliverResponse(JsonRequest.java:90)
05-07 23:51:38.331 W/System.err( 2429): 	at com.android.volley.ExecutorDelivery$ResponseDeliveryRunnable.run(ExecutorDelivery.java:102)
05-07 23:51:38.331 W/System.err( 2429): 	at android.os.Handler.handleCallback(Handler.java:938)
05-07 23:51:38.331 W/System.err( 2429): 	at android.os.Handler.dispatchMessage(Handler.java:99)
05-07 23:51:38.331 W/System.err( 2429): 	at android.os.Looper.loopOnce(Looper.java:201)
05-07 23:51:38.331 W/System.err( 2429): 	at android.os.Looper.loop(Looper.java:288)
05-07 23:51:38.331 W/System.err( 2429): 	at com.android.server.SystemServer.run(SystemServer.java:929)
05-07 23:51:38.331 W/System.err( 2429): 	at com.android.server.SystemServer.main(SystemServer.java:611)
05-07 23:51:38.331 W/System.err( 2429): 	at java.lang.reflect.Method.invoke(Native Method)
05-07 23:51:38.331 W/System.err( 2429): 	at com.android.internal.os.RuntimeInit$MethodAndArgsCaller.run(RuntimeInit.java:555)
05-07 23:51:38.331 W/System.err( 2429): 	at com.android.internal.os.ZygoteInit.main(ZygoteInit.java:1069)
05-07 23:51:38.331 W/Zygote  (12550): BindMount ,  SpecializeCommon mount currentApp , MountRet: 0
05-07 23:51:38.337 D/com.netease.nemu_vapi_android.thread.HttpServer( 2669): http server response data: {"errcode":0,"message":"OK"}
05-07 23:51:38.337 D/com.netease.nemu_vapi_android.thread.HttpServer( 2669): http server response data: {"errcode":0,"message":"OK"}
05-07 23:51:38.338 D/RecentTaskMonitor( 2429): task null or not sub display in notifyDisplayOpened
05-07 23:51:38.339 W/Conscrypt( 3171): Could not set socket write timeout: java.net.SocketException: Socket closed
05-07 23:51:38.339 W/Conscrypt( 3171): 	at com.google.android.gms.org.conscrypt.Platform.setSocketWriteTimeout(:com.google.android.gms@261731029@26.17.31 (190400-906420463):204)
05-07 23:51:38.339 W/Conscrypt( 3171): 	at com.google.android.gms.org.conscrypt.ConscryptFileDescriptorSocket.setSoWriteTimeout(:com.google.android.gms@261731029@26.17.31 (190400-906420463):4)
05-07 23:51:38.339 D/RecentTaskMonitor( 2429): VAPIShellNotifier#notifyOpenTab :{"id":"task:56","displayId":0,"userId":0,"name":"Firestone","originName":"Firestone","packageName":"com.HolydayStudios.Firestone","launcher":false,"newTask":true,"icon":"iVBORw0KGgoAAAANSUhEUgAAAIAAAACACAYAAADDPmHLAAAAAXNSR0IArs4c6QAAAARzQklUCAgICHwIZIgAACAASURBVHicrLx3lJ3Jddj5q\/rSy6FzBLrRyGkQOAlDDGc45AQmURTFoBWpFU1JFJUsadc+R7K98tljr71eWxbtlShrSUs8YpBIyhSHYpghZzjkJGAiYqMBdM7p9cvvi1X7x2vEQQOYse47dfr1++qrcO+te2\/durcEG8DWz73a7gjvXqT4GIIPaq3i19cRQqJ0hECAEAAoqdBSo7UFiEs1b9iHENf+rrW+4e9vBi61cTO4pn15k3rr49bqqjavry9BG1eeaw1KGbxxzhvMSWssHSFliFh\/P9A2UgT84ty\/ZCq+l+dbP4FhRNhSYgkwhAQBmvX5rs\/n6h6kINLIYyj95cg0n3jhI3su3niON4Ddf\/bSQXT0tIDsjUd9BUIzvOHvUl5pOoquMMP\/DHGvAbHelr49ot+wCSlQltr4eSQQ6trxKlNtSMuNQCmJ1sbG\/QCWDhBCobVFJAQDjdf5+Pwf8bmBL1Ix24gBUiikoZFX4VDIK3i1tb7h0JTSRFp\/Maqpz7zya28Lrn52DT\/3\/afn43v\/7MU\/kahnb0V8LTTKUAiaDHh9uWaCUiHEbRJJ3Eb5x2hHNqXVzUBLjZLqmvJmQANKG1xG803mEwmTEJtICAQR95e+xSv591G3csj1vkMBgRIordHrRSl1eRGEcLkEQKA1vtLUgboWn6o7vHzk9\/\/r5qvHeJkBBv7o6Vg2bnxOw29rdOJaZF8l4tY\/SA2GRkiBEFfKpVnp9bc0IEQEQq0zhr6mvevh6rY2LFJckSTrxLyGMW6HiSRgAFoh1AaEFet1ri5vZvXr9Y6ERMgbLxQhBEiBkrJZhGCzN0xHOMVzLT8HUmNI3VSrUqOk5sqnqab0Oj6VEFeYQGsCfYUZVOTT+ew39vc+\/ddPvqd35\/ZLQzQvfUn0Of9Zi+jTN54IyEA29btxFbJuIM61lqBN0O56lSaxpNRNRmBdJN5M+V7d8TVfNWJd5+l1Da0FaFNtOJ5bgyC7epFKy2Yiw34L718Rw1dDc47Xin0pwytEX6+jrlMxAsUjla9yLnME18q9AUtCCIJL6lQKbHVF7GutL9srCk0ERAjwG3S8+D1aX\/wH6nVvG4719Z9n951f56xvAuz\/\/PMPKS0+qa4T00rp5oARaEOhUdfqW70+mattKgGICCEM9OWldslgASHWdegtNIIVeeT9VeJBFSMMsBolMtV5Um4FpIGRTWLHYxStNirSxrfiLJtZ6kYM37AJDRvErZnMCar8Vtt5Pl9LspzquWX9N8AGPNdUedE1PHkJl1fXkdepla5gmq5wnMfbfuW2uo\/Etei89DfSze\/Sq9P\/o78mO3ycaj0AIhJxsbfvHeIPeYb\/Q2z93E\/aEzExpqSR0vKNCGsSXF\/+fjX9pZQbGnUa0DdaBSJAc2OjSGhFIqyTK8+xZ\/kYufoiURihfIUIg3WdChKBKT2k0MTjDqZlYkiBJx3WZJK10KLm5Cgn2iilOygl2\/GcNEoab5ASO8un+dw7DH77r04xcsdHrnl+jfV\/aYzXMfytoNncVUS\/ycuG9vnF5f9A2cjzP1o+cw0D3wjPN5I8l8astcaqFhl44ksYw8fwPZdMOk5bPkbC0WRTtSiXdbabsZT1zgiR2ngCV4yBNyNhlTK5EaaUtt7wm4GmLVrjQOkUb6ueQXk+Nd\/FlRplahoKQmHgYyERqEjhaxMVKeo1j7gj2NFj0t2eImbCQqHIyPws8\/MxNAYqGaOY6WapZZBitpt6PEtoWBh+gw+3TmEFLXTPvsL4zsfwY5mbIvhWcDWhbkbsa19q\/unzxzjgPc+\/6\/48XLUYN2rnRgx6yR4wKwW2\/sOfE557jUApOtrS9HUoWuMubSmDji6MdFI\/bGr4xduc2w1B6Y3E7K0nL2VEJ1Xe759kj3cOoRu4QlM3I4hL7MggCEJAEoQhMRSekjQijecHSCkwTYMw0igtKBVLkDDJZ5P0kWBLv4FpmJyacYkXxmgvTBAYFoGdYDXTR5RyeM8HWikWiiTLs7QvnWV20z03HKteN+iEUGykv26b4BvAfbXv8UryQZbN7jf9rr5qTObqAgPf+xLeyMvEHZuhvjjppGBTt6C3TZJN+nihxciF6Z8zNdz3Vofd1Os33t8KIa5z7FwRTQCmgIfNUX4ueoWsUcYzXEJbkRAC0zWpKkWkNIaElK3BMlA6wgsVCRNcx8T1PKoNhdbw6gWNo11yhsv+ff1syceJWRqtQxL9JlPzHkuBxDQ1QeCSmq\/x7vts6pMzJFruI2nV6Z58ZUMGaHpejPXdzMYYuyUTbPC4LxhlV3iS\/9zyf6GEeXttcRmr6\/9oYgsTbH7yS0Tjw\/S3BXS0JdjT59HVnaa93UNrwdKywfA0zK\/E7zQFIn\/LXq4Dpa927Gxc7xpxKDRSNncBGRnwTxLneYTzEFWoVKpYZoRSEPoGkWruHGwzwjA0KKu518Ugbiu0VghhEQSSlZSm4UeUSj6r1ZDRpSpzyy+zd1c\/d+7pRwpBW9ogm8gR2jaGlWNyrsirw7N0Z7vx3AYr8wVaWvIUloZJ1FdpJNuujPsSEQQ0N1VvYbnckicE76w\/zow1RMHsvmLVrxP2ZoyglIkQCkFAau4Ce7\/\/p5Rmxxgc6GD\/tjqb+2129GliMUmtlmByusDkTJXFZRBCZ80NW74pRNf9L7mZT1WI6LIjqM3w+NdtZ3i7NUXguyws1JBhiFI2gYpoRD7StMg4NpXAJwwDHNRlJAihMC2BEA6eFyDrPmtCYOXihEmHlnSclZVVnj6+yNjIHA8+cJSeXomlFL4XMXxxnOHFOoPdazjFFeLbevnT\/\/QEve0OGbHGponnOL\/7A+h\/LI\/lbUBGrbE3fJU\/z\/zBm35XCoVG03r2efa9\/BXaWObnPpZm9x6HfLITx7FQKoXnwdJclQuzmoklA6UU+bzFW2IAKa7dumgtbrqrE+tOoA7D49+1HuewnEIpyWphichyMG0bVYuQlqC1NYFpGHieD3UTFUmMdZeHNCS27QCKej0CAiwUCUIM0yIUGktKpMxQqxksLFf528df4IF7Orlj3178RhHllzH9Ve7b042uTzJxIWAm8RArs89wqEdSHf0RE1sfxHdu6QW\/bpJvEonrYOqIn69+kfPWHUyY265r8jbsqMij\/eSP2Xvy7+hylnnonZId+0xiyRJStxGFmnrdYW6+zNmRBnMLdaJIk8062LZ4awxwNahrDn2umphx9R5YkpEB\/7b1ZQ7piyAF5WKdTD6PY6ZwPY98XCFME2GYFFeKaDcgYVuAgRAgDYnjGAghCIOQMFD4foSpNTECTKkIpERLiVYSKR2kNCgVizzx7AhLRXj7\/i0QNkgbNVqNEjKT4sXX6\/Qe+WVe+corPLLPYH51mXxhnKWeg5fnorXGieqoSBE4qQ2Jo29lHAreYD90hrPc5z3Dv235v9GG9ab4SAQ+fa98ix2nf0Bfssqdd+XZsbeKYwtEZOMHDrVawNx8wNRUmfmFGq6nSSYTxOMaIfT\/PAOA4opvtekEvt7vb6D5bO4Mh9VZpG0SAfnePmqejwgE8XgcJ2ujQ8Xq8hpBGBCLx1CquRuS0sCJxbFSCYxIocKARMLFWguxzQbJRMjERQi1wjEEdcekGoWYMYGRsln1U7xwYpqZZZ9YfIWH37uJtdWzxLp28GJ9B0eG4CnzKKNLP6Yz1WBg+Hssd+5FG1e2rK2iQu
05-07 23:51:38.340 I/RecentTaskMonitor( 2429): broadcast tab opened in android as it's new task 56
05-07 23:51:38.341 W/BroadcastQueue( 2429): Background execution not allowed: receiving Intent { act=nemu.intent.action.NEW_TASK dat=package:com.HolydayStudios.Firestone flg=0x10 (has extras) } to com.mumu.acc/.AccMsgReceiver
05-07 23:51:38.342 D/NewFileUpdater( 2669): onOpenNewTask focusPkgName set to com.HolydayStudios.Firestone
05-07 23:51:38.344 I/Zygote  (12550): seccomp disabled by setenforce 0
05-07 23:51:38.344 D/VApi.Res.TabManager( 2669): setFocusTaskProp 56
05-07 23:51:38.347 W/System.err( 2429): org.json.JSONException: No value for errcode
05-07 23:51:38.347 W/System.err( 2429): 	at org.json.JSONObject.get(JSONObject.java:403)
05-07 23:51:38.347 W/System.err( 2429): 	at org.json.JSONObject.getInt(JSONObject.java:492)
05-07 23:51:38.347 W/System.err( 2429): 	at com.android.server.vapi.VApiRequestListener.onResponse(VApiRequestListener.java:20)
05-07 23:51:38.347 W/System.err( 2429): 	at com.android.server.vapi.VApiRequestListener.onResponse(VApiRequestListener.java:13)
05-07 23:51:38.347 W/System.err( 2429): 	at com.android.volley.toolbox.JsonRequest.deliverResponse(JsonRequest.java:90)
05-07 23:51:38.347 W/System.err( 2429): 	at com.android.volley.ExecutorDelivery$ResponseDeliveryRunnable.run(ExecutorDelivery.java:102)
05-07 23:51:38.347 W/System.err( 2429): 	at android.os.Handler.handleCallback(Handler.java:938)
05-07 23:51:38.347 W/System.err( 2429): 	at android.os.Handler.dispatchMessage(Handler.java:99)
05-07 23:51:38.347 W/System.err( 2429): 	at android.os.Looper.loopOnce(Looper.java:201)
05-07 23:51:38.347 W/System.err( 2429): 	at android.os.Looper.loop(Looper.java:288)
05-07 23:51:38.347 W/System.err( 2429): 	at com.android.server.SystemServer.run(SystemServer.java:929)
05-07 23:51:38.347 W/System.err( 2429): 	at com.android.server.SystemServer.main(SystemServer.java:611)
05-07 23:51:38.347 W/System.err( 2429): 	at java.lang.reflect.Method.invoke(Native Method)
05-07 23:51:38.347 W/System.err( 2429): 	at com.android.internal.os.RuntimeInit$MethodAndArgsCaller.run(RuntimeInit.java:555)
05-07 23:51:38.347 W/System.err( 2429): 	at com.android.internal.os.ZygoteInit.main(ZygoteInit.java:1069)
05-07 23:51:38.347 W/ActivityManager( 2429): Foreground service started from background can not have location/camera/microphone access: service com.mumu.acc/.AccService
05-07 23:51:38.347 V/ActivityManager( 2429): Attempted to start a foreground service (com.mumu.acc/.AccService) with a broken notification (no icon: Notification(channel=acc-service shortcut=null contentView=null vibrate=null sound=null defaults=0x0 flags=0x40 color=0x00000000 vis=PRIVATE))
05-07 23:51:38.353 E/udios.Fireston(12550): Not starting debugger since process cannot load the jdwp agent.
05-07 23:51:38.355 D/ProcessState(12550): Binder ioctl to enable oneway spam detection failed: Invalid argument
05-07 23:51:38.357 D/VectorZygiskBridge( 2429): onTransact: action=GET_BINDER, callerUid=10077
05-07 23:51:38.362 W/Conscrypt( 3171): Could not set socket write timeout: java.net.SocketException: Socket closed
05-07 23:51:38.362 W/Conscrypt( 3171): 	at com.google.android.gms.org.conscrypt.Platform.setSocketWriteTimeout(:com.google.android.gms@261731029@26.17.31 (190400-906420463):204)
05-07 23:51:38.362 W/Conscrypt( 3171): 	at com.google.android.gms.org.conscrypt.ConscryptFileDescriptorSocket.setSoWriteTimeout(:com.google.android.gms@261731029@26.17.31 (190400-906420463):4)
05-07 23:51:38.364 W/OomAdjuster( 2429): Fallback pre-set sched group to default: not expected top priority
05-07 23:51:38.367 E/ashmem  (12550): memfd: ro.vndk.version not defined or invalid (), this is mandated since P.
05-07 23:51:38.369 D/CompatibilityChangeReporter(12550): Compat change id reported: 171979766; UID 10077; state: ENABLED
05-07 23:51:38.372 D/NemuJavaHotPatchHelper(12550): onHandleBindApplication reportedPackageName:com.HolydayStudios.Firestone isMatchJavaPatch:false
05-07 23:51:38.429 I/Typeface(12550): Preloading /system/fonts/Roboto-Regular.ttf
05-07 23:51:38.429 I/Typeface(12550): Preloading /system/fonts/RobotoStatic-Regular.ttf
05-07 23:51:38.456 I/nemucooker(12550): cook file1: /system/etc/mumu-configs/shared_libs/libc_llite.so, last modify time: Fri Jul 12 17:30:20 2024
05-07 23:51:38.456 I/nemucooker(12550): cook file2: /data/system/etc/mumu-configs/shared_libs/libc_llite.so, last modify time: Wed Apr 29 17:20:43 2026
05-07 23:51:38.456 I/nemucooker(12550): cook select file: /data/system/etc/mumu-configs/shared_libs/libc_llite.so
05-07 23:51:38.458 E/linker  (12550): do_dlsym houdini_patch_entrance_name failed
05-07 23:51:38.458 W/udios.Fireston(12550): ClassLoaderContext shared library size mismatch. Expected=1, found=0 (PCL[]{PCL[/system/framework/org.apache.http.legacy.jar*2255768530]} | PCL[])
05-07 23:51:38.462 V/GraphicsEnvironment(12550): ANGLE Developer option for 'com.HolydayStudios.Firestone' set to: 'default'
05-07 23:51:38.463 V/GraphicsEnvironment(12550): ANGLE GameManagerService for com.HolydayStudios.Firestone: false
05-07 23:51:38.463 V/GraphicsEnvironment(12550): Neither updatable production driver nor prerelease driver is supported.
05-07 23:51:38.463 D/NetworkSecurityConfig(12550): No Network Security Config specified, using platform default
05-07 23:51:38.463 D/NetworkSecurityConfig(12550): No Network Security Config specified, using platform default
05-07 23:51:38.469 I/FirebaseApp(12550): Device unlocked: initializing all Firebase APIs for app [DEFAULT]
05-07 23:51:38.471 I/FirebaseInitProvider(12550): FirebaseApp initialization successful
05-07 23:51:38.476 I/FacebookInitProvider(12550): Failed to auto initialize the Facebook SDK
05-07 23:51:38.476 I/FacebookInitProvider(12550): A valid Facebook app client token must be set in the AndroidManifest.xml or set by calling FacebookSdk.setClientToken before initializing the sdk.
05-07 23:51:38.476 I/FacebookInitProvider(12550): 	at com.facebook.FacebookSdk.sdkInitialize(SourceFile:460)
05-07 23:51:38.476 I/FacebookInitProvider(12550): 	at com.facebook.FacebookSdk.sdkInitialize(SourceFile:412)
05-07 23:51:38.476 I/FacebookInitProvider(12550): 	at com.facebook.internal.FacebookInitProvider.onCreate(SourceFile:28)
05-07 23:51:38.476 I/FacebookInitProvider(12550): 	at android.content.ContentProvider.attachInfo(ContentProvider.java:2404)
05-07 23:51:38.476 I/FacebookInitProvider(12550): 	at android.content.ContentProvider.attachInfo(ContentProvider.java:2374)
05-07 23:51:38.476 I/FacebookInitProvider(12550): 	at android.app.ActivityThread.installProvider(ActivityThread.java:7632)
05-07 23:51:38.476 I/FacebookInitProvider(12550): 	at android.app.ActivityThread.installContentProviders(ActivityThread.java:7149)
05-07 23:51:38.476 I/FacebookInitProvider(12550): 	at android.app.ActivityThread.handleBindApplication(ActivityThread.java:6920)
05-07 23:51:38.476 I/FacebookInitProvider(12550): 	at android.app.ActivityThread.access$1500(ActivityThread.java:259)
05-07 23:51:38.476 I/FacebookInitProvider(12550): 	at android.app.ActivityThread$H.handleMessage(ActivityThread.java:2094)
05-07 23:51:38.476 I/FacebookInitProvider(12550): 	at android.os.Handler.dispatchMessage(Handler.java:106)
05-07 23:51:38.476 I/FacebookInitProvider(12550): 	at android.os.Looper.loopOnce(Looper.java:201)
05-07 23:51:38.476 I/FacebookInitProvider(12550): 	at android.os.Looper.loop(Looper.java:288)
05-07 23:51:38.476 I/FacebookInitProvider(12550): 	at android.app.ActivityThread.main(ActivityThread.java:8043)
05-07 23:51:38.476 I/FacebookInitProvider(12550): 	at java.lang.reflect.Method.invoke(Native Method)
