--------- beginning of system
05-07 23:42:51.574 W/InputMethodManagerService( 2429): Got RemoteException sending setActive(false) notification to pid 10242 uid 10077
05-07 23:42:51.607 W/WindowManager( 2429): Cannot find window which accessibility connection is added to
05-07 23:42:51.608 V/ActivityManager( 2429): Got obituary of 10242:com.HolydayStudios.Firestone
05-07 23:42:51.608 W/ActivityManager( 2429): setHasOverlayUi called on unknown pid: 10242
--------- beginning of main
05-07 23:42:51.608 I/Zygote  ( 2220): Process 10242 exited due to signal 9 (Killed)
05-07 23:42:51.609 D/opengl-gc( 2307): Check pid 3171: running 1
05-07 23:42:51.612 E/BpTransactionCompletedListener( 2254): Failed to transact (-32)
05-07 23:42:51.613 E/BpTransactionCompletedListener( 2254): Failed to transact (-32)
05-07 23:42:51.613 W/SurfaceFlinger( 2254): couldn't log to binary event log: overflow.
05-07 23:42:52.616 D/ProcessState(10655): Binder ioctl to enable oneway spam detection failed: Invalid argument
05-07 23:42:52.612 I/cmd     (10655): type=1400 audit(0.0:12409): avc: denied { sendto } for path="/dev/socket/logdw" scontext=u:r:adbd:s0 tcontext=u:r:init:s0 tclass=unix_dgram_socket permissive=1
05-07 23:42:52.620 I/ActivityManager( 2429): Force stopping com.HolydayStudios.Firestone appid=10077 user=0: from pid 10655
05-07 23:42:52.616 I/cmd     (10655): type=1400 audit(0.0:12410): avc: denied { call } for scontext=u:r:adbd:s0 tcontext=u:r:init:s0 tclass=binder permissive=1
05-07 23:42:52.876 I/ActivityTaskManager( 2429): START u0 {flg=0x10000000 cmp=com.HolydayStudios.Firestone/com.unity3d.player.UnityPlayerActivity} from uid 2000, pid 10655
05-07 23:42:52.878 I/ActivityTaskManager( 2429): [KeepAlive] disabled for com.HolydayStudios.Firestone
05-07 23:42:52.879 W/ActivityTaskManager( 2429): Can't find TaskDisplayArea to determine support for multi window. Task id=49 attached=false
05-07 23:42:52.883 D/CompatibilityChangeReporter( 2429): Compat change id reported: 174042980; UID 10077; state: DISABLED
05-07 23:42:52.884 D/CompatibilityChangeReporter( 2429): Compat change id reported: 184838306; UID 10077; state: DISABLED
05-07 23:42:52.884 D/CompatibilityChangeReporter( 2429): Compat change id reported: 185004937; UID 10077; state: DISABLED
05-07 23:42:52.886 I/RecentTaskMonitor( 2429): onTaskMovedToFront 49
05-07 23:42:52.886 D/RecentTaskMonitor( 2429): openTabFromAms task is Task{9aecb9 #49 type=standard A=10077:com.HolydayStudios.Firestone U=0 visible=true visibleRequested=false mode=fullscreen translucent=true sz=1}
05-07 23:42:52.888 D/CompatibilityChangeReporter( 2429): Compat change id reported: 168419799; UID 10077; state: DISABLED
05-07 23:42:52.890 D/RecentTaskMonitor( 2429): onRecentTaskAdded 49:Task=49
05-07 23:42:52.888 I/ll.splashscreen( 2670): type=1400 audit(0.0:12411): avc: denied { getattr } for path="/system/framework/framework-res.apk" dev="sda1" ino=1454 scontext=u:r:platform_app:s0:c512,c768 tcontext=u:object_r:unlabeled:s0 tclass=file permissive=1
05-07 23:42:52.907 W/RecentTaskMonitor( 2429): null pid retry ...
05-07 23:42:52.907 E/RecentTaskMonitor( 2429): VAPIShellNotifier#notifyOpenTab null params
05-07 23:42:52.907 D/gralloc_x86( 2670): gralloc_alloc: Creating ashmem region of size 14749696
05-07 23:42:52.908 D/CompatibilityChangeReporter( 2429): Compat change id reported: 135634846; UID 10077; state: DISABLED
05-07 23:42:52.908 D/CompatibilityChangeReporter( 2429): Compat change id reported: 177438394; UID 10077; state: DISABLED
05-07 23:42:52.908 D/CompatibilityChangeReporter( 2429): Compat change id reported: 135772972; UID 10077; state: DISABLED
05-07 23:42:52.908 D/CompatibilityChangeReporter( 2429): Compat change id reported: 135754954; UID 10077; state: ENABLED
05-07 23:42:52.911 E/ndroid.systemu( 2670): vulkan version is 4202746
05-07 23:42:52.911 D/gralloc_x86( 2670): gralloc_alloc: Creating ashmem region of size 14749696
05-07 23:42:52.913 D/gralloc_x86( 2670): gralloc_alloc: Creating ashmem region of size 14749696
05-07 23:42:52.914 D/Zygote  ( 2220): Forked child process 10659
05-07 23:42:52.916 I/ActivityManager( 2429): Start proc 10659:com.HolydayStudios.Firestone/u0a77 for pre-top-activity {com.HolydayStudios.Firestone/com.unity3d.player.UnityPlayerActivity}
05-07 23:42:52.918 D/gralloc_x86( 2670): gralloc_alloc: Creating ashmem region of size 14749696
05-07 23:42:52.921 D/RecentTaskMonitor( 2429): task null or not sub display in notifyDisplayOpened
05-07 23:42:52.922 D/RecentTaskMonitor( 2429): VAPIShellNotifier#notifyOpenTab :{"id":"task:49","displayId":0,"userId":0,"name":"Firestone","originName":"Firestone","packageName":"com.HolydayStudios.Firestone","launcher":false,"newTask":true,"icon":"iVBORw0KGgoAAAANSUhEUgAAAIAAAACACAYAAADDPmHLAAAAAXNSR0IArs4c6QAAAARzQklUCAgICHwIZIgAACAASURBVHicrLx3lJ3Jddj5q\/rSy6FzBLrRyGkQOAlDDGc45AQmURTFoBWpFU1JFJUsadc+R7K98tljr71eWxbtlShrSUs8YpBIyhSHYpghZzjkJGAiYqMBdM7p9cvvi1X7x2vEQQOYse47dfr1++qrcO+te2\/durcEG8DWz73a7gjvXqT4GIIPaq3i19cRQqJ0hECAEAAoqdBSo7UFiEs1b9iHENf+rrW+4e9vBi61cTO4pn15k3rr49bqqjavry9BG1eeaw1KGbxxzhvMSWssHSFliFh\/P9A2UgT84ty\/ZCq+l+dbP4FhRNhSYgkwhAQBmvX5rs\/n6h6kINLIYyj95cg0n3jhI3su3niON4Ddf\/bSQXT0tIDsjUd9BUIzvOHvUl5pOoquMMP\/DHGvAbHelr49ot+wCSlQltr4eSQQ6trxKlNtSMuNQCmJ1sbG\/QCWDhBCobVFJAQDjdf5+Pwf8bmBL1Ix24gBUiikoZFX4VDIK3i1tb7h0JTSRFp\/Maqpz7zya28Lrn52DT\/3\/afn43v\/7MU\/kahnb0V8LTTKUAiaDHh9uWaCUiHEbRJJ3Eb5x2hHNqXVzUBLjZLqmvJmQANKG1xG803mEwmTEJtICAQR95e+xSv591G3csj1vkMBgRIordHrRSl1eRGEcLkEQKA1vtLUgboWn6o7vHzk9\/\/r5qvHeJkBBv7o6Vg2bnxOw29rdOJaZF8l4tY\/SA2GRkiBEFfKpVnp9bc0IEQEQq0zhr6mvevh6rY2LFJckSTrxLyGMW6HiSRgAFoh1AaEFet1ri5vZvXr9Y6ERMgbLxQhBEiBkrJZhGCzN0xHOMVzLT8HUmNI3VSrUqOk5sqnqab0Oj6VEFeYQGsCfYUZVOTT+ew39vc+\/ddPvqd35\/ZLQzQvfUn0Of9Zi+jTN54IyEA29btxFbJuIM61lqBN0O56lSaxpNRNRmBdJN5M+V7d8TVfNWJd5+l1Da0FaFNtOJ5bgyC7epFKy2Yiw34L718Rw1dDc47Xin0pwytEX6+jrlMxAsUjla9yLnME18q9AUtCCIJL6lQKbHVF7GutL9srCk0ERAjwG3S8+D1aX\/wH6nVvG4719Z9n951f56xvAuz\/\/PMPKS0+qa4T00rp5oARaEOhUdfqW70+mattKgGICCEM9OWldslgASHWdegtNIIVeeT9VeJBFSMMsBolMtV5Um4FpIGRTWLHYxStNirSxrfiLJtZ6kYM37AJDRvErZnMCar8Vtt5Pl9LspzquWX9N8AGPNdUedE1PHkJl1fXkdepla5gmq5wnMfbfuW2uo\/Etei89DfSze\/Sq9P\/o78mO3ycaj0AIhJxsbfvHeIPeYb\/Q2z93E\/aEzExpqSR0vKNCGsSXF\/+fjX9pZQbGnUa0DdaBSJAc2OjSGhFIqyTK8+xZ\/kYufoiURihfIUIg3WdChKBKT2k0MTjDqZlYkiBJx3WZJK10KLm5Cgn2iilOygl2\/GcNEoab5ASO8un+dw7DH77r04xcsdHrnl+jfV\/aYzXMfytoNncVUS\/ycuG9vnF5f9A2cjzP1o+cw0D3wjPN5I8l8astcaqFhl44ksYw8fwPZdMOk5bPkbC0WRTtSiXdbabsZT1zgiR2ngCV4yBNyNhlTK5EaaUtt7wm4GmLVrjQOkUb6ueQXk+Nd\/FlRplahoKQmHgYyERqEjhaxMVKeo1j7gj2NFj0t2eImbCQqHIyPws8\/MxNAYqGaOY6WapZZBitpt6PEtoWBh+gw+3TmEFLXTPvsL4zsfwY5mbIvhWcDWhbkbsa19q\/unzxzjgPc+\/6\/48XLUYN2rnRgx6yR4wKwW2\/sOfE557jUApOtrS9HUoWuMubSmDji6MdFI\/bGr4xduc2w1B6Y3E7K0nL2VEJ1Xe759kj3cOoRu4QlM3I4hL7MggCEJAEoQhMRSekjQijecHSCkwTYMw0igtKBVLkDDJZ5P0kWBLv4FpmJyacYkXxmgvTBAYFoGdYDXTR5RyeM8HWikWiiTLs7QvnWV20z03HKteN+iEUGykv26b4BvAfbXv8UryQZbN7jf9rr5qTObqAgPf+xLeyMvEHZuhvjjppGBTt6C3TZJN+nihxciF6Z8zNdz3Vofd1Os33t8KIa5z7FwRTQCmgIfNUX4ueoWsUcYzXEJbkRAC0zWpKkWkNIaElK3BMlA6wgsVCRNcx8T1PKoNhdbw6gWNo11yhsv+ff1syceJWRqtQxL9JlPzHkuBxDQ1QeCSmq\/x7vts6pMzJFruI2nV6Z58ZUMGaHpejPXdzMYYuyUTbPC4LxhlV3iS\/9zyf6GEeXttcRmr6\/9oYgsTbH7yS0Tjw\/S3BXS0JdjT59HVnaa93UNrwdKywfA0zK\/E7zQFIn\/LXq4Dpa927Gxc7xpxKDRSNncBGRnwTxLneYTzEFWoVKpYZoRSEPoGkWruHGwzwjA0KKu518Ugbiu0VghhEQSSlZSm4UeUSj6r1ZDRpSpzyy+zd1c\/d+7pRwpBW9ogm8gR2jaGlWNyrsirw7N0Z7vx3AYr8wVaWvIUloZJ1FdpJNuujPsSEQQ0N1VvYbnckicE76w\/zow1RMHsvmLVrxP2ZoyglIkQCkFAau4Ce7\/\/p5Rmxxgc6GD\/tjqb+2129GliMUmtlmByusDkTJXFZRBCZ80NW74pRNf9L7mZT1WI6LIjqM3w+NdtZ3i7NUXguyws1JBhiFI2gYpoRD7StMg4NpXAJwwDHNRlJAihMC2BEA6eFyDrPmtCYOXihEmHlnSclZVVnj6+yNjIHA8+cJSeXomlFL4XMXxxnOHFOoPdazjFFeLbevnT\/\/QEve0OGbHGponnOL\/7A+h\/LI\/lbUBGrbE3fJU\/z\/zBm35XCoVG03r2efa9\/BXaWObnPpZm9x6HfLITx7FQKoXnwdJclQuzmoklA6UU+bzFW2IAKa7dumgtbrqrE+tOoA7D49+1HuewnEIpyWphichyMG0bVYuQlqC1NYFpGHieD3UTFUmMdZeHNCS27QCKej0CAiwUCUIM0yIUGktKpMxQqxksLFf528df4IF7Orlj3178RhHllzH9Ve7b042uTzJxIWAm8RArs89wqEdSHf0RE1sfxHdu6QW\/bpJvEonrYOqIn69+kfPWHUyY265r8jbsqMij\/eSP2Xvy7+hylnnonZId+0xiyRJStxGFmnrdYW6+zNmRBnMLdaJIk8062LZ4awxwNahrDn2umphx9R5YkpEB\/7b1ZQ7piyAF5WKdTD6PY6ZwPY98XCFME2GYFFeKaDcgYVuAgRAgDYnjGAghCIOQMFD4foSpNTECTKkIpERLiVYSKR2kNCgVizzx7AhLRXj7\/i0QNkgbNVqNEjKT4sXX6\/Qe+WVe+corPLLPYH51mXxhnKWeg5fnorXGieqoSBE4qQ2Jo29lHAreYD90hrPc5z3Dv235v9GG9ab4SAQ+fa98ix2nf0Bfssqdd+XZsbeKYwtEZOMHDrVawNx8wNRUmfmFGq6nSSYTxOMaIfT\/PAOA4opvtekEvt7vb6D5bO4Mh9VZpG0SAfnePmqejwgE8XgcJ2ujQ8Xq8hpBGBCLx1CquRuS0sCJxbFSCYxIocKARMLFWguxzQbJRMjERQi1wjEEdcekGoWYMYGRsln1U7xwYpqZZZ9YfIWH37uJtdWzxLp28GJ9B0eG4CnzKKNLP6Yz1WBg+Hssd+5FG1e2rK2iQu
05-07 23:42:52.912 I/main    (10659): type=1400 audit(0.0:12412): avc: denied { search } for name="com.android.permission" dev="sda1" ino=348 scontext=u:r:zygote:s0 tcontext=u:object_r:unlabeled:s0 tclass=dir permissive=1
05-07 23:42:52.925 I/RecentTaskMonitor( 2429): broadcast tab opened in android as it's new task 49
05-07 23:42:52.927 W/BroadcastQueue( 2429): Background execution not allowed: receiving Intent { act=nemu.intent.action.NEW_TASK dat=package:com.HolydayStudios.Firestone flg=0x10 (has extras) } to com.mumu.acc/.AccMsgReceiver
05-07 23:42:52.927 D/NewFileUpdater( 2669): onOpenNewTask focusPkgName set to com.HolydayStudios.Firestone
05-07 23:42:52.927 D/VApi.Res.TabManager( 2669): setFocusTaskProp 49
05-07 23:42:52.924 I/pi_android.nemu( 2669): type=1400 audit(0.0:12413): avc: denied { connectto } for path="/dev/socket/property_service" scontext=u:r:system_app:s0 tcontext=u:r:kernel:s0 tclass=unix_stream_socket permissive=1
05-07 23:42:52.929 W/System.err( 2429): org.json.JSONException: No value for errcode
05-07 23:42:52.929 W/System.err( 2429): 	at org.json.JSONObject.get(JSONObject.java:403)
05-07 23:42:52.929 W/System.err( 2429): 	at org.json.JSONObject.getInt(JSONObject.java:492)
05-07 23:42:52.929 W/System.err( 2429): 	at com.android.server.vapi.VApiRequestListener.onResponse(VApiRequestListener.java:20)
05-07 23:42:52.929 W/System.err( 2429): 	at com.android.server.vapi.VApiRequestListener.onResponse(VApiRequestListener.java:13)
05-07 23:42:52.929 W/System.err( 2429): 	at com.android.volley.toolbox.JsonRequest.deliverResponse(JsonRequest.java:90)
05-07 23:42:52.929 W/System.err( 2429): 	at com.android.volley.ExecutorDelivery$ResponseDeliveryRunnable.run(ExecutorDelivery.java:102)
05-07 23:42:52.929 W/System.err( 2429): 	at android.os.Handler.handleCallback(Handler.java:938)
05-07 23:42:52.929 W/System.err( 2429): 	at android.os.Handler.dispatchMessage(Handler.java:99)
05-07 23:42:52.929 W/System.err( 2429): 	at android.os.Looper.loopOnce(Looper.java:201)
05-07 23:42:52.929 W/System.err( 2429): 	at android.os.Looper.loop(Looper.java:288)
05-07 23:42:52.929 W/System.err( 2429): 	at com.android.server.SystemServer.run(SystemServer.java:929)
05-07 23:42:52.929 W/System.err( 2429): 	at com.android.server.SystemServer.main(SystemServer.java:611)
05-07 23:42:52.929 W/System.err( 2429): 	at java.lang.reflect.Method.invoke(Native Method)
05-07 23:42:52.929 W/System.err( 2429): 	at com.android.internal.os.RuntimeInit$MethodAndArgsCaller.run(RuntimeInit.java:555)
05-07 23:42:52.929 W/System.err( 2429): 	at com.android.internal.os.ZygoteInit.main(ZygoteInit.java:1069)
05-07 23:42:52.931 W/ActivityManager( 2429): Foreground service started from background can not have location/camera/microphone access: service com.mumu.acc/.AccService
05-07 23:42:52.931 V/ActivityManager( 2429): Attempted to start a foreground service (com.mumu.acc/.AccService) with a broken notification (no icon: Notification(channel=acc-service shortcut=null contentView=null vibrate=null sound=null defaults=0x0 flags=0x40 color=0x00000000 vis=PRIVATE))
05-07 23:42:52.936 D/com.netease.nemu_vapi_android.thread.HttpServer( 2669): http server response data: {"errcode":0,"message":"OK"}
05-07 23:42:52.937 D/com.netease.nemu_vapi_android.thread.HttpServer( 2669): http server response data: {"errcode":0,"message":"OK"}
05-07 23:42:52.949 I/Zygote  (10659): fakeProductInfoIfNeed callded! com.HolydayStudios.Firestone
05-07 23:42:52.952 I/Zygote  (10659): fake Product info com.HolydayStudios.Firestone not matched any pattern
05-07 23:42:52.952 I/Zygote  (10659): fakeProductInfoFromProperties callded! com.HolydayStudios.Firestone
05-07 23:42:52.957 E/NemuAppNameUtil(10659): save data success
05-07 23:42:52.959 V/zygiskd64( 2221): zygiskd::zygiskd: New daemon action: GetProcessFlags
05-07 23:42:52.973 D/ProcessState(10666): Binder ioctl to enable oneway spam detection failed: Invalid argument
05-07 23:42:52.985 V/zygiskd64( 2221): zygiskd::zygiskd: Flags for UID 10077: ProcessFlags(PROCESS_ROOT_IS_MAGISK)
05-07 23:42:52.986 V/zygiskd64( 2221): zygiskd::zygiskd: New daemon action: ReadModules
05-07 23:42:53.018 D/RecentTaskMonitor( 2429): task null or not sub display in notifyDisplayOpened
05-07 23:42:53.018 D/RecentTaskMonitor( 2429): VAPIShellNotifier#notifyOpenTab :{"id":"task:49","displayId":0,"userId":0,"name":"Firestone","originName":"Firestone","packageName":"com.HolydayStudios.Firestone","launcher":false,"newTask":false,"icon":"iVBORw0KGgoAAAANSUhEUgAAAIAAAACACAYAAADDPmHLAAAAAXNSR0IArs4c6QAAAARzQklUCAgICHwIZIgAACAASURBVHicrLx3lJ3Jddj5q\/rSy6FzBLrRyGkQOAlDDGc45AQmURTFoBWpFU1JFJUsadc+R7K98tljr71eWxbtlShrSUs8YpBIyhSHYpghZzjkJGAiYqMBdM7p9cvvi1X7x2vEQQOYse47dfr1++qrcO+te2\/durcEG8DWz73a7gjvXqT4GIIPaq3i19cRQqJ0hECAEAAoqdBSo7UFiEs1b9iHENf+rrW+4e9vBi61cTO4pn15k3rr49bqqjavry9BG1eeaw1KGbxxzhvMSWssHSFliFh\/P9A2UgT84ty\/ZCq+l+dbP4FhRNhSYgkwhAQBmvX5rs\/n6h6kINLIYyj95cg0n3jhI3su3niON4Ddf\/bSQXT0tIDsjUd9BUIzvOHvUl5pOoquMMP\/DHGvAbHelr49ot+wCSlQltr4eSQQ6trxKlNtSMuNQCmJ1sbG\/QCWDhBCobVFJAQDjdf5+Pwf8bmBL1Ix24gBUiikoZFX4VDIK3i1tb7h0JTSRFp\/Maqpz7zya28Lrn52DT\/3\/afn43v\/7MU\/kahnb0V8LTTKUAiaDHh9uWaCUiHEbRJJ3Eb5x2hHNqXVzUBLjZLqmvJmQANKG1xG803mEwmTEJtICAQR95e+xSv591G3csj1vkMBgRIordHrRSl1eRGEcLkEQKA1vtLUgboWn6o7vHzk9\/\/r5qvHeJkBBv7o6Vg2bnxOw29rdOJaZF8l4tY\/SA2GRkiBEFfKpVnp9bc0IEQEQq0zhr6mvevh6rY2LFJckSTrxLyGMW6HiSRgAFoh1AaEFet1ri5vZvXr9Y6ERMgbLxQhBEiBkrJZhGCzN0xHOMVzLT8HUmNI3VSrUqOk5sqnqab0Oj6VEFeYQGsCfYUZVOTT+ew39vc+\/ddPvqd35\/ZLQzQvfUn0Of9Zi+jTN54IyEA29btxFbJuIM61lqBN0O56lSaxpNRNRmBdJN5M+V7d8TVfNWJd5+l1Da0FaFNtOJ5bgyC7epFKy2Yiw34L718Rw1dDc47Xin0pwytEX6+jrlMxAsUjla9yLnME18q9AUtCCIJL6lQKbHVF7GutL9srCk0ERAjwG3S8+D1aX\/wH6nVvG4719Z9n951f56xvAuz\/\/PMPKS0+qa4T00rp5oARaEOhUdfqW70+mattKgGICCEM9OWldslgASHWdegtNIIVeeT9VeJBFSMMsBolMtV5Um4FpIGRTWLHYxStNirSxrfiLJtZ6kYM37AJDRvErZnMCar8Vtt5Pl9LspzquWX9N8AGPNdUedE1PHkJl1fXkdepla5gmq5wnMfbfuW2uo\/Etei89DfSze\/Sq9P\/o78mO3ycaj0AIhJxsbfvHeIPeYb\/Q2z93E\/aEzExpqSR0vKNCGsSXF\/+fjX9pZQbGnUa0DdaBSJAc2OjSGhFIqyTK8+xZ\/kYufoiURihfIUIg3WdChKBKT2k0MTjDqZlYkiBJx3WZJK10KLm5Cgn2iilOygl2\/GcNEoab5ASO8un+dw7DH77r04xcsdHrnl+jfV\/aYzXMfytoNncVUS\/ycuG9vnF5f9A2cjzP1o+cw0D3wjPN5I8l8astcaqFhl44ksYw8fwPZdMOk5bPkbC0WRTtSiXdbabsZT1zgiR2ngCV4yBNyNhlTK5EaaUtt7wm4GmLVrjQOkUb6ueQXk+Nd\/FlRplahoKQmHgYyERqEjhaxMVKeo1j7gj2NFj0t2eImbCQqHIyPws8\/MxNAYqGaOY6WapZZBitpt6PEtoWBh+gw+3TmEFLXTPvsL4zsfwY5mbIvhWcDWhbkbsa19q\/unzxzjgPc+\/6\/48XLUYN2rnRgx6yR4wKwW2\/sOfE557jUApOtrS9HUoWuMubSmDji6MdFI\/bGr4xduc2w1B6Y3E7K0nL2VEJ1Xe759kj3cOoRu4QlM3I4hL7MggCEJAEoQhMRSekjQijecHSCkwTYMw0igtKBVLkDDJZ5P0kWBLv4FpmJyacYkXxmgvTBAYFoGdYDXTR5RyeM8HWikWiiTLs7QvnWV20z03HKteN+iEUGykv26b4BvAfbXv8UryQZbN7jf9rr5qTObqAgPf+xLeyMvEHZuhvjjppGBTt6C3TZJN+nihxciF6Z8zNdz3Vofd1Os33t8KIa5z7FwRTQCmgIfNUX4ueoWsUcYzXEJbkRAC0zWpKkWkNIaElK3BMlA6wgsVCRNcx8T1PKoNhdbw6gWNo11yhsv+ff1syceJWRqtQxL9JlPzHkuBxDQ1QeCSmq\/x7vts6pMzJFruI2nV6Z58ZUMGaHpejPXdzMYYuyUTbPC4LxhlV3iS\/9zyf6GEeXttcRmr6\/9oYgsTbH7yS0Tjw\/S3BXS0JdjT59HVnaa93UNrwdKywfA0zK\/E7zQFIn\/LXq4Dpa927Gxc7xpxKDRSNncBGRnwTxLneYTzEFWoVKpYZoRSEPoGkWruHGwzwjA0KKu518Ugbiu0VghhEQSSlZSm4UeUSj6r1ZDRpSpzyy+zd1c\/d+7pRwpBW9ogm8gR2jaGlWNyrsirw7N0Z7vx3AYr8wVaWvIUloZJ1FdpJNuujPsSEQQ0N1VvYbnckicE76w\/zow1RMHsvmLVrxP2ZoyglIkQCkFAau4Ce7\/\/p5Rmxxgc6GD\/tjqb+2129GliMUmtlmByusDkTJXFZRBCZ80NW74pRNf9L7mZT1WI6LIjqM3w+NdtZ3i7NUXguyws1JBhiFI2gYpoRD7StMg4NpXAJwwDHNRlJAihMC2BEA6eFyDrPmtCYOXihEmHlnSclZVVnj6+yNjIHA8+cJSeXomlFL4XMXxxnOHFOoPdazjFFeLbevnT\/\/QEve0OGbHGponnOL\/7A+h\/LI\/lbUBGrbE3fJU\/z\/zBm35XCoVG03r2efa9\/BXaWObnPpZm9x6HfLITx7FQKoXnwdJclQuzmoklA6UU+bzFW2IAKa7dumgtbrqrE+tOoA7D49+1HuewnEIpyWphichyMG0bVYuQlqC1NYFpGHieD3UTFUmMdZeHNCS27QCKej0CAiwUCUIM0yIUGktKpMxQqxksLFf528df4IF7Orlj3178RhHllzH9Ve7b042uTzJxIWAm8RArs89wqEdSHf0RE1sfxHdu6QW\/bpJvEonrYOqIn69+kfPWHUyY265r8jbsqMij\/eSP2Xvy7+hylnnonZId+0xiyRJStxGFmnrdYW6+zNmRBnMLdaJIk8062LZ4awxwNahrDn2umphx9R5YkpEB\/7b1ZQ7piyAF5WKdTD6PY6ZwPY98XCFME2GYFFeKaDcgYVuAgRAgDYnjGAghCIOQMFD4foSpNTECTKkIpERLiVYSKR2kNCgVizzx7AhLRXj7\/i0QNkgbNVqNEjKT4sXX6\/Qe+WVe+corPLLPYH51mXxhnKWeg5fnorXGieqoSBE4qQ2Jo29lHAreYD90hrPc5z3Dv235v9GG9ab4SAQ+fa98ix2nf0Bfssqdd+XZsbeKYwtEZOMHDrVawNx8wNRUmfmFGq6nSSYTxOMaIfT\/PAOA4opvtekEvt7vb6D5bO4Mh9VZpG0SAfnePmqejwgE8XgcJ2ujQ8Xq8hpBGBCLx1CquRuS0sCJxbFSCYxIocKARMLFWguxzQbJRMjERQi1wjEEdcekGoWYMYGRsln1U7xwYpqZZZ9YfIWH37uJtdWzxLp28GJ9B0eG4CnzKKNLP6Yz1WBg+Hssd+5FG1e2rK2iQ
05-07 23:42:53.026 W/System.err( 2429): org.json.JSONException: No value for errcode
05-07 23:42:53.026 W/System.err( 2429): 	at org.json.JSONObject.get(JSONObject.java:403)
05-07 23:42:53.026 W/System.err( 2429): 	at org.json.JSONObject.getInt(JSONObject.java:492)
05-07 23:42:53.026 W/System.err( 2429): 	at com.android.server.vapi.VApiRequestListener.onResponse(VApiRequestListener.java:20)
05-07 23:42:53.026 W/System.err( 2429): 	at com.android.server.vapi.VApiRequestListener.onResponse(VApiRequestListener.java:13)
05-07 23:42:53.026 W/System.err( 2429): 	at com.android.volley.toolbox.JsonRequest.deliverResponse(JsonRequest.java:90)
05-07 23:42:53.026 W/System.err( 2429): 	at com.android.volley.ExecutorDelivery$ResponseDeliveryRunnable.run(ExecutorDelivery.java:102)
05-07 23:42:53.026 W/System.err( 2429): 	at android.os.Handler.handleCallback(Handler.java:938)
05-07 23:42:53.026 W/System.err( 2429): 	at android.os.Handler.dispatchMessage(Handler.java:99)
05-07 23:42:53.026 W/System.err( 2429): 	at android.os.Looper.loopOnce(Looper.java:201)
05-07 23:42:53.026 W/System.err( 2429): 	at android.os.Looper.loop(Looper.java:288)
05-07 23:42:53.026 W/System.err( 2429): 	at com.android.server.SystemServer.run(SystemServer.java:929)
05-07 23:42:53.026 W/System.err( 2429): 	at com.android.server.SystemServer.main(SystemServer.java:611)
05-07 23:42:53.026 W/System.err( 2429): 	at java.lang.reflect.Method.invoke(Native Method)
05-07 23:42:53.026 W/System.err( 2429): 	at com.android.internal.os.RuntimeInit$MethodAndArgsCaller.run(RuntimeInit.java:555)
05-07 23:42:53.026 W/System.err( 2429): 	at com.android.internal.os.ZygoteInit.main(ZygoteInit.java:1069)
05-07 23:42:53.047 W/Zygote  (10659): BindMount ,  SpecializeCommon: source /data/system/etc/mumu-configs/app/com.HolydayStudios.Firestone/currentApp, target: /system/etc/mumu-configs/currentApp , chownRet: 0
05-07 23:42:53.047 W/Zygote  (10659): BindMount ,  SpecializeCommon mount currentApp , MountRet: 0
05-07 23:42:53.081 I/Zygote  (10659): seccomp disabled by setenforce 0
05-07 23:42:53.091 E/udios.Fireston(10659): Not starting debugger since process cannot load the jdwp agent.
05-07 23:42:53.093 D/ProcessState(10659): Binder ioctl to enable oneway spam detection failed: Invalid argument
05-07 23:42:53.095 D/VectorZygiskBridge( 2429): onTransact: action=GET_BINDER, callerUid=10077
05-07 23:42:53.114 V/VectorDeopter(10659): Skipping deopt for android.app.Instrumentation#newApplication: android.app.Instrumentation.newApplication [class java.lang.ClassLoader, class android.content.Context]
05-07 23:42:53.114 V/VectorDeopter(10659): Skipping deopt for android.app.LoadedApk#makeApplicationInner: android.app.LoadedApk.makeApplicationInner [boolean, class android.app.Instrumentation, boolean]
05-07 23:42:53.114 V/VectorDeopter(10659): Skipping deopt for android.app.LoadedApk#makeApplicationInner: android.app.LoadedApk.makeApplicationInner [boolean, class android.app.Instrumentation]
05-07 23:42:53.115 V/Vector  (10659): Loading Vector/Xposed for com.HolydayStudios.Firestone (UID: 10077)
05-07 23:42:53.125 W/OomAdjuster( 2429): Fallback pre-set sched group to default: not expected top priority
05-07 23:42:53.127 E/ashmem  (10659): memfd: ro.vndk.version not defined or invalid (), this is mandated since P.
05-07 23:42:53.129 D/VectorModuleManager(10659): Loading module com.firestone.hooks
05-07 23:42:53.133 W/udios.Fireston(10659): Could not get odex filename for Anonymous-DexFile@3310913857: Dex location Anonymous-DexFile@3310913857 has no directory.
05-07 23:42:53.134 V/VectorModuleManager(10659): Loading class class com.template.lsposed.ModuleEntry
05-07 23:42:53.135 I/FirestoneHooks(10659): com.firestone.hooks: Loaded in process=com.HolydayStudios.Firestone, framework=Vector 2.0, api=101
05-07 23:42:53.135 D/VectorModuleManager(10659): Loaded module com.firestone.hooks successfully.
05-07 23:42:53.135 D/CompatibilityChangeReporter(10659): Compat change id reported: 171979766; UID 10077; state: ENABLED
05-07 23:42:53.138 D/NemuJavaHotPatchHelper(10659): onHandleBindApplication reportedPackageName:com.HolydayStudios.Firestone isMatchJavaPatch:false
05-07 23:42:53.184 I/Typeface(10659): Preloading /system/fonts/Roboto-Regular.ttf
05-07 23:42:53.185 I/Typeface(10659): Preloading /system/fonts/RobotoStatic-Regular.ttf
05-07 23:42:53.201 I/nemucooker(10659): cook file1: /system/etc/mumu-configs/shared_libs/libc_llite.so, last modify time: Fri Jul 12 17:30:20 2024
05-07 23:42:53.201 I/nemucooker(10659): cook file2: /data/system/etc/mumu-configs/shared_libs/libc_llite.so, last modify time: Wed Apr 29 17:20:43 2026
05-07 23:42:53.201 I/nemucooker(10659): cook select file: /data/system/etc/mumu-configs/shared_libs/libc_llite.so
05-07 23:42:53.201 E/linker  (10659): do_dlsym houdini_patch_entrance_name failed
05-07 23:42:53.202 W/udios.Fireston(10659): ClassLoaderContext shared library size mismatch. Expected=1, found=0 (PCL[]{PCL[/system/framework/org.apache.http.legacy.jar*2255768530]} | PCL[])
05-07 23:42:53.203 I/FirestoneHooks(10659): com.firestone.hooks: onPackageLoaded com.HolydayStudios.Firestone process=com.HolydayStudios.Firestone firstPackage=true dataDir=/data/user/0/com.HolydayStudios.Firestone
05-07 23:42:53.204 I/FirestoneHooks(10659): com.firestone.hooks: Hooked Application.attach
05-07 23:42:53.204 I/FirestoneHooks(10659): com.firestone.hooks: Hooked Activity.onResume sample
05-07 23:42:53.205 D/VectorLifecycle(10659): dispatchPackageReady h1@938c1d4
05-07 23:42:53.205 I/FirestoneHooks(10659): com.firestone.hooks: onPackageReady com.HolydayStudios.Firestone process=com.HolydayStudios.Firestone firstPackage=true dataDir=/data/user/0/com.HolydayStudios.Firestone
05-07 23:42:53.207 V/GraphicsEnvironment(10659): ANGLE Developer option for 'com.HolydayStudios.Firestone' set to: 'default'
05-07 23:42:53.208 V/GraphicsEnvironment(10659): ANGLE GameManagerService for com.HolydayStudios.Firestone: false
05-07 23:42:53.208 V/GraphicsEnvironment(10659): Neither updatable production driver nor prerelease driver is supported.
05-07 23:42:53.209 D/NetworkSecurityConfig(10659): No Network Security Config specified, using platform default
05-07 23:42:53.209 D/NetworkSecurityConfig(10659): No Network Security Config specified, using platform default
05-07 23:42:53.210 E/ActivityThread(10659): Failed to find provider info for com.firestone.hooks.settings
05-07 23:42:53.210 W/FirestoneHooks(10659): Settings provider read failed; using defaults
05-07 23:42:53.210 W/FirestoneHooks(10659): java.lang.IllegalArgumentException: Unknown authority com.firestone.hooks.settings
05-07 23:42:53.210 W/FirestoneHooks(10659): 	at android.content.ContentResolver.call(ContentResolver.java:2447)
05-07 23:42:53.210 W/FirestoneHooks(10659): 	at android.content.ContentResolver.call(ContentResolver.java:2430)
05-07 23:42:53.210 W/FirestoneHooks(10659): 	at com.template.lsposed.FirestoneSettings.readFromProvider(FirestoneSettings.java:88)
05-07 23:42:53.210 W/FirestoneHooks(10659): 	at com.template.lsposed.FirestoneSettings.syncProviderToTargetFile(FirestoneSettings.java:117)
05-07 23:42:53.210 W/FirestoneHooks(10659): 	at com.template.lsposed.ModuleEntry.onApplicationContextReady(ModuleEntry.java:121)
05-07 23:42:53.210 W/FirestoneHooks(10659): 	at com.template.lsposed.ModuleEntry.lambda$installApplicationAttachHook$0(ModuleEntry.java:98)
05-07 23:42:53.210 W/FirestoneHooks(10659): 	at com.template.lsposed.ModuleEntry.$r8$lambda$k7l8Sx5uLWPn571rH1-O9e485pE(Unknown Source:0)
05-07 23:42:53.210 W/FirestoneHooks(10659): 	at com.template.lsposed.ModuleEntry$$ExternalSyntheticLambda3.intercept(D8$$SyntheticClass:0)
05-07 23:42:53.210 W/FirestoneHooks(10659): 	at j2.a(r8-map-id-656caac1f55b126a25f1b31ace47897cbcfbe4c9e48877a810a6cd8f57690890:41)
05-07 23:42:53.210 W/FirestoneHooks(10659): 	at j2.proceed(r8-map-id-656caac1f55b126a25f1b31ace47897cbcfbe4c9e48877a810a6cd8f57690890:1)
05-07 23:42:53.210 W/FirestoneHooks(10659): 	at y2.callback(r8-map-id-656caac1f55b126a25f1b31ace47897cbcfbe4c9e48877a810a6cd8f57690890:105)
05-07 23:42:53.210 W/FirestoneHooks(10659): 	at Vector_.attach(Unknown Source:11)
05-07 23:42:53.210 W/FirestoneHooks(10659): 	at android.app.Instrumentation.newApplication(Instrumentation.java:1191)
05-07 23:42:53.210 W/FirestoneHooks(10659): 	at android.app.LoadedApk.makeApplication(LoadedApk.java:1356)
05-07 23:42:53.210 W/FirestoneHooks(10659): 	at android.app.ActivityThread.handleBindApplication(ActivityThread.java:6896)
05-07 23:42:53.210 W/FirestoneHooks(10659): 	at android.app.ActivityThread.access$1500(ActivityThread.java:259)
05-07 23:42:53.210 W/FirestoneHooks(10659): 	at android.app.ActivityThread$H.handleMessage(ActivityThread.java:2094)
05-07 23:42:53.210 W/FirestoneHooks(10659): 	at android.os.Handler.dispatchMessage(Handler.java:106)
05-07 23:42:53.210 W/FirestoneHooks(10659): 	at android.os.Looper.loopOnce(Looper.java:201)
05-07 23:42:53.210 W/FirestoneHooks(10659): 	at android.os.Looper.loop(Looper.java:288)
05-07 23:42:53.210 W/FirestoneHooks(10659): 	at android.app.ActivityThread.main(ActivityThread.java:8043)
05-07 23:42:53.210 W/FirestoneHooks(10659): 	at java.lang.reflect.Method.invoke(Native Method)
05-07 23:42:53.210 W/FirestoneHooks(10659): 	at com.android.internal.os.RuntimeInit$MethodAndArgsCaller.run(RuntimeInit.java:555)
05-07 23:42:53.210 W/FirestoneHooks(10659): 	at com.android.internal.os.ZygoteInit.main(ZygoteInit.java:1091)
05-07 23:42:53.213 I/FirestoneHooks(10659): com.firestone.hooks: Detected engine=UNITY evidence=[libil2cpp.so, libunity.so, libmain.so]
05-07 23:42:53.214 E/ActivityThread(10659): Failed to find provider info for com.firestone.hooks.settings
05-07 23:42:53.214 W/FirestoneHooks(10659): Settings provider read failed; using defaults
05-07 23:42:53.214 W/FirestoneHooks(10659): java.lang.IllegalArgumentException: Unknown authority com.firestone.hooks.settings
05-07 23:42:53.214 W/FirestoneHooks(10659): 	at android.content.ContentResolver.call(ContentResolver.java:2447)
05-07 23:42:53.214 W/FirestoneHooks(10659): 	at android.content.ContentResolver.call(ContentResolver.java:2430)
05-07 23:42:53.214 W/FirestoneHooks(10659): 	at com.template.lsposed.FirestoneSettings.readFromProvider(FirestoneSettings.java:88)
05-07 23:42:53.214 W/FirestoneHooks(10659): 	at com.template.lsposed.FirestoneSettings.syncProviderToTargetFile(FirestoneSettings.java:117)
05-07 23:42:53.214 W/FirestoneHooks(10659): 	at com.template.lsposed.ModuleEntry.lambda$startSettingsSync$3(ModuleEntry.java:163)
05-07 23:42:53.214 W/FirestoneHooks(10659): 	at com.template.lsposed.ModuleEntry.$r8$lambda$53MZ5_DMRWAF7qSxzT9rHtSMkIQ(Unknown Source:0)
05-07 23:42:53.214 W/FirestoneHooks(10659): 	at com.template.lsposed.ModuleEntry$$ExternalSyntheticLambda1.run(D8$$SyntheticClass:0)
05-07 23:42:53.214 W/FirestoneHooks(10659): 	at java.lang.Thread.run(Thread.java:920)
05-07 23:42:53.216 I/FirestoneHooks(10659): com.firestone.hooks: Synced settings to /data/user/0/com.HolydayStudios.Firestone/files/firestonehooks.json
05-07 23:42:53.219 I/shadowhook_tag(10659): linker: hook soinfo::call_constructors
05-07 23:42:53.220 I/shadowhook_tag(10659): a64 rewrite: type 0, inst d10283ff
05-07 23:42:53.220 I/shadowhook_tag(10659): elf: find phdr gap 6ffa3b9070-6ffa3ba000(load_bias 6ffa297000, 122070-123000)
05-07 23:42:53.220 I/shadowhook_tag(10659): elf: find phdr gap 6ffa3cfe38-6ffa3d0000(load_bias 6ffa297000, 138e38-139000)
05-07 23:42:53.220 I/shadowhook_tag(10659): elf: alloc addr 6ffa3b9070(load_bias 6ffa297000, 122070), size 16, idx [0, 4)
05-07 23:42:53.220 I/shadowhook_tag(10659): island: alloc in ELF-gap, addr 6ffa3b9070, size 16, pc 6ffa2e8fd4, range [6ff22e8fd4, 70022e8fd0]
05-07 23:42:53.220 I/shadowhook_tag(10659): a64: hook (with island) OK. target 6ffa2e8fd4 -> island-exit 6ffa3b9070 -> new 6d1900bfc0 -> enter 6ff02c3000 -> resume 6ffa2e8fd8
05-07 23:42:53.220 I/shadowhook_tag(10659): switch: hook invisible OK: target_addr 6ffa2e8fd4, new_addr 6d1900bfc0
05-07 23:42:53.220 I/shadowhook_tag(10659): linker: hook soinfo::call_destructors
05-07 23:42:53.220 I/shadowhook_tag(10659): a64 rewrite: type 0, inst d10283ff
05-07 23:42:53.220 I/shadowhook_tag(10659): elf: alloc addr 6ffa3b9080(load_bias 6ffa297000, 122080), size 16, idx [4, 8)
05-07 23:42:53.220 I/shadowhook_tag(10659): island: alloc in ELF-gap, addr 6ffa3b9080, size 16, pc 6ffa2e93bc, range [6ff22e93bc, 70022e93b8]
05-07 23:42:53.220 I/shadowhook_tag(10659): a64: hook (with island) OK. target 6ffa2e93bc -> island-exit 6ffa3b9080 -> new 6d1900c738 -> enter 6ff02c3040 -> resume 6ffa2e93c0
05-07 23:42:53.220 I/shadowhook_tag(10659): switch: hook invisible OK: target_addr 6ffa2e93bc, new_addr 6d1900c738
05-07 23:42:53.220 I/shadowhook_tag(10659): linker: soinfo memory scan pre OK. load_bias 208, name 216, phdr 0, phnum 8, called 248
05-07 23:42:53.220 I/shadowhook_tag(10659): linker: soinfo memory scan post OK
05-07 23:42:53.220 I/shadowhook_tag(10659): linker: hook ctors and dtors OK
05-07 23:42:53.221 I/shadowhook_tag(10659): task: start linker DL-init/fini monitor ...
05-07 23:42:53.221 E/shadowhook_tag(10659): shadowhook version 2.0.0: shadowhook init(default_mode: SHARED, debuggable: true), return: 0, real-init: yes
05-07 23:42:53.221 I/FirestoneHooks(10659): ShadowHook ready: version=shadowhook version 2.0.0, arch=arm64
05-07 23:42:53.221 I/shadowhook_tag(10659): linker: call_ctors pre, load_bias 6d18f22000, name /data/app/~~RIwi73btukfUHYEheMtb4g==/com.firestone.hooks---V2YViepI5NdWOhj3InqA==/base.apk!/lib/arm64-v8a/libfirestonehooks.so
05-07 23:42:53.221 I/shadowhook_tag(10659): task: call_ctors() pre callback. load_bias 6d18f22000, name /data/app/~~RIwi73btukfUHYEheMtb4g==/com.firestone.hooks---V2YViepI5NdWOhj3InqA==/base.apk!/lib/arm64-v8a/libfirestonehooks.so
05-07 23:42:53.221 I/FirebaseApp(10659): Device unlocked: initializing all Firebase APIs for app [DEFAULT]
05-07 23:42:53.221 I/shadowhook_tag(10659): linker: call_ctors post, load_bias 6d18f22000, name /data/app/~~RIwi73btukfUHYEheMtb4g==/com.firestone.hooks---V2YViepI5NdWOhj3InqA==/base.apk!/lib/arm64-v8a/libfirestonehooks.so
05-07 23:42:53.222 I/FirestoneHooks(10659): JNI_OnLoad firestonehooks
05-07 23:42:53.222 I/FirestoneHooks(10659): Loaded libfirestonehooks.so
05-07 23:42:53.223 I/FirestoneHooks(10659): install worker package=com.HolydayStudios.Firestone settings=/data/user/0/com.HolydayStudios.Firestone/files/firestonehooks.json shadowhook=shadowhook version 2.0.0
05-07 23:42:53.223 E/shadowhook_tag(10659): shadowhook version 2.0.0: shadowhook init(default_mode: SHARED, debuggable: false), return: 0, real-init: no
05-07 23:42:53.225 I/FirestoneHooks(10659): settings refresh thread path=/data/user/0/com.HolydayStudios.Firestone/files/firestonehooks.json
05-07 23:42:53.226 I/FirebaseInitProvider(10659): FirebaseApp initialization successful
05-07 23:42:53.233 I/FacebookInitProvider(10659): Failed to auto initialize the Facebook SDK
05-07 23:42:53.233 I/FacebookInitProvider(10659): A valid Facebook app client token must be set in the AndroidManifest.xml or set by calling FacebookSdk.setClientToken before initializing the sdk.
05-07 23:42:53.233 I/FacebookInitProvider(10659): 	at com.facebook.FacebookSdk.sdkInitialize(SourceFile:460)
05-07 23:42:53.233 I/FacebookInitProvider(10659): 	at com.facebook.FacebookSdk.sdkInitialize(SourceFile:412)
05-07 23:42:53.233 I/FacebookInitProvider(10659): 	at com.facebook.internal.FacebookInitProvider.onCreate(SourceFile:28)
05-07 23:42:53.233 I/FacebookInitProvider(10659): 	at android.content.ContentProvider.attachInfo(ContentProvider.java:2404)
05-07 23:42:53.233 I/FacebookInitProvider(10659): 	at android.content.ContentProvider.attachInfo(ContentProvider.java:2374)
05-07 23:42:53.233 I/FacebookInitProvider(10659): 	at android.app.ActivityThread.installProvider(ActivityThread.java:7632)
05-07 23:42:53.233 I/FacebookInitProvider(10659): 	at android.app.ActivityThread.installContentProviders(ActivityThread.java:7149)
05-07 23:42:53.233 I/FacebookInitProvider(10659): 	at android.app.ActivityThread.handleBindApplication(ActivityThread.java:6920)
05-07 23:42:53.233 I/FacebookInitProvider(10659): 	at android.app.ActivityThread.access$1500(ActivityThread.java:259)
05-07 23:42:53.233 I/FacebookInitProvider(10659): 	at android.app.ActivityThread$H.handleMessage(ActivityThread.java:2094)
05-07 23:42:53.233 I/FacebookInitProvider(10659): 	at android.os.Handler.dispatchMessage(Handler.java:106)
05-07 23:42:53.233 I/FacebookInitProvider(10659): 	at android.os.Looper.loopOnce(Looper.java:201)
05-07 23:42:53.233 I/FacebookInitProvider(10659): 	at android.os.Looper.loop(Looper.java:288)
05-07 23:42:53.233 I/FacebookInitProvider(10659): 	at android.app.ActivityThread.main(ActivityThread.java:8043)
05-07 23:42:53.233 I/FacebookInitProvider(10659): 	at java.lang.reflect.Method.invoke(Native Method)
05-07 23:42:53.233 I/FacebookInitProvider(10659): 	at com.android.internal.os.RuntimeInit$MethodAndArgsCaller.run(RuntimeInit.java:555)
05-07 23:42:53.233 I/FacebookInitProvider(10659): 	at com.android.internal.os.ZygoteInit.main(ZygoteInit.java:1091)
05-07 23:42:53.236 I/shadowhook_tag(10659): linker: call_ctors pre, load_bias 6d14ac6000, name /data/app/~~tgC2c5ssgk9r73G-imUtqg==/com.google.android.gms-CMAnXXGUTmLyUglZWdA9Yw==/oat/arm64/split_DynamiteLoader_installtime.odex
05-07 23:42:53.236 I/shadowhook_tag(10659): task: call_ctors() pre callback. load_bias 6d14ac6000, name /data/app/~~tgC2c5ssgk9r73G-imUtqg==/com.google.android.gms-CMAnXXGUTmLyUglZWdA9Yw==/oat/arm64/split_DynamiteLoader_installtime.odex
05-07 23:42:53.236 I/shadowhook_tag(10659): linker: call_ctors post, load_bias 6d14ac6000, name /data/app/~~tgC2c5ssgk9r73G-imUtqg==/com.google.android.gms-CMAnXXGUTmLyUglZWdA9Yw==/oat/arm64/split_DynamiteLoader_installtime.odex
05-07 23:42:53.236 W/udios.Fireston(10659): ClassLoaderContext classpath size mismatch. expected=16, found=0 (DLC[];PCL[base.apk*545294799:base.apk!classes2.dex*352801010:base.apk!classes3.dex*3343406984:base.apk!classes4.dex*2440093784:base.apk!classes5.dex*3849908652:base.apk!classes6.dex*990115835:base.apk!classes7.dex*2111835892:base.apk!classes8.dex*3444068947:base.apk!classes9.dex*3508519706:base.apk!classes10.dex*3738386946:base.apk!classes11.dex*1150016488:base.apk!classes12.dex*2136424662:base.apk!classes13.dex*3076236650:base.apk!classes14.dex*2602640587:base.apk!classes15.dex*1985522381:base.apk!classes16.dex*3850485896]{PCL[/system/framework/org.apache.http.legacy.jar*2255768530]#PCL[/system/framework/com.android.location.provider.jar*1360179951]} | DLC[];PCL[])
05-07 23:42:53.237 I/shadowhook_tag(10659): linker: call_dtors pre, load_bias 6d14ac6000, name /data/app/~~tgC2c5ssgk9r73G-imUtqg==/com.google.android.gms-CMAnXXGUTmLyUglZWdA9Yw==/oat/arm64/split_DynamiteLoader_installtime.odex
05-07 23:42:53.237 I/shadowhook_tag(10659): linker: call_dtors post, load_bias 6d14ac6000, name /data/app/~~tgC2c5ssgk9r73G-imUtqg==/com.google.android.gms-CMAnXXGUTmLyUglZWdA9Yw==/oat/arm64/split_DynamiteLoader_installtime.odex
05-07 23:42:53.237 I/shadowhook_tag(10659): task: call_dtors() post callback. load_bias 6d14ac6000, name /data/app/~~tgC2c5ssgk9r73G-imUtqg==/com.google.android.gms-CMAnXXGUTmLyUglZWdA9Yw==/oat/arm64/split_DynamiteLoader_installtime.odex
05-07 23:42:53.238 I/DynamiteModule(10659): Considering local module com.google.android.gms.measurement.dynamite:141 and remote module com.google.android.gms.measurement.dynamite:190
05-07 23:42:53.238 I/DynamiteModule(10659): Selected remote version of com.google.android.gms.measurement.dynamite, version >= 190
05-07 23:42:53.238 V/DynamiteModule(10659): Dynamite loader version >= 2, using loadModule2NoCrashUtils
05-07 23:42:53.240 W/System  (10659): ClassLoader referenced unknown path: 
05-07 23:42:53.241 D/VectorLifecycle(10659): dispatchPackageReady h1@e51956d
05-07 23:42:53.247 I/shadowhook_tag(10659): linker: call_ctors pre, load_bias 6d13493000, name /data/app/~~tgC2c5ssgk9r73G-imUtqg==/com.google.android.gms-CMAnXXGUTmLyUglZWdA9Yw==/oat/arm64/split_MeasurementDynamite_installtime.odex
05-07 23:42:53.247 I/shadowhook_tag(10659): task: call_ctors() pre callback. load_bias 6d13493000, name /data/app/~~tgC2c5ssgk9r73G-imUtqg==/com.google.android.gms-CMAnXXGUTmLyUglZWdA9Yw==/oat/arm64/split_MeasurementDynamite_installtime.odex
05-07 23:42:53.247 I/shadowhook_tag(10659): linker: call_ctors post, load_bias 6d13493000, name /data/app/~~tgC2c5ssgk9r73G-imUtqg==/com.google.android.gms-CMAnXXGUTmLyUglZWdA9Yw==/oat/arm64/split_MeasurementDynamite_installtime.odex
05-07 23:42:53.249 W/udios.Fireston(10659): ClassLoaderContext classpath size mismatch. expected=16, found=2 (DLC[];PCL[base.apk*545294799:base.apk!classes2.dex*352801010:base.apk!classes3.dex*3343406984:base.apk!classes4.dex*2440093784:base.apk!classes5.dex*3849908652:base.apk!classes6.dex*990115835:base.apk!classes7.dex*2111835892:base.apk!classes8.dex*3444068947:base.apk!classes9.dex*3508519706:base.apk!classes10.dex*3738386946:base.apk!classes11.dex*1150016488:base.apk!classes12.dex*2136424662:base.apk!classes13.dex*3076236650:base.apk!classes14.dex*2602640587:base.apk!classes15.dex*1985522381:base.apk!classes16.dex*3850485896]{PCL[/system/framework/org.apache.http.legacy.jar*2255768530]#PCL[/system/framework/com.android.location.provider.jar*1360179951]} | DLC[];PCL[/data/app/~~eYnZX0CwG_PADosI43wKmA==/com.HolydayStudios.Firestone-KwYIEPUCRPiNe65OfXHOnQ==/base.apk*115601013:/data/app/~~eYnZX0CwG_PADosI43wKmA==/com.HolydayStudios.Firestone-KwYIEPUCRPiNe65OfXHOnQ==/base.apk!classes2.dex*3214480094])
05-07 23:42:53.250 I/shadowhook_tag(10659): linker: call_dtors pre, load_bias 6d13493000, name /data/app/~~tgC2c5ssgk9r73G-imUtqg==/com.google.android.gms-CMAnXXGUTmLyUglZWdA9Yw==/oat/arm64/split_MeasurementDynamite_installtime.odex
05-07 23:42:53.250 I/shadowhook_tag(10659): linker: call_dtors post, load_bias 6d13493000, name /data/app/~~tgC2c5ssgk9r73G-imUtqg==/com.google.android.gms-CMAnXXGUTmLyUglZWdA9Yw==/oat/arm64/split_MeasurementDynamite_installtime.odex
05-07 23:42:53.250 I/shadowhook_tag(10659): task: call_dtors() post callback. load_bias 6d13493000, name /data/app/~~tgC2c5ssgk9r73G-imUtqg==/com.google.android.gms-CMAnXXGUTmLyUglZWdA9Yw==/oat/arm64/split_MeasurementDynamite_installtime.odex
05-07 23:42:53.252 I/shadowhook_tag(10659): linker: call_ctors pre, load_bias 6d134b1000, name /data/app/~~eYnZX0CwG_PADosI43wKmA==/com.HolydayStudios.Firestone-KwYIEPUCRPiNe65OfXHOnQ==/lib/arm64/libmain.so
05-07 23:42:53.252 I/shadowhook_tag(10659): task: call_ctors() pre callback. load_bias 6d134b1000, name /data/app/~~eYnZX0CwG_PADosI43wKmA==/com.HolydayStudios.Firestone-KwYIEPUCRPiNe65OfXHOnQ==/lib/arm64/libmain.so
05-07 23:42:53.252 I/shadowhook_tag(10659): linker: call_ctors post, load_bias 6d134b1000, name /data/app/~~eYnZX0CwG_PADosI43wKmA==/com.HolydayStudios.Firestone-KwYIEPUCRPiNe65OfXHOnQ==/lib/arm64/libmain.so
05-07 23:42:53.257 I/shadowhook_tag(10659): linker: call_ctors pre, load_bias 6d11210000, name /data/app/~~eYnZX0CwG_PADosI43wKmA==/com.HolydayStudios.Firestone-KwYIEPUCRPiNe65OfXHOnQ==/lib/arm64/libunity.so
05-07 23:42:53.257 I/shadowhook_tag(10659): task: call_ctors() pre callback. load_bias 6d11210000, name /data/app/~~eYnZX0CwG_PADosI43wKmA==/com.HolydayStudios.Firestone-KwYIEPUCRPiNe65OfXHOnQ==/lib/arm64/libunity.so
05-07 23:42:53.271 W/ActivityManager( 2429): callingPackage:com.HolydayStudios.Firestone, packageName:com.google.android.gms, name:com.google.android.gms.chimera.PersistentApiService, isSkip: true
05-07 23:42:53.274 I/shadowhook_tag(10659): linker: call_ctors post, load_bias 6d11210000, name /data/app/~~eYnZX0CwG_PADosI43wKmA==/com.HolydayStudios.Firestone-KwYIEPUCRPiNe65OfXHOnQ==/lib/arm64/libunity.so
05-07 23:42:53.278 I/PhenotypeResourceReader( 2754): unable to find any Phenotype resource metadata for com.HolydayStudios.Firestone
05-07 23:42:53.281 I/shadowhook_tag(10659): linker: call_ctors pre, load_bias 6d08062000, name /data/app/~~eYnZX0CwG_PADosI43wKmA==/com.HolydayStudios.Firestone-KwYIEPUCRPiNe65OfXHOnQ==/lib/arm64/libil2cpp.so
05-07 23:42:53.281 I/shadowhook_tag(10659): task: call_ctors() pre callback. load_bias 6d08062000, name /data/app/~~eYnZX0CwG_PADosI43wKmA==/com.HolydayStudios.Firestone-KwYIEPUCRPiNe65OfXHOnQ==/lib/arm64/libil2cpp.so
05-07 23:42:53.283 I/shadowhook_tag(10659): linker: call_ctors post, load_bias 6d08062000, name /data/app/~~eYnZX0CwG_PADosI43wKmA==/com.HolydayStudios.Firestone-KwYIEPUCRPiNe65OfXHOnQ==/lib/arm64/libil2cpp.so
05-07 23:42:53.283 I/IL2CPP  (10659): JNI_OnLoad
05-07 23:42:53.283 V/Unity   (10659): Context Type: ActivityOrService
05-07 23:42:53.288 E/udios.Fireston(10659): No package ID 6a found for ID 0x6a0b0013.
05-07 23:42:53.289 I/FA      (10659): App measurement initialized, version: 166000
05-07 23:42:53.289 I/FA      (10659): To enable debug logging run: adb shell setprop log.tag.FA VERBOSE
05-07 23:42:53.289 I/FA      (10659): To enable faster debug mode event logging run:
05-07 23:42:53.289 I/FA      (10659):   adb shell setprop debug.firebase.analytics.app com.HolydayStudios.Firestone
05-07 23:42:53.291 W/WindowManager( 2429): Failed looking up window session=Session{ae87a79 10659:u0a10077} callers=com.android.server.wm.WindowManagerService.windowForClientLocked:5826 com.android.server.wm.Session.updateRequestedVisibilities:640 android.view.IWindowSession$Stub.onTransact:1175 
05-07 23:42:53.317 W/ActivityManager( 2429): callingPackage:com.HolydayStudios.Firestone, packageName:com.google.android.gms, name:com.google.android.gms.measurement.service.MeasurementBrokerService, isSkip: true
05-07 23:42:53.319 D/BoundBrokerSvc( 3171): onBind: Intent { act=com.google.android.gms.measurement.START pkg=com.google.android.gms }
05-07 23:42:53.319 D/BoundBrokerSvc( 3171): Loading bound service for intent: Intent { act=com.google.android.gms.measurement.START pkg=com.google.android.gms }
05-07 23:42:53.321 I/FA      (10659): Tag Manager is not found and thus will not be used
05-07 23:42:53.323 D/hw-ProcessState(10659): Binder ioctl to enable oneway spam detection failed: Invalid argument
05-07 23:42:53.323 I/hwservicemanager( 2057): getTransport: Cannot find entry android.hardware.graphics.mapper@4.0::IMapper/default in either framework or device VINTF manifest.
05-07 23:42:53.323 E/HidlServiceManagement(10659): getService: Potential race detected, descriptor: android.hardware.graphics.mapper@4.0::IMapper instance: default
05-07 23:42:53.324 I/hwservicemanager( 2057): Since android.hardware.graphics.mapper@4.0::IMapper/default is not registered, trying to start it as a lazy HAL.
05-07 23:42:53.325 I/Gralloc4(10659): mapper 4.x is not supported
05-07 23:42:53.325 I/hwservicemanager( 2057): getTransport: Cannot find entry android.hardware.graphics.mapper@3.0::IMapper/default in either framework or device VINTF manifest.
05-07 23:42:53.325 E/HidlServiceManagement(10659): getService: Potential race detected, descriptor: android.hardware.graphics.mapper@3.0::IMapper instance: default
05-07 23:42:53.326 I/hwservicemanager( 2057): Since android.hardware.graphics.mapper@3.0::IMapper/default is not registered, trying to start it as a lazy HAL.
05-07 23:42:53.326 W/Gralloc3(10659): mapper 3.x is not supported
05-07 23:42:53.326 E/HidlServiceManagement(10659): getService: Potential race detected, descriptor: android.hardware.graphics.mapper@2.0::IMapper instance: default
05-07 23:42:53.326 I/shadowhook_tag(10659): linker: call_ctors pre, load_bias 6d007db000, name /system/vendor/lib64/hw/android.hardware.graphics.mapper@2.0-impl.so
05-07 23:42:53.326 I/shadowhook_tag(10659): task: call_ctors() pre callback. load_bias 6d007db000, name /system/vendor/lib64/hw/android.hardware.graphics.mapper@2.0-impl.so
05-07 23:42:53.326 I/shadowhook_tag(10659): linker: call_ctors post, load_bias 6d007db000, name /system/vendor/lib64/hw/android.hardware.graphics.mapper@2.0-impl.so
05-07 23:42:53.328 I/shadowhook_tag(10659): linker: call_ctors pre, load_bias 6d00597000, name /system/lib64/hw/gralloc.kona.so
05-07 23:42:53.328 I/shadowhook_tag(10659): task: call_ctors() pre callback. load_bias 6d00597000, name /system/lib64/hw/gralloc.kona.so
05-07 23:42:53.328 I/shadowhook_tag(10659): linker: call_ctors pre, load_bias 6d005c4000, name /system/lib64/libOpenglSystemCommon.so
05-07 23:42:53.328 I/shadowhook_tag(10659): task: call_ctors() pre callback. load_bias 6d005c4000, name /system/lib64/libOpenglSystemCommon.so
05-07 23:42:53.328 I/shadowhook_tag(10659): linker: call_ctors pre, load_bias 6ce88a3000, name /system/lib64/libvulkan_enc.so
05-07 23:42:53.328 I/shadowhook_tag(10659): task: call_ctors() pre callback. load_bias 6ce88a3000, name /system/lib64/libvulkan_enc.so
05-07 23:42:53.328 I/shadowhook_tag(10659): linker: call_ctors pre, load_bias 6d00645000, name /system/lib64/libandroidemu.so
05-07 23:42:53.328 I/shadowhook_tag(10659): task: call_ctors() pre callback. load_bias 6d00645000, name /system/lib64/libandroidemu.so
05-07 23:42:53.328 I/shadowhook_tag(10659): linker: call_ctors post, load_bias 6d00645000, name /system/lib64/libandroidemu.so
05-07 23:42:53.328 I/shadowhook_tag(10659): linker: call_ctors pre, load_bias 6d00601000, name /system/lib64/lib_renderControl_enc.so
05-07 23:42:53.328 I/shadowhook_tag(10659): task: call_ctors() pre callback. load_bias 6d00601000, name /system/lib64/lib_renderControl_enc.so
05-07 23:42:53.328 I/shadowhook_tag(10659): linker: call_ctors post, load_bias 6d00601000, name /system/lib64/lib_renderControl_enc.so
05-07 23:42:53.328 I/shadowhook_tag(10659): linker: call_ctors pre, load_bias 6d00715000, name /system/lib64/libdrm.so
05-07 23:42:53.328 I/shadowhook_tag(10659): task: call_ctors() pre callback. load_bias 6d00715000, name /system/lib64/libdrm.so
05-07 23:42:53.328 I/shadowhook_tag(10659): linker: call_ctors post, load_bias 6d00715000, name /system/lib64/libdrm.so
05-07 23:42:53.328 I/shadowhook_tag(10659): linker: call_ctors post, load_bias 6ce88a3000, name /system/lib64/libvulkan_enc.so
05-07 23:42:53.328 I/shadowhook_tag(10659): linker: call_ctors pre, load_bias 6cebf5e000, name /system/lib64/libGLESv2_enc.so
05-07 23:42:53.328 I/shadowhook_tag(10659): task: call_ctors() pre callback. load_bias 6cebf5e000, name /system/lib64/libGLESv2_enc.so
05-07 23:42:53.328 I/shadowhook_tag(10659): linker: call_ctors post, load_bias 6cebf5e000, name /system/lib64/libGLESv2_enc.so
05-07 23:42:53.328 I/shadowhook_tag(10659): linker: call_ctors pre, load_bias 6d00691000, name /system/lib64/libGLESv1_enc.so
05-07 23:42:53.328 I/shadowhook_tag(10659): task: call_ctors() pre callback. load_bias 6d00691000, name /system/lib64/libGLESv1_enc.so
05-07 23:42:53.328 I/shadowhook_tag(10659): linker: call_ctors post, load_bias 6d00691000, name /system/lib64/libGLESv1_enc.so
05-07 23:42:53.328 I/shadowhook_tag(10659): linker: call_ctors post, load_bias 6d005c4000, name /system/lib64/libOpenglSystemCommon.so
05-07 23:42:53.328 I/shadowhook_tag(10659): linker: call_ctors post, load_bias 6d00597000, name /system/lib64/hw/gralloc.kona.so
05-07 23:42:53.329 I/hwservicemanager( 2057): getTransport: Cannot find entry android.hardware.graphics.allocator@4.0::IAllocator/default in either framework or device VINTF manifest.
05-07 23:42:53.329 E/HidlServiceManagement(10659): getService: Potential race detected, descriptor: android.hardware.graphics.allocator@4.0::IAllocator instance: default
05-07 23:42:53.329 I/hwservicemanager( 2057): Since android.hardware.graphics.allocator@4.0::IAllocator/default is not registered, trying to start it as a lazy HAL.
05-07 23:42:53.330 W/Gralloc4(10659): allocator 4.x is not supported
05-07 23:42:53.330 I/hwservicemanager( 2057): getTransport: Cannot find entry android.hardware.graphics.allocator@3.0::IAllocator/default in either framework or device VINTF manifest.
05-07 23:42:53.330 E/HidlServiceManagement(10659): getService: Potential race detected, descriptor: android.hardware.graphics.allocator@3.0::IAllocator instance: default
05-07 23:42:53.330 I/hwservicemanager( 2057): Since android.hardware.graphics.allocator@3.0::IAllocator/default is not registered, trying to start it as a lazy HAL.
05-07 23:42:53.330 W/Gralloc3(10659): allocator 3.x is not supported
05-07 23:42:53.331 E/HidlServiceManagement(10659): getService: Potential race detected, descriptor: android.hardware.graphics.allocator@2.0::IAllocator instance: default
05-07 23:42:53.331 I/shadowhook_tag(10659): linker: call_ctors pre, load_bias 6d007b7000, name /system/vendor/lib64/hw/android.hardware.graphics.allocator@2.0-impl.so
05-07 23:42:53.331 I/shadowhook_tag(10659): task: call_ctors() pre callback. load_bias 6d007b7000, name /system/vendor/lib64/hw/android.hardware.graphics.allocator@2.0-impl.so
05-07 23:42:53.331 I/shadowhook_tag(10659): linker: call_ctors post, load_bias 6d007b7000, name /system/vendor/lib64/hw/android.hardware.graphics.allocator@2.0-impl.so
05-07 23:42:53.332 I/nemucooker(10659): cook file1: /etc/mumu-configs/renderer.config, last modify time: Thu Aug 29 11:22:45 2024
