--------- beginning of main
05-07 23:06:57.272 I/sh      ( 7508): type=1400 audit(0.0:8845): avc: denied { map } for path="/system/bin/sh" dev="sda1" ino=719 scontext=u:r:adbd:s0 tcontext=u:object_r:unlabeled:s0 tclass=file permissive=1
05-07 23:06:57.272 I/sh      ( 7508): type=1400 audit(0.0:8846): avc: denied { getattr } for path="/system/bin/sh" dev="sda1" ino=719 scontext=u:r:adbd:s0 tcontext=u:object_r:unlabeled:s0 tclass=file permissive=1
05-07 23:06:57.284 I/logcat  ( 7508): type=1400 audit(0.0:8847): avc: denied { write } for name="logd" dev="tmpfs" ino=3542 scontext=u:r:adbd:s0 tcontext=u:object_r:logd_socket:s0 tclass=sock_file permissive=1
05-07 23:06:57.800 I/wifi@1.0-servic( 2248): type=1400 audit(0.0:8848): avc: denied { write } for scontext=u:r:init:s0 tcontext=u:r:init:s0 tclass=netlink_route_socket permissive=1
05-07 23:06:57.876 D/BufferPoolAccessor2.0( 2284): evictor expired: 1, evicted: 0
05-07 23:06:59.880 D/BufferPoolAccessor2.0( 2300): bufferpool2 0xb40000712bfce4d8 : 0(0 size) total buffers - 0(0 size) used buffers - 94/97 (recycle/alloc) - 3/96 (fetch/transfer)
05-07 23:06:59.880 D/BufferPoolAccessor2.0( 2300): evictor expired: 1, evicted: 1
05-07 23:06:59.880 D/BufferPoolAccessor2.0( 2284): bufferpool2 0xb4000076f5758a98 : 0(0 size) total buffers - 0(0 size) used buffers - 95/103 (recycle/alloc) - 8/198 (fetch/transfer)
05-07 23:06:59.880 D/BufferPoolAccessor2.0( 2284): evictor expired: 1, evicted: 1
--------- beginning of system
05-07 23:07:01.262 W/ActivityManager( 2429): callingPackage:com.google.android.gms, packageName:com.google.android.gms, name:com.google.android.gms.chimera.PersistentIntentOperationService, isSkip: true
05-07 23:07:01.264 I/.gms.persistent( 2754): type=1400 audit(0.0:8851): avc: denied { call } for scontext=u:r:gmscore_app:s0:c512,c768 tcontext=u:r:init:s0 tclass=binder permissive=1
05-07 23:07:01.303 D/opengl-gc( 2307): Check pid 3171: running 1
05-07 23:07:01.317 W/ActivityManager( 2429): callingPackage:com.google.android.gms, packageName:com.google.android.gms, name:com.google.android.gms.games.chimera.GamesSyncServiceMainProxy, isSkip: true
05-07 23:07:01.326 I/NetworkScheduler.Stats( 2754): (REDACTED) Task %s/%s started execution. cause:%s exec_start_elapsed_seconds: %s
05-07 23:07:01.333 I/PlayGamesServices[GamesSyncAdapter]( 3171): Starting sync for 5296d6a1
05-07 23:07:01.337 I/PlayGamesServices[GamesSyncAdapter]( 3171): Sync duration for 5296d6a1: 2
05-07 23:07:01.353 W/ActivityManager( 2429): callingPackage:com.google.android.gms, packageName:com.google.android.gms, name:com.google.android.gms.games.chimera.GamesAndroidServiceProxy, isSkip: true
05-07 23:07:01.357 I/NetworkScheduler.Stats( 2754): (REDACTED) Task %s/%s finished executing. cause:%s result: %s elapsed_millis: %s uptime_millis: %s exec_start_elapsed_seconds: %s
05-07 23:07:01.367 I/GetServiceValidatorImpl( 3171): (REDACTED) onGetService() from Client SDK version [%s], Module version [%s], PGA version [%s], Account [%s], Calling package [%s], Game package [%s]
05-07 23:07:01.369 W/GetGamesServiceReqFacto( 3171): Parsing request with ignored arguments. signInOptionsBundle [Bundle[{com.google.android.gms.signin.internal.serverClientId=null, com.google.android.gms.signin.internal.usePromptModeForAuthCode=true, com.google.android.gms.signin.internal.logSessionId=null, com.google.android.gms.signin.internal.hostedDomain=null, com.google.android.gms.signin.internal.offlineAccessRequested=false, com.google.android.gms.signin.internal.waitForAccessTokenRefresh=false, com.google.android.gms.signin.internal.clientRequestedAccount=Account {name=<<default account>>, type=com.google}, com.google.android.gms.signin.internal.idTokenRequested=false, com.google.android.gms.signin.internal.forceCodeForRefreshToken=false}]], isRetryingSignIn [false], skipWelcomePopup [false], requireGooglePlus [false]
05-07 23:07:01.369 I/GetGamesServiceReqFacto( 3171): Replacing request for `games` scope with `games_lite`
05-07 23:07:01.370 W/ActivityManager( 2429): callingPackage:com.google.android.gms, packageName:com.google.android.gms, name:com.google.android.gms.games.chimera.GamesAsyncServiceProxy, isSkip: true
05-07 23:07:01.379 I/SignInPerformer-4( 3171): (REDACTED) Handling request [%s], isFirstPartyCaller [%s]
05-07 23:07:01.380 I/SignInPerformer-4( 3171): Successfully brokered first-party unauthenticated GamesService [CONTEXT service_id=1 ]
05-07 23:07:01.383 I/GetGamesServiceV2Op( 3171): (REDACTED) Successfully brokered GamesService for request %s
05-07 23:07:01.405 W/ActivityManager( 2429): callingPackage:com.google.android.gms, packageName:com.google.android.gms, name:com.google.android.gms.auth.account.be.legacy.AuthCronService, isSkip: true
05-07 23:07:01.409 I/NetworkScheduler.Stats( 2754): (REDACTED) Task %s/%s started execution. cause:%s exec_start_elapsed_seconds: %s
05-07 23:07:01.412 W/ActivityManager( 2429): callingPackage:com.google.android.gms, packageName:com.google.android.gms, name:com.google.android.gms.auth.be.appcert.AppCertService, isSkip: true
05-07 23:07:01.418 W/ActivityManager( 2429): callingPackage:com.google.android.gms, packageName:com.google.android.gms, name:com.google.android.gms.droidguard.DroidGuardService, isSkip: true
05-07 23:07:01.488 I/Binder:6511_1( 6511): type=1400 audit(0.0:8852): avc: denied { execute } for path="/apex/com.android.runtime/lib64/bionic/libdl.so" dev="sda1" ino=383 scontext=u:r:gmscore_app:s0:c512,c768 tcontext=u:object_r:unlabeled:s0 tclass=file permissive=1 app=com.google.android.syncadapters.contacts
05-07 23:07:01.496 I/Binder:3826_7( 3826): type=1400 audit(0.0:8853): avc: denied { getattr } for path="/system/priv-app/TeleService/TeleService.apk" dev="sda1" ino=2065 scontext=u:r:radio:s0 tcontext=u:object_r:unlabeled:s0 tclass=file permissive=1
05-07 23:07:01.520 I/Binder:6511_1( 6511): type=1400 audit(0.0:8854): avc: denied { connectto } for path="/dev/socket/dnsproxyd" scontext=u:r:gmscore_app:s0:c512,c768 tcontext=u:r:init:s0 tclass=unix_stream_socket permissive=1 app=com.google.android.syncadapters.contacts
05-07 23:07:01.524 I/Binder:2219_2( 2219): type=1400 audit(0.0:8855): avc: denied { use } for path="socket:[45876]" dev="sockfs" ino=45876 scontext=u:r:init:s0 tcontext=u:r:gmscore_app:s0:c512,c768 tclass=fd permissive=1
05-07 23:07:01.588 W/GmsUrlRequestImpl( 2754): [https://android.googleapis.com/auth/devicekey] Content-Type header is overwritten.
05-07 23:07:01.657 W/GLSUser ( 2754): [AppCertManager] Exception while requesting key: 
05-07 23:07:01.657 W/GLSUser ( 2754): java.util.concurrent.ExecutionException: cxgt: Parsing Exception
05-07 23:07:01.657 W/GLSUser ( 2754): 	at hirt.j(:com.google.android.gms@261731029@26.17.31 (190400-906420463):21)
05-07 23:07:01.657 W/GLSUser ( 2754): 	at hisc.t(:com.google.android.gms@261731029@26.17.31 (190400-906420463):73)
05-07 23:07:01.657 W/GLSUser ( 2754): 	at alvg.b(:com.google.android.gms@261731029@26.17.31 (190400-906420463):435)
05-07 23:07:01.657 W/GLSUser ( 2754): 	at alve.b(:com.google.android.gms@261731029@26.17.31 (190400-906420463):29)
05-07 23:07:01.657 W/GLSUser ( 2754): 	at aluz.a(:com.google.android.gms@261731029@26.17.31 (190400-906420463):1)
05-07 23:07:01.657 W/GLSUser ( 2754): 	at alvc.a(:com.google.android.gms@261731029@26.17.31 (190400-906420463):58)
05-07 23:07:01.657 W/GLSUser ( 2754): 	at agsu.call(:com.google.android.gms@261731029@26.17.31 (190400-906420463):56)
05-07 23:07:01.657 W/GLSUser ( 2754): 	at java.util.concurrent.FutureTask.run(FutureTask.java:266)
05-07 23:07:01.657 W/GLSUser ( 2754): 	at bjbn.c(:com.google.android.gms@261731029@26.17.31 (190400-906420463):50)
05-07 23:07:01.657 W/GLSUser ( 2754): 	at bjbn.run(:com.google.android.gms@261731029@26.17.31 (190400-906420463):66)
05-07 23:07:01.657 W/GLSUser ( 2754): 	at java.util.concurrent.ThreadPoolExecutor.runWorker(ThreadPoolExecutor.java:1167)
05-07 23:07:01.657 W/GLSUser ( 2754): 	at java.util.concurrent.ThreadPoolExecutor$Worker.run(ThreadPoolExecutor.java:641)
05-07 23:07:01.657 W/GLSUser ( 2754): 	at bjhe.run(:com.google.android.gms@261731029@26.17.31 (190400-906420463):8)
05-07 23:07:01.657 W/GLSUser ( 2754): 	at java.lang.Thread.run(Thread.java:920)
05-07 23:07:01.657 W/GLSUser ( 2754): Caused by: cxgt: Parsing Exception
05-07 23:07:01.657 W/GLSUser ( 2754): 	at cxhy.a(:com.google.android.gms@261731029@26.17.31 (190400-906420463):15)
05-07 23:07:01.657 W/GLSUser ( 2754): 	at hium.run(:com.google.android.gms@261731029@26.17.31 (190400-906420463):56)
05-07 23:07:01.657 W/GLSUser ( 2754): 	at bjbn.c(:com.google.android.gms@261731029@26.17.31 (190400-906420463):50)
05-07 23:07:01.657 W/GLSUser ( 2754): 	at bjbn.run(:com.google.android.gms@261731029@26.17.31 (190400-906420463):85)
05-07 23:07:01.657 W/GLSUser ( 2754): 	... 4 more
05-07 23:07:01.657 W/GLSUser ( 2754): Caused by: itlt: Protocol message end-group tag did not match expected tag.
05-07 23:07:01.657 W/GLSUser ( 2754): 	at itnq.a(:com.google.android.gms@261731029@26.17.31 (190400-906420463):57)
05-07 23:07:01.657 W/GLSUser ( 2754): 	at itmn.l(:com.google.android.gms@261731029@26.17.31 (190400-906420463):60)
05-07 23:07:01.657 W/GLSUser ( 2754): 	at itkp.s(:com.google.android.gms@261731029@26.17.31 (190400-906420463):26)
05-07 23:07:01.657 W/GLSUser ( 2754): 	at itik.f(:com.google.android.gms@261731029@26.17.31 (190400-906420463):7)
05-07 23:07:01.657 W/GLSUser ( 2754): 	at itik.c(:com.google.android.gms@261731029@26.17.31 (190400-906420463):1)
05-07 23:07:01.657 W/GLSUser ( 2754): 	at itik.o(:com.google.android.gms@261731029@26.17.31 (190400-906420463):1)
05-07 23:07:01.657 W/GLSUser ( 2754): 	at cxhx.a(:com.google.android.gms@261731029@26.17.31 (190400-906420463):15)
05-07 23:07:01.657 W/GLSUser ( 2754): 	at cxic.call(:com.google.android.gms@261731029@26.17.31 (190400-906420463):8)
05-07 23:07:01.657 W/GLSUser ( 2754): 	at java.util.concurrent.FutureTask.run(FutureTask.java:266)
05-07 23:07:01.657 W/GLSUser ( 2754): 	at bjbn.c(:com.google.android.gms@261731029@26.17.31 (190400-906420463):50)
05-07 23:07:01.657 W/GLSUser ( 2754): 	at bjbn.run(:com.google.android.gms@261731029@26.17.31 (190400-906420463):66)
05-07 23:07:01.657 W/GLSUser ( 2754): 	... 4 more
05-07 23:07:01.663 I/NetworkScheduler.Stats( 2754): (REDACTED) Task %s/%s finished executing. cause:%s result: %s elapsed_millis: %s uptime_millis: %s exec_start_elapsed_seconds: %s
05-07 23:07:06.008 I/logcat  ( 7519): type=1400 audit(0.0:8862): avc: denied { write } for name="logdr" dev="tmpfs" ino=3544 scontext=u:r:adbd:s0 tcontext=u:object_r:logdr_socket:s0 tclass=sock_file permissive=1
05-07 23:07:07.160 D/BoundBrokerSvc( 3171): onUnbind: Intent { act=com.google.android.gms.feedback.internal.IFeedbackService dat=chimera-action: cmp=com.google.android.gms/.chimera.GmsBoundBrokerService }
05-07 23:07:11.306 D/opengl-gc( 2307): Check pid 3171: running 1
05-07 23:07:16.407 W/ActivityManager( 2429): callingPackage:android, packageName:com.android.vending, name:com.google.android.finsky.scheduler.process.mainimpl.PhoneskyJobServiceMain, isSkip: true
05-07 23:07:16.408 I/lmkd    ( 2055): type=1400 audit(0.0:8863): avc: denied { write } for name="oom_score_adj" dev="proc" ino=41898 scontext=u:r:init:s0 tcontext=u:r:priv_app:s0:c512,c768 tclass=file permissive=1
05-07 23:07:16.418 I/Finsky  ( 6486): [2] SCH: job service start with id 9808.
05-07 23:07:16.426 I/Finsky  ( 6486): [125] SCH: Satisfied jobs for 9808 are: 12-1
05-07 23:07:16.427 I/Finsky  ( 6486): [133] SCH: Job 12-1 starting
05-07 23:07:16.428 I/Finsky  ( 6486): [2] WM::SCH: Logging work start for 12-1
05-07 23:07:16.428 I/Finsky  ( 6486): [2] [ContentSync] job started
05-07 23:07:16.429 I/Finsky  ( 6486): [134] PSR: Package cache is empty, setup cache.
05-07 23:07:16.460 I/Finsky  ( 6486): [135] Wrote 1 rows to frosting DB
05-07 23:07:16.463 I/Finsky  ( 6486): [135] Frosting DB delete succeeded: true
05-07 23:07:16.596 I/Thread-2( 3381): type=1400 audit(0.0:8864): avc: denied { use } for path="/dev/null" dev="tmpfs" ino=1057 scontext=u:r:mediaprovider_app:s0:c34,c256,c512,c768 tcontext=u:r:kernel:s0 tclass=fd permissive=1 app=com.android.providers.media.module
05-07 23:07:16.600 I/Binder:2281_1( 2281): type=1400 audit(0.0:8865): avc: denied { read } for name="com.sunborn.neuralcloud.en" dev="sdb3" ino=786687 scontext=u:r:init:s0 tcontext=u:object_r:app_data_file:s0:c41,c256,c512,c768 tclass=dir permissive=1
05-07 23:07:16.600 I/Binder:2281_1( 2281): type=1400 audit(0.0:8866): avc: denied { open } for path="/data/data/com.sunborn.neuralcloud.en" dev="sdb3" ino=786687 scontext=u:r:init:s0 tcontext=u:object_r:app_data_file:s0:c41,c256,c512,c768 tclass=dir permissive=1
05-07 23:07:16.600 I/Binder:2281_1( 2281): type=1400 audit(0.0:8867): avc: denied { search } for name="com.sunborn.neuralcloud.en" dev="sdb3" ino=786687 scontext=u:r:init:s0 tcontext=u:object_r:app_data_file:s0:c41,c256,c512,c768 tclass=dir permissive=1
05-07 23:07:16.600 I/Binder:2281_1( 2281): type=1400 audit(0.0:8868): avc: denied { getattr } for path="/data/data/com.sunborn.neuralcloud.en/databases" dev="sdb3" ino=786843 scontext=u:r:init:s0 tcontext=u:object_r:app_data_file:s0:c41,c256,c512,c768 tclass=dir permissive=1
05-07 23:07:16.600 I/Binder:2281_1( 2281): type=1400 audit(0.0:8869): avc: denied { getattr } for path="/data/data/com.sunborn.neuralcloud.en/databases/bugly_db_-journal" dev="sdb3" ino=786893 scontext=u:r:init:s0 tcontext=u:object_r:app_data_file:s0:c41,c256,c512,c768 tclass=file permissive=1 bug=b/77873135
05-07 23:07:16.964 I/Binder:2281_1( 2281): type=1400 audit(0.0:8870): avc: denied { read } for name="com.example.tryit" dev="sdb3" ino=7078394 scontext=u:r:init:s0 tcontext=u:object_r:app_data_file:s0:c57,c256,c512,c768 tclass=dir permissive=1
05-07 23:07:16.964 I/Binder:2281_1( 2281): type=1400 audit(0.0:8871): avc: denied { open } for path="/data/data/com.example.tryit" dev="sdb3" ino=7078394 scontext=u:r:init:s0 tcontext=u:object_r:app_data_file:s0:c57,c256,c512,c768 tclass=dir permissive=1
05-07 23:07:17.684 I/Binder:2281_1( 2281): type=1400 audit(0.0:8955): avc: denied { read } for name="com.android.providers.contacts" dev="sdb3" ino=7078070 scontext=u:r:init:s0 tcontext=u:object_r:privapp_data_file:s0:c512,c768 tclass=dir permissive=1
05-07 23:07:17.684 I/Binder:2281_1( 2281): type=1400 audit(0.0:8956): avc: denied { open } for path="/data/data/com.android.providers.contacts" dev="sdb3" ino=7078070 scontext=u:r:init:s0 tcontext=u:object_r:privapp_data_file:s0:c512,c768 tclass=dir permissive=1
05-07 23:07:17.684 I/Binder:2281_1( 2281): type=1400 audit(0.0:8957): avc: denied { search } for name="com.android.providers.contacts" dev="sdb3" ino=7078070 scontext=u:r:init:s0 tcontext=u:object_r:privapp_data_file:s0:c512,c768 tclass=dir permissive=1
05-07 23:07:17.684 I/Binder:2281_1( 2281): type=1400 audit(0.0:8958): avc: denied { getattr } for path="/data/data/com.android.providers.contacts/databases" dev="sdb3" ino=7078113 scontext=u:r:init:s0 tcontext=u:object_r:privapp_data_file:s0:c512,c768 tclass=dir permissive=1
05-07 23:07:17.684 I/Binder:2281_1( 2281): type=1400 audit(0.0:8959): avc: denied { getattr } for path="/data/data/com.android.providers.contacts/databases/contacts2.db-shm" dev="sdb3" ino=7080109 scontext=u:r:init:s0 tcontext=u:object_r:privapp_data_file:s0:c512,c768 tclass=file permissive=1
05-07 23:07:19.216 I/Binder:2281_1( 2281): type=1400 audit(0.0:9093): avc: denied { read } for name="com.com2us.starseedgl.android.google.global.normal" dev="sdb3" ino=7995487 scontext=u:r:init:s0 tcontext=u:object_r:app_data_file:s0:c90,c256,c512,c768 tclass=dir permissive=1
05-07 23:07:19.216 I/Binder:2281_1( 2281): type=1400 audit(0.0:9094): avc: denied { open } for path="/data/data/com.com2us.starseedgl.android.google.global.normal" dev="sdb3" ino=7995487 scontext=u:r:init:s0 tcontext=u:object_r:app_data_file:s0:c90,c256,c512,c768 tclass=dir permissive=1
05-07 23:07:19.216 I/Binder:2281_1( 2281): type=1400 audit(0.0:9095): avc: denied { search } for name="com.com2us.starseedgl.android.google.global.normal" dev="sdb3" ino=7995487 scontext=u:r:init:s0 tcontext=u:object_r:app_data_file:s0:c90,c256,c512,c768 tclass=dir permissive=1
05-07 23:07:19.216 I/Binder:2281_1( 2281): type=1400 audit(0.0:9096): avc: denied { getattr } for path="/data/data/com.com2us.starseedgl.android.google.global.normal/no_backup" dev="sdb3" ino=2230103 scontext=u:r:init:s0 tcontext=u:object_r:app_data_file:s0:c90,c256,c512,c768 tclass=dir permissive=1
05-07 23:07:19.220 I/Binder:2281_1( 2281): type=1400 audit(0.0:9097): avc: denied { getattr } for path="/data/data/com.com2us.starseedgl.android.google.global.normal/no_backup/com.google.android.gms.appid-no-backup" dev="sdb3" ino=2230104 scontext=u:r:init:s0 tcontext=u:object_r:app_data_file:s0:c90,c256,c512,c768 tclass=file permissive=1 bug=b/77873135
05-07 23:07:20.796 I/Binder:2281_1( 2281): type=1400 audit(0.0:9156): avc: denied { read } for name="com.mumu.display.cutout.huawei_z70" dev="sdb3" ino=7341977 scontext=u:r:init:s0 tcontext=u:object_r:app_data_file:s0:c65,c256,c512,c768 tclass=dir permissive=1
05-07 23:07:20.796 I/Binder:2281_1( 2281): type=1400 audit(0.0:9157): avc: denied { open } for path="/data/data/com.mumu.display.cutout.huawei_z70" dev="sdb3" ino=7341977 scontext=u:r:init:s0 tcontext=u:object_r:app_data_file:s0:c65,c256,c512,c768 tclass=dir permissive=1
05-07 23:07:20.796 I/Binder:2281_1( 2281): type=1400 audit(0.0:9158): avc: denied { search } for name="com.mumu.display.cutout.huawei_z70" dev="sdb3" ino=7341977 scontext=u:r:init:s0 tcontext=u:object_r:app_data_file:s0:c65,c256,c512,c768 tclass=dir permissive=1
05-07 23:07:20.796 I/Binder:2281_1( 2281): type=1400 audit(0.0:9159): avc: denied { getattr } for path="/data/data/com.mumu.display.cutout.huawei_z70/cache" dev="sdb3" ino=7341978 scontext=u:r:init:s0 tcontext=u:object_r:app_data_file:s0:c65,c256,c512,c768 tclass=dir permissive=1
05-07 23:07:20.800 I/Binder:2281_1( 2281): type=1400 audit(0.0:9160): avc: denied { read } for name="bin.mt.plus.canary" dev="sdb3" ino=7733776 scontext=u:r:init:s0 tcontext=u:object_r:app_data_file:s0:c97,c256,c512,c768 tclass=dir permissive=1
05-07 23:07:21.207 I/Finsky  ( 6486): [2] App states replicator found 36 unowned apps
05-07 23:07:21.227 W/ActivityManager( 2429): callingPackage:com.android.vending, packageName:com.google.android.gms, name:com.google.android.gms.chimera.PersistentDirectBootAwareApiService, isSkip: true
05-07 23:07:21.307 D/opengl-gc( 2307): Check pid 3171: running 1
05-07 23:07:21.723 I/Finsky  ( 6486): [134] Completed 1 account content syncs with 1 successful.
05-07 23:07:21.724 I/Finsky  ( 6486): [2] [ContentSync] Installation state replication succeeded.
05-07 23:07:21.724 I/Finsky  ( 6486): [2] SCH: jobFinished: 12-1. TimeElapsed: 5296ms.
05-07 23:07:21.724 I/Finsky  ( 6486): [2] WM::SCH: Logging work end for 12-1
05-07 23:07:21.734 I/Finsky  ( 6486): [64] SCH: Scheduling phonesky job Id: 1-1337, CT: 1778153652638, Constraints: [{ L: 41050750, D: 84250750, C: CHARGING_NONE, I: IDLE_NONE, N: NET_ANY, B: BATTERY_ANY }]
05-07 23:07:21.734 I/Finsky  ( 6486): [64] SCH: Scheduling phonesky job Id: 34-807, CT: 1778153653740, Constraints: [{ L: 604800000, D: 2535781405, C: CHARGING_NONE, I: IDLE_NONE, N: NET_ANY, B: BATTERY_ANY }]
05-07 23:07:21.734 I/Finsky  ( 6486): [64] SCH: Scheduling phonesky job Id: 34-810, CT: 1778153653741, Constraints: [{ L: 22981359, D: 1318981359, C: CHARGING_NONE, I: IDLE_NONE, N: NET_ANY, B: BATTERY_ANY }]
05-07 23:07:21.737 I/Finsky  ( 6486): [63] SCH: Scheduling 1 system job(s)
05-07 23:07:21.737 I/Finsky  ( 6486): [63] SCH: Scheduling system job Id: 9820, L: 10193363, D: 71461651, C: false, I: false, N: 1
05-07 23:07:21.740 I/Finsky  ( 6486): [133] SCH: job service finished with id 9808.
05-07 23:07:21.920 I/adbd    ( 7529): type=1400 audit(0.0:9255): avc: denied { search } for name="/" dev="sda1" ino=2 scontext=u:r:adbd:s0 tcontext=u:object_r:unlabeled:s0 tclass=dir permissive=1
05-07 23:07:21.924 I/adbd    ( 7529): type=1400 audit(0.0:9256): avc: denied { read } for name="linker64" dev="sda1" ino=616 scontext=u:r:adbd:s0 tcontext=u:object_r:unlabeled:s0 tclass=lnk_file permissive=1
05-07 23:07:21.924 I/adbd    ( 7529): type=1400 audit(0.0:9257): avc: denied { search } for name="bin" dev="tmpfs" ino=16050 scontext=u:r:adbd:s0 tcontext=u:object_r:unlabeled:s0 tclass=dir permissive=1
05-07 23:07:21.924 I/sh      ( 7529): type=1400 audit(0.0:9258): avc: denied { read } for name="/" dev="sda1" ino=2 scontext=u:r:adbd:s0 tcontext=u:object_r:unlabeled:s0 tclass=dir permissive=1
05-07 23:07:21.924 I/sh      ( 7529): type=1400 audit(0.0:9259): avc: denied { getattr } for path="/system" dev="sda1" ino=2 scontext=u:r:adbd:s0 tcontext=u:object_r:unlabeled:s0 tclass=dir permissive=1
05-07 23:07:21.940 D/ProcessState( 7531): Binder ioctl to enable oneway spam detection failed: Invalid argument
05-07 23:07:21.943 I/ActivityManager( 2429): Force stopping com.HolydayStudios.Firestone appid=10077 user=0: from pid 7531
05-07 23:07:21.951 D/CarrierSvcBindHelper( 3826): No carrier app for: 0
05-07 23:07:22.197 I/ActivityTaskManager( 2429): START u0 {flg=0x10000000 cmp=com.HolydayStudios.Firestone/com.unity3d.player.UnityPlayerActivity} from uid 2000, pid 7531
05-07 23:07:22.201 I/ActivityTaskManager( 2429): [KeepAlive] disabled for com.HolydayStudios.Firestone
05-07 23:07:22.202 W/ActivityTaskManager( 2429): Can't find TaskDisplayArea to determine support for multi window. Task id=34 attached=false
05-07 23:07:22.204 D/CompatibilityChangeReporter( 2429): Compat change id reported: 174042980; UID 10077; state: DISABLED
05-07 23:07:22.204 D/CompatibilityChangeReporter( 2429): Compat change id reported: 184838306; UID 10077; state: DISABLED
05-07 23:07:22.205 D/CompatibilityChangeReporter( 2429): Compat change id reported: 185004937; UID 10077; state: DISABLED
05-07 23:07:22.206 D/CompatibilityChangeReporter( 2429): Compat change id reported: 181136395; UID 10077; state: DISABLED
05-07 23:07:22.206 D/CompatibilityChangeReporter( 2429): Compat change id reported: 174042936; UID 10077; state: DISABLED
05-07 23:07:22.207 D/CompatibilityChangeReporter( 2429): Compat change id reported: 197654537; UID 10077; state: ENABLED
05-07 23:07:22.208 I/RecentTaskMonitor( 2429): onTaskMovedToFront 34
05-07 23:07:22.208 D/RecentTaskMonitor( 2429): openTabFromAms task is Task{86af22d #34 type=standard A=10077:com.HolydayStudios.Firestone U=0 visible=true visibleRequested=false mode=fullscreen translucent=true sz=1}
05-07 23:07:22.209 D/CompatibilityChangeReporter( 2429): Compat change id reported: 168419799; UID 10077; state: DISABLED
05-07 23:07:22.212 D/RecentTaskMonitor( 2429): onRecentTaskAdded 34:Task=34
05-07 23:07:22.234 W/RecentTaskMonitor( 2429): null pid retry ...
05-07 23:07:22.234 E/RecentTaskMonitor( 2429): VAPIShellNotifier#notifyOpenTab null params
05-07 23:07:22.236 D/gralloc_x86( 2670): gralloc_alloc: Creating ashmem region of size 14749696
05-07 23:07:22.236 D/CompatibilityChangeReporter( 2429): Compat change id reported: 135634846; UID 10077; state: DISABLED
05-07 23:07:22.236 D/CompatibilityChangeReporter( 2429): Compat change id reported: 177438394; UID 10077; state: DISABLED
05-07 23:07:22.236 D/CompatibilityChangeReporter( 2429): Compat change id reported: 135772972; UID 10077; state: DISABLED
05-07 23:07:22.236 D/CompatibilityChangeReporter( 2429): Compat change id reported: 135754954; UID 10077; state: ENABLED
05-07 23:07:22.240 D/Zygote  ( 2220): Forked child process 7534
05-07 23:07:22.242 I/ActivityManager( 2429): Start proc 7534:com.HolydayStudios.Firestone/u0a77 for pre-top-activity {com.HolydayStudios.Firestone/com.unity3d.player.UnityPlayerActivity}
05-07 23:07:22.246 D/RecentTaskMonitor( 2429): task null or not sub display in notifyDisplayOpened
05-07 23:07:22.247 D/RecentTaskMonitor( 2429): VAPIShellNotifier#notifyOpenTab :{"id":"task:34","displayId":0,"userId":0,"name":"Firestone","originName":"Firestone","packageName":"com.HolydayStudios.Firestone","launcher":false,"newTask":true,"icon":"iVBORw0KGgoAAAANSUhEUgAAAIAAAACACAYAAADDPmHLAAAAAXNSR0IArs4c6QAAAARzQklUCAgICHwIZIgAACAASURBVHicrLx3lJ3Jddj5q\/rSy6FzBLrRyGkQOAlDDGc45AQmURTFoBWpFU1JFJUsadc+R7K98tljr71eWxbtlShrSUs8YpBIyhSHYpghZzjkJGAiYqMBdM7p9cvvi1X7x2vEQQOYse47dfr1++qrcO+te2\/durcEG8DWz73a7gjvXqT4GIIPaq3i19cRQqJ0hECAEAAoqdBSo7UFiEs1b9iHENf+rrW+4e9vBi61cTO4pn15k3rr49bqqjavry9BG1eeaw1KGbxxzhvMSWssHSFliFh\/P9A2UgT84ty\/ZCq+l+dbP4FhRNhSYgkwhAQBmvX5rs\/n6h6kINLIYyj95cg0n3jhI3su3niON4Ddf\/bSQXT0tIDsjUd9BUIzvOHvUl5pOoquMMP\/DHGvAbHelr49ot+wCSlQltr4eSQQ6trxKlNtSMuNQCmJ1sbG\/QCWDhBCobVFJAQDjdf5+Pwf8bmBL1Ix24gBUiikoZFX4VDIK3i1tb7h0JTSRFp\/Maqpz7zya28Lrn52DT\/3\/afn43v\/7MU\/kahnb0V8LTTKUAiaDHh9uWaCUiHEbRJJ3Eb5x2hHNqXVzUBLjZLqmvJmQANKG1xG803mEwmTEJtICAQR95e+xSv591G3csj1vkMBgRIordHrRSl1eRGEcLkEQKA1vtLUgboWn6o7vHzk9\/\/r5qvHeJkBBv7o6Vg2bnxOw29rdOJaZF8l4tY\/SA2GRkiBEFfKpVnp9bc0IEQEQq0zhr6mvevh6rY2LFJckSTrxLyGMW6HiSRgAFoh1AaEFet1ri5vZvXr9Y6ERMgbLxQhBEiBkrJZhGCzN0xHOMVzLT8HUmNI3VSrUqOk5sqnqab0Oj6VEFeYQGsCfYUZVOTT+ew39vc+\/ddPvqd35\/ZLQzQvfUn0Of9Zi+jTN54IyEA29btxFbJuIM61lqBN0O56lSaxpNRNRmBdJN5M+V7d8TVfNWJd5+l1Da0FaFNtOJ5bgyC7epFKy2Yiw34L718Rw1dDc47Xin0pwytEX6+jrlMxAsUjla9yLnME18q9AUtCCIJL6lQKbHVF7GutL9srCk0ERAjwG3S8+D1aX\/wH6nVvG4719Z9n951f56xvAuz\/\/PMPKS0+qa4T00rp5oARaEOhUdfqW70+mattKgGICCEM9OWldslgASHWdegtNIIVeeT9VeJBFSMMsBolMtV5Um4FpIGRTWLHYxStNirSxrfiLJtZ6kYM37AJDRvErZnMCar8Vtt5Pl9LspzquWX9N8AGPNdUedE1PHkJl1fXkdepla5gmq5wnMfbfuW2uo\/Etei89DfSze\/Sq9P\/o78mO3ycaj0AIhJxsbfvHeIPeYb\/Q2z93E\/aEzExpqSR0vKNCGsSXF\/+fjX9pZQbGnUa0DdaBSJAc2OjSGhFIqyTK8+xZ\/kYufoiURihfIUIg3WdChKBKT2k0MTjDqZlYkiBJx3WZJK10KLm5Cgn2iilOygl2\/GcNEoab5ASO8un+dw7DH77r04xcsdHrnl+jfV\/aYzXMfytoNncVUS\/ycuG9vnF5f9A2cjzP1o+cw0D3wjPN5I8l8astcaqFhl44ksYw8fwPZdMOk5bPkbC0WRTtSiXdbabsZT1zgiR2ngCV4yBNyNhlTK5EaaUtt7wm4GmLVrjQOkUb6ueQXk+Nd\/FlRplahoKQmHgYyERqEjhaxMVKeo1j7gj2NFj0t2eImbCQqHIyPws8\/MxNAYqGaOY6WapZZBitpt6PEtoWBh+gw+3TmEFLXTPvsL4zsfwY5mbIvhWcDWhbkbsa19q\/unzxzjgPc+\/6\/48XLUYN2rnRgx6yR4wKwW2\/sOfE557jUApOtrS9HUoWuMubSmDji6MdFI\/bGr4xduc2w1B6Y3E7K0nL2VEJ1Xe759kj3cOoRu4QlM3I4hL7MggCEJAEoQhMRSekjQijecHSCkwTYMw0igtKBVLkDDJZ5P0kWBLv4FpmJyacYkXxmgvTBAYFoGdYDXTR5RyeM8HWikWiiTLs7QvnWV20z03HKteN+iEUGykv26b4BvAfbXv8UryQZbN7jf9rr5qTObqAgPf+xLeyMvEHZuhvjjppGBTt6C3TZJN+nihxciF6Z8zNdz3Vofd1Os33t8KIa5z7FwRTQCmgIfNUX4ueoWsUcYzXEJbkRAC0zWpKkWkNIaElK3BMlA6wgsVCRNcx8T1PKoNhdbw6gWNo11yhsv+ff1syceJWRqtQxL9JlPzHkuBxDQ1QeCSmq\/x7vts6pMzJFruI2nV6Z58ZUMGaHpejPXdzMYYuyUTbPC4LxhlV3iS\/9zyf6GEeXttcRmr6\/9oYgsTbH7yS0Tjw\/S3BXS0JdjT59HVnaa93UNrwdKywfA0zK\/E7zQFIn\/LXq4Dpa927Gxc7xpxKDRSNncBGRnwTxLneYTzEFWoVKpYZoRSEPoGkWruHGwzwjA0KKu518Ugbiu0VghhEQSSlZSm4UeUSj6r1ZDRpSpzyy+zd1c\/d+7pRwpBW9ogm8gR2jaGlWNyrsirw7N0Z7vx3AYr8wVaWvIUloZJ1FdpJNuujPsSEQQ0N1VvYbnckicE76w\/zow1RMHsvmLVrxP2ZoyglIkQCkFAau4Ce7\/\/p5Rmxxgc6GD\/tjqb+2129GliMUmtlmByusDkTJXFZRBCZ80NW74pRNf9L7mZT1WI6LIjqM3w+NdtZ3i7NUXguyws1JBhiFI2gYpoRD7StMg4NpXAJwwDHNRlJAihMC2BEA6eFyDrPmtCYOXihEmHlnSclZVVnj6+yNjIHA8+cJSeXomlFL4XMXxxnOHFOoPdazjFFeLbevnT\/\/QEve0OGbHGponnOL\/7A+h\/LI\/lbUBGrbE3fJU\/z\/zBm35XCoVG03r2efa9\/BXaWObnPpZm9x6HfLITx7FQKoXnwdJclQuzmoklA6UU+bzFW2IAKa7dumgtbrqrE+tOoA7D49+1HuewnEIpyWphichyMG0bVYuQlqC1NYFpGHieD3UTFUmMdZeHNCS27QCKej0CAiwUCUIM0yIUGktKpMxQqxksLFf528df4IF7Orlj3178RhHllzH9Ve7b042uTzJxIWAm8RArs89wqEdSHf0RE1sfxHdu6QW\/bpJvEonrYOqIn69+kfPWHUyY265r8jbsqMij\/eSP2Xvy7+hylnnonZId+0xiyRJStxGFmnrdYW6+zNmRBnMLdaJIk8062LZ4awxwNahrDn2umphx9R5YkpEB\/7b1ZQ7piyAF5WKdTD6PY6ZwPY98XCFME2GYFFeKaDcgYVuAgRAgDYnjGAghCIOQMFD4foSpNTECTKkIpERLiVYSKR2kNCgVizzx7AhLRXj7\/i0QNkgbNVqNEjKT4sXX6\/Qe+WVe+corPLLPYH51mXxhnKWeg5fnorXGieqoSBE4qQ2Jo29lHAreYD90hrPc5z3Dv235v9GG9ab4SAQ+fa98ix2nf0Bfssqdd+XZsbeKYwtEZOMHDrVawNx8wNRUmfmFGq6nSSYTxOMaIfT\/PAOA4opvtekEvt7vb6D5bO4Mh9VZpG0SAfnePmqejwgE8XgcJ2ujQ8Xq8hpBGBCLx1CquRuS0sCJxbFSCYxIocKARMLFWguxzQbJRMjERQi1wjEEdcekGoWYMYGRsln1U7xwYpqZZZ9YfIWH37uJtdWzxLp28GJ9B0eG4CnzKKNLP6Yz1WBg+Hssd+5FG1e2rK2iQu
05-07 23:07:22.252 I/RecentTaskMonitor( 2429): broadcast tab opened in android as it's new task 34
05-07 23:07:22.252 W/BroadcastQueue( 2429): Background execution not allowed: receiving Intent { act=nemu.intent.action.NEW_TASK dat=package:com.HolydayStudios.Firestone flg=0x10 (has extras) } to com.mumu.acc/.AccMsgReceiver
05-07 23:07:22.253 D/NewFileUpdater( 2669): onOpenNewTask focusPkgName set to com.HolydayStudios.Firestone
05-07 23:07:22.254 D/VApi.Res.TabManager( 2669): setFocusTaskProp 34
05-07 23:07:22.255 W/System.err( 2429): org.json.JSONException: No value for errcode
05-07 23:07:22.256 W/System.err( 2429): 	at org.json.JSONObject.get(JSONObject.java:403)
05-07 23:07:22.256 W/System.err( 2429): 	at org.json.JSONObject.getInt(JSONObject.java:492)
05-07 23:07:22.256 W/System.err( 2429): 	at com.android.server.vapi.VApiRequestListener.onResponse(VApiRequestListener.java:20)
05-07 23:07:22.256 W/System.err( 2429): 	at com.android.server.vapi.VApiRequestListener.onResponse(VApiRequestListener.java:13)
05-07 23:07:22.256 W/System.err( 2429): 	at com.android.volley.toolbox.JsonRequest.deliverResponse(JsonRequest.java:90)
05-07 23:07:22.256 W/System.err( 2429): 	at com.android.volley.ExecutorDelivery$ResponseDeliveryRunnable.run(ExecutorDelivery.java:102)
05-07 23:07:22.256 W/System.err( 2429): 	at android.os.Handler.handleCallback(Handler.java:938)
05-07 23:07:22.256 W/System.err( 2429): 	at android.os.Handler.dispatchMessage(Handler.java:99)
05-07 23:07:22.257 W/System.err( 2429): 	at android.os.Looper.loopOnce(Looper.java:201)
05-07 23:07:22.257 W/System.err( 2429): 	at android.os.Looper.loop(Looper.java:288)
05-07 23:07:22.257 W/System.err( 2429): 	at com.android.server.SystemServer.run(SystemServer.java:929)
05-07 23:07:22.257 W/System.err( 2429): 	at com.android.server.SystemServer.main(SystemServer.java:611)
05-07 23:07:22.257 W/System.err( 2429): 	at java.lang.reflect.Method.invoke(Native Method)
05-07 23:07:22.257 W/System.err( 2429): 	at com.android.internal.os.RuntimeInit$MethodAndArgsCaller.run(RuntimeInit.java:555)
05-07 23:07:22.257 W/System.err( 2429): 	at com.android.internal.os.ZygoteInit.main(ZygoteInit.java:1069)
05-07 23:07:22.257 I/Zygote  ( 7534): fakeProductInfoIfNeed callded! com.HolydayStudios.Firestone
05-07 23:07:22.261 I/Zygote  ( 7534): fake Product info com.HolydayStudios.Firestone not matched any pattern
05-07 23:07:22.263 W/ActivityManager( 2429): Foreground service started from background can not have location/camera/microphone access: service com.mumu.acc/.AccService
05-07 23:07:22.263 I/Zygote  ( 7534): fakeProductInfoFromProperties callded! com.HolydayStudios.Firestone
05-07 23:07:22.263 V/ActivityManager( 2429): Attempted to start a foreground service (com.mumu.acc/.AccService) with a broken notification (no icon: Notification(channel=acc-service shortcut=null contentView=null vibrate=null sound=null defaults=0x0 flags=0x40 color=0x00000000 vis=PRIVATE))
05-07 23:07:22.265 D/com.netease.nemu_vapi_android.thread.HttpServer( 2669): http server response data: {"errcode":0,"message":"OK"}
05-07 23:07:22.266 D/com.netease.nemu_vapi_android.thread.HttpServer( 2669): http server response data: {"errcode":0,"message":"OK"}
05-07 23:07:22.271 E/NemuAppNameUtil( 7534): save data success
05-07 23:07:22.274 V/zygiskd64( 2221): zygiskd::zygiskd: New daemon action: GetProcessFlags
05-07 23:07:22.288 D/ProcessState( 7543): Binder ioctl to enable oneway spam detection failed: Invalid argument
05-07 23:07:22.295 D/gralloc_x86( 2670): gralloc_alloc: Creating ashmem region of size 14749696
05-07 23:07:22.298 E/ndroid.systemu( 2670): vulkan version is 4202746
05-07 23:07:22.298 D/gralloc_x86( 2670): gralloc_alloc: Creating ashmem region of size 14749696
05-07 23:07:22.299 D/gralloc_x86( 2670): gralloc_alloc: Creating ashmem region of size 14749696
05-07 23:07:22.301 V/zygiskd64( 2221): zygiskd::zygiskd: Flags for UID 10077: ProcessFlags(PROCESS_ROOT_IS_MAGISK)
05-07 23:07:22.302 V/zygiskd64( 2221): zygiskd::zygiskd: New daemon action: ReadModules
05-07 23:07:22.332 D/CompatibilityChangeReporter( 2429): Compat change id reported: 197654537; UID 10043; state: ENABLED
05-07 23:07:22.345 D/RecentTaskMonitor( 2429): task null or not sub display in notifyDisplayOpened
05-07 23:07:22.346 D/RecentTaskMonitor( 2429): VAPIShellNotifier#notifyOpenTab :{"id":"task:34","displayId":0,"userId":0,"name":"Firestone","originName":"Firestone","packageName":"com.HolydayStudios.Firestone","launcher":false,"newTask":false,"icon":"iVBORw0KGgoAAAANSUhEUgAAAIAAAACACAYAAADDPmHLAAAAAXNSR0IArs4c6QAAAARzQklUCAgICHwIZIgAACAASURBVHicrLx3lJ3Jddj5q\/rSy6FzBLrRyGkQOAlDDGc45AQmURTFoBWpFU1JFJUsadc+R7K98tljr71eWxbtlShrSUs8YpBIyhSHYpghZzjkJGAiYqMBdM7p9cvvi1X7x2vEQQOYse47dfr1++qrcO+te2\/durcEG8DWz73a7gjvXqT4GIIPaq3i19cRQqJ0hECAEAAoqdBSo7UFiEs1b9iHENf+rrW+4e9vBi61cTO4pn15k3rr49bqqjavry9BG1eeaw1KGbxxzhvMSWssHSFliFh\/P9A2UgT84ty\/ZCq+l+dbP4FhRNhSYgkwhAQBmvX5rs\/n6h6kINLIYyj95cg0n3jhI3su3niON4Ddf\/bSQXT0tIDsjUd9BUIzvOHvUl5pOoquMMP\/DHGvAbHelr49ot+wCSlQltr4eSQQ6trxKlNtSMuNQCmJ1sbG\/QCWDhBCobVFJAQDjdf5+Pwf8bmBL1Ix24gBUiikoZFX4VDIK3i1tb7h0JTSRFp\/Maqpz7zya28Lrn52DT\/3\/afn43v\/7MU\/kahnb0V8LTTKUAiaDHh9uWaCUiHEbRJJ3Eb5x2hHNqXVzUBLjZLqmvJmQANKG1xG803mEwmTEJtICAQR95e+xSv591G3csj1vkMBgRIordHrRSl1eRGEcLkEQKA1vtLUgboWn6o7vHzk9\/\/r5qvHeJkBBv7o6Vg2bnxOw29rdOJaZF8l4tY\/SA2GRkiBEFfKpVnp9bc0IEQEQq0zhr6mvevh6rY2LFJckSTrxLyGMW6HiSRgAFoh1AaEFet1ri5vZvXr9Y6ERMgbLxQhBEiBkrJZhGCzN0xHOMVzLT8HUmNI3VSrUqOk5sqnqab0Oj6VEFeYQGsCfYUZVOTT+ew39vc+\/ddPvqd35\/ZLQzQvfUn0Of9Zi+jTN54IyEA29btxFbJuIM61lqBN0O56lSaxpNRNRmBdJN5M+V7d8TVfNWJd5+l1Da0FaFNtOJ5bgyC7epFKy2Yiw34L718Rw1dDc47Xin0pwytEX6+jrlMxAsUjla9yLnME18q9AUtCCIJL6lQKbHVF7GutL9srCk0ERAjwG3S8+D1aX\/wH6nVvG4719Z9n951f56xvAuz\/\/PMPKS0+qa4T00rp5oARaEOhUdfqW70+mattKgGICCEM9OWldslgASHWdegtNIIVeeT9VeJBFSMMsBolMtV5Um4FpIGRTWLHYxStNirSxrfiLJtZ6kYM37AJDRvErZnMCar8Vtt5Pl9LspzquWX9N8AGPNdUedE1PHkJl1fXkdepla5gmq5wnMfbfuW2uo\/Etei89DfSze\/Sq9P\/o78mO3ycaj0AIhJxsbfvHeIPeYb\/Q2z93E\/aEzExpqSR0vKNCGsSXF\/+fjX9pZQbGnUa0DdaBSJAc2OjSGhFIqyTK8+xZ\/kYufoiURihfIUIg3WdChKBKT2k0MTjDqZlYkiBJx3WZJK10KLm5Cgn2iilOygl2\/GcNEoab5ASO8un+dw7DH77r04xcsdHrnl+jfV\/aYzXMfytoNncVUS\/ycuG9vnF5f9A2cjzP1o+cw0D3wjPN5I8l8astcaqFhl44ksYw8fwPZdMOk5bPkbC0WRTtSiXdbabsZT1zgiR2ngCV4yBNyNhlTK5EaaUtt7wm4GmLVrjQOkUb6ueQXk+Nd\/FlRplahoKQmHgYyERqEjhaxMVKeo1j7gj2NFj0t2eImbCQqHIyPws8\/MxNAYqGaOY6WapZZBitpt6PEtoWBh+gw+3TmEFLXTPvsL4zsfwY5mbIvhWcDWhbkbsa19q\/unzxzjgPc+\/6\/48XLUYN2rnRgx6yR4wKwW2\/sOfE557jUApOtrS9HUoWuMubSmDji6MdFI\/bGr4xduc2w1B6Y3E7K0nL2VEJ1Xe759kj3cOoRu4QlM3I4hL7MggCEJAEoQhMRSekjQijecHSCkwTYMw0igtKBVLkDDJZ5P0kWBLv4FpmJyacYkXxmgvTBAYFoGdYDXTR5RyeM8HWikWiiTLs7QvnWV20z03HKteN+iEUGykv26b4BvAfbXv8UryQZbN7jf9rr5qTObqAgPf+xLeyMvEHZuhvjjppGBTt6C3TZJN+nihxciF6Z8zNdz3Vofd1Os33t8KIa5z7FwRTQCmgIfNUX4ueoWsUcYzXEJbkRAC0zWpKkWkNIaElK3BMlA6wgsVCRNcx8T1PKoNhdbw6gWNo11yhsv+ff1syceJWRqtQxL9JlPzHkuBxDQ1QeCSmq\/x7vts6pMzJFruI2nV6Z58ZUMGaHpejPXdzMYYuyUTbPC4LxhlV3iS\/9zyf6GEeXttcRmr6\/9oYgsTbH7yS0Tjw\/S3BXS0JdjT59HVnaa93UNrwdKywfA0zK\/E7zQFIn\/LXq4Dpa927Gxc7xpxKDRSNncBGRnwTxLneYTzEFWoVKpYZoRSEPoGkWruHGwzwjA0KKu518Ugbiu0VghhEQSSlZSm4UeUSj6r1ZDRpSpzyy+zd1c\/d+7pRwpBW9ogm8gR2jaGlWNyrsirw7N0Z7vx3AYr8wVaWvIUloZJ1FdpJNuujPsSEQQ0N1VvYbnckicE76w\/zow1RMHsvmLVrxP2ZoyglIkQCkFAau4Ce7\/\/p5Rmxxgc6GD\/tjqb+2129GliMUmtlmByusDkTJXFZRBCZ80NW74pRNf9L7mZT1WI6LIjqM3w+NdtZ3i7NUXguyws1JBhiFI2gYpoRD7StMg4NpXAJwwDHNRlJAihMC2BEA6eFyDrPmtCYOXihEmHlnSclZVVnj6+yNjIHA8+cJSeXomlFL4XMXxxnOHFOoPdazjFFeLbevnT\/\/QEve0OGbHGponnOL\/7A+h\/LI\/lbUBGrbE3fJU\/z\/zBm35XCoVG03r2efa9\/BXaWObnPpZm9x6HfLITx7FQKoXnwdJclQuzmoklA6UU+bzFW2IAKa7dumgtbrqrE+tOoA7D49+1HuewnEIpyWphichyMG0bVYuQlqC1NYFpGHieD3UTFUmMdZeHNCS27QCKej0CAiwUCUIM0yIUGktKpMxQqxksLFf528df4IF7Orlj3178RhHllzH9Ve7b042uTzJxIWAm8RArs89wqEdSHf0RE1sfxHdu6QW\/bpJvEonrYOqIn69+kfPWHUyY265r8jbsqMij\/eSP2Xvy7+hylnnonZId+0xiyRJStxGFmnrdYW6+zNmRBnMLdaJIk8062LZ4awxwNahrDn2umphx9R5YkpEB\/7b1ZQ7piyAF5WKdTD6PY6ZwPY98XCFME2GYFFeKaDcgYVuAgRAgDYnjGAghCIOQMFD4foSpNTECTKkIpERLiVYSKR2kNCgVizzx7AhLRXj7\/i0QNkgbNVqNEjKT4sXX6\/Qe+WVe+corPLLPYH51mXxhnKWeg5fnorXGieqoSBE4qQ2Jo29lHAreYD90hrPc5z3Dv235v9GG9ab4SAQ+fa98ix2nf0Bfssqdd+XZsbeKYwtEZOMHDrVawNx8wNRUmfmFGq6nSSYTxOMaIfT\/PAOA4opvtekEvt7vb6D5bO4Mh9VZpG0SAfnePmqejwgE8XgcJ2ujQ8Xq8hpBGBCLx1CquRuS0sCJxbFSCYxIocKARMLFWguxzQbJRMjERQi1wjEEdcekGoWYMYGRsln1U7xwYpqZZZ9YfIWH37uJtdWzxLp28GJ9B0eG4CnzKKNLP6Yz1WBg+Hssd+5FG1e2rK2iQ
05-07 23:07:22.351 W/System.err( 2429): org.json.JSONException: No value for errcode
05-07 23:07:22.351 W/System.err( 2429): 	at org.json.JSONObject.get(JSONObject.java:403)
05-07 23:07:22.351 W/System.err( 2429): 	at org.json.JSONObject.getInt(JSONObject.java:492)
05-07 23:07:22.351 W/System.err( 2429): 	at com.android.server.vapi.VApiRequestListener.onResponse(VApiRequestListener.java:20)
05-07 23:07:22.351 W/System.err( 2429): 	at com.android.server.vapi.VApiRequestListener.onResponse(VApiRequestListener.java:13)
05-07 23:07:22.351 W/System.err( 2429): 	at com.android.volley.toolbox.JsonRequest.deliverResponse(JsonRequest.java:90)
05-07 23:07:22.351 W/System.err( 2429): 	at com.android.volley.ExecutorDelivery$ResponseDeliveryRunnable.run(ExecutorDelivery.java:102)
05-07 23:07:22.351 W/System.err( 2429): 	at android.os.Handler.handleCallback(Handler.java:938)
05-07 23:07:22.351 W/System.err( 2429): 	at android.os.Handler.dispatchMessage(Handler.java:99)
05-07 23:07:22.351 W/System.err( 2429): 	at android.os.Looper.loopOnce(Looper.java:201)
05-07 23:07:22.351 W/System.err( 2429): 	at android.os.Looper.loop(Looper.java:288)
05-07 23:07:22.351 W/System.err( 2429): 	at com.android.server.SystemServer.run(SystemServer.java:929)
05-07 23:07:22.351 W/System.err( 2429): 	at com.android.server.SystemServer.main(SystemServer.java:611)
05-07 23:07:22.351 W/System.err( 2429): 	at java.lang.reflect.Method.invoke(Native Method)
05-07 23:07:22.351 W/System.err( 2429): 	at com.android.internal.os.RuntimeInit$MethodAndArgsCaller.run(RuntimeInit.java:555)
05-07 23:07:22.351 W/System.err( 2429): 	at com.android.internal.os.ZygoteInit.main(ZygoteInit.java:1069)
05-07 23:07:22.363 W/Zygote  ( 7534): BindMount ,  SpecializeCommon: source /data/system/etc/mumu-configs/app/com.HolydayStudios.Firestone/currentApp, target: /system/etc/mumu-configs/currentApp , chownRet: 0
05-07 23:07:22.363 W/Zygote  ( 7534): BindMount ,  SpecializeCommon mount currentApp , MountRet: 0
05-07 23:07:22.397 I/Zygote  ( 7534): seccomp disabled by setenforce 0
05-07 23:07:22.409 E/udios.Fireston( 7534): Not starting debugger since process cannot load the jdwp agent.
05-07 23:07:22.410 D/ProcessState( 7534): Binder ioctl to enable oneway spam detection failed: Invalid argument
05-07 23:07:22.416 D/VectorZygiskBridge( 2429): onTransact: action=GET_BINDER, callerUid=10077
05-07 23:07:22.454 V/VectorDeopter( 7534): Skipping deopt for android.app.Instrumentation#newApplication: android.app.Instrumentation.newApplication [class java.lang.ClassLoader, class android.content.Context]
05-07 23:07:22.455 V/VectorDeopter( 7534): Skipping deopt for android.app.LoadedApk#makeApplicationInner: android.app.LoadedApk.makeApplicationInner [boolean, class android.app.Instrumentation, boolean]
05-07 23:07:22.455 V/VectorDeopter( 7534): Skipping deopt for android.app.LoadedApk#makeApplicationInner: android.app.LoadedApk.makeApplicationInner [boolean, class android.app.Instrumentation]
05-07 23:07:22.457 V/Vector  ( 7534): Loading Vector/Xposed for com.HolydayStudios.Firestone (UID: 10077)
05-07 23:07:22.469 W/OomAdjuster( 2429): Fallback pre-set sched group to default: not expected top priority
05-07 23:07:22.471 E/ashmem  ( 7534): memfd: ro.vndk.version not defined or invalid (), this is mandated since P.
05-07 23:07:22.475 D/VectorModuleManager( 7534): Loading module com.firestone.hooks
05-07 23:07:22.478 W/udios.Fireston( 7534): Could not get odex filename for Anonymous-DexFile@1523058360: Dex location Anonymous-DexFile@1523058360 has no directory.
05-07 23:07:22.480 V/VectorModuleManager( 7534): Loading class class com.template.lsposed.ModuleEntry
05-07 23:07:22.482 I/FirestoneHooks( 7534): com.firestone.hooks: Loaded in process=com.HolydayStudios.Firestone, framework=Vector 2.0, api=101
05-07 23:07:22.482 D/VectorModuleManager( 7534): Loaded module com.firestone.hooks successfully.
05-07 23:07:22.482 D/CompatibilityChangeReporter( 7534): Compat change id reported: 171979766; UID 10077; state: ENABLED
05-07 23:07:22.485 D/NemuJavaHotPatchHelper( 7534): onHandleBindApplication reportedPackageName:com.HolydayStudios.Firestone isMatchJavaPatch:false
05-07 23:07:22.543 I/Typeface( 7534): Preloading /system/fonts/Roboto-Regular.ttf
05-07 23:07:22.544 I/Typeface( 7534): Preloading /system/fonts/RobotoStatic-Regular.ttf
05-07 23:07:22.564 I/nemucooker( 7534): cook file1: /system/etc/mumu-configs/shared_libs/libc_llite.so, last modify time: Fri Jul 12 17:30:20 2024
05-07 23:07:22.564 I/nemucooker( 7534): cook file2: /data/system/etc/mumu-configs/shared_libs/libc_llite.so, last modify time: Wed Apr 29 17:20:43 2026
05-07 23:07:22.564 I/nemucooker( 7534): cook select file: /data/system/etc/mumu-configs/shared_libs/libc_llite.so
05-07 23:07:22.565 E/linker  ( 7534): do_dlsym houdini_patch_entrance_name failed
05-07 23:07:22.570 W/udios.Fireston( 7534): ClassLoaderContext shared library size mismatch. Expected=1, found=0 (PCL[]{PCL[/system/framework/org.apache.http.legacy.jar*2255768530]} | PCL[])
05-07 23:07:22.573 I/FirestoneHooks( 7534): com.firestone.hooks: onPackageLoaded com.HolydayStudios.Firestone process=com.HolydayStudios.Firestone firstPackage=true dataDir=/data/user/0/com.HolydayStudios.Firestone
05-07 23:07:22.573 I/FirestoneHooks( 7534): com.firestone.hooks: Hooked Application.attach
05-07 23:07:22.574 I/FirestoneHooks( 7534): com.firestone.hooks: Hooked Activity.onResume sample
05-07 23:07:22.575 D/VectorLifecycle( 7534): dispatchPackageReady h1@ea8c73c
05-07 23:07:22.575 I/FirestoneHooks( 7534): com.firestone.hooks: onPackageReady com.HolydayStudios.Firestone process=com.HolydayStudios.Firestone firstPackage=true dataDir=/data/user/0/com.HolydayStudios.Firestone
05-07 23:07:22.578 V/GraphicsEnvironment( 7534): ANGLE Developer option for 'com.HolydayStudios.Firestone' set to: 'default'
05-07 23:07:22.578 V/GraphicsEnvironment( 7534): ANGLE GameManagerService for com.HolydayStudios.Firestone: false
05-07 23:07:22.579 V/GraphicsEnvironment( 7534): Neither updatable production driver nor prerelease driver is supported.
05-07 23:07:22.580 D/NetworkSecurityConfig( 7534): No Network Security Config specified, using platform default
05-07 23:07:22.580 D/NetworkSecurityConfig( 7534): No Network Security Config specified, using platform default
05-07 23:07:22.582 D/CompatibilityChangeReporter( 2429): Compat change id reported: 135634846; UID 10066; state: DISABLED
05-07 23:07:22.582 D/CompatibilityChangeReporter( 2429): Compat change id reported: 177438394; UID 10066; state: DISABLED
05-07 23:07:22.582 D/CompatibilityChangeReporter( 2429): Compat change id reported: 135772972; UID 10066; state: DISABLED
05-07 23:07:22.582 D/CompatibilityChangeReporter( 2429): Compat change id reported: 135754954; UID 10066; state: ENABLED
05-07 23:07:22.582 D/CompatibilityChangeReporter( 2429): Compat change id reported: 143937733; UID 10066; state: ENABLED
05-07 23:07:22.586 D/Zygote  ( 2220): Forked child process 7568
05-07 23:07:22.587 I/ActivityManager( 2429): Start proc 7568:com.firestone.hooks/u0a66 for content provider {com.firestone.hooks/com.template.lsposed.SettingsProvider}
05-07 23:07:22.610 I/Zygote  ( 7568): fakeProductInfoIfNeed callded! com.firestone.hooks
05-07 23:07:22.612 I/Zygote  ( 7568): fake Product info com.firestone.hooks not matched any pattern
05-07 23:07:22.612 I/Zygote  ( 7568): fakeProductInfoFromProperties callded! com.firestone.hooks
05-07 23:07:22.617 E/NemuAppNameUtil( 7568): save data success
05-07 23:07:22.620 V/zygiskd64( 2221): zygiskd::zygiskd: New daemon action: GetProcessFlags
05-07 23:07:22.631 D/ProcessState( 7573): Binder ioctl to enable oneway spam detection failed: Invalid argument
05-07 23:07:22.644 V/zygiskd64( 2221): zygiskd::zygiskd: Flags for UID 10066: ProcessFlags(PROCESS_ROOT_IS_MAGISK)
05-07 23:07:22.645 V/zygiskd64( 2221): zygiskd::zygiskd: New daemon action: ReadModules
05-07 23:07:22.697 W/Zygote  ( 7568): BindMount ,  SpecializeCommon: source /data/system/etc/mumu-configs/app/com.firestone.hooks/currentApp, target: /system/etc/mumu-configs/currentApp , chownRet: 0
05-07 23:07:22.697 W/Zygote  ( 7568): BindMount ,  SpecializeCommon mount currentApp , MountRet: 0
05-07 23:07:22.724 I/Zygote  ( 7568): seccomp disabled by setenforce 0
05-07 23:07:22.728 I/firestone.hook( 7568): Late-enabling -Xcheck:jni
05-07 23:07:22.742 D/ProcessState( 7568): Binder ioctl to enable oneway spam detection failed: Invalid argument
05-07 23:07:22.744 I/adbd    ( 2256): jdwp connection from 7568
05-07 23:07:22.745 D/VectorZygiskBridge( 2429): onTransact: action=GET_BINDER, callerUid=10066
05-07 23:07:22.757 E/ashmem  ( 7568): memfd: ro.vndk.version not defined or invalid (), this is mandated since P.
05-07 23:07:22.761 D/CompatibilityChangeReporter( 7568): Compat change id reported: 171979766; UID 10066; state: ENABLED
05-07 23:07:22.769 D/NemuJavaHotPatchHelper( 7568): onHandleBindApplication reportedPackageName:com.firestone.hooks isMatchJavaPatch:false
05-07 23:07:22.841 I/Typeface( 7568): Preloading /system/fonts/Roboto-Regular.ttf
05-07 23:07:22.841 I/Typeface( 7568): Preloading /system/fonts/RobotoStatic-Regular.ttf
05-07 23:07:22.910 V/GraphicsEnvironment( 7568): ANGLE Developer option for 'com.firestone.hooks' set to: 'default'
05-07 23:07:22.910 V/GraphicsEnvironment( 7568): ANGLE GameManagerService for com.firestone.hooks: false
05-07 23:07:22.910 V/GraphicsEnvironment( 7568): Neither updatable production driver nor prerelease driver is supported.
05-07 23:07:22.911 D/NetworkSecurityConfig( 7568): No Network Security Config specified, using platform default
05-07 23:07:22.912 D/NetworkSecurityConfig( 7568): No Network Security Config specified, using platform default
05-07 23:07:22.920 I/FirestoneHooks( 7534): com.firestone.hooks: Detected engine=UNITY evidence=[libil2cpp.so, libunity.so, libmain.so]
05-07 23:07:22.923 I/FirestoneHooks( 7534): com.firestone.hooks: Synced settings to /data/user/0/com.HolydayStudios.Firestone/files/firestonehooks.json
05-07 23:07:22.927 I/shadowhook_tag( 7534): linker: hook soinfo::call_constructors
05-07 23:07:22.927 I/shadowhook_tag( 7534): a64 rewrite: type 0, inst d10283ff
05-07 23:07:22.927 I/shadowhook_tag( 7534): elf: find phdr gap 6ffa3b9070-6ffa3ba000(load_bias 6ffa297000, 122070-123000)
05-07 23:07:22.927 I/shadowhook_tag( 7534): elf: find phdr gap 6ffa3cfe38-6ffa3d0000(load_bias 6ffa297000, 138e38-139000)
05-07 23:07:22.927 I/shadowhook_tag( 7534): elf: alloc addr 6ffa3b9070(load_bias 6ffa297000, 122070), size 16, idx [0, 4)
05-07 23:07:22.927 I/shadowhook_tag( 7534): island: alloc in ELF-gap, addr 6ffa3b9070, size 16, pc 6ffa2e8fd4, range [6ff22e8fd4, 70022e8fd0]
05-07 23:07:22.927 I/shadowhook_tag( 7534): a64: hook (with island) OK. target 6ffa2e8fd4 -> island-exit 6ffa3b9070 -> new 6d1accffc0 -> enter 6ff03e8000 -> resume 6ffa2e8fd8
05-07 23:07:22.927 I/shadowhook_tag( 7534): switch: hook invisible OK: target_addr 6ffa2e8fd4, new_addr 6d1accffc0
05-07 23:07:22.927 I/shadowhook_tag( 7534): linker: hook soinfo::call_destructors
05-07 23:07:22.927 I/shadowhook_tag( 7534): a64 rewrite: type 0, inst d10283ff
05-07 23:07:22.927 I/shadowhook_tag( 7534): elf: alloc addr 6ffa3b9080(load_bias 6ffa297000, 122080), size 16, idx [4, 8)
05-07 23:07:22.927 I/shadowhook_tag( 7534): island: alloc in ELF-gap, addr 6ffa3b9080, size 16, pc 6ffa2e93bc, range [6ff22e93bc, 70022e93b8]
05-07 23:07:22.927 I/shadowhook_tag( 7534): a64: hook (with island) OK. target 6ffa2e93bc -> island-exit 6ffa3b9080 -> new 6d1acd0738 -> enter 6ff03e8040 -> resume 6ffa2e93c0
05-07 23:07:22.927 I/shadowhook_tag( 7534): switch: hook invisible OK: target_addr 6ffa2e93bc, new_addr 6d1acd0738
05-07 23:07:22.927 I/shadowhook_tag( 7534): linker: soinfo memory scan pre OK. load_bias 208, name 216, phdr 0, phnum 8, called 248
05-07 23:07:22.927 I/shadowhook_tag( 7534): linker: soinfo memory scan post OK
05-07 23:07:22.927 I/shadowhook_tag( 7534): linker: hook ctors and dtors OK
05-07 23:07:22.927 I/shadowhook_tag( 7534): task: start linker DL-init/fini monitor ...
05-07 23:07:22.927 E/shadowhook_tag( 7534): shadowhook version 2.0.0: shadowhook init(default_mode: SHARED, debuggable: true), return: 0, real-init: yes
05-07 23:07:22.927 I/FirestoneHooks( 7534): ShadowHook ready: version=shadowhook version 2.0.0, arch=arm64
05-07 23:07:22.924 I/FirestoneHooksW( 7534): type=1400 audit(0.0:9357): avc: denied { open } for path="/data/system/etc/mumu-configs/renderer.config" dev="sdb3" ino=5375163 scontext=u:r:untrusted_app:s0:c77,c256,c512,c768 tcontext=u:object_r:system_data_file:s0 tclass=file permissive=1 app=com.HolydayStudios.Firestone
05-07 23:07:22.928 I/shadowhook_tag( 7534): linker: call_ctors pre, load_bias 6d154ec000, name /data/app/~~WZ-ohksZTfczqQSJUPLv8Q==/com.firestone.hooks-daX5pz2NSYBDeXfD8TK_MQ==/base.apk!/lib/arm64-v8a/libfirestonehooks.so
05-07 23:07:22.928 I/shadowhook_tag( 7534): task: call_ctors() pre callback. load_bias 6d154ec000, name /data/app/~~WZ-ohksZTfczqQSJUPLv8Q==/com.firestone.hooks-daX5pz2NSYBDeXfD8TK_MQ==/base.apk!/lib/arm64-v8a/libfirestonehooks.so
05-07 23:07:22.928 I/shadowhook_tag( 7534): linker: call_ctors post, load_bias 6d154ec000, name /data/app/~~WZ-ohksZTfczqQSJUPLv8Q==/com.firestone.hooks-daX5pz2NSYBDeXfD8TK_MQ==/base.apk!/lib/arm64-v8a/libfirestonehooks.so
05-07 23:07:22.929 I/FirestoneHooks( 7534): JNI_OnLoad firestonehooks
05-07 23:07:22.929 I/FirestoneHooks( 7534): Loaded libfirestonehooks.so
05-07 23:07:22.929 I/FirestoneHooks( 7534): install worker package=com.HolydayStudios.Firestone settings=/data/user/0/com.HolydayStudios.Firestone/files/firestonehooks.json shadowhook=shadowhook version 2.0.0
