05-07 23:07:23.646 D/AudioFlinger( 2249): mixer(0xb40000777b658a30) throttle end: throttle time(3)
05-07 23:07:23.970 W/ServiceManager( 2429): Permission failure: android.permission.HIGH_SAMPLING_RATE_SENSORS from uid=10077 pid=7534
05-07 23:07:23.971 W/ServiceManager( 2429): Permission failure: android.permission.HIGH_SAMPLING_RATE_SENSORS from uid=10077 pid=7534
05-07 23:07:23.972 W/ServiceManager( 2429): Permission failure: android.permission.HIGH_SAMPLING_RATE_SENSORS from uid=10077 pid=7534
05-07 23:07:23.973 W/ServiceManager( 2429): Permission failure: android.permission.HIGH_SAMPLING_RATE_SENSORS from uid=10077 pid=7534
05-07 23:07:23.977 D/gralloc_x86( 7534): gralloc_alloc: Creating ashmem region of size 7376896
05-07 23:07:23.982 V/MediaRouter( 7534): Selecting route: RouteInfo{ name=Phone, description=null, status=null, category=RouteCategory{ name=System types=ROUTE_TYPE_LIVE_AUDIO ROUTE_TYPE_LIVE_VIDEO  groupable=false }, supportedTypes=ROUTE_TYPE_LIVE_AUDIO ROUTE_TYPE_LIVE_VIDEO , presentationDisplay=null }
05-07 23:07:23.982 I/MediaRouter( 7534): Skip setBluetoothA2dpOn(): types=8388615, isPlaybackActive()=true, BT route=null
05-07 23:07:24.095 D/gralloc_x86( 7534): gralloc_alloc: Creating ashmem region of size 7376896
05-07 23:07:24.098 D/gralloc_x86( 7534): gralloc_alloc: Creating ashmem region of size 7376896
05-07 23:07:24.101 D/gralloc_x86( 7534): gralloc_alloc: Creating ashmem region of size 7376896
05-07 23:07:24.102 I/ActivityTaskManager( 2429): Fully drawn com.HolydayStudios.Firestone/com.unity3d.player.UnityPlayerActivity: +1s905ms
05-07 23:07:24.105 D/gralloc_x86( 7534): gralloc_alloc: Creating ashmem region of size 14749696
05-07 23:07:24.185 I/IL2CPP  ( 7534): Locale en-US
05-07 23:07:24.896 I/wifi@1.0-servic( 2248): type=1400 audit(0.0:9402): avc: denied { write } for scontext=u:r:init:s0 tcontext=u:r:init:s0 tclass=netlink_route_socket permissive=1
05-07 23:07:24.896 I/wifi@1.0-servic( 2248): type=1400 audit(0.0:9403): avc: denied { nlmsg_readpriv } for scontext=u:r:init:s0 tcontext=u:r:init:s0 tclass=netlink_route_socket permissive=1
05-07 23:07:24.896 I/wifi@1.0-servic( 2248): type=1400 audit(0.0:9404): avc: denied { read } for scontext=u:r:init:s0 tcontext=u:r:init:s0 tclass=netlink_route_socket permissive=1
05-07 23:07:24.896 I/WifiHandlerThre( 2429): type=1400 audit(0.0:9405): avc: denied { map_read } for scontext=u:r:system_server:s0 tcontext=u:r:init:s0 tclass=bpf permissive=1
05-07 23:07:25.223 E/TaskPersister( 2429): File error accessing recents directory (directory doesn't exist?).
05-07 23:07:25.468 I/surfaceflinger( 2254): type=1400 audit(0.0:9406): avc: denied { call } for scontext=u:r:init:s0 tcontext=u:r:untrusted_app:s0:c77,c256,c512,c768 tclass=binder permissive=1
05-07 23:07:25.549 E/android.hardware.power.stats@1.0-service-mock( 2240): Failed to getEnergyData
05-07 23:07:26.259 I/Unity   ( 7534): EpicGames
05-07 23:07:26.259 I/Unity   ( 7534): UnityEngine.DebugLogHandler:Internal_Log(LogType, LogOption, String, Object)
05-07 23:07:26.259 I/Unity   ( 7534): GameAnalytics:SendAnalyticsLoadingPhasePHP(LoadingPhase, String, String, String)
05-07 23:07:26.259 I/Unity   ( 7534): GameAnalytics:SendAnalyticsLoadingPhase(LoadingPhase, String, String, String)
05-07 23:07:26.259 I/Unity   ( 7534): StartScript:Awake()
05-07 23:07:26.259 I/Unity   ( 7534): 
05-07 23:07:26.264 I/SkDestroyListen( 2219): type=1400 audit(0.0:9408): avc: denied { read } for scontext=u:r:init:s0 tcontext=u:r:init:s0 tclass=netlink_tcpdiag_socket permissive=1
05-07 23:07:26.268 I/Thread-4( 7534): type=1400 audit(0.0:9409): avc: denied { connectto } for path="/dev/socket/dnsproxyd" scontext=u:r:untrusted_app:s0:c77,c256,c512,c768 tcontext=u:r:init:s0 tclass=unix_stream_socket permissive=1 app=com.HolydayStudios.Firestone
05-07 23:07:26.272 I/Dns_100_10077( 2219): type=1400 audit(0.0:9410): avc: denied { getopt } for scontext=u:r:init:s0 tcontext=u:r:init:s0 tclass=udp_socket permissive=1
05-07 23:07:26.272 I/Dns_100_10077( 2219): type=1400 audit(0.0:9411): avc: denied { setattr } for name="UDP" dev="sockfs" ino=47036 scontext=u:r:init:s0 tcontext=u:r:init:s0 tclass=udp_socket permissive=1
05-07 23:07:26.272 I/Dns_100_10077( 2219): type=1400 audit(0.0:9412): avc: denied { setopt } for scontext=u:r:init:s0 tcontext=u:r:init:s0 tclass=udp_socket permissive=1
05-07 23:07:26.279 W/ServiceManager( 2429): Permission failure: android.permission.HIGH_SAMPLING_RATE_SENSORS from uid=10077 pid=7534
05-07 23:07:26.279 W/SensorService( 2429): sensor 00000000 already enabled in connection 0xb400006e0a0210f0 (ignoring)
05-07 23:07:26.280 W/ServiceManager( 2429): Permission failure: android.permission.HIGH_SAMPLING_RATE_SENSORS from uid=10077 pid=7534
05-07 23:07:26.513 I/Unity   ( 7534): EpicGames
05-07 23:07:26.513 I/Unity   ( 7534): UnityEngine.DebugLogHandler:Internal_Log(LogType, LogOption, String, Object)
05-07 23:07:26.513 I/Unity   ( 7534): GameAnalytics:SendAnalyticsLoadingPhasePHP(LoadingPhase, String, String, String)
05-07 23:07:26.513 I/Unity   ( 7534): GameAnalytics:SendAnalyticsLoadingPhase(LoadingPhase, String, String, String)
05-07 23:07:26.513 I/Unity   ( 7534): <LoadNextScene>d__24:MoveNext()
05-07 23:07:26.513 I/Unity   ( 7534): UnityEngine.SetupCoroutine:InvokeMoveNext(IEnumerator, IntPtr)
05-07 23:07:26.513 I/Unity   ( 7534): 
05-07 23:07:26.967 D/ControlsListingControllerImpl( 2670): Subscribing callback, service count: 0
05-07 23:07:26.975 D/ControlsListingControllerImpl( 2670): Unsubscribing callback
05-07 23:07:27.823 I/shadowhook_tag( 7534): linker: call_ctors pre, load_bias 6baaa1a000, name /data/app/~~eYnZX0CwG_PADosI43wKmA==/com.HolydayStudios.Firestone-KwYIEPUCRPiNe65OfXHOnQ==/lib/arm64/libEOSSDK.so
05-07 23:07:27.823 I/shadowhook_tag( 7534): task: call_ctors() pre callback. load_bias 6baaa1a000, name /data/app/~~eYnZX0CwG_PADosI43wKmA==/com.HolydayStudios.Firestone-KwYIEPUCRPiNe65OfXHOnQ==/lib/arm64/libEOSSDK.so
05-07 23:07:27.837 I/shadowhook_tag( 7534): linker: call_ctors post, load_bias 6baaa1a000, name /data/app/~~eYnZX0CwG_PADosI43wKmA==/com.HolydayStudios.Firestone-KwYIEPUCRPiNe65OfXHOnQ==/lib/arm64/libEOSSDK.so
05-07 23:07:27.887 I/Unity   ( 7534): CurrentPlatform has been assigned as Android.
05-07 23:07:27.887 I/Unity   ( 7534): UnityEngine.DebugLogHandler:Internal_Log(LogType, LogOption, String, Object)
05-07 23:07:27.887 I/Unity   ( 7534): PlayEveryWare.EpicOnlineServices.PlatformManager:.cctor()
05-07 23:07:27.887 I/Unity   ( 7534): PlayEveryWare.EpicOnlineServices.Utility.ConfigurationUtility:GetEOSInitializeOptions()
05-07 23:07:27.887 I/Unity   ( 7534): PlayEveryWare.EpicOnlineServices.EOSSingleton:InitializePlatformInterface()
05-07 23:07:27.887 I/Unity   ( 7534): PlayEveryWare.EpicOnlineServices.EOSSingleton:Init(IEOSCoroutineOwner, String)
05-07 23:07:27.887 I/Unity   ( 7534): UnityEngine.GameObject:Internal_AddComponentWithType(Type)
05-07 23:07:27.887 I/Unity   ( 7534): UnityEngine.GameObject:AddComponent()
05-07 23:07:27.887 I/Unity   ( 7534): BuildSettings:Initialize()
05-07 23:07:27.887 I/Unity   ( 7534): <StartGameFlow>d__22:MoveNext()
05-07 23:07:27.887 I/Unity   ( 7534): UnityEngine.SetupCoroutine:InvokeMoveNext(IEnumerator, IntPtr)
05-07 23:07:27.887 I/Unity   ( 7534): 
05-07 23:07:27.892 E/Unity   ( 7534): Unable to populate object of type "PlayEveryWare.EpicOnlineServices.Config" from JSON: "{
05-07 23:07:27.892 E/Unity   ( 7534):   "GoogleLoginClientID": null,
05-07 23:07:27.892 E/Unity   ( 7534):   "GoogleLoginNonce": null,
05-07 23:07:27.892 E/Unity   ( 7534):   "deployment": {
05-07 23:07:27.892 E/Unity   ( 7534):     "SandboxId": {
05-07 23:07:27.892 E/Unity   ( 7534):       "Value": "bda8d2133655435982b9118972792328"
05-07 23:07:27.892 E/Unity   ( 7534):     },
05-07 23:07:27.892 E/Unity   ( 7534):     "DeploymentId": "a65c0335e67b4aec8eec651de8dca6ac"
05-07 23:07:27.892 E/Unity   ( 7534):   },
05-07 23:07:27.892 E/Unity   ( 7534):   "clientCredentials": {
05-07 23:07:27.892 E/Unity   ( 7534):     "ClientId": "xyza78915T3juKOECHQEveLJcfCt98aA",
05-07 23:07:27.892 E/Unity   ( 7534):     "ClientSecret": "PF1bwir+BL20l71IojvewwKkgPD6TgpfqcUyKjd2FO0",
05-07 23:07:27.892 E/Unity   ( 7534):     "EncryptionKey": "D225E0C13EA6F5200170CDC21CF31848DE716F387164E6E120EEBBB7D71612F9"
05-07 23:07:27.892 E/Unity   ( 7534):   },
05-07 23:07:27.892 E/Unity   ( 7534):   "isServer": false,
05-07 23:07:27.892 E/Unity   ( 7534):   "platformOptionsFlags": "None",
05-07 23:07:27.892 E/Unity   ( 7534):   "authScopeOptionsFlags": "BasicProfile, FriendsList, Presence",
05-07 23:07:27.892 E/Unity   ( 7534):   "integratedPlatformManagementFlags": 0,
05-07 23:07:27.892 E/Unity   ( 7534):   "tickBudgetInMilliseconds": 0,
05-07 23:07:27.892 E/Unity   ( 7534):   "taskNetworkTimeoutSeconds": 0.0,
05-07 23:07:27.892 E/Unity   ( 7534):   "threadAffinity": {
05-07 23:07:27.892 E/Unity   ( 7534):     "NetworkWork": 0,
05-07 23:07:27.892 E/Unity   ( 7534):     "StorageIo": 0,
05-07 23:07:27.892 E/Unity   ( 7534):     "WebSocketIo": 0,
05-07 23:07:27.892 E/Unity   ( 7534):     "P2PIo": 0,
05-07 23:07:27.892 E/Unity   ( 7534):     "HttpRequestIo": 0,
05-07 23:07:27.892 E/Unity   ( 7534):     "RTCIo": 0,
05-07 23:07:27.892 E/Unity   ( 7534):     "EmbeddedOverlayMainThread": 0,
05-07 23:07:27.892 E/Unity   ( 7534):     "EmbeddedOverlayWorkerThreads": 0
05-07 23:07:27.892 E/Unity   ( 7534):   },
05-07 23:07:27.892 I/Unity   ( 7534): Platform Android has no defined deployment, so one was selected: "Deployment" : (DeploymentId: a65c0335e67b4aec8eec651de8dca6ac, SandboxId: bda8d2133655435982b9118972792328).
05-07 23:07:27.892 I/Unity   ( 7534): UnityEngine.DebugLogHandler:Internal_Log(LogType, LogOption, String, Object)
05-07 23:07:27.892 I/Unity   ( 7534): PlayEveryWare.EpicOnlineServices.PlatformConfig:OnReadCompleted()
05-07 23:07:27.892 I/Unity   ( 7534): PlayEveryWare.EpicOnlineServices.Config:Get()
05-07 23:07:27.892 I/Unity   ( 7534): PlayEveryWare.EpicOnlineServices.PlatformManager:GetPlatformConfig()
05-07 23:07:27.892 I/Unity   ( 7534): PlayEveryWare.EpicOnlineServices.Utility.ConfigurationUtility:GetEOSInitializeOptions()
05-07 23:07:27.892 I/Unity   ( 7534): PlayEveryWare.EpicOnlineServices.EOSSingleton:InitializePlatformInterface()
05-07 23:07:27.892 I/Unity   ( 7534): PlayEveryWare.EpicOnlineServices.EOSSingleton:Init(IEOSCoroutineOwner, String)
05-07 23:07:27.892 I/Unity   ( 7534): UnityEngine.GameObject:Internal_AddComponentWithType(Type)
05-07 23:07:27.892 I/Unity   ( 7534): UnityEngine.GameObject:AddComponent()
05-07 23:07:27.892 I/Unity   ( 7534): BuildSettings:Initialize()
05-07 23:07:27.892 I/Unity   ( 7534): <StartGameFlow>d__22:MoveNext()
05-07 23:07:27.892 I/Unity   ( 7534): UnityEngine.SetupCoroutine:InvokeMoveNext(IEnumerator, IntPtr)
05-07 23:07:27.892 I/Unity   ( 7534): 
05-07 23:07:27.893 I/Unity   ( 7534): Platform Android has no defined client credentials, so one was selected: "Client" : (PlayEveryWare.EpicOnlineServices.EOSClientCredentials).
05-07 23:07:27.893 I/Unity   ( 7534): UnityEngine.DebugLogHandler:Internal_Log(LogType, LogOption, String, Object)
05-07 23:07:27.893 I/Unity   ( 7534): PlayEveryWare.EpicOnlineServices.PlatformConfig:OnReadCompleted()
05-07 23:07:27.893 I/Unity   ( 7534): PlayEveryWare.EpicOnlineServices.Config:Get()
05-07 23:07:27.893 I/Unity   ( 7534): PlayEveryWare.EpicOnlineServices.PlatformManager:GetPlatformConfig()
05-07 23:07:27.893 I/Unity   ( 7534): PlayEveryWare.EpicOnlineServices.Utility.ConfigurationUtility:GetEOSInitializeOptions()
05-07 23:07:27.893 I/Unity   ( 7534): PlayEveryWare.EpicOnlineServices.EOSSingleton:InitializePlatformInterface()
05-07 23:07:27.893 I/Unity   ( 7534): PlayEveryWare.EpicOnlineServices.EOSSingleton:Init(IEOSCoroutineOwner, String)
05-07 23:07:27.893 I/Unity   ( 7534): UnityEngine.GameObject:Internal_AddComponentWithType(Type)
05-07 23:07:27.893 I/Unity   ( 7534): UnityEngine.GameObject:AddComponent()
05-07 23:07:27.893 I/Unity   ( 7534): BuildSettings:Initialize()
05-07 23:07:27.893 I/Unity   ( 7534): <StartGameFlow>d__22:MoveNext()
05-07 23:07:27.893 I/Unity   ( 7534): UnityEngine.SetupCoroutine:InvokeMoveNext(IEnumerator, IntPtr)
05-07 23:07:27.893 I/Unity   ( 7534): 
05-07 23:07:27.894 E/Unity   ( 7534): Unable to populate object of type "PlayEveryWare.EpicOnlineServices.Config" from JSON: "{
05-07 23:07:27.894 E/Unity   ( 7534):   "deploymentID": "a65c0335e67b4aec8eec651de8dca6ac",
05-07 23:07:27.894 E/Unity   ( 7534):   "clientID": "xyza78915T3juKOECHQEveLJcfCt98aA",
05-07 23:07:27.894 E/Unity   ( 7534):   "tickBudgetInMilliseconds": 0,
05-07 23:07:27.894 E/Unity   ( 7534):   "taskNetworkTimeoutSeconds": 0.0,
05-07 23:07:27.894 E/Unity   ( 7534):   "platformOptionsFlags": "None",
05-07 23:07:27.894 E/Unity   ( 7534):   "authScopeOptionsFlags": "NoFlags",
05-07 23:07:27.894 E/Unity   ( 7534):   "integratedPlatformManagementFlags": 0,
05-07 23:07:27.894 E/Unity   ( 7534):   "alwaysSendInputToOverlay": false,
05-07 23:07:27.894 E/Unity   ( 7534):   "schemaVersion": "1.0"
05-07 23:07:27.894 E/Unity   ( 7534): }". Exception: "Error creating 'PlayEveryWare.EpicOnlineServices.ListOfStringsToPlatformFlags'."
05-07 23:07:27.894 E/Unity   ( 7534): UnityEngine.DebugLogHandler:Internal_Log(LogType, LogOption, String, Object)
05-07 23:07:27.894 E/Unity   ( 7534): PlayEveryWare.EpicOnlineServices.Config:Read()
05-07 23:07:27.894 E/Unity   ( 7534): PlayEveryWare.EpicOnlineServices.Config:Get()
05-07 23:07:27.894 E/Unity   ( 7534): PlayEveryWare.EpicOnlineServices.PlatformConfig:MigrateConfig()
05-07 23:07:27.894 E/Unity   ( 7534): PlayEveryWare.EpicOnlineServices.Config:Get()
05-07 23:07:27.894 E/Unity   ( 7534): PlayEveryWare.EpicOnlineServices.PlatformManager:GetPlatformConfig()
05-07 23:07:27.894 E/Unity   ( 7534): PlayEveryWare.EpicOnlineServices.Utility.ConfigurationUtility:GetEOSInitializeOptions()
05-07 23:07:27.894 E/Unity   ( 7534): PlayEveryWare.EpicOnlineServices.EOSSing
05-07 23:07:27.895 I/Unity   ( 7534): The previous config did not explicitly define a deployment. There was one defined deployment, automatically selecting deployment name 'Deployment' with id 'a65c0335-e67b-4aec-8eec-651de8dca6ac'.
05-07 23:07:27.895 I/Unity   ( 7534): UnityEngine.DebugLogHandler:Internal_Log(LogType, LogOption, String, Object)
05-07 23:07:27.895 I/Unity   ( 7534): PlayEveryWare.EpicOnlineServices.PlatformConfig:MigrateNonOverrideableConfigValues(EOSConfig, NonOverrideableConfigValues)
05-07 23:07:27.895 I/Unity   ( 7534): PlayEveryWare.EpicOnlineServices.PlatformConfig:MigrateConfig()
05-07 23:07:27.895 I/Unity   ( 7534): PlayEveryWare.EpicOnlineServices.Config:Get()
05-07 23:07:27.895 I/Unity   ( 7534): PlayEveryWare.EpicOnlineServices.PlatformManager:GetPlatformConfig()
05-07 23:07:27.895 I/Unity   ( 7534): PlayEveryWare.EpicOnlineServices.Utility.ConfigurationUtility:GetEOSInitializeOptions()
05-07 23:07:27.895 I/Unity   ( 7534): PlayEveryWare.EpicOnlineServices.EOSSingleton:InitializePlatformInterface()
05-07 23:07:27.895 I/Unity   ( 7534): PlayEveryWare.EpicOnlineServices.EOSSingleton:Init(IEOSCoroutineOwner, String)
05-07 23:07:27.895 I/Unity   ( 7534): UnityEngine.GameObject:Internal_AddComponentWithType(Type)
05-07 23:07:27.895 I/Unity   ( 7534): UnityEngine.GameObject:AddComponent()
05-07 23:07:27.895 I/Unity   ( 7534): BuildSettings:Initialize()
05-07 23:07:27.895 I/Unity   ( 7534): <StartGameFlow>d__22:MoveNext()
05-07 23:07:27.895 I/Unity   ( 7534): UnityEngine.SetupCoroutine:InvokeMoveNext(IEnumera
05-07 23:07:27.895 I/Unity   ( 7534): The previous config did not explicitly define client credentials. There was one defined client credential, automatically selecting client credential name 'Client' with id 'xyza78915T3juKOECHQEveLJcfCt98aA'.
05-07 23:07:27.895 I/Unity   ( 7534): UnityEngine.DebugLogHandler:Internal_Log(LogType, LogOption, String, Object)
05-07 23:07:27.895 I/Unity   ( 7534): PlayEveryWare.EpicOnlineServices.PlatformConfig:MigrateNonOverrideableConfigValues(EOSConfig, NonOverrideableConfigValues)
05-07 23:07:27.895 I/Unity   ( 7534): PlayEveryWare.EpicOnlineServices.PlatformConfig:MigrateConfig()
05-07 23:07:27.895 I/Unity   ( 7534): PlayEveryWare.EpicOnlineServices.Config:Get()
05-07 23:07:27.895 I/Unity   ( 7534): PlayEveryWare.EpicOnlineServices.PlatformManager:GetPlatformConfig()
05-07 23:07:27.895 I/Unity   ( 7534): PlayEveryWare.EpicOnlineServices.Utility.ConfigurationUtility:GetEOSInitializeOptions()
05-07 23:07:27.895 I/Unity   ( 7534): PlayEveryWare.EpicOnlineServices.EOSSingleton:InitializePlatformInterface()
05-07 23:07:27.895 I/Unity   ( 7534): PlayEveryWare.EpicOnlineServices.EOSSingleton:Init(IEOSCoroutineOwner, String)
05-07 23:07:27.895 I/Unity   ( 7534): UnityEngine.GameObject:Internal_AddComponentWithType(Type)
05-07 23:07:27.895 I/Unity   ( 7534): UnityEngine.GameObject:AddComponent()
05-07 23:07:27.895 I/Unity   ( 7534): BuildSettings:Initialize()
05-07 23:07:27.895 I/Unity   ( 7534): <StartGameFlow>d__22:MoveNext()
05-07 23:07:27.895 I/Unity   ( 7534): UnityEngine.SetupCoroutine:InvokeMoveN
05-07 23:07:27.895 W/Unity   ( 7534): Configuration values for AndroidConfig have been migrated. Please double check your configuration in EOS Plugin -> EOS Configuration to make sure that the migration was successful.
05-07 23:07:27.895 W/Unity   ( 7534): UnityEngine.DebugLogHandler:Internal_Log(LogType, LogOption, String, Object)
05-07 23:07:27.895 W/Unity   ( 7534): PlayEveryWare.EpicOnlineServices.Config:Get()
05-07 23:07:27.895 W/Unity   ( 7534): PlayEveryWare.EpicOnlineServices.PlatformManager:GetPlatformConfig()
05-07 23:07:27.895 W/Unity   ( 7534): PlayEveryWare.EpicOnlineServices.Utility.ConfigurationUtility:GetEOSInitializeOptions()
05-07 23:07:27.895 W/Unity   ( 7534): PlayEveryWare.EpicOnlineServices.EOSSingleton:InitializePlatformInterface()
05-07 23:07:27.895 W/Unity   ( 7534): PlayEveryWare.EpicOnlineServices.EOSSingleton:Init(IEOSCoroutineOwner, String)
05-07 23:07:27.895 W/Unity   ( 7534): UnityEngine.GameObject:Internal_AddComponentWithType(Type)
05-07 23:07:27.895 W/Unity   ( 7534): UnityEngine.GameObject:AddComponent()
05-07 23:07:27.895 W/Unity   ( 7534): BuildSettings:Initialize()
05-07 23:07:27.895 W/Unity   ( 7534): <StartGameFlow>d__22:MoveNext()
05-07 23:07:27.895 W/Unity   ( 7534): UnityEngine.SetupCoroutine:InvokeMoveNext(IEnumerator, IntPtr)
05-07 23:07:27.895 W/Unity   ( 7534): 
05-07 23:07:27.896 I/Unity   ( 7534): EOSAndroid: Getting activity context...
05-07 23:07:27.896 I/Unity   ( 7534): UnityEngine.DebugLogHandler:Internal_Log(LogType, LogOption, String, Object)
05-07 23:07:27.896 I/Unity   ( 7534): PlayEveryWare.EpicOnlineServices.AndroidPlatformSpecifics:ConfigureAndroidActivity()
05-07 23:07:27.896 I/Unity   ( 7534): PlayEveryWare.EpicOnlineServices.AndroidPlatformSpecifics:ConfigureSystemInitOptions(EOSInitializeOptions&)
05-07 23:07:27.896 I/Unity   ( 7534): PlayEveryWare.EpicOnlineServices.Utility.ConfigurationUtility:GetEOSInitializeOptions()
05-07 23:07:27.896 I/Unity   ( 7534): PlayEveryWare.EpicOnlineServices.EOSSingleton:InitializePlatformInterface()
05-07 23:07:27.896 I/Unity   ( 7534): PlayEveryWare.EpicOnlineServices.EOSSingleton:Init(IEOSCoroutineOwner, String)
05-07 23:07:27.896 I/Unity   ( 7534): UnityEngine.GameObject:Internal_AddComponentWithType(Type)
05-07 23:07:27.896 I/Unity   ( 7534): UnityEngine.GameObject:AddComponent()
05-07 23:07:27.896 I/Unity   ( 7534): BuildSettings:Initialize()
05-07 23:07:27.896 I/Unity   ( 7534): <StartGameFlow>d__22:MoveNext()
05-07 23:07:27.896 I/Unity   ( 7534): UnityEngine.SetupCoroutine:InvokeMoveNext(IEnumerator, IntPtr)
05-07 23:07:27.896 I/Unity   ( 7534): 
05-07 23:07:27.897 I/Unity   ( 7534): EOSAndroid: activity context found!
05-07 23:07:27.897 I/Unity   ( 7534): UnityEngine.DebugLogHandler:Internal_Log(LogType, LogOption, String, Object)
05-07 23:07:27.897 I/Unity   ( 7534): PlayEveryWare.EpicOnlineServices.AndroidPlatformSpecifics:ConfigureAndroidActivity()
05-07 23:07:27.897 I/Unity   ( 7534): PlayEveryWare.EpicOnlineServices.AndroidPlatformSpecifics:ConfigureSystemInitOptions(EOSInitializeOptions&)
05-07 23:07:27.897 I/Unity   ( 7534): PlayEveryWare.EpicOnlineServices.Utility.ConfigurationUtility:GetEOSInitializeOptions()
05-07 23:07:27.897 I/Unity   ( 7534): PlayEveryWare.EpicOnlineServices.EOSSingleton:InitializePlatformInterface()
05-07 23:07:27.897 I/Unity   ( 7534): PlayEveryWare.EpicOnlineServices.EOSSingleton:Init(IEOSCoroutineOwner, String)
05-07 23:07:27.897 I/Unity   ( 7534): UnityEngine.GameObject:Internal_AddComponentWithType(Type)
05-07 23:07:27.897 I/Unity   ( 7534): UnityEngine.GameObject:AddComponent()
05-07 23:07:27.897 I/Unity   ( 7534): BuildSettings:Initialize()
05-07 23:07:27.897 I/Unity   ( 7534): <StartGameFlow>d__22:MoveNext()
05-07 23:07:27.897 I/Unity   ( 7534): UnityEngine.SetupCoroutine:InvokeMoveNext(IEnumerator, IntPtr)
05-07 23:07:27.897 I/Unity   ( 7534): 
05-07 23:07:27.897 I/Unity   ( 7534): EOSAndroid: call EOS SDK init.
05-07 23:07:27.897 I/Unity   ( 7534): UnityEngine.DebugLogHandler:Internal_Log(LogType, LogOption, String, Object)
05-07 23:07:27.897 I/Unity   ( 7534): PlayEveryWare.EpicOnlineServices.AndroidPlatformSpecifics:ConfigureAndroidActivity()
05-07 23:07:27.897 I/Unity   ( 7534): PlayEveryWare.EpicOnlineServices.AndroidPlatformSpecifics:ConfigureSystemInitOptions(EOSInitializeOptions&)
05-07 23:07:27.897 I/Unity   ( 7534): PlayEveryWare.EpicOnlineServices.Utility.ConfigurationUtility:GetEOSInitializeOptions()
05-07 23:07:27.897 I/Unity   ( 7534): PlayEveryWare.EpicOnlineServices.EOSSingleton:InitializePlatformInterface()
05-07 23:07:27.897 I/Unity   ( 7534): PlayEveryWare.EpicOnlineServices.EOSSingleton:Init(IEOSCoroutineOwner, String)
05-07 23:07:27.897 I/Unity   ( 7534): UnityEngine.GameObject:Internal_AddComponentWithType(Type)
05-07 23:07:27.897 I/Unity   ( 7534): UnityEngine.GameObject:AddComponent()
05-07 23:07:27.897 I/Unity   ( 7534): BuildSettings:Initialize()
05-07 23:07:27.897 I/Unity   ( 7534): <StartGameFlow>d__22:MoveNext()
05-07 23:07:27.897 I/Unity   ( 7534): UnityEngine.SetupCoroutine:InvokeMoveNext(IEnumerator, IntPtr)
05-07 23:07:27.897 I/Unity   ( 7534): 
05-07 23:07:27.908 I/Binder:2110_2( 2110): type=1400 audit(0.0:9425): avc: denied { lock } for path="/data/misc/keystore/persistent.sqlite" dev="sdb3" ino=5505027 scontext=u:r:init:s0 tcontext=u:object_r:keystore_data_file:s0 tclass=file permissive=1
05-07 23:07:27.908 I/Binder:2110_2( 2110): type=1400 audit(0.0:9426): avc: denied { read } for path="/data/misc/keystore/persistent.sqlite" dev="sdb3" ino=5505027 scontext=u:r:init:s0 tcontext=u:object_r:keystore_data_file:s0 tclass=file permissive=1
05-07 23:07:27.928 I/Binder:2110_2( 2110): type=1400 audit(0.0:9427): avc: denied { call } for scontext=u:r:init:s0 tcontext=u:r:init:s0 tclass=binder permissive=1
05-07 23:07:27.944 I/EngineFactory( 7534): Provider GmsCore_OpenSSL not available
05-07 23:07:27.952 W/ActivityManager( 2429): callingPackage:com.HolydayStudios.Firestone, packageName:com.brave.browser, name:org.chromium.chrome.browser.customtabs.CustomTabsConnectionService, isSkip: true
05-07 23:07:27.956 I/lmkd    ( 2055): type=1400 audit(0.0:9428): avc: denied { write } for name="oom_score_adj" dev="proc" ino=38425 scontext=u:r:init:s0 tcontext=u:r:untrusted_app:s0:c55,c256,c512,c768 tclass=file permissive=1
05-07 23:07:27.961 D/CompatibilityChangeReporter( 2429): Compat change id reported: 168419799; UID 10055; state: DISABLED
05-07 23:07:27.960 I/m.brave.browser( 5531): type=1400 audit(0.0:9429): avc: denied { getattr } for path="/system/framework/framework-res.apk" dev="sda1" ino=1454 scontext=u:r:untrusted_app:s0:c55,c256,c512,c768 tcontext=u:object_r:unlabeled:s0 tclass=file permissive=1
05-07 23:07:27.978 I/Unity   ( 7534): 05/07/2026 23:07:27 LogEOS(Info): [Boot] EOSSDK Version 1.17.1.3-44532354 booting at 2026-05-07T15:07:27.977Z using CSharp
05-07 23:07:27.979 I/Unity   ( 7534): 05/07/2026 23:07:27 LogEOS(Info): [Boot] EOSSDK Platform Properties [OS=Android/12, ClientId=xyza78915T3juKOECHQEveLJcfCt98aA, ProductId=69576a28f7154fe9a0dce97508da5163, SandboxId=bda8d2133655435982b9118972792328, DeploymentId=a65c0335e67b4aec8eec651de8dca6ac, ProductName=Firestone Online Idle RPG, ProductVersion=1.89, IsServer=false, Flags=None]
05-07 23:07:27.979 I/Unity   ( 7534): 05/07/2026 23:07:27 LogEOSAnalytics(Info): Start Session (User: ...)
05-07 23:07:27.981 I/Unity   ( 7534): 05/07/2026 23:07:27 LogEOSOverlay(Info): Overlay loaded and initialized
05-07 23:07:27.985 I/Unity   ( 7534): 05/07/2026 23:07:27 LogEOSRTC(Info): [Core] Initializing LibRTC...
05-07 23:07:27.991 I/Unity   ( 7534): PlatformID: 0
05-07 23:07:27.991 I/Unity   ( 7534): UnityEngine.DebugLogHandler:Internal_Log(LogType, LogOption, String, Object)
05-07 23:07:27.991 I/Unity   ( 7534): BuildSettings:Initialize()
05-07 23:07:27.991 I/Unity   ( 7534): <StartGameFlow>d__22:MoveNext()
05-07 23:07:27.991 I/Unity   ( 7534): UnityEngine.SetupCoroutine:InvokeMoveNext(IEnumerator, IntPtr)
05-07 23:07:27.991 I/Unity   ( 7534): 
05-07 23:07:27.998 W/ActivityManager( 2429): callingPackage:com.brave.browser, packageName:com.brave.browser, name:org.chromium.content.app.SandboxedProcessService0, isSkip: true
05-07 23:07:28.001 I/Unity   ( 7534): 05/07/2026 23:07:28 LogEOS(Info): Updating Platform SDK Config, Time: 0.012897
05-07 23:07:28.002 D/CompatibilityChangeReporter( 2429): Compat change id reported: 135634846; UID 10055; state: DISABLED
05-07 23:07:28.002 D/CompatibilityChangeReporter( 2429): Compat change id reported: 143937733; UID 10055; state: ENABLED
05-07 23:07:28.004 D/CompatibilityChangeReporter( 2429): Compat change id reported: 207557677; UID 10055; state: ENABLED
05-07 23:07:28.005 W/Zygote  ( 2220): forkRepeatedly terminated due to non-simple command
05-07 23:07:28.005 D/Zygote  ( 2220): mbuffer starts with 15, nice name is com.brave.browser_zygote, mEnd = 415, mNext = 196, mLinesLeft = 6, mFd = 5
05-07 23:07:28.012 V/zygiskd64( 2221): zygiskd::zygiskd: New daemon action: GetProcessFlags
05-07 23:07:28.029 I/cr_CompositorSurfaceMgr( 5531): Transitioning to surface with format: -1
05-07 23:07:28.031 D/ProcessState( 7703): Binder ioctl to enable oneway spam detection failed: Invalid argument
05-07 23:07:28.046 I/udios.Fireston( 7534): oneway function results for code 9 on binder at 0xb400006d6a05ee70 will be dropped but finished with status UNKNOWN_TRANSACTION
05-07 23:07:28.049 V/zygiskd64( 2221): zygiskd::zygiskd: Flags for UID 10055: ProcessFlags(PROCESS_ROOT_IS_MAGISK)
05-07 23:07:28.053 D/Zygote  ( 2220): Forked child process 7711
05-07 23:07:28.055 V/zygiskd64( 2221): zygiskd::zygiskd: New daemon action: ReadModules
05-07 23:07:28.057 W/ZygoteProcess( 2429): Got error connecting to zygote, retrying. msg= Connection refused
05-07 23:07:28.107 W/ZygoteProcess( 2429): Got error connecting to zygote, retrying. msg= Connection refused
05-07 23:07:28.134 W/Zygote  ( 7711): BindMount ,  SpecializeCommon: source /data/system/etc/mumu-configs/app/com.brave.browser_zygote/currentApp, target: /system/etc/mumu-configs/currentApp , chownRet: -1
05-07 23:07:28.135 W/Zygote  ( 7711): BindMount ,  SpecializeCommon mount currentApp , MountRet: -1
05-07 23:07:28.154 I/Zygote  ( 7711): seccomp disabled by setenforce 0
05-07 23:07:28.158 W/ZygoteProcess( 2429): Got error connecting to zygote, retrying. msg= Connection refused
05-07 23:07:28.163 I/Unity   ( 7534): 05/07/2026 23:07:28 LogEOS(Info): SDK Config Platform Update Request Successful, Time: 0.141587
05-07 23:07:28.165 I/Unity   ( 7534): 05/07/2026 23:07:28 LogEOSAnalytics(Info): EOS SDK Analytics disabled for route [1].
05-07 23:07:28.166 I/Zygote  ( 7711): seccomp disabled by setenforce 0
05-07 23:07:28.167 I/Unity   ( 7534): 05/07/2026 23:07:28 LogEOS(Info): Prewarming URL successful
05-07 23:07:28.167 I/udios.Fireston( 7534): oneway function results for code 9 on binder at 0xb400006d6a05ee70 will be dropped but finished with status UNKNOWN_TRANSACTION
05-07 23:07:28.169 I/Unity   ( 7534): 05/07/2026 23:07:28 LogEOS(Info): Updating Product SDK Config, Time: 0.174835
05-07 23:07:28.198 D/BoundBrokerSvc( 2754): onUnbind: Intent { act=com.google.android.gms.common.telemetry.service.START dat=chimera-action: cmp=com.google.android.gms/.chimera.PersistentApiService }
05-07 23:07:28.210 I/AppZygote( 2429): Starting application preload.
05-07 23:07:28.211 I/AppZygoteInit( 7711): Beginning application preload for com.brave.browser
05-07 23:07:28.217 I/nemucooker( 7711): cook file1: /system/etc/mumu-configs/shared_libs/libc_llite.so, last modify time: Fri Jul 12 17:30:20 2024
05-07 23:07:28.217 I/nemucooker( 7711): cook file2: /data/system/etc/mumu-configs/shared_libs/libc_llite.so, last modify time: Wed Apr 29 17:20:43 2026
05-07 23:07:28.217 I/nemucooker( 7711): cook select file: /data/system/etc/mumu-configs/shared_libs/libc_llite.so
05-07 23:07:28.222 E/linker  ( 7711): do_dlsym houdini_patch_entrance_name failed
05-07 23:07:28.226 I/cr_ZygotePreload( 7711): version=147.1.89.145 (428914504) minSdkVersion=29 isBundle=true
05-07 23:07:28.239 I/AppZygoteInit( 7711): Application preload done
05-07 23:07:28.240 I/AppZygote( 2429): Application preload done.
05-07 23:07:28.261 D/Zygote  ( 7711): Forked child process 7722
05-07 23:07:28.261 W/ActivityManager( 2429): Slow operation: 260ms so far, now at startProcess: returned from zygote!
05-07 23:07:28.262 W/ActivityManager( 2429): Slow operation: 261ms so far, now at startProcess: done updating battery stats
05-07 23:07:28.263 I/Zygote  ( 7722): fakeProductInfoIfNeed callded! com.brave.browser:sandboxed_process0:org.chromium.content.app.SandboxedProcessService0:7
05-07 23:07:28.263 W/ActivityManager( 2429): Slow operation: 262ms so far, now at startProcess: building log message
05-07 23:07:28.263 I/ActivityManager( 2429): Start proc 7722:com.brave.browser:sandboxed_process0:org.chromium.content.app.SandboxedProcessService0:7/u0ai0 for  {com.brave.browser/org.chromium.content.app.SandboxedProcessService0:7}
05-07 23:07:28.263 W/ActivityManager( 2429): Slow operation: 262ms so far, now at startProcess: starting to update pids map
05-07 23:07:28.264 W/ActivityManager( 2429): Slow operation: 262ms so far, now at startProcess: done updating pids map
05-07 23:07:28.264 I/Zygote  ( 7722): fake Product info com.brave.browser:sandboxed_process0:org.chromium.content.app.SandboxedProcessService0:7 not matched any pattern
05-07 23:07:28.264 I/Zygote  ( 7722): fakeProductInfoFromProperties callded! com.brave.browser:sandboxed_process0:org.chromium.content.app.SandboxedProcessService0:7
05-07 23:07:28.267 E/NemuAppNameUtil( 7722): save data to file error
05-07 23:07:28.267 E/NemuAppNameUtil( 7722): save data fail, try save again!!
05-07 23:07:28.267 W/Zygote  ( 7722): BindMount ,  SpecializeCommon: source /data/system/etc/mumu-configs/app/com.brave.browser:sandboxed_process0:org.chromium.content.app.SandboxedProcessService0:7/currentApp, target: /system/etc/mumu-configs/currentApp , chownRet: -1
05-07 23:07:28.267 W/Zygote  ( 7722): BindMount ,  SpecializeCommon mount currentApp , MountRet: -1
05-07 23:07:28.267 I/Zygote  ( 7722): seccomp disabled by setenforce 0
05-07 23:07:28.272 E/ocessService0:( 7722): Not starting debugger since process cannot load the jdwp agent.
05-07 23:07:28.276 D/ProcessState( 7722): Binder ioctl to enable oneway spam detection failed: Invalid argument
05-07 23:07:28.286 E/ashmem  ( 7722): memfd: ro.vndk.version not defined or invalid (), this is mandated since P.
05-07 23:07:28.289 D/CompatibilityChangeReporter( 7722): Compat change id reported: 171979766; UID 90000; state: ENABLED
05-07 23:07:28.292 D/NemuJavaHotPatchHelper( 7722): onHandleBindApplication reportedPackageName:com.brave.browser isMatchJavaPatch:false
05-07 23:07:28.355 I/Typeface( 7722): Preloading /system/fonts/Roboto-Regular.ttf
05-07 23:07:28.355 I/Typeface( 7722): Preloading /system/fonts/RobotoStatic-Regular.ttf
05-07 23:07:28.364 I/Unity   ( 7534): 05/07/2026 23:07:28 LogEOSAnalytics(Info): Start Session (User: ...)
05-07 23:07:28.380 D/NetworkSecurityConfig( 7722): Using Network Security Config from resource 0_resource_name_obfuscated debugBuild: false
05-07 23:07:28.381 D/NetworkSecurityConfig( 7722): Using Network Security Config from resource 0_resource_name_obfuscated debugBuild: false
05-07 23:07:28.382 I/cr_SplitCompatApp( 7722): version=147.1.89.145 (428914504) minSdkVersion=29 processName=com.brave.browser:sandboxed_process0:org.chromium.content.app.SandboxedProcessService0:7 isIsolatedProcess=true splits=chrome,config.en,on_demand
05-07 23:07:28.384 I/cr_ChildProcessService( 7722): Creating new ChildProcessService pid=7722
05-07 23:07:28.401 I/cr_LibraryLoader( 7722): Successfully loaded native library
05-07 23:07:28.401 I/cr_CachingUmaRecorder( 7722): Flushed 2 samples from 2 histograms, 0 samples were dropped.
05-07 23:07:28.402 W/chromium( 7722): [WARNING:content/app/android/content_main_android.cc:82] android_setCpu already initialized
05-07 23:07:28.463 I/Unity   ( 7534): 05/07/2026 23:07:28 LogEOS(Info): SDK Config Product Update Request Successful, Time: 0.441617
05-07 23:07:28.466 I/Unity   ( 7534): 05/07/2026 23:07:28 LogEOS(Info): Prewarming URL successful
05-07 23:07:28.466 I/Unity   ( 7534): 05/07/2026 23:07:28 LogEOS(Info): SDK Config Data - Watermark: 438070848
05-07 23:07:28.466 I/Unity   ( 7534): 05/07/2026 23:07:28 LogEOS(Info): ScheduleNextSDKConfigDataUpdate - Time: 0.441617, Update Interval: 352.358826
05-07 23:07:28.466 I/udios.Fireston( 7534): oneway function results for code 9 on binder at 0xb400006d6a05ee70 will be dropped but finished with status UNKNOWN_TRANSACTION
05-07 23:07:28.512 D/ProfileInstaller( 7534): Skipping profile installation for com.HolydayStudios.Firestone
05-07 23:07:28.514 D/MtpDeviceJNI( 7253): register_android_mtp_MtpDevice
05-07 23:07:29.498 I/FirestoneHooks( 7534): god-mode BattleHero.IsImmune hit #1 this=0x6cc0245330
05-07 23:07:29.498 I/FirestoneHooks( 7534): god-mode BattleHero.IsImmune hit #2 this=0x6cc0245330
05-07 23:07:29.498 I/FirestoneHooks( 7534): god-mode BattleHero.IsImmune hit #3 this=0x6cc0245330
05-07 23:07:29.498 I/FirestoneHooks( 7534): god-mode BattleHero.IsImmune hit #4 this=0x6cc0245330
05-07 23:07:29.498 I/FirestoneHooks( 7534): god-mode BattleHero.IsImmune hit #5 this=0x6cc0245330
05-07 23:07:29.580 I/lmkd    ( 2055): type=1400 audit(0.0:9498): avc: denied { write } for name="oom_score_adj" dev="proc" ino=18037 scontext=u:r:init:s0 tcontext=u:r:gmscore_app:s0:c512,c768 tclass=file permissive=1
05-07 23:07:30.408 I/m.android.phone( 3826): type=1400 audit(0.0:9499): avc: denied { sendto } for path="/dev/socket/logdw" scontext=u:r:radio:s0 tcontext=u:r:init:s0 tclass=unix_dgram_socket permissive=1
05-07 23:07:30.408 I/m.android.phone( 3826): type=1400 audit(0.0:9500): avc: denied { call } for scontext=u:r:radio:s0 tcontext=u:r:init:s0 tclass=binder permissive=1
05-07 23:07:30.408 I/rild    ( 2294): type=1400 audit(0.0:9501): avc: denied { call } for scontext=u:r:init:s0 tcontext=u:r:radio:s0 tclass=binder permissive=1
05-07 23:07:30.408 I/m.android.phone( 3826): type=1400 audit(0.0:9502): avc: denied { sendto } for path="/dev/socket/logdw" scontext=u:r:radio:s0 tcontext=u:r:init:s0 tclass=unix_dgram_socket permissive=1
05-07 23:07:30.688 I/SkDestroyListen( 2219): type=1400 audit(0.0:9504): avc: denied { read } for scontext=u:r:init:s0 tcontext=u:r:init:s0 tclass=netlink_tcpdiag_socket permissive=1
05-07 23:07:30.916 I/wifi@1.0-servic( 2248): type=1400 audit(0.0:9505): avc: denied { write } for scontext=u:r:init:s0 tcontext=u:r:init:s0 tclass=netlink_route_socket permissive=1
05-07 23:07:30.916 I/wifi@1.0-servic( 2248): type=1400 audit(0.0:9506): avc: denied { nlmsg_readpriv } for scontext=u:r:init:s0 tcontext=u:r:init:s0 tclass=netlink_route_socket permissive=1
05-07 23:07:30.916 I/wifi@1.0-servic( 2248): type=1400 audit(0.0:9507): avc: denied { read } for scontext=u:r:init:s0 tcontext=u:r:init:s0 tclass=netlink_route_socket permissive=1
05-07 23:07:30.916 I/WifiHandlerThre( 2429): type=1400 audit(0.0:9508): avc: denied { map_read } for scontext=u:r:system_server:s0 tcontext=u:r:init:s0 tclass=bpf permissive=1
