05-07 23:45:50.711 I/hwservicemanager( 2057): Tried to start android.hardware.graphics.mapper@4.0::IMapper/default as a lazy service, but was unable to. Usually this happens when a service is not installed, but if the service is intended to be used as a lazy service, then it may be configured incorrectly.
05-07 23:45:50.711 I/nemucooker(11040): cook select file: /data/system/etc/mumu-configs/renderer.config
05-07 23:45:50.713 W/ActivityManager( 2429): callingPackage:com.HolydayStudios.Firestone, packageName:com.google.android.gms, name:com.google.android.gms.measurement.service.MeasurementBrokerService, isSkip: true
05-07 23:45:50.715 E/udios.Fireston(11040): vulkan version is 4202746
05-07 23:45:50.716 D/gralloc_x86(11040): gralloc_alloc: Creating ashmem region of size 14749696
05-07 23:45:50.717 W/libc    ( 2057): Unable to set property "ctl.interface_start" to "android.hardware.graphics.mapper@3.0::IMapper/default": error code: 0x20
05-07 23:45:50.717 I/hwservicemanager( 2057): Tried to start android.hardware.graphics.mapper@3.0::IMapper/default as a lazy service, but was unable to. Usually this happens when a service is not installed, but if the service is intended to be used as a lazy service, then it may be configured incorrectly.
05-07 23:45:50.717 D/BoundBrokerSvc( 3171): onBind: Intent { act=com.google.android.gms.measurement.START pkg=com.google.android.gms }
05-07 23:45:50.717 D/BoundBrokerSvc( 3171): Loading bound service for intent: Intent { act=com.google.android.gms.measurement.START pkg=com.google.android.gms }
05-07 23:45:50.718 I/FA      (11040): Tag Manager is not found and thus will not be used
05-07 23:45:50.719 W/libc    ( 2057): Unable to set property "ctl.interface_start" to "android.hardware.graphics.allocator@4.0::IAllocator/default": error code: 0x20
05-07 23:45:50.719 I/hwservicemanager( 2057): Tried to start android.hardware.graphics.allocator@4.0::IAllocator/default as a lazy service, but was unable to. Usually this happens when a service is not installed, but if the service is intended to be used as a lazy service, then it may be configured incorrectly.
05-07 23:45:50.723 W/libc    ( 2057): Unable to set property "ctl.interface_start" to "android.hardware.graphics.allocator@3.0::IAllocator/default": error code: 0x20
05-07 23:45:50.723 I/hwservicemanager( 2057): Tried to start android.hardware.graphics.allocator@3.0::IAllocator/default as a lazy service, but was unable to. Usually this happens when a service is not installed, but if the service is intended to be used as a lazy service, then it may be configured incorrectly.
05-07 23:45:50.742 I/ActivityTaskManager( 2429): Displayed com.HolydayStudios.Firestone/com.unity3d.player.UnityPlayerActivity: +545ms
05-07 23:45:50.743 D/AdvertisingIdClient( 3171): AdvertisingIdClient already created.
05-07 23:45:50.745 I/AdvertisingIdClient( 3171): shouldSendLog 1888169
05-07 23:45:50.745 I/AdvertisingIdClient( 3171): GetInfoInternal elapse 2ms
05-07 23:45:50.749 I/Unity   (11040): MemoryManager: Using 'Dynamic Heap' Allocator.
05-07 23:45:50.760 I/Unity   (11040): SystemInfo CPU = ARM64 FP ASIMD AES, Cores = 6, Memory = 12007mb
05-07 23:45:50.760 I/Unity   (11040): SystemInfo ARM big.LITTLE configuration: 6 big (mask: 0x3f), 0 little (mask: 0x0)
05-07 23:45:50.760 I/Unity   (11040): ApplicationInfo 'com.HolydayStudios.Firestone', Version '3.27', Min API Level '23', Target API Level '36'
05-07 23:45:50.760 I/Unity   (11040): Built from '6000.0/staging' branch, Version '6000.0.47f1 (2ad1ed33fd3b)', Build type 'Release', Scripting Backend 'il2cpp', CPU 'arm64-v8a', Stripping 'Enabled'
05-07 23:45:50.760 D/BoundBrokerSvc( 2754): onRebind: Intent { act=com.google.android.gms.common.telemetry.service.START dat=chimera-action: cmp=com.google.android.gms/.chimera.PersistentApiService }
05-07 23:45:50.760 I/Unity   (11040): Device Model 'Samsung SM-A5460', OS 'Android OS 12 (API 32)'
05-07 23:45:50.764 V/DisplayPowerController[0]( 2429): Brightness [0.39763778] reason changing to: 'manual', previous reason: 'manual [ dim ]'.
05-07 23:45:50.771 E/DisplayDeviceConfig( 2429): requesting nits when no mapping exists.
05-07 23:45:50.771 E/DisplayDeviceConfig( 2429): requesting nits when no mapping exists.
05-07 23:45:50.771 E/HWComposer( 2254): operator(): operator() failed for display 4619827820427265280: Unsupported (8)
05-07 23:45:50.771 I/DropBoxManagerService( 2429): add tag=system_server_wtf isTagEnabled=true flags=0x2
05-07 23:45:50.772 E/SurfaceFlinger( 2429): setDisplayBrightness: failed to transact: -38
05-07 23:45:50.772 I/DropBoxManagerService( 2429): add tag=system_server_wtf isTagEnabled=true flags=0x2
05-07 23:45:50.779 E/DisplayDeviceConfig( 2429): requesting nits when no mapping exists.
05-07 23:45:50.779 E/DisplayDeviceConfig( 2429): requesting nits when no mapping exists.
05-07 23:45:50.779 E/HWComposer( 2254): operator(): operator() failed for display 4619827820427265280: Unsupported (8)
05-07 23:45:50.779 E/SurfaceFlinger( 2429): setDisplayBrightness: failed to transact: -38
05-07 23:45:50.779 I/DropBoxManagerService( 2429): add tag=system_server_wtf isTagEnabled=true flags=0x2
05-07 23:45:50.781 I/DropBoxManagerService( 2429): add tag=system_server_wtf isTagEnabled=true flags=0x2
05-07 23:45:50.788 E/DisplayDeviceConfig( 2429): requesting nits when no mapping exists.
05-07 23:45:50.788 E/DisplayDeviceConfig( 2429): requesting nits when no mapping exists.
05-07 23:45:50.788 E/HWComposer( 2254): operator(): operator() failed for display 4619827820427265280: Unsupported (8)
05-07 23:45:50.788 E/SurfaceFlinger( 2429): setDisplayBrightness: failed to transact: -38
05-07 23:45:50.788 I/DropBoxManagerService( 2429): add tag=system_server_wtf isTagEnabled=true flags=0x2
05-07 23:45:50.796 E/DisplayDeviceConfig( 2429): requesting nits when no mapping exists.
05-07 23:45:50.796 E/DisplayDeviceConfig( 2429): requesting nits when no mapping exists.
05-07 23:45:50.796 E/HWComposer( 2254): operator(): operator() failed for display 4619827820427265280: Unsupported (8)
05-07 23:45:50.796 E/SurfaceFlinger( 2429): setDisplayBrightness: failed to transact: -38
05-07 23:45:50.804 E/DisplayDeviceConfig( 2429): requesting nits when no mapping exists.
05-07 23:45:50.804 E/DisplayDeviceConfig( 2429): requesting nits when no mapping exists.
05-07 23:45:50.805 E/HWComposer( 2254): operator(): operator() failed for display 4619827820427265280: Unsupported (8)
05-07 23:45:50.805 E/SurfaceFlinger( 2429): setDisplayBrightness: failed to transact: -38
05-07 23:45:50.812 E/DisplayDeviceConfig( 2429): requesting nits when no mapping exists.
05-07 23:45:50.812 E/DisplayDeviceConfig( 2429): requesting nits when no mapping exists.
05-07 23:45:50.813 E/HWComposer( 2254): operator(): operator() failed for display 4619827820427265280: Unsupported (8)
05-07 23:45:50.813 E/SurfaceFlinger( 2429): setDisplayBrightness: failed to transact: -38
05-07 23:45:50.820 E/DisplayDeviceConfig( 2429): requesting nits when no mapping exists.
05-07 23:45:50.821 E/DisplayDeviceConfig( 2429): requesting nits when no mapping exists.
05-07 23:45:50.821 E/HWComposer( 2254): operator(): operator() failed for display 4619827820427265280: Unsupported (8)
05-07 23:45:50.822 E/SurfaceFlinger( 2429): setDisplayBrightness: failed to transact: -38
05-07 23:45:50.829 E/DisplayDeviceConfig( 2429): requesting nits when no mapping exists.
05-07 23:45:50.829 E/DisplayDeviceConfig( 2429): requesting nits when no mapping exists.
05-07 23:45:50.830 E/HWComposer( 2254): operator(): operator() failed for display 4619827820427265280: Unsupported (8)
05-07 23:45:50.830 E/SurfaceFlinger( 2429): setDisplayBrightness: failed to transact: -38
05-07 23:45:50.833 I/FirestoneHooks(11040): libil2cpp.so base=0x6d05729000
05-07 23:45:50.833 I/shadowhook_tag(11040): shadowhook: hook_func_addr(libil2cpp.so, EasyWin.CentralCurrencyHandler.HaveCurrency, 0x6d082cee48, 0x6d169120cc, 9) ...
05-07 23:45:50.833 I/shadowhook_tag(11040): switch: create, target_addr 6d082cee48
05-07 23:45:50.833 I/shadowhook_tag(11040): hub: create trampo at 6ff027f000, size 96 + 16 = 112
05-07 23:45:50.833 I/shadowhook_tag(11040): hub: add(new) func 6d169120cc
05-07 23:45:50.833 I/shadowhook_tag(11040): a64 rewrite: type 0, inst f94002a0
05-07 23:45:50.833 I/shadowhook_tag(11040): linker: get dlinfo by target addr: target_addr 0x6d082cee48, sym_name (NULL), sym_sz 0, load_bias 6d05729000, pathname /data/app/~~eYnZX0CwG_PADosI43wKmA==/com.HolydayStudios.Firestone-KwYIEPUCRPiNe65OfXHOnQ==/lib/arm64/libil2cpp.so
05-07 23:45:50.833 I/shadowhook_tag(11040): elf: find phdr gap 6d07574000-6d07577000(load_bias 6d05729000, 1e4b000-1e4e000)
05-07 23:45:50.833 I/shadowhook_tag(11040): elf: find phdr gap 6d0a6d17f0-6d0a6d5000(load_bias 6d05729000, 4fa87f0-4fac000)
05-07 23:45:50.833 I/shadowhook_tag(11040): elf: find phdr gap 6d0aa0a000-6d0aa0d000(load_bias 6d05729000, 52e1000-52e4000)
05-07 23:45:50.833 I/shadowhook_tag(11040): elf: find phdr gap 6d0af37370-6d0af38000(load_bias 6d05729000, 580e370-580f000)
05-07 23:45:50.833 I/shadowhook_tag(11040): elf: alloc addr 6d07574000(load_bias 6d05729000, 1e4b000), size 16, idx [0, 4)
05-07 23:45:50.833 I/shadowhook_tag(11040): island: alloc in ELF-gap, addr 6d07574000, size 16, pc 6d082cee48, range [6d002cee48, 6d102cee44]
05-07 23:45:50.833 I/shadowhook_tag(11040): a64: hook (with island) OK. target 6d082cee48 -> island-exit 6d07574000 -> new 6ff027f000 -> enter 6ff0373080 -> resume 6d082cee4c
05-07 23:45:50.833 I/shadowhook_tag(11040): switch: hook in SHARED mode OK: target_addr 6d082cee48, new_addr 6d169120cc
05-07 23:45:50.833 I/shadowhook_tag(11040): shadowhook: hook_func_addr(0x6d082cee48, 0x6d169120cc, 9) OK. return: 0xb400006dba0025f0
05-07 23:45:50.833 I/FirestoneHooks(11040): EasyWin.CentralCurrencyHandler.HaveCurrency hook installed rva=0x2ba5e48 target=0x6d082cee48 stub=0xb400006dba0025f0 err=0 OK
05-07 23:45:50.833 I/shadowhook_tag(11040): shadowhook: hook_func_addr(libil2cpp.so, EasyWin.Currency.HaveCurrency, 0x6d082ceed8, 0x6d169121f4, 9) ...
05-07 23:45:50.833 I/shadowhook_tag(11040): switch: create, target_addr 6d082ceed8
05-07 23:45:50.833 I/shadowhook_tag(11040): hub: create trampo at 6ff027f070, size 96 + 16 = 112
05-07 23:45:50.833 I/shadowhook_tag(11040): hub: add(new) func 6d169121f4
05-07 23:45:50.833 I/shadowhook_tag(11040): a64 rewrite: type 0, inst aa1f03e0
05-07 23:45:50.833 I/shadowhook_tag(11040): elf: alloc addr 6d07574010(load_bias 6d05729000, 1e4b010), size 16, idx [4, 8)
05-07 23:45:50.833 I/shadowhook_tag(11040): island: alloc in ELF-gap, addr 6d07574010, size 16, pc 6d082ceed8, range [6d002ceed8, 6d102ceed4]
05-07 23:45:50.833 I/shadowhook_tag(11040): a64: hook (with island) OK. target 6d082ceed8 -> island-exit 6d07574010 -> new 6ff027f070 -> enter 6ff03730c0 -> resume 6d082ceedc
05-07 23:45:50.833 I/shadowhook_tag(11040): switch: hook in SHARED mode OK: target_addr 6d082ceed8, new_addr 6d169121f4
05-07 23:45:50.833 I/shadowhook_tag(11040): shadowhook: hook_func_addr(0x6d082ceed8, 0x6d169121f4, 9) OK. return: 0xb400006dba0031c0
05-07 23:45:50.833 I/FirestoneHooks(11040): EasyWin.Currency.HaveCurrency hook installed rva=0x2ba5ed8 target=0x6d082ceed8 stub=0xb400006dba0031c0 err=0 OK
05-07 23:45:50.833 I/FirestoneHooks(11040): easy-win FreeCurrency toggle active; affordability hooks installed
05-07 23:45:50.833 I/shadowhook_tag(11040): shadowhook: hook_func_addr(libil2cpp.so, GodMode.BattleHero.IsImmune, 0x6d081e9170, 0x6d169125e0, 9) ...
05-07 23:45:50.833 I/shadowhook_tag(11040): switch: create, target_addr 6d081e9170
05-07 23:45:50.833 I/shadowhook_tag(11040): hub: create trampo at 6ff027f0e0, size 96 + 16 = 112
05-07 23:45:50.833 I/shadowhook_tag(11040): hub: add(new) func 6d169125e0
05-07 23:45:50.833 I/shadowhook_tag(11040): a64 rewrite: type 0, inst b9004be8
05-07 23:45:50.833 I/shadowhook_tag(11040): elf: alloc addr 6d07574020(load_bias 6d05729000, 1e4b020), size 16, idx [8, 12)
05-07 23:45:50.833 I/shadowhook_tag(11040): island: alloc in ELF-gap, addr 6d07574020, size 16, pc 6d081e9170, range [6d001e9170, 6d101e916c]
05-07 23:45:50.833 I/shadowhook_tag(11040): a64: hook (with island) OK. target 6d081e9170 -> island-exit 6d07574020 -> new 6ff027f0e0 -> enter 6ff0373100 -> resume 6d081e9174
05-07 23:45:50.833 I/shadowhook_tag(11040): switch: hook in SHARED mode OK: target_addr 6d081e9170, new_addr 6d169125e0
05-07 23:45:50.833 I/shadowhook_tag(11040): shadowhook: hook_func_addr(0x6d081e9170, 0x6d169125e0, 9) OK. return: 0xb400006dba005c80
05-07 23:45:50.833 I/FirestoneHooks(11040): GodMode.BattleHero.IsImmune hook installed rva=0x2ac0170 target=0x6d081e9170 stub=0xb400006dba005c80 err=0 OK
05-07 23:45:50.833 I/shadowhook_tag(11040): shadowhook: hook_func_addr(libil2cpp.so, GameSpeed.Time.set_timeScale, 0x6d0a137aa4, 0x6d16912938, 9) ...
05-07 23:45:50.833 I/shadowhook_tag(11040): switch: create, target_addr 6d0a137aa4
05-07 23:45:50.833 I/shadowhook_tag(11040): hub: create trampo at 6ff027f150, size 96 + 16 = 112
05-07 23:45:50.833 I/shadowhook_tag(11040): hub: add(new) func 6d16912938
05-07 23:45:50.833 I/shadowhook_tag(11040): a64 rewrite: type 0, inst 7100977f
05-07 23:45:50.833 I/shadowhook_tag(11040): elf: alloc addr 6d07574030(load_bias 6d05729000, 1e4b030), size 16, idx [12, 16)
05-07 23:45:50.833 I/shadowhook_tag(11040): island: alloc in ELF-gap, addr 6d07574030, size 16, pc 6d0a137aa4, range [6d02137aa4, 6d12137aa0]
05-07 23:45:50.833 I/shadowhook_tag(11040): a64: hook (with island) OK. target 6d0a137aa4 -> island-exit 6d07574030 -> new 6ff027f150 -> enter 6ff0373140 -> resume 6d0a137aa8
05-07 23:45:50.833 I/shadowhook_tag(11040): switch: hook in SHARED mode OK: target_addr 6d0a137aa4, new_addr 6d16912938
05-07 23:45:50.833 I/shadowhook_tag(11040): shadowhook: hook_func_addr(0x6d0a137aa4, 0x6d16912938, 9) OK. return: 0xb400006db9ffe150
05-07 23:45:50.833 I/FirestoneHooks(11040): GameSpeed.Time.set_timeScale hook installed rva=0x4a0eaa4 target=0x6d0a137aa4 stub=0xb400006db9ffe150 err=0 OK
05-07 23:45:50.833 I/shadowhook_tag(11040): shadowhook: hook_func_addr(libil2cpp.so, GameSpeed.Time.get_fixedDeltaTime, 0x6d0a1379f4, 0x6d169129cc, 9) ...
05-07 23:45:50.833 I/shadowhook_tag(11040): switch: create, target_addr 6d0a1379f4
05-07 23:45:50.833 I/shadowhook_tag(11040): hub: create trampo at 6ff027f1c0, size 96 + 16 = 112
05-07 23:45:50.833 I/shadowhook_tag(11040): hub: add(new) func 6d169129cc
05-07 23:45:50.833 I/shadowhook_tag(11040): a64 rewrite: type 3, inst 975ac675
05-07 23:45:50.833 I/shadowhook_tag(11040): elf: alloc addr 6d07574040(load_bias 6d05729000, 1e4b040), size 16, idx [16, 20)
05-07 23:45:50.833 I/shadowhook_tag(11040): island: alloc in ELF-gap, addr 6d07574040, size 16, pc 6d0a1379f4, range [6d021379f4, 6d121379f0]
05-07 23:45:50.833 I/shadowhook_tag(11040): a64: hook (with island) OK. target 6d0a1379f4 -> island-exit 6d07574040 -> new 6ff027f1c0 -> enter 6ff0373180 -> resume 6d0a1379f8
05-07 23:45:50.833 I/shadowhook_tag(11040): switch: hook in SHARED mode OK: target_addr 6d0a1379f4, new_addr 6d169129cc
05-07 23:45:50.833 I/shadowhook_tag(11040): shadowhook: hook_func_addr(0x6d0a1379f4, 0x6d169129cc, 9) OK. return: 0xb400006dba009940
05-07 23:45:50.833 I/FirestoneHooks(11040): GameSpeed.Time.get_fixedDeltaTime hook installed rva=0x4a0e9f4 target=0x6d0a1379f4 stub=0xb400006dba009940 err=0 OK
05-07 23:45:50.833 I/shadowhook_tag(11040): shadowhook: hook_func_addr(libil2cpp.so, GameSpeed.TeamLogic.ApplyWaveTransitionSpeedModifierToDuration, 0x6d081f29dc, 0x6d16912a8c, 9) ...
05-07 23:45:50.833 I/shadowhook_tag(11040): switch: create, target_addr 6d081f29dc
05-07 23:45:50.833 I/shadowhook_tag(11040): hub: create trampo at 6ff027f230, size 96 + 16 = 112
05-07 23:45:50.833 I/shadowhook_tag(11040): hub: add(new) func 6d16912a8c
05-07 23:45:50.833 I/shadowhook_tag(11040): a64 rewrite: type 3, inst 97d7da7b
05-07 23:45:50.833 I/shadowhook_tag(11040): elf: alloc addr 6d07574050(load_bias 6d05729000, 1e4b050), size 16, idx [20, 24)
05-07 23:45:50.833 I/shadowhook_tag(11040): island: alloc in ELF-gap, addr 6d07574050, size 16, pc 6d081f29dc, range [6d001f29dc, 6d101f29d8]
05-07 23:45:50.833 I/shadowhook_tag(11040): a64: hook (with island) OK. target 6d081f29dc -> island-exit 6d07574050 -> new 6ff027f230 -> enter 6ff03731c0 -> resume 6d081f29e0
05-07 23:45:50.833 I/shadowhook_tag(11040): switch: hook in SHARED mode OK: target_addr 6d081f29dc, new_addr 6d16912a8c
05-07 23:45:50.833 I/shadowhook_tag(11040): shadowhook: hook_func_addr(0x6d081f29dc, 0x6d16912a8c, 9) OK. return: 0xb400006dba008e90
05-07 23:45:50.833 I/FirestoneHooks(11040): GameSpeed.TeamLogic.ApplyWaveTransitionSpeedModifierToDuration hook installed rva=0x2ac99dc target=0x6d081f29dc stub=0xb400006dba008e90 err=0 OK
05-07 23:45:50.833 I/shadowhook_tag(11040): shadowhook: hook_func_addr(libil2cpp.so, GameSpeed.TeamLogic.set_WaveTransitionSpeedMultiplier, 0x6d081f2814, 0x6d16912b5c, 9) ...
05-07 23:45:50.833 I/shadowhook_tag(11040): switch: create, target_addr 6d081f2814
05-07 23:45:50.833 I/shadowhook_tag(11040): hub: create trampo at 6ff027f2a0, size 96 + 16 = 112
05-07 23:45:50.833 I/shadowhook_tag(11040): hub: add(new) func 6d16912b5c
05-07 23:45:50.833 I/shadowhook_tag(11040): a64 rewrite: type 5, inst 90013b68
05-07 23:45:50.833 I/shadowhook_tag(11040): elf: alloc addr 6d07574060(load_bias 6d05729000, 1e4b060), size 16, idx [24, 28)
05-07 23:45:50.833 I/shadowhook_tag(11040): island: alloc in ELF-gap, addr 6d07574060, size 16, pc 6d081f2814, range [6d001f2814, 6d101f2810]
05-07 23:45:50.833 I/shadowhook_tag(11040): a64: hook (with island) OK. target 6d081f2814 -> island-exit 6d07574060 -> new 6ff027f2a0 -> enter 6ff0373200 -> resume 6d081f2818
05-07 23:45:50.833 I/shadowhook_tag(11040): switch: hook in SHARED mode OK: target_addr 6d081f2814, new_addr 6d16912b5c
05-07 23:45:50.833 I/shadowhook_tag(11040): shadowhook: hook_func_addr(0x6d081f2814, 0x6d16912b5c, 9) OK. return: 0xb400006dba012160
05-07 23:45:50.833 I/FirestoneHooks(11040): GameSpeed.TeamLogic.set_WaveTransitionSpeedMultiplier hook installed rva=0x2ac9814 target=0x6d081f2814 stub=0xb400006dba012160 err=0 OK
05-07 23:45:50.833 I/shadowhook_tag(11040): shadowhook: hook_func_addr(libil2cpp.so, GameSpeed.Spine.AnimationState.set_TimeScale, 0x6d09a93ac8, 0x6d16912bf0, 9) ...
05-07 23:45:50.833 I/shadowhook_tag(11040): switch: create, target_addr 6d09a93ac8
05-07 23:45:50.833 I/shadowhook_tag(11040): hub: create trampo at 6ff027f310, size 96 + 16 = 112
05-07 23:45:50.833 I/shadowhook_tag(11040): hub: add(new) func 6d16912bf0
05-07 23:45:50.833 I/shadowhook_tag(11040): a64 rewrite: type 0, inst f9424af7
05-07 23:45:50.833 I/shadowhook_tag(11040): elf: alloc addr 6d07574070(load_bias 6d05729000, 1e4b070), size 16, idx [28, 32)
05-07 23:45:50.833 I/shadowhook_tag(11040): island: alloc in ELF-gap, addr 6d07574070, size 16, pc 6d09a93ac8, range [6d01a93ac8, 6d11a93ac4]
05-07 23:45:50.833 I/shadowhook_tag(11040): a64: hook (with island) OK. target 6d09a93ac8 -> island-exit 6d07574070 -> new 6ff027f310 -> enter 6ff0373240 -> resume 6d09a93acc
05-07 23:45:50.833 I/shadowhook_tag(11040): switch: hook in SHARED mode OK: target_addr 6d09a93ac8, new_addr 6d16912bf0
05-07 23:45:50.833 I/shadowhook_tag(11040): shadowhook: hook_func_addr(0x6d09a93ac8, 0x6d16912bf0, 9) OK. return: 0xb400006dba012700
05-07 23:45:50.833 I/FirestoneHooks(11040): GameSpeed.Spine.AnimationState.set_TimeScale hook installed rva=0x436aac8 target=0x6d09a93ac8 stub=0xb400006dba012700 err=0 OK
05-07 23:45:50.833 I/shadowhook_tag(11040): shadowhook: hook_func_addr(libil2cpp.so, OHK.BattleController.ApplyDamage.short, 0x6d07eede00, 0x6d16912fac, 9) ...
05-07 23:45:50.833 I/shadowhook_tag(11040): switch: create, target_addr 6d07eede00
05-07 23:45:50.833 I/shadowhook_tag(11040): hub: create trampo at 6ff027f380, size 96 + 16 = 112
05-07 23:45:50.833 I/shadowhook_tag(11040): hub: add(new) func 6d16912fac
05-07 23:45:50.834 I/shadowhook_tag(11040): a64 rewrite: type 5, inst b00154f4
05-07 23:45:50.834 I/shadowhook_tag(11040): elf: alloc addr 6d07574080(load_bias 6d05729000, 1e4b080), size 16, idx [32, 36)
05-07 23:45:50.834 I/shadowhook_tag(11040): island: alloc in ELF-gap, addr 6d07574080, size 16, pc 6d07eede00, range [6cffeede00, 6d0feeddfc]
05-07 23:45:50.834 I/shadowhook_tag(11040): a64: hook (with island) OK. target 6d07eede00 -> island-exit 6d07574080 -> new 6ff027f380 -> enter 6ff0373280 -> resume 6d07eede04
05-07 23:45:50.834 I/shadowhook_tag(11040): switch: hook in SHARED mode OK: target_addr 6d07eede00, new_addr 6d16912fac
05-07 23:45:50.834 I/shadowhook_tag(11040): shadowhook: hook_func_addr(0x6d07eede00, 0x6d16912fac, 9) OK. return: 0xb400006dba009670
05-07 23:45:50.834 I/FirestoneHooks(11040): OHK.BattleController.ApplyDamage.short hook installed rva=0x27c4e00 target=0x6d07eede00 stub=0xb400006dba009670 err=0 OK
05-07 23:45:50.834 I/shadowhook_tag(11040): shadowhook: hook_func_addr(libil2cpp.so, OHK.BattleController.ApplyDamage.full, 0x6d07eede10, 0x6d169130f0, 9) ...
05-07 23:45:50.834 I/shadowhook_tag(11040): switch: create, target_addr 6d07eede10
05-07 23:45:50.834 I/shadowhook_tag(11040): hub: create trampo at 6ff027f3f0, size 96 + 16 = 112
05-07 23:45:50.834 I/shadowhook_tag(11040): hub: add(new) func 6d169130f0
05-07 23:45:50.834 I/shadowhook_tag(11040): a64 rewrite: type 5, inst b00154e0
05-07 23:45:50.834 I/shadowhook_tag(11040): elf: alloc addr 6d07574090(load_bias 6d05729000, 1e4b090), size 16, idx [36, 40)
05-07 23:45:50.834 I/shadowhook_tag(11040): island: alloc in ELF-gap, addr 6d07574090, size 16, pc 6d07eede10, range [6cffeede10, 6d0feede0c]
05-07 23:45:50.834 I/shadowhook_tag(11040): a64: hook (with island) OK. target 6d07eede10 -> island-exit 6d07574090 -> new 6ff027f3f0 -> enter 6ff03732c0 -> resume 6d07eede14
05-07 23:45:50.834 I/shadowhook_tag(11040): switch: hook in SHARED mode OK: target_addr 6d07eede10, new_addr 6d169130f0
05-07 23:45:50.834 I/shadowhook_tag(11040): shadowhook: hook_func_addr(0x6d07eede10, 0x6d169130f0, 9) OK. return: 0xb400006dba00c520
05-07 23:45:50.834 I/FirestoneHooks(11040): OHK.BattleController.ApplyDamage.full hook installed rva=0x27c4e10 target=0x6d07eede10 stub=0xb400006dba00c520 err=0 OK
05-07 23:45:50.834 I/shadowhook_tag(11040): shadowhook: hook_func_addr(libil2cpp.so, OHK.BattleCharacter.ReceiveDamage, 0x6d0810aac8, 0x6d16913240, 9) ...
05-07 23:45:50.834 I/shadowhook_tag(11040): switch: create, target_addr 6d0810aac8
05-07 23:45:50.834 I/shadowhook_tag(11040): hub: create trampo at 6ff027f460, size 96 + 16 = 112
05-07 23:45:50.834 I/shadowhook_tag(11040): hub: add(new) func 6d16913240
05-07 23:45:50.834 I/shadowhook_tag(11040): a64 rewrite: type 0, inst b1503a8
05-07 23:45:50.834 I/shadowhook_tag(11040): elf: alloc addr 6d075740a0(load_bias 6d05729000, 1e4b0a0), size 16, idx [40, 44)
05-07 23:45:50.834 I/shadowhook_tag(11040): island: alloc in ELF-gap, addr 6d075740a0, size 16, pc 6d0810aac8, range [6d0010aac8, 6d1010aac4]
05-07 23:45:50.834 I/shadowhook_tag(11040): a64: hook (with island) OK. target 6d0810aac8 -> island-exit 6d075740a0 -> new 6ff027f460 -> enter 6ff0373300 -> resume 6d0810aacc
05-07 23:45:50.834 I/shadowhook_tag(11040): switch: hook in SHARED mode OK: target_addr 6d0810aac8, new_addr 6d16913240
05-07 23:45:50.834 I/shadowhook_tag(11040): shadowhook: hook_func_addr(0x6d0810aac8, 0x6d16913240, 9) OK. return: 0xb400006db9fff500
05-07 23:45:50.834 I/FirestoneHooks(11040): OHK.BattleCharacter.ReceiveDamage hook installed rva=0x29e1ac8 target=0x6d0810aac8 stub=0xb400006db9fff500 err=0 OK
05-07 23:45:50.834 I/shadowhook_tag(11040): shadowhook: hook_func_addr(libil2cpp.so, AttackSpeed.CharacterBattleLogic.FillAttackSpeedTimer, 0x6d081f12e8, 0x6d169136c4, 9) ...
05-07 23:45:50.834 I/shadowhook_tag(11040): switch: create, target_addr 6d081f12e8
05-07 23:45:50.834 I/shadowhook_tag(11040): hub: create trampo at 6ff027f4d0, size 96 + 16 = 112
05-07 23:45:50.834 I/shadowhook_tag(11040): hub: add(new) func 6d169136c4
05-07 23:45:50.834 I/shadowhook_tag(11040): a64 rewrite: type 0, inst f9400c00
05-07 23:45:50.834 I/shadowhook_tag(11040): elf: alloc addr 6d075740b0(load_bias 6d05729000, 1e4b0b0), size 16, idx [44, 48)
05-07 23:45:50.834 I/shadowhook_tag(11040): island: alloc in ELF-gap, addr 6d075740b0, size 16, pc 6d081f12e8, range [6d001f12e8, 6d101f12e4]
05-07 23:45:50.834 I/shadowhook_tag(11040): a64: hook (with island) OK. target 6d081f12e8 -> island-exit 6d075740b0 -> new 6ff027f4d0 -> enter 6ff0373340 -> resume 6d081f12ec
05-07 23:45:50.834 I/shadowhook_tag(11040): switch: hook in SHARED mode OK: target_addr 6d081f12e8, new_addr 6d169136c4
05-07 23:45:50.834 I/shadowhook_tag(11040): shadowhook: hook_func_addr(0x6d081f12e8, 0x6d169136c4, 9) OK. return: 0xb400006dba004210
05-07 23:45:50.834 I/FirestoneHooks(11040): AttackSpeed.CharacterBattleLogic.FillAttackSpeedTimer hook installed rva=0x2ac82e8 target=0x6d081f12e8 stub=0xb400006dba004210 err=0 OK
05-07 23:45:50.834 I/shadowhook_tag(11040): shadowhook: hook_func_addr(libil2cpp.so, AttackSpeed.BattleMainHero.CalculateAttackSpeedTotal, 0x6d081ebaf8, 0x6d16913804, 9) ...
05-07 23:45:50.834 I/shadowhook_tag(11040): switch: create, target_addr 6d081ebaf8
05-07 23:45:50.834 I/shadowhook_tag(11040): hub: create trampo at 6ff027f540, size 96 + 16 = 112
05-07 23:45:50.834 I/shadowhook_tag(11040): hub: add(new) func 6d16913804
05-07 23:45:50.834 I/shadowhook_tag(11040): a64 rewrite: type 0, inst f9409268
05-07 23:45:50.834 I/shadowhook_tag(11040): elf: alloc addr 6d075740c0(load_bias 6d05729000, 1e4b0c0), size 16, idx [48, 52)
05-07 23:45:50.834 I/shadowhook_tag(11040): island: alloc in ELF-gap, addr 6d075740c0, size 16, pc 6d081ebaf8, range [6d001ebaf8, 6d101ebaf4]
05-07 23:45:50.834 I/shadowhook_tag(11040): a64: hook (with island) OK. target 6d081ebaf8 -> island-exit 6d075740c0 -> new 6ff027f540 -> enter 6ff0373380 -> resume 6d081ebafc
05-07 23:45:50.834 I/shadowhook_tag(11040): switch: hook in SHARED mode OK: target_addr 6d081ebaf8, new_addr 6d16913804
05-07 23:45:50.834 I/shadowhook_tag(11040): shadowhook: hook_func_addr(0x6d081ebaf8, 0x6d16913804, 9) OK. return: 0xb400006dba00d210
05-07 23:45:50.834 I/FirestoneHooks(11040): AttackSpeed.BattleMainHero.CalculateAttackSpeedTotal hook installed rva=0x2ac2af8 target=0x6d081ebaf8 stub=0xb400006dba00d210 err=0 OK
05-07 23:45:50.834 I/shadowhook_tag(11040): shadowhook: hook_func_addr(libil2cpp.so, AttackSpeed.BattleMainEnemy.CalculateAttackSpeedTotal, 0x6d0810eb94, 0x6d16913908, 9) ...
05-07 23:45:50.834 I/shadowhook_tag(11040): switch: create, target_addr 6d0810eb94
05-07 23:45:50.834 I/shadowhook_tag(11040): hub: create trampo at 6ff027f5b0, size 96 + 16 = 112
05-07 23:45:50.834 I/shadowhook_tag(11040): hub: add(new) func 6d16913908
05-07 23:45:50.834 I/shadowhook_tag(11040): a64 rewrite: type 3, inst 97db6a0d
05-07 23:45:50.834 I/shadowhook_tag(11040): elf: alloc addr 6d075740d0(load_bias 6d05729000, 1e4b0d0), size 16, idx [52, 56)
05-07 23:45:50.834 I/shadowhook_tag(11040): island: alloc in ELF-gap, addr 6d075740d0, size 16, pc 6d0810eb94, range [6d0010eb94, 6d1010eb90]
05-07 23:45:50.834 I/shadowhook_tag(11040): a64: hook (with island) OK. target 6d0810eb94 -> island-exit 6d075740d0 -> new 6ff027f5b0 -> enter 6ff03733c0 -> resume 6d0810eb98
05-07 23:45:50.834 I/shadowhook_tag(11040): switch: hook in SHARED mode OK: target_addr 6d0810eb94, new_addr 6d16913908
05-07 23:45:50.834 I/shadowhook_tag(11040): shadowhook: hook_func_addr(0x6d0810eb94, 0x6d16913908, 9) OK. return: 0xb400006dba00d330
05-07 23:45:50.834 I/FirestoneHooks(11040): AttackSpeed.BattleMainEnemy.CalculateAttackSpeedTotal hook installed rva=0x29e5b94 target=0x6d0810eb94 stub=0xb400006dba00d330 err=0 OK
05-07 23:45:50.834 I/FirestoneHooks(11040): native hook install complete result=0
05-07 23:45:50.838 E/DisplayDeviceConfig( 2429): requesting nits when no mapping exists.
05-07 23:45:50.838 E/DisplayDeviceConfig( 2429): requesting nits when no mapping exists.
05-07 23:45:50.838 E/HWComposer( 2254): operator(): operator() failed for display 4619827820427265280: Unsupported (8)
05-07 23:45:50.838 E/SurfaceFlinger( 2429): setDisplayBrightness: failed to transact: -38
05-07 23:45:50.846 E/DisplayDeviceConfig( 2429): requesting nits when no mapping exists.
05-07 23:45:50.846 E/DisplayDeviceConfig( 2429): requesting nits when no mapping exists.
05-07 23:45:50.846 E/HWComposer( 2254): operator(): operator() failed for display 4619827820427265280: Unsupported (8)
05-07 23:45:50.846 E/SurfaceFlinger( 2429): setDisplayBrightness: failed to transact: -38
05-07 23:45:50.854 E/DisplayDeviceConfig( 2429): requesting nits when no mapping exists.
05-07 23:45:50.854 E/DisplayDeviceConfig( 2429): requesting nits when no mapping exists.
05-07 23:45:50.855 E/HWComposer( 2254): operator(): operator() failed for display 4619827820427265280: Unsupported (8)
05-07 23:45:50.855 E/SurfaceFlinger( 2429): setDisplayBrightness: failed to transact: -38
05-07 23:45:50.862 E/DisplayDeviceConfig( 2429): requesting nits when no mapping exists.
05-07 23:45:50.863 E/DisplayDeviceConfig( 2429): requesting nits when no mapping exists.
05-07 23:45:50.863 E/HWComposer( 2254): operator(): operator() failed for display 4619827820427265280: Unsupported (8)
05-07 23:45:50.864 E/SurfaceFlinger( 2429): setDisplayBrightness: failed to transact: -38
05-07 23:45:50.871 E/DisplayDeviceConfig( 2429): requesting nits when no mapping exists.
05-07 23:45:50.871 E/DisplayDeviceConfig( 2429): requesting nits when no mapping exists.
05-07 23:45:50.871 E/HWComposer( 2254): operator(): operator() failed for display 4619827820427265280: Unsupported (8)
05-07 23:45:50.872 E/SurfaceFlinger( 2429): setDisplayBrightness: failed to transact: -38
05-07 23:45:50.874 D/BoundBrokerSvc( 3171): onUnbind: Intent { act=com.google.android.gms.feedback.internal.IFeedbackService dat=chimera-action: cmp=com.google.android.gms/.chimera.GmsBoundBrokerService }
05-07 23:45:50.879 E/DisplayDeviceConfig( 2429): requesting nits when no mapping exists.
05-07 23:45:50.879 E/DisplayDeviceConfig( 2429): requesting nits when no mapping exists.
05-07 23:45:50.880 E/HWComposer( 2254): operator(): operator() failed for display 4619827820427265280: Unsupported (8)
05-07 23:45:50.880 E/SurfaceFlinger( 2429): setDisplayBrightness: failed to transact: -38
05-07 23:45:50.885 W/InputManager-JNI( 2429): Input channel object 'fa5adc Splash Screen com.HolydayStudios.Firestone (client)' was disposed without first being removed with the input manager!
05-07 23:45:50.887 E/DisplayDeviceConfig( 2429): requesting nits when no mapping exists.
05-07 23:45:50.888 E/DisplayDeviceConfig( 2429): requesting nits when no mapping exists.
05-07 23:45:50.888 E/HWComposer( 2254): operator(): operator() failed for display 4619827820427265280: Unsupported (8)
05-07 23:45:50.888 E/SurfaceFlinger( 2429): setDisplayBrightness: failed to transact: -38
05-07 23:45:50.896 E/DisplayDeviceConfig( 2429): requesting nits when no mapping exists.
05-07 23:45:50.896 E/DisplayDeviceConfig( 2429): requesting nits when no mapping exists.
05-07 23:45:50.896 E/HWComposer( 2254): operator(): operator() failed for display 4619827820427265280: Unsupported (8)
05-07 23:45:50.897 E/SurfaceFlinger( 2429): setDisplayBrightness: failed to transact: -38
05-07 23:45:50.904 E/DisplayDeviceConfig( 2429): requesting nits when no mapping exists.
05-07 23:45:50.905 E/DisplayDeviceConfig( 2429): requesting nits when no mapping exists.
05-07 23:45:50.905 E/HWComposer( 2254): operator(): operator() failed for display 4619827820427265280: Unsupported (8)
05-07 23:45:50.905 E/SurfaceFlinger( 2429): setDisplayBrightness: failed to transact: -38
05-07 23:45:50.912 E/DisplayDeviceConfig( 2429): requesting nits when no mapping exists.
05-07 23:45:50.913 E/DisplayDeviceConfig( 2429): requesting nits when no mapping exists.
05-07 23:45:50.913 E/HWComposer( 2254): operator(): operator() failed for display 4619827820427265280: Unsupported (8)
05-07 23:45:50.913 E/SurfaceFlinger( 2429): setDisplayBrightness: failed to transact: -38
05-07 23:45:50.921 E/DisplayDeviceConfig( 2429): requesting nits when no mapping exists.
05-07 23:45:50.921 E/DisplayDeviceConfig( 2429): requesting nits when no mapping exists.
05-07 23:45:50.921 E/HWComposer( 2254): operator(): operator() failed for display 4619827820427265280: Unsupported (8)
05-07 23:45:50.921 E/SurfaceFlinger( 2429): setDisplayBrightness: failed to transact: -38
05-07 23:45:50.929 E/DisplayDeviceConfig( 2429): requesting nits when no mapping exists.
05-07 23:45:50.929 E/DisplayDeviceConfig( 2429): requesting nits when no mapping exists.
05-07 23:45:50.929 E/HWComposer( 2254): operator(): operator() failed for display 4619827820427265280: Unsupported (8)
05-07 23:45:50.930 E/SurfaceFlinger( 2429): setDisplayBrightness: failed to transact: -38
05-07 23:45:50.938 E/DisplayDeviceConfig( 2429): requesting nits when no mapping exists.
05-07 23:45:50.938 E/DisplayDeviceConfig( 2429): requesting nits when no mapping exists.
05-07 23:45:50.938 E/HWComposer( 2254): operator(): operator() failed for display 4619827820427265280: Unsupported (8)
05-07 23:45:50.939 E/SurfaceFlinger( 2429): setDisplayBrightness: failed to transact: -38
05-07 23:45:50.941 I/Unity   (11040): Company Name: HolydayStudios
05-07 23:45:50.941 I/Unity   (11040): Product Name: Firestone
05-07 23:45:50.943 I/shadowhook_tag(11040): linker: call_ctors pre, load_bias 6c496c8000, name /system/lib64/egl/libEGL_emulation.so
05-07 23:45:50.944 I/shadowhook_tag(11040): task: call_ctors() pre callback. load_bias 6c496c8000, name /system/lib64/egl/libEGL_emulation.so
05-07 23:45:50.944 I/shadowhook_tag(11040): linker: call_ctors post, load_bias 6c496c8000, name /system/lib64/egl/libEGL_emulation.so
05-07 23:45:50.944 D/libEGL  (11040): loaded /system/lib64/egl/libEGL_emulation.so
05-07 23:45:50.944 I/shadowhook_tag(11040): linker: call_ctors pre, load_bias 6c496a6000, name /system/lib64/egl/libGLESv1_CM_emulation.so
05-07 23:45:50.944 I/shadowhook_tag(11040): task: call_ctors() pre callback. load_bias 6c496a6000, name /system/lib64/egl/libGLESv1_CM_emulation.so
05-07 23:45:50.944 I/shadowhook_tag(11040): linker: call_ctors post, load_bias 6c496a6000, name /system/lib64/egl/libGLESv1_CM_emulation.so
05-07 23:45:50.944 I/shadowhook_tag(11040): linker: call_ctors pre, load_bias 6c49651000, name /system/lib64/egl/libGLESv2_emulation.so
05-07 23:45:50.944 I/shadowhook_tag(11040): task: call_ctors() pre callback. load_bias 6c49651000, name /system/lib64/egl/libGLESv2_emulation.so
05-07 23:45:50.944 I/shadowhook_tag(11040): linker: call_ctors post, load_bias 6c49651000, name /system/lib64/egl/libGLESv2_emulation.so
05-07 23:45:50.945 E/udios.Fireston(11040): vulkan version is 4202746
05-07 23:45:50.946 E/DisplayDeviceConfig( 2429): requesting nits when no mapping exists.
05-07 23:45:50.946 E/DisplayDeviceConfig( 2429): requesting nits when no mapping exists.
05-07 23:45:50.947 E/HWComposer( 2254): operator(): operator() failed for display 4619827820427265280: Unsupported (8)
05-07 23:45:50.947 E/SurfaceFlinger( 2429): setDisplayBrightness: failed to transact: -38
05-07 23:45:50.948 I/nemucooker(11040): cook file1: /etc/mumu-configs/renderer.config, last modify time: Thu Aug 29 11:22:45 2024
05-07 23:45:50.948 I/nemucooker(11040): cook file2: /data/system/etc/mumu-configs/renderer.config, last modify time: Thu Apr 30 21:00:20 2026
05-07 23:45:50.948 I/nemucooker(11040): cook select file: /data/system/etc/mumu-configs/renderer.config
05-07 23:45:50.950 D/libEGL  (11040): loaded /system/lib64/egl/libGLESv1_CM_emulation.so
05-07 23:45:50.951 D/libEGL  (11040): loaded /system/lib64/egl/libGLESv2_emulation.so
05-07 23:45:50.954 E/DisplayDeviceConfig( 2429): requesting nits when no mapping exists.
05-07 23:45:50.954 E/DisplayDeviceConfig( 2429): requesting nits when no mapping exists.
05-07 23:45:50.954 E/HWComposer( 2254): operator(): operator() failed for display 4619827820427265280: Unsupported (8)
05-07 23:45:50.955 E/SurfaceFlinger( 2429): setDisplayBrightness: failed to transact: -38
05-07 23:45:50.963 E/DisplayDeviceConfig( 2429): requesting nits when no mapping exists.
05-07 23:45:50.963 E/DisplayDeviceConfig( 2429): requesting nits when no mapping exists.
05-07 23:45:50.963 E/HWComposer( 2254): operator(): operator() failed for display 4619827820427265280: Unsupported (8)
05-07 23:45:50.963 E/SurfaceFlinger( 2429): setDisplayBrightness: failed to transact: -38
05-07 23:45:50.964 E/GraphicsEnv(11040): Failed to get gpu service
05-07 23:45:50.965 E/HidlServiceManagement(11040): getService: Potential race detected, descriptor: android.hardware.configstore@1.0::ISurfaceFlingerConfigs instance: default
05-07 23:45:50.967 E/EGL_emulation(11040): [getAttribValue] Bad attribute idx
05-07 23:45:50.967 D/EGL_emulation(11040): eglGetConfigAttrib: bad attrib 0x1
05-07 23:45:50.967 E/EGL_emulation(11040): tid 11086: eglGetConfigAttrib(1029): error 0x3004 (EGL_BAD_ATTRIBUTE)
05-07 23:45:50.968 D/gralloc_x86(11040): gralloc_alloc: Creating ashmem region of size 7376896
05-07 23:45:50.971 E/DisplayDeviceConfig( 2429): requesting nits when no mapping exists.
05-07 23:45:50.971 E/DisplayDeviceConfig( 2429): requesting nits when no mapping exists.
05-07 23:45:50.971 E/HWComposer( 2254): operator(): operator() failed for display 4619827820427265280: Unsupported (8)
05-07 23:45:50.971 E/SurfaceFlinger( 2429): setDisplayBrightness: failed to transact: -38
05-07 23:45:50.979 E/DisplayDeviceConfig( 2429): requesting nits when no mapping exists.
05-07 23:45:50.979 E/DisplayDeviceConfig( 2429): requesting nits when no mapping exists.
05-07 23:45:50.980 E/HWComposer( 2254): operator(): operator() failed for display 4619827820427265280: Unsupported (8)
05-07 23:45:50.980 E/SurfaceFlinger( 2429): setDisplayBrightness: failed to transact: -38
05-07 23:45:50.988 E/DisplayDeviceConfig( 2429): requesting nits when no mapping exists.
05-07 23:45:50.988 E/DisplayDeviceConfig( 2429): requesting nits when no mapping exists.
05-07 23:45:50.988 E/HWComposer( 2254): operator(): operator() failed for display 4619827820427265280: Unsupported (8)
05-07 23:45:50.989 E/SurfaceFlinger( 2429): setDisplayBrightness: failed to transact: -38
05-07 23:45:50.990 E/udios.Fireston(11040): vulkan version is 4202746
05-07 23:45:50.995 E/DisplayDeviceConfig( 2429): requesting nits when no mapping exists.
05-07 23:45:50.996 E/DisplayDeviceConfig( 2429): requesting nits when no mapping exists.
05-07 23:45:50.996 E/HWComposer( 2254): operator(): operator() failed for display 4619827820427265280: Unsupported (8)
05-07 23:45:50.996 E/SurfaceFlinger( 2429): setDisplayBrightness: failed to transact: -38
05-07 23:45:51.000 I/AAudio  (11040): AAudioStreamBuilder_openStream() called ----------------------------------------
05-07 23:45:51.000 I/AudioStreamBuilder(11040): rate   =  24000, channels  = 2, channelMask = 0x80000003, format   = 5, sharing = SH, dir = OUTPUT
05-07 23:45:51.000 I/AudioStreamBuilder(11040): device =      0, sessionId = -1, perfMode = 12, callback: ON with frames = 1024
05-07 23:45:51.000 I/AudioStreamBuilder(11040): usage  =      0, contentType = 0, inputPreset = 0, allowedCapturePolicy = 0
05-07 23:45:51.000 I/AudioStreamBuilder(11040): privacy sensitive = false
05-07 23:45:51.000 I/AudioStreamBuilder(11040): opPackageName = (null)
05-07 23:45:51.000 I/AudioStreamBuilder(11040): attributionTag = (null)
05-07 23:45:51.000 D/udios.Fireston(11040): PlayerBase::PlayerBase()
05-07 23:45:51.000 D/AudioStreamTrack(11040): open(), request notificationFrames = 0, frameCount = 8192
05-07 23:45:51.001 W/AudioFlinger( 2249): createTrack_l(): mismatch between requested flags (00000104) and output flags (00000006)
05-07 23:45:51.002 D/AudioFlinger( 2249): Client defaulted notificationFrames to 480 for frameCount 8192
05-07 23:45:51.003 D/AF::TrackHandle( 2249): OpPlayAudio: track:72 usage:1 not muted
05-07 23:45:51.004 D/AudioTrack(11040): createTrack_l(111): AUDIO_OUTPUT_FLAG_FAST denied by server; frameCount 8192 -> 8192
05-07 23:45:51.004 E/DisplayDeviceConfig( 2429): requesting nits when no mapping exists.
05-07 23:45:51.004 E/DisplayDeviceConfig( 2429): requesting nits when no mapping exists.
05-07 23:45:51.005 E/HWComposer( 2254): operator(): operator() failed for display 4619827820427265280: Unsupported (8)
05-07 23:45:51.005 E/SurfaceFlinger( 2429): setDisplayBrightness: failed to transact: -38
05-07 23:45:51.006 D/AAudioStream(11040): setState(s#1) from 0 to 2
05-07 23:45:51.006 D/AudioStreamTrack(11040): open() flags changed from 0x00000104 to 0x00000000
05-07 23:45:51.006 D/AudioStreamTrack(11040): open() perfMode changed from 12 to 10
05-07 23:45:51.007 I/AAudio  (11040): AAudioStreamBuilder_openStream() returns 0 = AAUDIO_OK for s#1 ----------------
05-07 23:45:51.008 D/AAudio  (11040): AAudioStream_requestStart(s#1) called --------------
05-07 23:45:51.008 D/AAudioStream(11040): setState(s#1) from 2 to 3
05-07 23:45:51.010 D/AAudio  (11040): AAudioStream_requestStart(s#1) returned 0 ---------
05-07 23:45:51.013 E/DisplayDeviceConfig( 2429): requesting nits when no mapping exists.
05-07 23:45:51.013 E/DisplayDeviceConfig( 2429): requesting nits when no mapping exists.
05-07 23:45:51.013 E/HWComposer( 2254): operator(): operator() failed for display 4619827820427265280: Unsupported (8)
05-07 23:45:51.013 E/SurfaceFlinger( 2429): setDisplayBrightness: failed to transact: -38
05-07 23:45:51.016 D/AudioStreamLegacy(11040): onAudioDeviceUpdate(deviceId = 2)
05-07 23:45:51.017 D/AAudioStream(11040): setState(s#1) from 3 to 4
05-07 23:45:51.037 D/AudioFlinger( 2249): mixer(0xb40000777b658a30) throttle end: throttle time(10)
05-07 23:45:51.069 E/ActivityThread(11040): Failed to find provider info for com.firestone.hooks.settings
05-07 23:45:51.073 E/MediaProvider( 3381): Permission to access file: /storage/emulated/0/Android/media/com.firestone.hooks/firestonehooks.json is denied
05-07 23:45:51.177 I/FontLog ( 2754): (REDACTED) Received query %s, URI %s
05-07 23:45:51.177 I/FontLog ( 2754): (REDACTED) Query [%s] resolved to %s
05-07 23:45:51.178 I/FontLog ( 2754): (REDACTED) Fetch %s end status %s
05-07 23:45:51.181 I/FontLog ( 2754): (REDACTED) Pulling font file for id = %d, cache size = %d
05-07 23:45:51.183 I/FontLog ( 2754): (REDACTED) Pulling font file for id = %d, cache size = %d
05-07 23:45:51.312 W/ServiceManager( 2429): Permission failure: android.permission.HIGH_SAMPLING_RATE_SENSORS from uid=10077 pid=11040
05-07 23:45:51.313 W/ServiceManager( 2429): Permission failure: android.permission.HIGH_SAMPLING_RATE_SENSORS from uid=10077 pid=11040
05-07 23:45:51.314 W/ServiceManager( 2429): Permission failure: android.permission.HIGH_SAMPLING_RATE_SENSORS from uid=10077 pid=11040
05-07 23:45:51.315 W/ServiceManager( 2429): Permission failure: android.permission.HIGH_SAMPLING_RATE_SENSORS from uid=10077 pid=11040
05-07 23:45:51.319 D/gralloc_x86(11040): gralloc_alloc: Creating ashmem region of size 7376896
05-07 23:45:51.324 V/MediaRouter(11040): Selecting route: RouteInfo{ name=Phone, description=null, status=null, category=RouteCategory{ name=System types=ROUTE_TYPE_LIVE_AUDIO ROUTE_TYPE_LIVE_VIDEO  groupable=false }, supportedTypes=ROUTE_TYPE_LIVE_AUDIO ROUTE_TYPE_LIVE_VIDEO , presentationDisplay=null }
05-07 23:45:51.324 I/MediaRouter(11040): Skip setBluetoothA2dpOn(): types=8388615, isPlaybackActive()=true, BT route=null
05-07 23:45:51.356 I/wifi@1.0-servic( 2248): type=1400 audit(0.0:12979): avc: denied { write } for scontext=u:r:init:s0 tcontext=u:r:init:s0 tclass=netlink_route_socket permissive=1
05-07 23:45:51.356 I/wifi@1.0-servic( 2248): type=1400 audit(0.0:12980): avc: denied { nlmsg_readpriv } for scontext=u:r:init:s0 tcontext=u:r:init:s0 tclass=netlink_route_socket permissive=1
05-07 23:45:51.356 I/wifi@1.0-servic( 2248): type=1400 audit(0.0:12981): avc: denied { read } for scontext=u:r:init:s0 tcontext=u:r:init:s0 tclass=netlink_route_socket permissive=1
05-07 23:45:51.356 I/WifiHandlerThre( 2429): type=1400 audit(0.0:12982): avc: denied { map_read } for scontext=u:r:system_server:s0 tcontext=u:r:init:s0 tclass=bpf permissive=1
05-07 23:45:51.416 I/netd    ( 2219): type=1400 audit(0.0:12983): avc: denied { create } for scontext=u:r:init:s0 tcontext=u:r:init:s0 tclass=netlink_tcpdiag_socket permissive=1
05-07 23:45:51.426 D/gralloc_x86(11040): gralloc_alloc: Creating ashmem region of size 7376896
05-07 23:45:51.427 D/gralloc_x86(11040): gralloc_alloc: Creating ashmem region of size 7376896
05-07 23:45:51.430 D/gralloc_x86(11040): gralloc_alloc: Creating ashmem region of size 7376896
05-07 23:45:51.432 I/ActivityTaskManager( 2429): Fully drawn com.HolydayStudios.Firestone/com.unity3d.player.UnityPlayerActivity: +1s236ms
05-07 23:45:51.438 D/gralloc_x86(11040): gralloc_alloc: Creating ashmem region of size 14749696
05-07 23:45:51.487 I/IL2CPP  (11040): Locale en-US
05-07 23:45:51.579 E/ActivityThread(11040): Failed to find provider info for com.firestone.hooks.settings
05-07 23:45:51.584 E/MediaProvider( 3381): Permission to access file: /storage/emulated/0/Android/media/com.firestone.hooks/firestonehooks.json is denied
05-07 23:45:51.621 D/opengl-gc( 2307): Check pid 3171: running 1
05-07 23:45:52.091 E/ActivityThread(11040): Failed to find provider info for com.firestone.hooks.settings
05-07 23:45:52.095 E/MediaProvider( 3381): Permission to access file: /storage/emulated/0/Android/media/com.firestone.hooks/firestonehooks.json is denied
05-07 23:45:52.600 E/ActivityThread(11040): Failed to find provider info for com.firestone.hooks.settings
05-07 23:45:52.605 E/MediaProvider( 3381): Permission to access file: /storage/emulated/0/Android/media/com.firestone.hooks/firestonehooks.json is denied
05-07 23:45:52.774 W/BroadcastQueue( 2429): Background execution not allowed: receiving Intent { act=android.intent.action.DROPBOX_ENTRY_ADDED flg=0x10 (has extras) } to com.google.android.gms/.stats.service.DropBoxEntryAddedReceiver
05-07 23:45:52.774 D/com.netease.nemu_vapi_android.service.AppService( 2669): dropbox tag: system_server_wtf
05-07 23:45:52.774 D/com.netease.nemu_vapi_android.service.AppService( 2669): dropbox time: 1778168750790
05-07 23:45:52.774 D/com.netease.nemu_vapi_android.service.AppService( 2669): dropbox file is not to be trackd
05-07 23:45:52.860 E/TaskPersister( 2429): File error accessing recents directory (directory doesn't exist?).
05-07 23:45:53.110 E/ActivityThread(11040): Failed to find provider info for com.firestone.hooks.settings
05-07 23:45:53.114 E/MediaProvider( 3381): Permission to access file: /storage/emulated/0/Android/media/com.firestone.hooks/firestonehooks.json is denied
05-07 23:45:53.567 I/Unity   (11040): EpicGames
05-07 23:45:53.567 I/Unity   (11040): UnityEngine.DebugLogHandler:Internal_Log(LogType, LogOption, String, Object)
05-07 23:45:53.567 I/Unity   (11040): GameAnalytics:SendAnalyticsLoadingPhasePHP(LoadingPhase, String, String, String)
05-07 23:45:53.567 I/Unity   (11040): GameAnalytics:SendAnalyticsLoadingPhase(LoadingPhase, String, String, String)
05-07 23:45:53.567 I/Unity   (11040): StartScript:Awake()
05-07 23:45:53.567 I/Unity   (11040): 
05-07 23:45:53.572 I/Thread-4(11040): type=1400 audit(0.0:12988): avc: denied { connectto } for path="/dev/socket/dnsproxyd" scontext=u:r:untrusted_app:s0:c77,c256,c512,c768 tcontext=u:r:init:s0 tclass=unix_stream_socket permissive=1
05-07 23:45:53.576 I/Dns_100_10077( 2219): type=1400 audit(0.0:12989): avc: denied { getopt } for scontext=u:r:init:s0 tcontext=u:r:init:s0 tclass=udp_socket permissive=1
05-07 23:45:53.576 I/Dns_100_10077( 2219): type=1400 audit(0.0:12990): avc: denied { setattr } for name="UDP" dev="sockfs" ino=71483 scontext=u:r:init:s0 tcontext=u:r:init:s0 tclass=udp_socket permissive=1
05-07 23:45:53.576 I/Dns_100_10077( 2219): type=1400 audit(0.0:12991): avc: denied { setopt } for scontext=u:r:init:s0 tcontext=u:r:init:s0 tclass=udp_socket permissive=1
05-07 23:45:53.576 I/Dns_100_10077( 2219): type=1400 audit(0.0:12992): avc: denied { bind } for scontext=u:r:init:s0 tcontext=u:r:init:s0 tclass=udp_socket permissive=1
05-07 23:45:53.585 W/ServiceManager( 2429): Permission failure: android.permission.HIGH_SAMPLING_RATE_SENSORS from uid=10077 pid=11040
05-07 23:45:53.585 W/SensorService( 2429): sensor 00000000 already enabled in connection 0xb400006e09f81d10 (ignoring)
05-07 23:45:53.586 W/ServiceManager( 2429): Permission failure: android.permission.HIGH_SAMPLING_RATE_SENSORS from uid=10077 pid=11040
05-07 23:45:53.619 E/ActivityThread(11040): Failed to find provider info for com.firestone.hooks.settings
05-07 23:45:53.623 E/MediaProvider( 3381): Permission to access file: /storage/emulated/0/Android/media/com.firestone.hooks/firestonehooks.json is denied
05-07 23:45:53.775 I/Unity   (11040): EpicGames
05-07 23:45:53.775 I/Unity   (11040): UnityEngine.DebugLogHandler:Internal_Log(LogType, LogOption, String, Object)
05-07 23:45:53.775 I/Unity   (11040): GameAnalytics:SendAnalyticsLoadingPhasePHP(LoadingPhase, String, String, String)
05-07 23:45:53.775 I/Unity   (11040): GameAnalytics:SendAnalyticsLoadingPhase(LoadingPhase, String, String, String)
05-07 23:45:53.775 I/Unity   (11040): <LoadNextScene>d__24:MoveNext()
05-07 23:45:53.775 I/Unity   (11040): UnityEngine.SetupCoroutine:InvokeMoveNext(IEnumerator, IntPtr)
05-07 23:45:53.775 I/Unity   (11040): 
05-07 23:45:54.127 E/ActivityThread(11040): Failed to find provider info for com.firestone.hooks.settings
05-07 23:45:54.132 E/MediaProvider( 3381): Permission to access file: /storage/emulated/0/Android/media/com.firestone.hooks/firestonehooks.json is denied
05-07 23:45:54.636 E/ActivityThread(11040): Failed to find provider info for com.firestone.hooks.settings
05-07 23:45:54.640 E/MediaProvider( 3381): Permission to access file: /storage/emulated/0/Android/media/com.firestone.hooks/firestonehooks.json is denied
