05-07 23:47:41.219 I/Unity   (11374): CurrentPlatform has been assigned as Android.
05-07 23:47:41.219 I/Unity   (11374): UnityEngine.DebugLogHandler:Internal_Log(LogType, LogOption, String, Object)
05-07 23:47:41.219 I/Unity   (11374): PlayEveryWare.EpicOnlineServices.PlatformManager:.cctor()
05-07 23:47:41.219 I/Unity   (11374): PlayEveryWare.EpicOnlineServices.Utility.ConfigurationUtility:GetEOSInitializeOptions()
05-07 23:47:41.219 I/Unity   (11374): PlayEveryWare.EpicOnlineServices.EOSSingleton:InitializePlatformInterface()
05-07 23:47:41.219 I/Unity   (11374): PlayEveryWare.EpicOnlineServices.EOSSingleton:Init(IEOSCoroutineOwner, String)
05-07 23:47:41.219 I/Unity   (11374): UnityEngine.GameObject:Internal_AddComponentWithType(Type)
05-07 23:47:41.219 I/Unity   (11374): UnityEngine.GameObject:AddComponent()
05-07 23:47:41.219 I/Unity   (11374): BuildSettings:Initialize()
05-07 23:47:41.219 I/Unity   (11374): <StartGameFlow>d__22:MoveNext()
05-07 23:47:41.219 I/Unity   (11374): UnityEngine.SetupCoroutine:InvokeMoveNext(IEnumerator, IntPtr)
05-07 23:47:41.219 I/Unity   (11374): 
05-07 23:47:41.222 E/Unity   (11374): Unable to populate object of type "PlayEveryWare.EpicOnlineServices.Config" from JSON: "{
05-07 23:47:41.222 E/Unity   (11374):   "GoogleLoginClientID": null,
05-07 23:47:41.222 E/Unity   (11374):   "GoogleLoginNonce": null,
05-07 23:47:41.222 E/Unity   (11374):   "deployment": {
05-07 23:47:41.222 E/Unity   (11374):     "SandboxId": {
05-07 23:47:41.222 E/Unity   (11374):       "Value": "bda8d2133655435982b9118972792328"
05-07 23:47:41.222 E/Unity   (11374):     },
05-07 23:47:41.222 E/Unity   (11374):     "DeploymentId": "a65c0335e67b4aec8eec651de8dca6ac"
05-07 23:47:41.222 E/Unity   (11374):   },
05-07 23:47:41.222 E/Unity   (11374):   "clientCredentials": {
05-07 23:47:41.222 E/Unity   (11374):     "ClientId": "xyza78915T3juKOECHQEveLJcfCt98aA",
05-07 23:47:41.222 E/Unity   (11374):     "ClientSecret": "PF1bwir+BL20l71IojvewwKkgPD6TgpfqcUyKjd2FO0",
05-07 23:47:41.222 E/Unity   (11374):     "EncryptionKey": "D225E0C13EA6F5200170CDC21CF31848DE716F387164E6E120EEBBB7D71612F9"
05-07 23:47:41.222 E/Unity   (11374):   },
05-07 23:47:41.222 E/Unity   (11374):   "isServer": false,
05-07 23:47:41.222 E/Unity   (11374):   "platformOptionsFlags": "None",
05-07 23:47:41.222 E/Unity   (11374):   "authScopeOptionsFlags": "BasicProfile, FriendsList, Presence",
05-07 23:47:41.222 E/Unity   (11374):   "integratedPlatformManagementFlags": 0,
05-07 23:47:41.222 E/Unity   (11374):   "tickBudgetInMilliseconds": 0,
05-07 23:47:41.222 E/Unity   (11374):   "taskNetworkTimeoutSeconds": 0.0,
05-07 23:47:41.222 E/Unity   (11374):   "threadAffinity": {
05-07 23:47:41.222 E/Unity   (11374):     "NetworkWork": 0,
05-07 23:47:41.222 E/Unity   (11374):     "StorageIo": 0,
05-07 23:47:41.222 E/Unity   (11374):     "WebSocketIo": 0,
05-07 23:47:41.222 E/Unity   (11374):     "P2PIo": 0,
05-07 23:47:41.222 E/Unity   (11374):     "HttpRequestIo": 0,
05-07 23:47:41.222 E/Unity   (11374):     "RTCIo": 0,
05-07 23:47:41.222 E/Unity   (11374):     "EmbeddedOverlayMainThread": 0,
05-07 23:47:41.222 E/Unity   (11374):     "EmbeddedOverlayWorkerThreads": 0
05-07 23:47:41.222 E/Unity   (11374):   },
05-07 23:47:41.222 I/Unity   (11374): Platform Android has no defined deployment, so one was selected: "Deployment" : (DeploymentId: a65c0335e67b4aec8eec651de8dca6ac, SandboxId: bda8d2133655435982b9118972792328).
05-07 23:47:41.222 I/Unity   (11374): UnityEngine.DebugLogHandler:Internal_Log(LogType, LogOption, String, Object)
05-07 23:47:41.222 I/Unity   (11374): PlayEveryWare.EpicOnlineServices.PlatformConfig:OnReadCompleted()
05-07 23:47:41.222 I/Unity   (11374): PlayEveryWare.EpicOnlineServices.Config:Get()
05-07 23:47:41.222 I/Unity   (11374): PlayEveryWare.EpicOnlineServices.PlatformManager:GetPlatformConfig()
05-07 23:47:41.222 I/Unity   (11374): PlayEveryWare.EpicOnlineServices.Utility.ConfigurationUtility:GetEOSInitializeOptions()
05-07 23:47:41.222 I/Unity   (11374): PlayEveryWare.EpicOnlineServices.EOSSingleton:InitializePlatformInterface()
05-07 23:47:41.222 I/Unity   (11374): PlayEveryWare.EpicOnlineServices.EOSSingleton:Init(IEOSCoroutineOwner, String)
05-07 23:47:41.222 I/Unity   (11374): UnityEngine.GameObject:Internal_AddComponentWithType(Type)
05-07 23:47:41.222 I/Unity   (11374): UnityEngine.GameObject:AddComponent()
05-07 23:47:41.222 I/Unity   (11374): BuildSettings:Initialize()
05-07 23:47:41.222 I/Unity   (11374): <StartGameFlow>d__22:MoveNext()
05-07 23:47:41.222 I/Unity   (11374): UnityEngine.SetupCoroutine:InvokeMoveNext(IEnumerator, IntPtr)
05-07 23:47:41.222 I/Unity   (11374): 
05-07 23:47:41.222 I/Unity   (11374): Platform Android has no defined client credentials, so one was selected: "Client" : (PlayEveryWare.EpicOnlineServices.EOSClientCredentials).
05-07 23:47:41.222 I/Unity   (11374): UnityEngine.DebugLogHandler:Internal_Log(LogType, LogOption, String, Object)
05-07 23:47:41.222 I/Unity   (11374): PlayEveryWare.EpicOnlineServices.PlatformConfig:OnReadCompleted()
05-07 23:47:41.222 I/Unity   (11374): PlayEveryWare.EpicOnlineServices.Config:Get()
05-07 23:47:41.222 I/Unity   (11374): PlayEveryWare.EpicOnlineServices.PlatformManager:GetPlatformConfig()
05-07 23:47:41.222 I/Unity   (11374): PlayEveryWare.EpicOnlineServices.Utility.ConfigurationUtility:GetEOSInitializeOptions()
05-07 23:47:41.222 I/Unity   (11374): PlayEveryWare.EpicOnlineServices.EOSSingleton:InitializePlatformInterface()
05-07 23:47:41.222 I/Unity   (11374): PlayEveryWare.EpicOnlineServices.EOSSingleton:Init(IEOSCoroutineOwner, String)
05-07 23:47:41.222 I/Unity   (11374): UnityEngine.GameObject:Internal_AddComponentWithType(Type)
05-07 23:47:41.222 I/Unity   (11374): UnityEngine.GameObject:AddComponent()
05-07 23:47:41.222 I/Unity   (11374): BuildSettings:Initialize()
05-07 23:47:41.222 I/Unity   (11374): <StartGameFlow>d__22:MoveNext()
05-07 23:47:41.222 I/Unity   (11374): UnityEngine.SetupCoroutine:InvokeMoveNext(IEnumerator, IntPtr)
05-07 23:47:41.222 I/Unity   (11374): 
05-07 23:47:41.223 E/Unity   (11374): Unable to populate object of type "PlayEveryWare.EpicOnlineServices.Config" from JSON: "{
05-07 23:47:41.223 E/Unity   (11374):   "deploymentID": "a65c0335e67b4aec8eec651de8dca6ac",
05-07 23:47:41.223 E/Unity   (11374):   "clientID": "xyza78915T3juKOECHQEveLJcfCt98aA",
05-07 23:47:41.223 E/Unity   (11374):   "tickBudgetInMilliseconds": 0,
05-07 23:47:41.223 E/Unity   (11374):   "taskNetworkTimeoutSeconds": 0.0,
05-07 23:47:41.223 E/Unity   (11374):   "platformOptionsFlags": "None",
05-07 23:47:41.223 E/Unity   (11374):   "authScopeOptionsFlags": "NoFlags",
05-07 23:47:41.223 E/Unity   (11374):   "integratedPlatformManagementFlags": 0,
05-07 23:47:41.223 E/Unity   (11374):   "alwaysSendInputToOverlay": false,
05-07 23:47:41.223 E/Unity   (11374):   "schemaVersion": "1.0"
05-07 23:47:41.223 E/Unity   (11374): }". Exception: "Error creating 'PlayEveryWare.EpicOnlineServices.ListOfStringsToPlatformFlags'."
05-07 23:47:41.223 E/Unity   (11374): UnityEngine.DebugLogHandler:Internal_Log(LogType, LogOption, String, Object)
05-07 23:47:41.223 E/Unity   (11374): PlayEveryWare.EpicOnlineServices.Config:Read()
05-07 23:47:41.223 E/Unity   (11374): PlayEveryWare.EpicOnlineServices.Config:Get()
05-07 23:47:41.223 E/Unity   (11374): PlayEveryWare.EpicOnlineServices.PlatformConfig:MigrateConfig()
05-07 23:47:41.223 E/Unity   (11374): PlayEveryWare.EpicOnlineServices.Config:Get()
05-07 23:47:41.223 E/Unity   (11374): PlayEveryWare.EpicOnlineServices.PlatformManager:GetPlatformConfig()
05-07 23:47:41.223 E/Unity   (11374): PlayEveryWare.EpicOnlineServices.Utility.ConfigurationUtility:GetEOSInitializeOptions()
05-07 23:47:41.223 E/Unity   (11374): PlayEveryWare.EpicOnlineServices.EOSSing
05-07 23:47:41.224 I/Unity   (11374): The previous config did not explicitly define a deployment. There was one defined deployment, automatically selecting deployment name 'Deployment' with id 'a65c0335-e67b-4aec-8eec-651de8dca6ac'.
05-07 23:47:41.224 I/Unity   (11374): UnityEngine.DebugLogHandler:Internal_Log(LogType, LogOption, String, Object)
05-07 23:47:41.224 I/Unity   (11374): PlayEveryWare.EpicOnlineServices.PlatformConfig:MigrateNonOverrideableConfigValues(EOSConfig, NonOverrideableConfigValues)
05-07 23:47:41.224 I/Unity   (11374): PlayEveryWare.EpicOnlineServices.PlatformConfig:MigrateConfig()
05-07 23:47:41.224 I/Unity   (11374): PlayEveryWare.EpicOnlineServices.Config:Get()
05-07 23:47:41.224 I/Unity   (11374): PlayEveryWare.EpicOnlineServices.PlatformManager:GetPlatformConfig()
05-07 23:47:41.224 I/Unity   (11374): PlayEveryWare.EpicOnlineServices.Utility.ConfigurationUtility:GetEOSInitializeOptions()
05-07 23:47:41.224 I/Unity   (11374): PlayEveryWare.EpicOnlineServices.EOSSingleton:InitializePlatformInterface()
05-07 23:47:41.224 I/Unity   (11374): PlayEveryWare.EpicOnlineServices.EOSSingleton:Init(IEOSCoroutineOwner, String)
05-07 23:47:41.224 I/Unity   (11374): UnityEngine.GameObject:Internal_AddComponentWithType(Type)
05-07 23:47:41.224 I/Unity   (11374): UnityEngine.GameObject:AddComponent()
05-07 23:47:41.224 I/Unity   (11374): BuildSettings:Initialize()
05-07 23:47:41.224 I/Unity   (11374): <StartGameFlow>d__22:MoveNext()
05-07 23:47:41.224 I/Unity   (11374): UnityEngine.SetupCoroutine:InvokeMoveNext(IEnumera
05-07 23:47:41.224 I/Unity   (11374): The previous config did not explicitly define client credentials. There was one defined client credential, automatically selecting client credential name 'Client' with id 'xyza78915T3juKOECHQEveLJcfCt98aA'.
05-07 23:47:41.224 I/Unity   (11374): UnityEngine.DebugLogHandler:Internal_Log(LogType, LogOption, String, Object)
05-07 23:47:41.224 I/Unity   (11374): PlayEveryWare.EpicOnlineServices.PlatformConfig:MigrateNonOverrideableConfigValues(EOSConfig, NonOverrideableConfigValues)
05-07 23:47:41.224 I/Unity   (11374): PlayEveryWare.EpicOnlineServices.PlatformConfig:MigrateConfig()
05-07 23:47:41.224 I/Unity   (11374): PlayEveryWare.EpicOnlineServices.Config:Get()
05-07 23:47:41.224 I/Unity   (11374): PlayEveryWare.EpicOnlineServices.PlatformManager:GetPlatformConfig()
05-07 23:47:41.224 I/Unity   (11374): PlayEveryWare.EpicOnlineServices.Utility.ConfigurationUtility:GetEOSInitializeOptions()
05-07 23:47:41.224 I/Unity   (11374): PlayEveryWare.EpicOnlineServices.EOSSingleton:InitializePlatformInterface()
05-07 23:47:41.224 I/Unity   (11374): PlayEveryWare.EpicOnlineServices.EOSSingleton:Init(IEOSCoroutineOwner, String)
05-07 23:47:41.224 I/Unity   (11374): UnityEngine.GameObject:Internal_AddComponentWithType(Type)
05-07 23:47:41.224 I/Unity   (11374): UnityEngine.GameObject:AddComponent()
05-07 23:47:41.224 I/Unity   (11374): BuildSettings:Initialize()
05-07 23:47:41.224 I/Unity   (11374): <StartGameFlow>d__22:MoveNext()
05-07 23:47:41.224 I/Unity   (11374): UnityEngine.SetupCoroutine:InvokeMoveN
05-07 23:47:41.224 W/Unity   (11374): Configuration values for AndroidConfig have been migrated. Please double check your configuration in EOS Plugin -> EOS Configuration to make sure that the migration was successful.
05-07 23:47:41.224 W/Unity   (11374): UnityEngine.DebugLogHandler:Internal_Log(LogType, LogOption, String, Object)
05-07 23:47:41.224 W/Unity   (11374): PlayEveryWare.EpicOnlineServices.Config:Get()
05-07 23:47:41.224 W/Unity   (11374): PlayEveryWare.EpicOnlineServices.PlatformManager:GetPlatformConfig()
05-07 23:47:41.224 W/Unity   (11374): PlayEveryWare.EpicOnlineServices.Utility.ConfigurationUtility:GetEOSInitializeOptions()
05-07 23:47:41.224 W/Unity   (11374): PlayEveryWare.EpicOnlineServices.EOSSingleton:InitializePlatformInterface()
05-07 23:47:41.224 W/Unity   (11374): PlayEveryWare.EpicOnlineServices.EOSSingleton:Init(IEOSCoroutineOwner, String)
05-07 23:47:41.224 W/Unity   (11374): UnityEngine.GameObject:Internal_AddComponentWithType(Type)
05-07 23:47:41.224 W/Unity   (11374): UnityEngine.GameObject:AddComponent()
05-07 23:47:41.224 W/Unity   (11374): BuildSettings:Initialize()
05-07 23:47:41.224 W/Unity   (11374): <StartGameFlow>d__22:MoveNext()
05-07 23:47:41.224 W/Unity   (11374): UnityEngine.SetupCoroutine:InvokeMoveNext(IEnumerator, IntPtr)
05-07 23:47:41.224 W/Unity   (11374): 
05-07 23:47:41.225 I/Unity   (11374): EOSAndroid: Getting activity context...
05-07 23:47:41.225 I/Unity   (11374): UnityEngine.DebugLogHandler:Internal_Log(LogType, LogOption, String, Object)
05-07 23:47:41.225 I/Unity   (11374): PlayEveryWare.EpicOnlineServices.AndroidPlatformSpecifics:ConfigureAndroidActivity()
05-07 23:47:41.225 I/Unity   (11374): PlayEveryWare.EpicOnlineServices.AndroidPlatformSpecifics:ConfigureSystemInitOptions(EOSInitializeOptions&)
05-07 23:47:41.225 I/Unity   (11374): PlayEveryWare.EpicOnlineServices.Utility.ConfigurationUtility:GetEOSInitializeOptions()
05-07 23:47:41.225 I/Unity   (11374): PlayEveryWare.EpicOnlineServices.EOSSingleton:InitializePlatformInterface()
05-07 23:47:41.225 I/Unity   (11374): PlayEveryWare.EpicOnlineServices.EOSSingleton:Init(IEOSCoroutineOwner, String)
05-07 23:47:41.225 I/Unity   (11374): UnityEngine.GameObject:Internal_AddComponentWithType(Type)
05-07 23:47:41.225 I/Unity   (11374): UnityEngine.GameObject:AddComponent()
05-07 23:47:41.225 I/Unity   (11374): BuildSettings:Initialize()
05-07 23:47:41.225 I/Unity   (11374): <StartGameFlow>d__22:MoveNext()
05-07 23:47:41.225 I/Unity   (11374): UnityEngine.SetupCoroutine:InvokeMoveNext(IEnumerator, IntPtr)
05-07 23:47:41.225 I/Unity   (11374): 
05-07 23:47:41.225 I/Unity   (11374): EOSAndroid: activity context found!
05-07 23:47:41.225 I/Unity   (11374): UnityEngine.DebugLogHandler:Internal_Log(LogType, LogOption, String, Object)
05-07 23:47:41.225 I/Unity   (11374): PlayEveryWare.EpicOnlineServices.AndroidPlatformSpecifics:ConfigureAndroidActivity()
05-07 23:47:41.225 I/Unity   (11374): PlayEveryWare.EpicOnlineServices.AndroidPlatformSpecifics:ConfigureSystemInitOptions(EOSInitializeOptions&)
05-07 23:47:41.225 I/Unity   (11374): PlayEveryWare.EpicOnlineServices.Utility.ConfigurationUtility:GetEOSInitializeOptions()
05-07 23:47:41.225 I/Unity   (11374): PlayEveryWare.EpicOnlineServices.EOSSingleton:InitializePlatformInterface()
05-07 23:47:41.225 I/Unity   (11374): PlayEveryWare.EpicOnlineServices.EOSSingleton:Init(IEOSCoroutineOwner, String)
05-07 23:47:41.225 I/Unity   (11374): UnityEngine.GameObject:Internal_AddComponentWithType(Type)
05-07 23:47:41.225 I/Unity   (11374): UnityEngine.GameObject:AddComponent()
05-07 23:47:41.225 I/Unity   (11374): BuildSettings:Initialize()
05-07 23:47:41.225 I/Unity   (11374): <StartGameFlow>d__22:MoveNext()
05-07 23:47:41.225 I/Unity   (11374): UnityEngine.SetupCoroutine:InvokeMoveNext(IEnumerator, IntPtr)
05-07 23:47:41.225 I/Unity   (11374): 
05-07 23:47:41.225 I/Unity   (11374): EOSAndroid: call EOS SDK init.
05-07 23:47:41.225 I/Unity   (11374): UnityEngine.DebugLogHandler:Internal_Log(LogType, LogOption, String, Object)
05-07 23:47:41.225 I/Unity   (11374): PlayEveryWare.EpicOnlineServices.AndroidPlatformSpecifics:ConfigureAndroidActivity()
05-07 23:47:41.225 I/Unity   (11374): PlayEveryWare.EpicOnlineServices.AndroidPlatformSpecifics:ConfigureSystemInitOptions(EOSInitializeOptions&)
05-07 23:47:41.225 I/Unity   (11374): PlayEveryWare.EpicOnlineServices.Utility.ConfigurationUtility:GetEOSInitializeOptions()
05-07 23:47:41.225 I/Unity   (11374): PlayEveryWare.EpicOnlineServices.EOSSingleton:InitializePlatformInterface()
05-07 23:47:41.225 I/Unity   (11374): PlayEveryWare.EpicOnlineServices.EOSSingleton:Init(IEOSCoroutineOwner, String)
05-07 23:47:41.225 I/Unity   (11374): UnityEngine.GameObject:Internal_AddComponentWithType(Type)
05-07 23:47:41.225 I/Unity   (11374): UnityEngine.GameObject:AddComponent()
05-07 23:47:41.225 I/Unity   (11374): BuildSettings:Initialize()
05-07 23:47:41.225 I/Unity   (11374): <StartGameFlow>d__22:MoveNext()
05-07 23:47:41.225 I/Unity   (11374): UnityEngine.SetupCoroutine:InvokeMoveNext(IEnumerator, IntPtr)
05-07 23:47:41.225 I/Unity   (11374): 
05-07 23:47:41.228 I/Binder:2110_4( 2110): type=1400 audit(0.0:13361): avc: denied { lock } for path="/data/misc/keystore/persistent.sqlite" dev="sdb3" ino=5505027 scontext=u:r:init:s0 tcontext=u:object_r:keystore_data_file:s0 tclass=file permissive=1
05-07 23:47:41.242 I/EngineFactory(11374): Provider GmsCore_OpenSSL not available
05-07 23:47:41.244 W/ActivityManager( 2429): callingPackage:com.HolydayStudios.Firestone, packageName:com.brave.browser, name:org.chromium.chrome.browser.customtabs.CustomTabsConnectionService, isSkip: true
05-07 23:47:41.244 I/lmkd    ( 2055): type=1400 audit(0.0:13362): avc: denied { write } for name="oom_score_adj" dev="proc" ino=38425 scontext=u:r:init:s0 tcontext=u:r:untrusted_app:s0:c55,c256,c512,c768 tclass=file permissive=1
05-07 23:47:41.244 I/m.brave.browser( 5531): type=1400 audit(0.0:13363): avc: denied { getattr } for path="/system/framework/framework-res.apk" dev="sda1" ino=1454 scontext=u:r:untrusted_app:s0:c55,c256,c512,c768 tcontext=u:object_r:unlabeled:s0 tclass=file permissive=1
05-07 23:47:41.260 I/Unity   (11374): 05/07/2026 23:47:41 LogEOS(Info): [Boot] EOSSDK Version 1.17.1.3-44532354 booting at 2026-05-07T15:47:41.260Z using CSharp
05-07 23:47:41.260 I/Unity   (11374): 05/07/2026 23:47:41 LogEOS(Info): [Boot] EOSSDK Platform Properties [OS=Android/12, ClientId=xyza78915T3juKOECHQEveLJcfCt98aA, ProductId=69576a28f7154fe9a0dce97508da5163, SandboxId=bda8d2133655435982b9118972792328, DeploymentId=a65c0335e67b4aec8eec651de8dca6ac, ProductName=Firestone Online Idle RPG, ProductVersion=1.89, IsServer=false, Flags=None]
05-07 23:47:41.260 I/Unity   (11374): 05/07/2026 23:47:41 LogEOSAnalytics(Info): Start Session (User: ...)
05-07 23:47:41.261 I/Unity   (11374): 05/07/2026 23:47:41 LogEOSOverlay(Info): Overlay loaded and initialized
05-07 23:47:41.262 I/Unity   (11374): 05/07/2026 23:47:41 LogEOSRTC(Info): [Core] Initializing LibRTC...
05-07 23:47:41.265 I/Unity   (11374): PlatformID: 0
05-07 23:47:41.265 I/Unity   (11374): UnityEngine.DebugLogHandler:Internal_Log(LogType, LogOption, String, Object)
05-07 23:47:41.265 I/Unity   (11374): BuildSettings:Initialize()
05-07 23:47:41.265 I/Unity   (11374): <StartGameFlow>d__22:MoveNext()
05-07 23:47:41.265 I/Unity   (11374): UnityEngine.SetupCoroutine:InvokeMoveNext(IEnumerator, IntPtr)
05-07 23:47:41.265 I/Unity   (11374): 
05-07 23:47:41.271 I/Unity   (11374): 05/07/2026 23:47:41 LogEOS(Info): Updating Platform SDK Config, Time: 0.007445
05-07 23:47:41.347 E/ActivityThread(11374): Failed to find provider info for com.firestone.hooks.settings
05-07 23:47:41.351 E/MediaProvider( 3381): Permission to access file: /storage/emulated/0/Android/media/com.firestone.hooks/firestonehooks.json is denied
05-07 23:47:41.465 I/Unity   (11374): 05/07/2026 23:47:41 LogEOS(Info): SDK Config Platform Update Request Successful, Time: 0.166526
05-07 23:47:41.466 I/Unity   (11374): 05/07/2026 23:47:41 LogEOSAnalytics(Info): EOS SDK Analytics disabled for route [1].
05-07 23:47:41.468 I/Unity   (11374): 05/07/2026 23:47:41 LogEOS(Info): Prewarming URL successful
05-07 23:47:41.468 I/udios.Fireston(11374): oneway function results for code 9 on binder at 0xb400006d69ffa3a0 will be dropped but finished with status UNKNOWN_TRANSACTION
05-07 23:47:41.469 I/Unity   (11374): 05/07/2026 23:47:41 LogEOS(Info): Updating Product SDK Config, Time: 0.201726
05-07 23:47:41.631 D/opengl-gc( 2307): Check pid 3171: running 1
05-07 23:47:41.628 I/opengl-gc( 2307): type=1400 audit(0.0:13364): avc: denied { sys_ptrace } for capability=19 scontext=u:r:init:s0 tcontext=u:r:init:s0 tclass=capability permissive=1
05-07 23:47:41.665 I/Unity   (11374): 05/07/2026 23:47:41 LogEOSAnalytics(Info): Start Session (User: ...)
05-07 23:47:41.763 I/Unity   (11374): 05/07/2026 23:47:41 LogEOS(Info): SDK Config Product Update Request Successful, Time: 0.466870
05-07 23:47:41.766 I/Unity   (11374): 05/07/2026 23:47:41 LogEOS(Info): Prewarming URL successful
05-07 23:47:41.766 I/udios.Fireston(11374): oneway function results for code 9 on binder at 0xb400006d69ffa3a0 will be dropped but finished with status UNKNOWN_TRANSACTION
05-07 23:47:41.766 I/Unity   (11374): 05/07/2026 23:47:41 LogEOS(Info): SDK Config Data - Watermark: 438070848
05-07 23:47:41.766 I/Unity   (11374): 05/07/2026 23:47:41 LogEOS(Info): ScheduleNextSDKConfigDataUpdate - Time: 0.466870, Update Interval: 315.896362
05-07 23:47:41.855 E/ActivityThread(11374): Failed to find provider info for com.firestone.hooks.settings
05-07 23:47:41.859 E/MediaProvider( 3381): Permission to access file: /storage/emulated/0/Android/media/com.firestone.hooks/firestonehooks.json is denied
05-07 23:47:41.959 D/BoundBrokerSvc( 2754): onUnbind: Intent { act=com.google.android.gms.common.telemetry.service.START dat=chimera-action: cmp=com.google.android.gms/.chimera.PersistentApiService }
05-07 23:47:42.275 D/ProfileInstaller(11374): Skipping profile installation for com.HolydayStudios.Firestone
05-07 23:47:42.363 E/ActivityThread(11374): Failed to find provider info for com.firestone.hooks.settings
05-07 23:47:42.367 E/MediaProvider( 3381): Permission to access file: /storage/emulated/0/Android/media/com.firestone.hooks/firestonehooks.json is denied
05-07 23:47:42.718 I/FirestoneHooks(11374): god-mode BattleHero.IsImmune hit #1 this=0x6cc0245330
05-07 23:47:42.719 I/FirestoneHooks(11374): god-mode BattleHero.IsImmune hit #2 this=0x6cc0245330
05-07 23:47:42.719 I/FirestoneHooks(11374): god-mode BattleHero.IsImmune hit #3 this=0x6cc0245330
05-07 23:47:42.719 I/FirestoneHooks(11374): god-mode BattleHero.IsImmune hit #4 this=0x6cc0245330
05-07 23:47:42.719 I/FirestoneHooks(11374): god-mode BattleHero.IsImmune hit #5 this=0x6cc0245330
05-07 23:47:42.870 E/ActivityThread(11374): Failed to find provider info for com.firestone.hooks.settings
05-07 23:47:42.873 E/MediaProvider( 3381): Permission to access file: /storage/emulated/0/Android/media/com.firestone.hooks/firestonehooks.json is denied
05-07 23:47:43.376 E/ActivityThread(11374): Failed to find provider info for com.firestone.hooks.settings
05-07 23:47:43.379 E/MediaProvider( 3381): Permission to access file: /storage/emulated/0/Android/media/com.firestone.hooks/firestonehooks.json is denied
05-07 23:47:43.882 E/ActivityThread(11374): Failed to find provider info for com.firestone.hooks.settings
05-07 23:47:43.884 E/MediaProvider( 3381): Permission to access file: /storage/emulated/0/Android/media/com.firestone.hooks/firestonehooks.json is denied
05-07 23:47:44.388 E/ActivityThread(11374): Failed to find provider info for com.firestone.hooks.settings
05-07 23:47:44.391 E/MediaProvider( 3381): Permission to access file: /storage/emulated/0/Android/media/com.firestone.hooks/firestonehooks.json is denied
05-07 23:47:44.812 I/IpClient.wlan0( 2668): type=1400 audit(0.0:13365): avc: denied { call } for scontext=u:r:network_stack:s0 tcontext=u:r:init:s0 tclass=binder permissive=1
05-07 23:47:44.893 E/ActivityThread(11374): Failed to find provider info for com.firestone.hooks.settings
05-07 23:47:44.896 E/MediaProvider( 3381): Permission to access file: /storage/emulated/0/Android/media/com.firestone.hooks/firestonehooks.json is denied
05-07 23:47:45.400 E/ActivityThread(11374): Failed to find provider info for com.firestone.hooks.settings
05-07 23:47:45.403 E/MediaProvider( 3381): Permission to access file: /storage/emulated/0/Android/media/com.firestone.hooks/firestonehooks.json is denied
05-07 23:47:45.906 E/ActivityThread(11374): Failed to find provider info for com.firestone.hooks.settings
05-07 23:47:45.909 E/MediaProvider( 3381): Permission to access file: /storage/emulated/0/Android/media/com.firestone.hooks/firestonehooks.json is denied
05-07 23:47:46.413 E/ActivityThread(11374): Failed to find provider info for com.firestone.hooks.settings
05-07 23:47:46.416 E/MediaProvider( 3381): Permission to access file: /storage/emulated/0/Android/media/com.firestone.hooks/firestonehooks.json is denied
05-07 23:47:46.920 E/ActivityThread(11374): Failed to find provider info for com.firestone.hooks.settings
05-07 23:47:46.923 E/MediaProvider( 3381): Permission to access file: /storage/emulated/0/Android/media/com.firestone.hooks/firestonehooks.json is denied
05-07 23:47:46.977 D/BoundBrokerSvc( 3171): onUnbind: Intent { act=com.google.android.gms.measurement.START pkg=com.google.android.gms }
05-07 23:47:47.427 E/ActivityThread(11374): Failed to find provider info for com.firestone.hooks.settings
05-07 23:47:47.431 E/MediaProvider( 3381): Permission to access file: /storage/emulated/0/Android/media/com.firestone.hooks/firestonehooks.json is denied
05-07 23:47:47.934 E/ActivityThread(11374): Failed to find provider info for com.firestone.hooks.settings
05-07 23:47:47.937 E/MediaProvider( 3381): Permission to access file: /storage/emulated/0/Android/media/com.firestone.hooks/firestonehooks.json is denied
05-07 23:47:48.440 E/ActivityThread(11374): Failed to find provider info for com.firestone.hooks.settings
05-07 23:47:48.443 E/MediaProvider( 3381): Permission to access file: /storage/emulated/0/Android/media/com.firestone.hooks/firestonehooks.json is denied
05-07 23:47:48.946 E/ActivityThread(11374): Failed to find provider info for com.firestone.hooks.settings
05-07 23:47:48.949 E/MediaProvider( 3381): Permission to access file: /storage/emulated/0/Android/media/com.firestone.hooks/firestonehooks.json is denied
05-07 23:47:49.453 E/ActivityThread(11374): Failed to find provider info for com.firestone.hooks.settings
05-07 23:47:49.456 E/MediaProvider( 3381): Permission to access file: /storage/emulated/0/Android/media/com.firestone.hooks/firestonehooks.json is denied
05-07 23:47:49.959 E/ActivityThread(11374): Failed to find provider info for com.firestone.hooks.settings
05-07 23:47:49.962 E/MediaProvider( 3381): Permission to access file: /storage/emulated/0/Android/media/com.firestone.hooks/firestonehooks.json is denied
05-07 23:47:50.465 E/ActivityThread(11374): Failed to find provider info for com.firestone.hooks.settings
05-07 23:47:50.467 E/MediaProvider( 3381): Permission to access file: /storage/emulated/0/Android/media/com.firestone.hooks/firestonehooks.json is denied
05-07 23:47:50.972 E/ActivityThread(11374): Failed to find provider info for com.firestone.hooks.settings
05-07 23:47:50.974 E/MediaProvider( 3381): Permission to access file: /storage/emulated/0/Android/media/com.firestone.hooks/firestonehooks.json is denied
05-07 23:47:51.241 I/keystore2( 2110): keystore2::watchdog: Watchdog thread idle -> terminating. Have a great day.
05-07 23:47:51.424 I/netd    ( 2219): type=1400 audit(0.0:13366): avc: denied { create } for scontext=u:r:init:s0 tcontext=u:r:init:s0 tclass=netlink_tcpdiag_socket permissive=1
05-07 23:47:51.424 I/netd    ( 2219): type=1400 audit(0.0:13367): avc: denied { connect } for scontext=u:r:init:s0 tcontext=u:r:init:s0 tclass=netlink_tcpdiag_socket permissive=1
05-07 23:47:51.424 I/netd    ( 2219): type=1400 audit(0.0:13368): avc: denied { write } for path="socket:[73723]" dev="sockfs" ino=73723 scontext=u:r:init:s0 tcontext=u:r:init:s0 tclass=netlink_tcpdiag_socket permissive=1
05-07 23:47:51.424 I/netd    ( 2219): type=1400 audit(0.0:13369): avc: denied { nlmsg_read } for scontext=u:r:init:s0 tcontext=u:r:init:s0 tclass=netlink_tcpdiag_socket permissive=1
05-07 23:47:51.478 E/ActivityThread(11374): Failed to find provider info for com.firestone.hooks.settings
05-07 23:47:51.481 E/MediaProvider( 3381): Permission to access file: /storage/emulated/0/Android/media/com.firestone.hooks/firestonehooks.json is denied
05-07 23:47:51.632 D/opengl-gc( 2307): Check pid 3171: running 1
05-07 23:47:51.984 E/ActivityThread(11374): Failed to find provider info for com.firestone.hooks.settings
05-07 23:47:51.987 E/MediaProvider( 3381): Permission to access file: /storage/emulated/0/Android/media/com.firestone.hooks/firestonehooks.json is denied
05-07 23:47:52.492 E/ActivityThread(11374): Failed to find provider info for com.firestone.hooks.settings
05-07 23:47:52.495 E/MediaProvider( 3381): Permission to access file: /storage/emulated/0/Android/media/com.firestone.hooks/firestonehooks.json is denied
05-07 23:47:52.999 E/ActivityThread(11374): Failed to find provider info for com.firestone.hooks.settings
05-07 23:47:53.001 E/MediaProvider( 3381): Permission to access file: /storage/emulated/0/Android/media/com.firestone.hooks/firestonehooks.json is denied
05-07 23:47:53.024 I/lmkd    ( 2055): type=1400 audit(0.0:13370): avc: denied { write } for name="oom_score_adj" dev="proc" ino=50246 scontext=u:r:init:s0 tcontext=u:r:isolated_app:s0:c512,c768 tclass=file permissive=1
05-07 23:47:53.504 E/ActivityThread(11374): Failed to find provider info for com.firestone.hooks.settings
05-07 23:47:53.507 E/MediaProvider( 3381): Permission to access file: /storage/emulated/0/Android/media/com.firestone.hooks/firestonehooks.json is denied
05-07 23:47:54.011 E/ActivityThread(11374): Failed to find provider info for com.firestone.hooks.settings
05-07 23:47:54.014 E/MediaProvider( 3381): Permission to access file: /storage/emulated/0/Android/media/com.firestone.hooks/firestonehooks.json is denied
05-07 23:47:54.517 E/ActivityThread(11374): Failed to find provider info for com.firestone.hooks.settings
05-07 23:47:54.520 E/MediaProvider( 3381): Permission to access file: /storage/emulated/0/Android/media/com.firestone.hooks/firestonehooks.json is denied
05-07 23:47:55.022 E/ActivityThread(11374): Failed to find provider info for com.firestone.hooks.settings
05-07 23:47:55.026 E/MediaProvider( 3381): Permission to access file: /storage/emulated/0/Android/media/com.firestone.hooks/firestonehooks.json is denied
05-07 23:47:55.529 E/ActivityThread(11374): Failed to find provider info for com.firestone.hooks.settings
05-07 23:47:55.532 E/MediaProvider( 3381): Permission to access file: /storage/emulated/0/Android/media/com.firestone.hooks/firestonehooks.json is denied
05-07 23:47:56.035 E/ActivityThread(11374): Failed to find provider info for com.firestone.hooks.settings
05-07 23:47:56.038 E/MediaProvider( 3381): Permission to access file: /storage/emulated/0/Android/media/com.firestone.hooks/firestonehooks.json is denied
05-07 23:47:56.542 E/ActivityThread(11374): Failed to find provider info for com.firestone.hooks.settings
05-07 23:47:56.546 E/MediaProvider( 3381): Permission to access file: /storage/emulated/0/Android/media/com.firestone.hooks/firestonehooks.json is denied
05-07 23:47:57.049 E/ActivityThread(11374): Failed to find provider info for com.firestone.hooks.settings
05-07 23:47:57.052 E/MediaProvider( 3381): Permission to access file: /storage/emulated/0/Android/media/com.firestone.hooks/firestonehooks.json is denied
05-07 23:47:57.555 E/ActivityThread(11374): Failed to find provider info for com.firestone.hooks.settings
05-07 23:47:57.558 E/MediaProvider( 3381): Permission to access file: /storage/emulated/0/Android/media/com.firestone.hooks/firestonehooks.json is denied
05-07 23:47:58.062 E/ActivityThread(11374): Failed to find provider info for com.firestone.hooks.settings
05-07 23:47:58.065 E/MediaProvider( 3381): Permission to access file: /storage/emulated/0/Android/media/com.firestone.hooks/firestonehooks.json is denied
05-07 23:47:58.569 E/ActivityThread(11374): Failed to find provider info for com.firestone.hooks.settings
05-07 23:47:58.572 E/MediaProvider( 3381): Permission to access file: /storage/emulated/0/Android/media/com.firestone.hooks/firestonehooks.json is denied
05-07 23:47:59.075 E/ActivityThread(11374): Failed to find provider info for com.firestone.hooks.settings
05-07 23:47:59.078 E/MediaProvider( 3381): Permission to access file: /storage/emulated/0/Android/media/com.firestone.hooks/firestonehooks.json is denied
05-07 23:47:59.581 E/ActivityThread(11374): Failed to find provider info for com.firestone.hooks.settings
05-07 23:47:59.584 E/MediaProvider( 3381): Permission to access file: /storage/emulated/0/Android/media/com.firestone.hooks/firestonehooks.json is denied
05-07 23:48:00.087 E/ActivityThread(11374): Failed to find provider info for com.firestone.hooks.settings
05-07 23:48:00.091 E/MediaProvider( 3381): Permission to access file: /storage/emulated/0/Android/media/com.firestone.hooks/firestonehooks.json is denied
