05-07 23:42:53.332 I/nemucooker(10659): cook file2: /data/system/etc/mumu-configs/renderer.config, last modify time: Thu Apr 30 21:00:20 2026
05-07 23:42:53.332 I/nemucooker(10659): cook select file: /data/system/etc/mumu-configs/renderer.config
05-07 23:42:53.332 W/libc    ( 2057): Unable to set property "ctl.interface_start" to "android.hardware.graphics.mapper@4.0::IMapper/default": error code: 0x20
05-07 23:42:53.332 I/hwservicemanager( 2057): Tried to start android.hardware.graphics.mapper@4.0::IMapper/default as a lazy service, but was unable to. Usually this happens when a service is not installed, but if the service is intended to be used as a lazy service, then it may be configured incorrectly.
05-07 23:42:53.334 W/libc    ( 2057): Unable to set property "ctl.interface_start" to "android.hardware.graphics.mapper@3.0::IMapper/default": error code: 0x20
05-07 23:42:53.334 I/hwservicemanager( 2057): Tried to start android.hardware.graphics.mapper@3.0::IMapper/default as a lazy service, but was unable to. Usually this happens when a service is not installed, but if the service is intended to be used as a lazy service, then it may be configured incorrectly.
05-07 23:42:53.335 E/udios.Fireston(10659): vulkan version is 4202746
05-07 23:42:53.336 D/gralloc_x86(10659): gralloc_alloc: Creating ashmem region of size 14749696
05-07 23:42:53.338 W/libc    ( 2057): Unable to set property "ctl.interface_start" to "android.hardware.graphics.allocator@3.0::IAllocator/default": error code: 0x20
05-07 23:42:53.338 I/hwservicemanager( 2057): Tried to start android.hardware.graphics.allocator@3.0::IAllocator/default as a lazy service, but was unable to. Usually this happens when a service is not installed, but if the service is intended to be used as a lazy service, then it may be configured incorrectly.
05-07 23:42:53.340 W/libc    ( 2057): Unable to set property "ctl.interface_start" to "android.hardware.graphics.allocator@4.0::IAllocator/default": error code: 0x20
05-07 23:42:53.340 I/hwservicemanager( 2057): Tried to start android.hardware.graphics.allocator@4.0::IAllocator/default as a lazy service, but was unable to. Usually this happens when a service is not installed, but if the service is intended to be used as a lazy service, then it may be configured incorrectly.
05-07 23:42:53.366 I/ActivityTaskManager( 2429): Displayed com.HolydayStudios.Firestone/com.unity3d.player.UnityPlayerActivity: +489ms
05-07 23:42:53.367 D/AdvertisingIdClient( 3171): AdvertisingIdClient already created.
05-07 23:42:53.367 D/AdvertisingIdClient( 3171): AdvertisingIdClient is not bounded. Starting to bind it...
05-07 23:42:53.368 W/ActivityManager( 2429): callingPackage:com.google.android.gms, packageName:com.google.android.gms, name:com.google.android.gms.ads.identifier.service.AdvertisingIdService, isSkip: true
05-07 23:42:53.371 D/AdvertisingIdClient( 3171): AdvertisingIdClient is bounded
05-07 23:42:53.373 I/AdvertisingIdClient( 3171): shouldSendLog 1888169
05-07 23:42:53.373 I/AdvertisingIdClient( 3171): GetInfoInternal elapse 5ms
05-07 23:42:53.374 I/Unity   (10659): MemoryManager: Using 'Dynamic Heap' Allocator.
05-07 23:42:53.381 D/BoundBrokerSvc( 2754): onRebind: Intent { act=com.google.android.gms.presencemanager.service.START dat=chimera-action: cmp=com.google.android.gms/.chimera.PersistentApiService }
05-07 23:42:53.382 D/BoundBrokerSvc( 2754): onRebind: Intent { act=com.google.android.gms.common.telemetry.service.START dat=chimera-action: cmp=com.google.android.gms/.chimera.PersistentApiService }
05-07 23:42:53.383 D/BoundBrokerSvc( 2754): onRebind: Intent { act=com.google.android.gms.presencemanager.service.INTERNAL_IDENTITY dat=chimera-action: cmp=com.google.android.gms/.chimera.PersistentApiService }
05-07 23:42:53.384 I/Unity   (10659): SystemInfo CPU = ARM64 FP ASIMD AES, Cores = 6, Memory = 12007mb
05-07 23:42:53.384 I/Unity   (10659): SystemInfo ARM big.LITTLE configuration: 6 big (mask: 0x3f), 0 little (mask: 0x0)
05-07 23:42:53.384 I/Unity   (10659): ApplicationInfo 'com.HolydayStudios.Firestone', Version '3.27', Min API Level '23', Target API Level '36'
05-07 23:42:53.384 I/Unity   (10659): Built from '6000.0/staging' branch, Version '6000.0.47f1 (2ad1ed33fd3b)', Build type 'Release', Scripting Backend 'il2cpp', CPU 'arm64-v8a', Stripping 'Enabled'
05-07 23:42:53.384 I/Unity   (10659): Device Model 'Samsung SM-A5460', OS 'Android OS 12 (API 32)'
05-07 23:42:53.482 I/FirestoneHooks(10659): libil2cpp.so base=0x6d08062000
05-07 23:42:53.482 I/shadowhook_tag(10659): shadowhook: hook_func_addr(libil2cpp.so, EasyWin.CentralCurrencyHandler.HaveCurrency, 0x6d0ac07e48, 0x6d18f3f0cc, 9) ...
05-07 23:42:53.482 I/shadowhook_tag(10659): switch: create, target_addr 6d0ac07e48
05-07 23:42:53.482 I/shadowhook_tag(10659): hub: create trampo at 6ff0282000, size 96 + 16 = 112
05-07 23:42:53.482 I/shadowhook_tag(10659): hub: add(new) func 6d18f3f0cc
05-07 23:42:53.482 I/shadowhook_tag(10659): a64 rewrite: type 0, inst f94002a0
05-07 23:42:53.482 I/shadowhook_tag(10659): linker: get dlinfo by target addr: target_addr 0x6d0ac07e48, sym_name (NULL), sym_sz 0, load_bias 6d08062000, pathname /data/app/~~eYnZX0CwG_PADosI43wKmA==/com.HolydayStudios.Firestone-KwYIEPUCRPiNe65OfXHOnQ==/lib/arm64/libil2cpp.so
05-07 23:42:53.482 I/shadowhook_tag(10659): elf: find phdr gap 6d09ead000-6d09eb0000(load_bias 6d08062000, 1e4b000-1e4e000)
05-07 23:42:53.482 I/shadowhook_tag(10659): elf: find phdr gap 6d0d00a7f0-6d0d00e000(load_bias 6d08062000, 4fa87f0-4fac000)
05-07 23:42:53.482 I/shadowhook_tag(10659): elf: find phdr gap 6d0d343000-6d0d346000(load_bias 6d08062000, 52e1000-52e4000)
05-07 23:42:53.482 I/shadowhook_tag(10659): elf: find phdr gap 6d0d870370-6d0d871000(load_bias 6d08062000, 580e370-580f000)
05-07 23:42:53.482 I/shadowhook_tag(10659): elf: alloc addr 6d09ead000(load_bias 6d08062000, 1e4b000), size 16, idx [0, 4)
05-07 23:42:53.482 I/shadowhook_tag(10659): island: alloc in ELF-gap, addr 6d09ead000, size 16, pc 6d0ac07e48, range [6d02c07e48, 6d12c07e44]
05-07 23:42:53.482 I/shadowhook_tag(10659): a64: hook (with island) OK. target 6d0ac07e48 -> island-exit 6d09ead000 -> new 6ff0282000 -> enter 6ff02c3080 -> resume 6d0ac07e4c
05-07 23:42:53.482 I/shadowhook_tag(10659): switch: hook in SHARED mode OK: target_addr 6d0ac07e48, new_addr 6d18f3f0cc
05-07 23:42:53.482 I/shadowhook_tag(10659): shadowhook: hook_func_addr(0x6d0ac07e48, 0x6d18f3f0cc, 9) OK. return: 0xb400006db9ffdfa0
05-07 23:42:53.482 I/FirestoneHooks(10659): EasyWin.CentralCurrencyHandler.HaveCurrency hook installed rva=0x2ba5e48 target=0x6d0ac07e48 stub=0xb400006db9ffdfa0 err=0 OK
05-07 23:42:53.482 I/shadowhook_tag(10659): shadowhook: hook_func_addr(libil2cpp.so, EasyWin.Currency.HaveCurrency, 0x6d0ac07ed8, 0x6d18f3f1f4, 9) ...
05-07 23:42:53.482 I/shadowhook_tag(10659): switch: create, target_addr 6d0ac07ed8
05-07 23:42:53.482 I/shadowhook_tag(10659): hub: create trampo at 6ff0282070, size 96 + 16 = 112
05-07 23:42:53.482 I/shadowhook_tag(10659): hub: add(new) func 6d18f3f1f4
05-07 23:42:53.482 I/shadowhook_tag(10659): a64 rewrite: type 0, inst aa1f03e0
05-07 23:42:53.482 I/shadowhook_tag(10659): elf: alloc addr 6d09ead010(load_bias 6d08062000, 1e4b010), size 16, idx [4, 8)
05-07 23:42:53.482 I/shadowhook_tag(10659): island: alloc in ELF-gap, addr 6d09ead010, size 16, pc 6d0ac07ed8, range [6d02c07ed8, 6d12c07ed4]
05-07 23:42:53.482 I/shadowhook_tag(10659): a64: hook (with island) OK. target 6d0ac07ed8 -> island-exit 6d09ead010 -> new 6ff0282070 -> enter 6ff02c30c0 -> resume 6d0ac07edc
05-07 23:42:53.482 I/shadowhook_tag(10659): switch: hook in SHARED mode OK: target_addr 6d0ac07ed8, new_addr 6d18f3f1f4
05-07 23:42:53.482 I/shadowhook_tag(10659): shadowhook: hook_func_addr(0x6d0ac07ed8, 0x6d18f3f1f4, 9) OK. return: 0xb400006db9ffdc40
05-07 23:42:53.482 I/FirestoneHooks(10659): EasyWin.Currency.HaveCurrency hook installed rva=0x2ba5ed8 target=0x6d0ac07ed8 stub=0xb400006db9ffdc40 err=0 OK
05-07 23:42:53.482 I/FirestoneHooks(10659): easy-win FreeCurrency toggle active; affordability hooks installed
05-07 23:42:53.482 I/shadowhook_tag(10659): shadowhook: hook_func_addr(libil2cpp.so, GodMode.BattleHero.IsImmune, 0x6d0ab22170, 0x6d18f3f5e0, 9) ...
05-07 23:42:53.482 I/shadowhook_tag(10659): switch: create, target_addr 6d0ab22170
05-07 23:42:53.482 I/shadowhook_tag(10659): hub: create trampo at 6ff02820e0, size 96 + 16 = 112
05-07 23:42:53.482 I/shadowhook_tag(10659): hub: add(new) func 6d18f3f5e0
05-07 23:42:53.482 I/shadowhook_tag(10659): a64 rewrite: type 0, inst b9004be8
05-07 23:42:53.482 I/shadowhook_tag(10659): elf: alloc addr 6d09ead020(load_bias 6d08062000, 1e4b020), size 16, idx [8, 12)
05-07 23:42:53.482 I/shadowhook_tag(10659): island: alloc in ELF-gap, addr 6d09ead020, size 16, pc 6d0ab22170, range [6d02b22170, 6d12b2216c]
05-07 23:42:53.482 I/shadowhook_tag(10659): a64: hook (with island) OK. target 6d0ab22170 -> island-exit 6d09ead020 -> new 6ff02820e0 -> enter 6ff02c3100 -> resume 6d0ab22174
05-07 23:42:53.482 I/shadowhook_tag(10659): switch: hook in SHARED mode OK: target_addr 6d0ab22170, new_addr 6d18f3f5e0
05-07 23:42:53.482 I/shadowhook_tag(10659): shadowhook: hook_func_addr(0x6d0ab22170, 0x6d18f3f5e0, 9) OK. return: 0xb400006db9fff980
05-07 23:42:53.482 I/FirestoneHooks(10659): GodMode.BattleHero.IsImmune hook installed rva=0x2ac0170 target=0x6d0ab22170 stub=0xb400006db9fff980 err=0 OK
05-07 23:42:53.482 I/shadowhook_tag(10659): shadowhook: hook_func_addr(libil2cpp.so, GameSpeed.Time.set_timeScale, 0x6d0ca70aa4, 0x6d18f3f938, 9) ...
05-07 23:42:53.482 I/shadowhook_tag(10659): switch: create, target_addr 6d0ca70aa4
05-07 23:42:53.482 I/shadowhook_tag(10659): hub: create trampo at 6ff0282150, size 96 + 16 = 112
05-07 23:42:53.482 I/shadowhook_tag(10659): hub: add(new) func 6d18f3f938
05-07 23:42:53.482 I/shadowhook_tag(10659): a64 rewrite: type 0, inst 7100977f
05-07 23:42:53.482 I/shadowhook_tag(10659): elf: alloc addr 6d09ead030(load_bias 6d08062000, 1e4b030), size 16, idx [12, 16)
05-07 23:42:53.482 I/shadowhook_tag(10659): island: alloc in ELF-gap, addr 6d09ead030, size 16, pc 6d0ca70aa4, range [6d04a70aa4, 6d14a70aa0]
05-07 23:42:53.482 I/shadowhook_tag(10659): a64: hook (with island) OK. target 6d0ca70aa4 -> island-exit 6d09ead030 -> new 6ff0282150 -> enter 6ff02c3140 -> resume 6d0ca70aa8
05-07 23:42:53.482 I/shadowhook_tag(10659): switch: hook in SHARED mode OK: target_addr 6d0ca70aa4, new_addr 6d18f3f938
05-07 23:42:53.482 I/shadowhook_tag(10659): shadowhook: hook_func_addr(0x6d0ca70aa4, 0x6d18f3f938, 9) OK. return: 0xb400006db9ffc530
05-07 23:42:53.482 I/FirestoneHooks(10659): GameSpeed.Time.set_timeScale hook installed rva=0x4a0eaa4 target=0x6d0ca70aa4 stub=0xb400006db9ffc530 err=0 OK
05-07 23:42:53.482 I/shadowhook_tag(10659): shadowhook: hook_func_addr(libil2cpp.so, GameSpeed.Time.get_fixedDeltaTime, 0x6d0ca709f4, 0x6d18f3f9cc, 9) ...
05-07 23:42:53.482 I/shadowhook_tag(10659): switch: create, target_addr 6d0ca709f4
05-07 23:42:53.482 I/shadowhook_tag(10659): hub: create trampo at 6ff02821c0, size 96 + 16 = 112
05-07 23:42:53.482 I/shadowhook_tag(10659): hub: add(new) func 6d18f3f9cc
05-07 23:42:53.482 I/shadowhook_tag(10659): a64 rewrite: type 3, inst 975ac675
05-07 23:42:53.482 I/shadowhook_tag(10659): elf: alloc addr 6d09ead040(load_bias 6d08062000, 1e4b040), size 16, idx [16, 20)
05-07 23:42:53.482 I/shadowhook_tag(10659): island: alloc in ELF-gap, addr 6d09ead040, size 16, pc 6d0ca709f4, range [6d04a709f4, 6d14a709f0]
05-07 23:42:53.482 I/shadowhook_tag(10659): a64: hook (with island) OK. target 6d0ca709f4 -> island-exit 6d09ead040 -> new 6ff02821c0 -> enter 6ff02c3180 -> resume 6d0ca709f8
05-07 23:42:53.482 I/shadowhook_tag(10659): switch: hook in SHARED mode OK: target_addr 6d0ca709f4, new_addr 6d18f3f9cc
05-07 23:42:53.482 I/shadowhook_tag(10659): shadowhook: hook_func_addr(0x6d0ca709f4, 0x6d18f3f9cc, 9) OK. return: 0xb400006db9fff740
05-07 23:42:53.482 I/FirestoneHooks(10659): GameSpeed.Time.get_fixedDeltaTime hook installed rva=0x4a0e9f4 target=0x6d0ca709f4 stub=0xb400006db9fff740 err=0 OK
05-07 23:42:53.482 I/shadowhook_tag(10659): shadowhook: hook_func_addr(libil2cpp.so, GameSpeed.TeamLogic.ApplyWaveTransitionSpeedModifierToDuration, 0x6d0ab2b9dc, 0x6d18f3fa8c, 9) ...
05-07 23:42:53.482 I/shadowhook_tag(10659): switch: create, target_addr 6d0ab2b9dc
05-07 23:42:53.482 I/shadowhook_tag(10659): hub: create trampo at 6ff0282230, size 96 + 16 = 112
05-07 23:42:53.482 I/shadowhook_tag(10659): hub: add(new) func 6d18f3fa8c
05-07 23:42:53.482 I/shadowhook_tag(10659): a64 rewrite: type 3, inst 97d7da7b
05-07 23:42:53.482 I/shadowhook_tag(10659): elf: alloc addr 6d09ead050(load_bias 6d08062000, 1e4b050), size 16, idx [20, 24)
05-07 23:42:53.482 I/shadowhook_tag(10659): island: alloc in ELF-gap, addr 6d09ead050, size 16, pc 6d0ab2b9dc, range [6d02b2b9dc, 6d12b2b9d8]
05-07 23:42:53.482 I/shadowhook_tag(10659): a64: hook (with island) OK. target 6d0ab2b9dc -> island-exit 6d09ead050 -> new 6ff0282230 -> enter 6ff02c31c0 -> resume 6d0ab2b9e0
05-07 23:42:53.482 I/shadowhook_tag(10659): switch: hook in SHARED mode OK: target_addr 6d0ab2b9dc, new_addr 6d18f3fa8c
05-07 23:42:53.482 I/shadowhook_tag(10659): shadowhook: hook_func_addr(0x6d0ab2b9dc, 0x6d18f3fa8c, 9) OK. return: 0xb400006dba0013f0
05-07 23:42:53.482 I/FirestoneHooks(10659): GameSpeed.TeamLogic.ApplyWaveTransitionSpeedModifierToDuration hook installed rva=0x2ac99dc target=0x6d0ab2b9dc stub=0xb400006dba0013f0 err=0 OK
05-07 23:42:53.482 I/shadowhook_tag(10659): shadowhook: hook_func_addr(libil2cpp.so, GameSpeed.TeamLogic.set_WaveTransitionSpeedMultiplier, 0x6d0ab2b814, 0x6d18f3fb5c, 9) ...
05-07 23:42:53.482 I/shadowhook_tag(10659): switch: create, target_addr 6d0ab2b814
05-07 23:42:53.482 I/shadowhook_tag(10659): hub: create trampo at 6ff02822a0, size 96 + 16 = 112
05-07 23:42:53.482 I/shadowhook_tag(10659): hub: add(new) func 6d18f3fb5c
05-07 23:42:53.482 I/shadowhook_tag(10659): a64 rewrite: type 5, inst 90013b68
05-07 23:42:53.482 I/shadowhook_tag(10659): elf: alloc addr 6d09ead060(load_bias 6d08062000, 1e4b060), size 16, idx [24, 28)
05-07 23:42:53.482 I/shadowhook_tag(10659): island: alloc in ELF-gap, addr 6d09ead060, size 16, pc 6d0ab2b814, range [6d02b2b814, 6d12b2b810]
05-07 23:42:53.482 I/shadowhook_tag(10659): a64: hook (with island) OK. target 6d0ab2b814 -> island-exit 6d09ead060 -> new 6ff02822a0 -> enter 6ff02c3200 -> resume 6d0ab2b818
05-07 23:42:53.482 I/shadowhook_tag(10659): switch: hook in SHARED mode OK: target_addr 6d0ab2b814, new_addr 6d18f3fb5c
05-07 23:42:53.482 I/shadowhook_tag(10659): shadowhook: hook_func_addr(0x6d0ab2b814, 0x6d18f3fb5c, 9) OK. return: 0xb400006dba000430
05-07 23:42:53.482 I/FirestoneHooks(10659): GameSpeed.TeamLogic.set_WaveTransitionSpeedMultiplier hook installed rva=0x2ac9814 target=0x6d0ab2b814 stub=0xb400006dba000430 err=0 OK
05-07 23:42:53.482 I/shadowhook_tag(10659): shadowhook: hook_func_addr(libil2cpp.so, GameSpeed.Spine.AnimationState.set_TimeScale, 0x6d0c3ccac8, 0x6d18f3fbf0, 9) ...
05-07 23:42:53.482 I/shadowhook_tag(10659): switch: create, target_addr 6d0c3ccac8
05-07 23:42:53.482 I/shadowhook_tag(10659): hub: create trampo at 6ff0282310, size 96 + 16 = 112
05-07 23:42:53.482 I/shadowhook_tag(10659): hub: add(new) func 6d18f3fbf0
05-07 23:42:53.482 I/shadowhook_tag(10659): a64 rewrite: type 0, inst f9424af7
05-07 23:42:53.482 I/shadowhook_tag(10659): elf: alloc addr 6d09ead070(load_bias 6d08062000, 1e4b070), size 16, idx [28, 32)
05-07 23:42:53.482 I/shadowhook_tag(10659): island: alloc in ELF-gap, addr 6d09ead070, size 16, pc 6d0c3ccac8, range [6d043ccac8, 6d143ccac4]
05-07 23:42:53.482 I/shadowhook_tag(10659): a64: hook (with island) OK. target 6d0c3ccac8 -> island-exit 6d09ead070 -> new 6ff0282310 -> enter 6ff02c3240 -> resume 6d0c3ccacc
05-07 23:42:53.482 I/shadowhook_tag(10659): switch: hook in SHARED mode OK: target_addr 6d0c3ccac8, new_addr 6d18f3fbf0
05-07 23:42:53.482 I/shadowhook_tag(10659): shadowhook: hook_func_addr(0x6d0c3ccac8, 0x6d18f3fbf0, 9) OK. return: 0xb400006dba000550
05-07 23:42:53.482 I/FirestoneHooks(10659): GameSpeed.Spine.AnimationState.set_TimeScale hook installed rva=0x436aac8 target=0x6d0c3ccac8 stub=0xb400006dba000550 err=0 OK
05-07 23:42:53.482 I/shadowhook_tag(10659): shadowhook: hook_func_addr(libil2cpp.so, OHK.BattleController.ApplyDamage.short, 0x6d0a826e00, 0x6d18f3ffac, 9) ...
05-07 23:42:53.482 I/shadowhook_tag(10659): switch: create, target_addr 6d0a826e00
05-07 23:42:53.482 I/shadowhook_tag(10659): hub: create trampo at 6ff0282380, size 96 + 16 = 112
05-07 23:42:53.482 I/shadowhook_tag(10659): hub: add(new) func 6d18f3ffac
05-07 23:42:53.482 I/shadowhook_tag(10659): a64 rewrite: type 5, inst b00154f4
05-07 23:42:53.483 I/shadowhook_tag(10659): elf: alloc addr 6d09ead080(load_bias 6d08062000, 1e4b080), size 16, idx [32, 36)
05-07 23:42:53.483 I/shadowhook_tag(10659): island: alloc in ELF-gap, addr 6d09ead080, size 16, pc 6d0a826e00, range [6d02826e00, 6d12826dfc]
05-07 23:42:53.483 I/shadowhook_tag(10659): a64: hook (with island) OK. target 6d0a826e00 -> island-exit 6d09ead080 -> new 6ff0282380 -> enter 6ff02c3280 -> resume 6d0a826e04
05-07 23:42:53.483 I/shadowhook_tag(10659): switch: hook in SHARED mode OK: target_addr 6d0a826e00, new_addr 6d18f3ffac
05-07 23:42:53.483 I/shadowhook_tag(10659): shadowhook: hook_func_addr(0x6d0a826e00, 0x6d18f3ffac, 9) OK. return: 0xb400006dba003880
05-07 23:42:53.483 I/FirestoneHooks(10659): OHK.BattleController.ApplyDamage.short hook installed rva=0x27c4e00 target=0x6d0a826e00 stub=0xb400006dba003880 err=0 OK
05-07 23:42:53.483 I/shadowhook_tag(10659): shadowhook: hook_func_addr(libil2cpp.so, OHK.BattleController.ApplyDamage.full, 0x6d0a826e10, 0x6d18f400f0, 9) ...
05-07 23:42:53.483 I/shadowhook_tag(10659): switch: create, target_addr 6d0a826e10
05-07 23:42:53.483 I/shadowhook_tag(10659): hub: create trampo at 6ff02823f0, size 96 + 16 = 112
05-07 23:42:53.483 I/shadowhook_tag(10659): hub: add(new) func 6d18f400f0
05-07 23:42:53.483 I/shadowhook_tag(10659): a64 rewrite: type 5, inst b00154e0
05-07 23:42:53.483 I/shadowhook_tag(10659): elf: alloc addr 6d09ead090(load_bias 6d08062000, 1e4b090), size 16, idx [36, 40)
05-07 23:42:53.483 I/shadowhook_tag(10659): island: alloc in ELF-gap, addr 6d09ead090, size 16, pc 6d0a826e10, range [6d02826e10, 6d12826e0c]
05-07 23:42:53.483 I/shadowhook_tag(10659): a64: hook (with island) OK. target 6d0a826e10 -> island-exit 6d09ead090 -> new 6ff02823f0 -> enter 6ff02c32c0 -> resume 6d0a826e14
05-07 23:42:53.483 I/shadowhook_tag(10659): switch: hook in SHARED mode OK: target_addr 6d0a826e10, new_addr 6d18f400f0
05-07 23:42:53.483 I/shadowhook_tag(10659): shadowhook: hook_func_addr(0x6d0a826e10, 0x6d18f400f0, 9) OK. return: 0xb400006dba0042a0
05-07 23:42:53.483 I/FirestoneHooks(10659): OHK.BattleController.ApplyDamage.full hook installed rva=0x27c4e10 target=0x6d0a826e10 stub=0xb400006dba0042a0 err=0 OK
05-07 23:42:53.483 I/shadowhook_tag(10659): shadowhook: hook_func_addr(libil2cpp.so, OHK.BattleCharacter.ReceiveDamage, 0x6d0aa43ac8, 0x6d18f40240, 9) ...
05-07 23:42:53.483 I/shadowhook_tag(10659): switch: create, target_addr 6d0aa43ac8
05-07 23:42:53.483 I/shadowhook_tag(10659): hub: create trampo at 6ff0282460, size 96 + 16 = 112
05-07 23:42:53.483 I/shadowhook_tag(10659): hub: add(new) func 6d18f40240
05-07 23:42:53.483 I/shadowhook_tag(10659): a64 rewrite: type 0, inst b1503a8
05-07 23:42:53.483 I/shadowhook_tag(10659): elf: alloc addr 6d09ead0a0(load_bias 6d08062000, 1e4b0a0), size 16, idx [40, 44)
05-07 23:42:53.483 I/shadowhook_tag(10659): island: alloc in ELF-gap, addr 6d09ead0a0, size 16, pc 6d0aa43ac8, range [6d02a43ac8, 6d12a43ac4]
05-07 23:42:53.483 I/shadowhook_tag(10659): a64: hook (with island) OK. target 6d0aa43ac8 -> island-exit 6d09ead0a0 -> new 6ff0282460 -> enter 6ff02c3300 -> resume 6d0aa43acc
05-07 23:42:53.483 I/shadowhook_tag(10659): switch: hook in SHARED mode OK: target_addr 6d0aa43ac8, new_addr 6d18f40240
05-07 23:42:53.483 I/shadowhook_tag(10659): shadowhook: hook_func_addr(0x6d0aa43ac8, 0x6d18f40240, 9) OK. return: 0xb400006db9ffe030
05-07 23:42:53.483 I/FirestoneHooks(10659): OHK.BattleCharacter.ReceiveDamage hook installed rva=0x29e1ac8 target=0x6d0aa43ac8 stub=0xb400006db9ffe030 err=0 OK
05-07 23:42:53.483 I/shadowhook_tag(10659): shadowhook: hook_func_addr(libil2cpp.so, AttackSpeed.CharacterBattleLogic.FillAttackSpeedTimer, 0x6d0ab2a2e8, 0x6d18f406c4, 9) ...
05-07 23:42:53.483 I/shadowhook_tag(10659): switch: create, target_addr 6d0ab2a2e8
05-07 23:42:53.483 I/shadowhook_tag(10659): hub: create trampo at 6ff02824d0, size 96 + 16 = 112
05-07 23:42:53.483 I/shadowhook_tag(10659): hub: add(new) func 6d18f406c4
05-07 23:42:53.483 I/shadowhook_tag(10659): a64 rewrite: type 0, inst f9400c00
05-07 23:42:53.484 I/shadowhook_tag(10659): elf: alloc addr 6d09ead0b0(load_bias 6d08062000, 1e4b0b0), size 16, idx [44, 48)
05-07 23:42:53.484 I/shadowhook_tag(10659): island: alloc in ELF-gap, addr 6d09ead0b0, size 16, pc 6d0ab2a2e8, range [6d02b2a2e8, 6d12b2a2e4]
05-07 23:42:53.484 I/shadowhook_tag(10659): a64: hook (with island) OK. target 6d0ab2a2e8 -> island-exit 6d09ead0b0 -> new 6ff02824d0 -> enter 6ff02c3340 -> resume 6d0ab2a2ec
05-07 23:42:53.484 I/shadowhook_tag(10659): switch: hook in SHARED mode OK: target_addr 6d0ab2a2e8, new_addr 6d18f406c4
05-07 23:42:53.484 I/shadowhook_tag(10659): shadowhook: hook_func_addr(0x6d0ab2a2e8, 0x6d18f406c4, 9) OK. return: 0xb400006dba0121f0
05-07 23:42:53.484 I/FirestoneHooks(10659): AttackSpeed.CharacterBattleLogic.FillAttackSpeedTimer hook installed rva=0x2ac82e8 target=0x6d0ab2a2e8 stub=0xb400006dba0121f0 err=0 OK
05-07 23:42:53.484 I/shadowhook_tag(10659): shadowhook: hook_func_addr(libil2cpp.so, AttackSpeed.BattleMainHero.CalculateAttackSpeedTotal, 0x6d0ab24af8, 0x6d18f40804, 9) ...
05-07 23:42:53.484 I/shadowhook_tag(10659): switch: create, target_addr 6d0ab24af8
05-07 23:42:53.484 I/shadowhook_tag(10659): hub: create trampo at 6ff0282540, size 96 + 16 = 112
05-07 23:42:53.484 I/shadowhook_tag(10659): hub: add(new) func 6d18f40804
05-07 23:42:53.484 I/shadowhook_tag(10659): a64 rewrite: type 0, inst f9409268
05-07 23:42:53.484 I/shadowhook_tag(10659): elf: alloc addr 6d09ead0c0(load_bias 6d08062000, 1e4b0c0), size 16, idx [48, 52)
05-07 23:42:53.484 I/shadowhook_tag(10659): island: alloc in ELF-gap, addr 6d09ead0c0, size 16, pc 6d0ab24af8, range [6d02b24af8, 6d12b24af4]
05-07 23:42:53.484 I/shadowhook_tag(10659): a64: hook (with island) OK. target 6d0ab24af8 -> island-exit 6d09ead0c0 -> new 6ff0282540 -> enter 6ff02c3380 -> resume 6d0ab24afc
05-07 23:42:53.484 I/shadowhook_tag(10659): switch: hook in SHARED mode OK: target_addr 6d0ab24af8, new_addr 6d18f40804
05-07 23:42:53.484 I/shadowhook_tag(10659): shadowhook: hook_func_addr(0x6d0ab24af8, 0x6d18f40804, 9) OK. return: 0xb400006dba00b560
05-07 23:42:53.484 I/FirestoneHooks(10659): AttackSpeed.BattleMainHero.CalculateAttackSpeedTotal hook installed rva=0x2ac2af8 target=0x6d0ab24af8 stub=0xb400006dba00b560 err=0 OK
05-07 23:42:53.484 I/shadowhook_tag(10659): shadowhook: hook_func_addr(libil2cpp.so, AttackSpeed.BattleMainEnemy.CalculateAttackSpeedTotal, 0x6d0aa47b94, 0x6d18f40908, 9) ...
05-07 23:42:53.484 I/shadowhook_tag(10659): switch: create, target_addr 6d0aa47b94
05-07 23:42:53.484 I/shadowhook_tag(10659): hub: create trampo at 6ff02825b0, size 96 + 16 = 112
05-07 23:42:53.484 I/shadowhook_tag(10659): hub: add(new) func 6d18f40908
05-07 23:42:53.484 I/shadowhook_tag(10659): a64 rewrite: type 3, inst 97db6a0d
05-07 23:42:53.484 I/shadowhook_tag(10659): elf: alloc addr 6d09ead0d0(load_bias 6d08062000, 1e4b0d0), size 16, idx [52, 56)
05-07 23:42:53.484 I/shadowhook_tag(10659): island: alloc in ELF-gap, addr 6d09ead0d0, size 16, pc 6d0aa47b94, range [6d02a47b94, 6d12a47b90]
05-07 23:42:53.484 I/shadowhook_tag(10659): a64: hook (with island) OK. target 6d0aa47b94 -> island-exit 6d09ead0d0 -> new 6ff02825b0 -> enter 6ff02c33c0 -> resume 6d0aa47b98
05-07 23:42:53.484 I/shadowhook_tag(10659): switch: hook in SHARED mode OK: target_addr 6d0aa47b94, new_addr 6d18f40908
05-07 23:42:53.484 I/shadowhook_tag(10659): shadowhook: hook_func_addr(0x6d0aa47b94, 0x6d18f40908, 9) OK. return: 0xb400006db9fff590
05-07 23:42:53.484 I/FirestoneHooks(10659): AttackSpeed.BattleMainEnemy.CalculateAttackSpeedTotal hook installed rva=0x29e5b94 target=0x6d0aa47b94 stub=0xb400006db9fff590 err=0 OK
05-07 23:42:53.484 I/FirestoneHooks(10659): native hook install complete result=0
05-07 23:42:53.510 W/InputManager-JNI( 2429): Input channel object 'ba62ac Splash Screen com.HolydayStudios.Firestone (client)' was disposed without first being removed with the input manager!
05-07 23:42:53.541 I/Unity   (10659): Company Name: HolydayStudios
05-07 23:42:53.541 I/Unity   (10659): Product Name: Firestone
05-07 23:42:53.543 I/shadowhook_tag(10659): linker: call_ctors pre, load_bias 6ce0187000, name /system/lib64/egl/libEGL_emulation.so
05-07 23:42:53.543 I/shadowhook_tag(10659): task: call_ctors() pre callback. load_bias 6ce0187000, name /system/lib64/egl/libEGL_emulation.so
05-07 23:42:53.543 I/shadowhook_tag(10659): linker: call_ctors post, load_bias 6ce0187000, name /system/lib64/egl/libEGL_emulation.so
05-07 23:42:53.543 D/libEGL  (10659): loaded /system/lib64/egl/libEGL_emulation.so
05-07 23:42:53.543 I/shadowhook_tag(10659): linker: call_ctors pre, load_bias 6ce0148000, name /system/lib64/egl/libGLESv1_CM_emulation.so
05-07 23:42:53.543 I/shadowhook_tag(10659): task: call_ctors() pre callback. load_bias 6ce0148000, name /system/lib64/egl/libGLESv1_CM_emulation.so
05-07 23:42:53.543 I/shadowhook_tag(10659): linker: call_ctors post, load_bias 6ce0148000, name /system/lib64/egl/libGLESv1_CM_emulation.so
05-07 23:42:53.544 I/shadowhook_tag(10659): linker: call_ctors pre, load_bias 6ce0117000, name /system/lib64/egl/libGLESv2_emulation.so
05-07 23:42:53.544 I/shadowhook_tag(10659): task: call_ctors() pre callback. load_bias 6ce0117000, name /system/lib64/egl/libGLESv2_emulation.so
05-07 23:42:53.544 I/shadowhook_tag(10659): linker: call_ctors post, load_bias 6ce0117000, name /system/lib64/egl/libGLESv2_emulation.so
05-07 23:42:53.549 E/udios.Fireston(10659): vulkan version is 4202746
05-07 23:42:53.550 I/nemucooker(10659): cook file1: /etc/mumu-configs/renderer.config, last modify time: Thu Aug 29 11:22:45 2024
05-07 23:42:53.550 I/nemucooker(10659): cook file2: /data/system/etc/mumu-configs/renderer.config, last modify time: Thu Apr 30 21:00:20 2026
05-07 23:42:53.550 I/nemucooker(10659): cook select file: /data/system/etc/mumu-configs/renderer.config
05-07 23:42:53.552 D/libEGL  (10659): loaded /system/lib64/egl/libGLESv1_CM_emulation.so
05-07 23:42:53.553 D/libEGL  (10659): loaded /system/lib64/egl/libGLESv2_emulation.so
05-07 23:42:53.565 E/GraphicsEnv(10659): Failed to get gpu service
05-07 23:42:53.566 E/HidlServiceManagement(10659): getService: Potential race detected, descriptor: android.hardware.configstore@1.0::ISurfaceFlingerConfigs instance: default
05-07 23:42:53.568 E/EGL_emulation(10659): [getAttribValue] Bad attribute idx
05-07 23:42:53.568 D/EGL_emulation(10659): eglGetConfigAttrib: bad attrib 0x1
05-07 23:42:53.568 E/EGL_emulation(10659): tid 10705: eglGetConfigAttrib(1029): error 0x3004 (EGL_BAD_ATTRIBUTE)
05-07 23:42:53.569 D/gralloc_x86(10659): gralloc_alloc: Creating ashmem region of size 7376896
05-07 23:42:53.587 E/udios.Fireston(10659): vulkan version is 4202746
05-07 23:42:53.597 I/AAudio  (10659): AAudioStreamBuilder_openStream() called ----------------------------------------
05-07 23:42:53.597 I/AudioStreamBuilder(10659): rate   =  24000, channels  = 2, channelMask = 0x80000003, format   = 5, sharing = SH, dir = OUTPUT
05-07 23:42:53.597 I/AudioStreamBuilder(10659): device =      0, sessionId = -1, perfMode = 12, callback: ON with frames = 1024
05-07 23:42:53.597 I/AudioStreamBuilder(10659): usage  =      0, contentType = 0, inputPreset = 0, allowedCapturePolicy = 0
05-07 23:42:53.597 I/AudioStreamBuilder(10659): privacy sensitive = false
05-07 23:42:53.597 I/AudioStreamBuilder(10659): opPackageName = (null)
05-07 23:42:53.597 I/AudioStreamBuilder(10659): attributionTag = (null)
05-07 23:42:53.597 D/udios.Fireston(10659): PlayerBase::PlayerBase()
05-07 23:42:53.597 D/AudioStreamTrack(10659): open(), request notificationFrames = 0, frameCount = 8192
05-07 23:42:53.599 W/AudioFlinger( 2249): createTrack_l(): mismatch between requested flags (00000104) and output flags (00000006)
05-07 23:42:53.599 D/AudioFlinger( 2249): Client defaulted notificationFrames to 480 for frameCount 8192
05-07 23:42:53.601 D/AF::TrackHandle( 2249): OpPlayAudio: track:70 usage:1 not muted
05-07 23:42:53.602 D/AudioTrack(10659): createTrack_l(111): AUDIO_OUTPUT_FLAG_FAST denied by server; frameCount 8192 -> 8192
05-07 23:42:53.602 D/AAudioStream(10659): setState(s#1) from 0 to 2
05-07 23:42:53.603 D/AudioStreamTrack(10659): open() flags changed from 0x00000104 to 0x00000000
05-07 23:42:53.603 D/AudioStreamTrack(10659): open() perfMode changed from 12 to 10
05-07 23:42:53.603 I/AAudio  (10659): AAudioStreamBuilder_openStream() returns 0 = AAUDIO_OK for s#1 ----------------
05-07 23:42:53.603 D/AAudio  (10659): AAudioStream_requestStart(s#1) called --------------
05-07 23:42:53.603 D/AAudioStream(10659): setState(s#1) from 2 to 3
05-07 23:42:53.605 D/AAudio  (10659): AAudioStream_requestStart(s#1) returned 0 ---------
05-07 23:42:53.607 D/AudioStreamLegacy(10659): onAudioDeviceUpdate(deviceId = 2)
05-07 23:42:53.608 D/AAudioStream(10659): setState(s#1) from 3 to 4
05-07 23:42:53.628 D/AudioFlinger( 2249): mixer(0xb40000777b658a30) throttle end: throttle time(3)
05-07 23:42:53.718 E/ActivityThread(10659): Failed to find provider info for com.firestone.hooks.settings
05-07 23:42:53.718 W/FirestoneHooks(10659): Settings provider read failed; using defaults
05-07 23:42:53.718 W/FirestoneHooks(10659): java.lang.IllegalArgumentException: Unknown authority com.firestone.hooks.settings
05-07 23:42:53.718 W/FirestoneHooks(10659): 	at android.content.ContentResolver.call(ContentResolver.java:2447)
05-07 23:42:53.718 W/FirestoneHooks(10659): 	at android.content.ContentResolver.call(ContentResolver.java:2430)
05-07 23:42:53.718 W/FirestoneHooks(10659): 	at com.template.lsposed.FirestoneSettings.readFromProvider(FirestoneSettings.java:88)
05-07 23:42:53.718 W/FirestoneHooks(10659): 	at com.template.lsposed.FirestoneSettings.syncProviderToTargetFile(FirestoneSettings.java:117)
05-07 23:42:53.718 W/FirestoneHooks(10659): 	at com.template.lsposed.ModuleEntry.lambda$startSettingsSync$3(ModuleEntry.java:163)
05-07 23:42:53.718 W/FirestoneHooks(10659): 	at com.template.lsposed.ModuleEntry.$r8$lambda$53MZ5_DMRWAF7qSxzT9rHtSMkIQ(Unknown Source:0)
05-07 23:42:53.718 W/FirestoneHooks(10659): 	at com.template.lsposed.ModuleEntry$$ExternalSyntheticLambda1.run(D8$$SyntheticClass:0)
05-07 23:42:53.718 W/FirestoneHooks(10659): 	at java.lang.Thread.run(Thread.java:920)
05-07 23:42:53.738 W/NewFileUpdater( 2669): MSG_GET_PACKAGE_TAG_INFO, no available new tag for: com.HolydayStudios.Firestone, workingTag: 12.2011
05-07 23:42:53.792 I/FontLog ( 2754): (REDACTED) Received query %s, URI %s
05-07 23:42:53.792 I/FontLog ( 2754): (REDACTED) Query [%s] resolved to %s
05-07 23:42:53.795 I/FontLog ( 2754): (REDACTED) Fetch %s end status %s
05-07 23:42:53.798 I/FontLog ( 2754): (REDACTED) Pulling font file for id = %d, cache size = %d
05-07 23:42:53.800 I/FontLog ( 2754): (REDACTED) Pulling font file for id = %d, cache size = %d
05-07 23:42:53.902 W/ServiceManager( 2429): Permission failure: android.permission.HIGH_SAMPLING_RATE_SENSORS from uid=10077 pid=10659
05-07 23:42:53.903 W/ServiceManager( 2429): Permission failure: android.permission.HIGH_SAMPLING_RATE_SENSORS from uid=10077 pid=10659
05-07 23:42:53.905 W/ServiceManager( 2429): Permission failure: android.permission.HIGH_SAMPLING_RATE_SENSORS from uid=10077 pid=10659
05-07 23:42:53.906 W/ServiceManager( 2429): Permission failure: android.permission.HIGH_SAMPLING_RATE_SENSORS from uid=10077 pid=10659
05-07 23:42:53.909 D/gralloc_x86(10659): gralloc_alloc: Creating ashmem region of size 7376896
05-07 23:42:53.913 V/MediaRouter(10659): Selecting route: RouteInfo{ name=Phone, description=null, status=null, category=RouteCategory{ name=System types=ROUTE_TYPE_LIVE_AUDIO ROUTE_TYPE_LIVE_VIDEO  groupable=false }, supportedTypes=ROUTE_TYPE_LIVE_AUDIO ROUTE_TYPE_LIVE_VIDEO , presentationDisplay=null }
05-07 23:42:53.913 I/MediaRouter(10659): Skip setBluetoothA2dpOn(): types=8388615, isPlaybackActive()=true, BT route=null
05-07 23:42:54.004 D/gralloc_x86(10659): gralloc_alloc: Creating ashmem region of size 7376896
05-07 23:42:54.006 D/gralloc_x86(10659): gralloc_alloc: Creating ashmem region of size 7376896
05-07 23:42:54.008 D/gralloc_x86(10659): gralloc_alloc: Creating ashmem region of size 7376896
05-07 23:42:54.010 I/ActivityTaskManager( 2429): Fully drawn com.HolydayStudios.Firestone/com.unity3d.player.UnityPlayerActivity: +1s134ms
05-07 23:42:54.013 D/gralloc_x86(10659): gralloc_alloc: Creating ashmem region of size 14749696
05-07 23:42:54.055 I/IL2CPP  (10659): Locale en-US
05-07 23:42:54.072 I/wifi@1.0-servic( 2248): type=1400 audit(0.0:12476): avc: denied { write } for scontext=u:r:init:s0 tcontext=u:r:init:s0 tclass=netlink_route_socket permissive=1
05-07 23:42:54.072 I/wifi@1.0-servic( 2248): type=1400 audit(0.0:12477): avc: denied { nlmsg_readpriv } for scontext=u:r:init:s0 tcontext=u:r:init:s0 tclass=netlink_route_socket permissive=1
05-07 23:42:54.072 I/wifi@1.0-servic( 2248): type=1400 audit(0.0:12478): avc: denied { read } for scontext=u:r:init:s0 tcontext=u:r:init:s0 tclass=netlink_route_socket permissive=1
05-07 23:42:54.072 I/WifiHandlerThre( 2429): type=1400 audit(0.0:12479): avc: denied { map_read } for scontext=u:r:system_server:s0 tcontext=u:r:init:s0 tclass=bpf permissive=1
05-07 23:42:54.221 E/ActivityThread(10659): Failed to find provider info for com.firestone.hooks.settings
05-07 23:42:54.221 W/FirestoneHooks(10659): Settings provider read failed; using defaults
05-07 23:42:54.221 W/FirestoneHooks(10659): java.lang.IllegalArgumentException: Unknown authority com.firestone.hooks.settings
05-07 23:42:54.221 W/FirestoneHooks(10659): 	at android.content.ContentResolver.call(ContentResolver.java:2447)
05-07 23:42:54.221 W/FirestoneHooks(10659): 	at android.content.ContentResolver.call(ContentResolver.java:2430)
05-07 23:42:54.221 W/FirestoneHooks(10659): 	at com.template.lsposed.FirestoneSettings.readFromProvider(FirestoneSettings.java:88)
05-07 23:42:54.221 W/FirestoneHooks(10659): 	at com.template.lsposed.FirestoneSettings.syncProviderToTargetFile(FirestoneSettings.java:117)
05-07 23:42:54.221 W/FirestoneHooks(10659): 	at com.template.lsposed.ModuleEntry.lambda$startSettingsSync$3(ModuleEntry.java:163)
05-07 23:42:54.221 W/FirestoneHooks(10659): 	at com.template.lsposed.ModuleEntry.$r8$lambda$53MZ5_DMRWAF7qSxzT9rHtSMkIQ(Unknown Source:0)
05-07 23:42:54.221 W/FirestoneHooks(10659): 	at com.template.lsposed.ModuleEntry$$ExternalSyntheticLambda1.run(D8$$SyntheticClass:0)
05-07 23:42:54.221 W/FirestoneHooks(10659): 	at java.lang.Thread.run(Thread.java:920)
05-07 23:42:54.727 E/ActivityThread(10659): Failed to find provider info for com.firestone.hooks.settings
05-07 23:42:54.728 W/FirestoneHooks(10659): Settings provider read failed; using defaults
05-07 23:42:54.728 W/FirestoneHooks(10659): java.lang.IllegalArgumentException: Unknown authority com.firestone.hooks.settings
05-07 23:42:54.728 W/FirestoneHooks(10659): 	at android.content.ContentResolver.call(ContentResolver.java:2447)
05-07 23:42:54.728 W/FirestoneHooks(10659): 	at android.content.ContentResolver.call(ContentResolver.java:2430)
05-07 23:42:54.728 W/FirestoneHooks(10659): 	at com.template.lsposed.FirestoneSettings.readFromProvider(FirestoneSettings.java:88)
05-07 23:42:54.728 W/FirestoneHooks(10659): 	at com.template.lsposed.FirestoneSettings.syncProviderToTargetFile(FirestoneSettings.java:117)
05-07 23:42:54.728 W/FirestoneHooks(10659): 	at com.template.lsposed.ModuleEntry.lambda$startSettingsSync$3(ModuleEntry.java:163)
05-07 23:42:54.728 W/FirestoneHooks(10659): 	at com.template.lsposed.ModuleEntry.$r8$lambda$53MZ5_DMRWAF7qSxzT9rHtSMkIQ(Unknown Source:0)
05-07 23:42:54.728 W/FirestoneHooks(10659): 	at com.template.lsposed.ModuleEntry$$ExternalSyntheticLambda1.run(D8$$SyntheticClass:0)
05-07 23:42:54.728 W/FirestoneHooks(10659): 	at java.lang.Thread.run(Thread.java:920)
05-07 23:42:55.233 E/ActivityThread(10659): Failed to find provider info for com.firestone.hooks.settings
05-07 23:42:55.233 W/FirestoneHooks(10659): Settings provider read failed; using defaults
05-07 23:42:55.233 W/FirestoneHooks(10659): java.lang.IllegalArgumentException: Unknown authority com.firestone.hooks.settings
05-07 23:42:55.233 W/FirestoneHooks(10659): 	at android.content.ContentResolver.call(ContentResolver.java:2447)
05-07 23:42:55.233 W/FirestoneHooks(10659): 	at android.content.ContentResolver.call(ContentResolver.java:2430)
05-07 23:42:55.233 W/FirestoneHooks(10659): 	at com.template.lsposed.FirestoneSettings.readFromProvider(FirestoneSettings.java:88)
05-07 23:42:55.233 W/FirestoneHooks(10659): 	at com.template.lsposed.FirestoneSettings.syncProviderToTargetFile(FirestoneSettings.java:117)
05-07 23:42:55.233 W/FirestoneHooks(10659): 	at com.template.lsposed.ModuleEntry.lambda$startSettingsSync$3(ModuleEntry.java:163)
05-07 23:42:55.233 W/FirestoneHooks(10659): 	at com.template.lsposed.ModuleEntry.$r8$lambda$53MZ5_DMRWAF7qSxzT9rHtSMkIQ(Unknown Source:0)
05-07 23:42:55.233 W/FirestoneHooks(10659): 	at com.template.lsposed.ModuleEntry$$ExternalSyntheticLambda1.run(D8$$SyntheticClass:0)
05-07 23:42:55.233 W/FirestoneHooks(10659): 	at java.lang.Thread.run(Thread.java:920)
05-07 23:42:55.539 E/TaskPersister( 2429): File error accessing recents directory (directory doesn't exist?).
05-07 23:42:55.738 E/ActivityThread(10659): Failed to find provider info for com.firestone.hooks.settings
05-07 23:42:55.738 W/FirestoneHooks(10659): Settings provider read failed; using defaults
05-07 23:42:55.738 W/FirestoneHooks(10659): java.lang.IllegalArgumentException: Unknown authority com.firestone.hooks.settings
05-07 23:42:55.738 W/FirestoneHooks(10659): 	at android.content.ContentResolver.call(ContentResolver.java:2447)
05-07 23:42:55.738 W/FirestoneHooks(10659): 	at android.content.ContentResolver.call(ContentResolver.java:2430)
05-07 23:42:55.738 W/FirestoneHooks(10659): 	at com.template.lsposed.FirestoneSettings.readFromProvider(FirestoneSettings.java:88)
05-07 23:42:55.738 W/FirestoneHooks(10659): 	at com.template.lsposed.FirestoneSettings.syncProviderToTargetFile(FirestoneSettings.java:117)
05-07 23:42:55.738 W/FirestoneHooks(10659): 	at com.template.lsposed.ModuleEntry.lambda$startSettingsSync$3(ModuleEntry.java:163)
05-07 23:42:55.738 W/FirestoneHooks(10659): 	at com.template.lsposed.ModuleEntry.$r8$lambda$53MZ5_DMRWAF7qSxzT9rHtSMkIQ(Unknown Source:0)
05-07 23:42:55.738 W/FirestoneHooks(10659): 	at com.template.lsposed.ModuleEntry$$ExternalSyntheticLambda1.run(D8$$SyntheticClass:0)
05-07 23:42:55.738 W/FirestoneHooks(10659): 	at java.lang.Thread.run(Thread.java:920)
05-07 23:42:56.135 I/Unity   (10659): EpicGames
05-07 23:42:56.135 I/Unity   (10659): UnityEngine.DebugLogHandler:Internal_Log(LogType, LogOption, String, Object)
05-07 23:42:56.135 I/Unity   (10659): GameAnalytics:SendAnalyticsLoadingPhasePHP(LoadingPhase, String, String, String)
05-07 23:42:56.135 I/Unity   (10659): GameAnalytics:SendAnalyticsLoadingPhase(LoadingPhase, String, String, String)
05-07 23:42:56.135 I/Unity   (10659): StartScript:Awake()
05-07 23:42:56.135 I/Unity   (10659): 
05-07 23:42:56.140 I/Thread-4(10659): type=1400 audit(0.0:12480): avc: denied { connectto } for path="/dev/socket/dnsproxyd" scontext=u:r:untrusted_app:s0:c77,c256,c512,c768 tcontext=u:r:init:s0 tclass=unix_stream_socket permissive=1
05-07 23:42:56.140 I/Dns_100_10077( 2219): type=1400 audit(0.0:12481): avc: denied { setopt } for scontext=u:r:init:s0 tcontext=u:r:init:s0 tclass=udp_socket permissive=1
05-07 23:42:56.140 I/Dns_100_10077( 2219): type=1400 audit(0.0:12482): avc: denied { setattr } for name="UDP" dev="sockfs" ino=73129 scontext=u:r:init:s0 tcontext=u:r:init:s0 tclass=udp_socket permissive=1
05-07 23:42:56.140 I/Dns_100_10077( 2219): type=1400 audit(0.0:12483): avc: denied { connect } for scontext=u:r:init:s0 tcontext=u:r:init:s0 tclass=udp_socket permissive=1
05-07 23:42:56.140 I/Dns_100_10077( 2219): type=1400 audit(0.0:12484): avc: denied { getattr } for laddr=10.0.2.15 lport=47993 faddr=34.221.184.7 scontext=u:r:init:s0 tcontext=u:r:init:s0 tclass=udp_socket permissive=1
05-07 23:42:56.144 I/Binder:2219_2( 2219): type=1400 audit(0.0:12485): avc: denied { read write } for path="socket:[70370]" dev="sockfs" ino=70370 scontext=u:r:init:s0 tcontext=u:r:untrusted_app:s0:c77,c256,c512,c768 tclass=tcp_socket permissive=1
05-07 23:42:56.154 W/ServiceManager( 2429): Permission failure: android.permission.HIGH_SAMPLING_RATE_SENSORS from uid=10077 pid=10659
05-07 23:42:56.154 W/SensorService( 2429): sensor 00000000 already enabled in connection 0xb400006e0a040990 (ignoring)
05-07 23:42:56.155 W/ServiceManager( 2429): Permission failure: android.permission.HIGH_SAMPLING_RATE_SENSORS from uid=10077 pid=10659
05-07 23:42:56.242 E/ActivityThread(10659): Failed to find provider info for com.firestone.hooks.settings
05-07 23:42:56.242 W/FirestoneHooks(10659): Settings provider read failed; using defaults
05-07 23:42:56.242 W/FirestoneHooks(10659): java.lang.IllegalArgumentException: Unknown authority com.firestone.hooks.settings
05-07 23:42:56.242 W/FirestoneHooks(10659): 	at android.content.ContentResolver.call(ContentResolver.java:2447)
05-07 23:42:56.242 W/FirestoneHooks(10659): 	at android.content.ContentResolver.call(ContentResolver.java:2430)
05-07 23:42:56.242 W/FirestoneHooks(10659): 	at com.template.lsposed.FirestoneSettings.readFromProvider(FirestoneSettings.java:88)
05-07 23:42:56.242 W/FirestoneHooks(10659): 	at com.template.lsposed.FirestoneSettings.syncProviderToTargetFile(FirestoneSettings.java:117)
05-07 23:42:56.242 W/FirestoneHooks(10659): 	at com.template.lsposed.ModuleEntry.lambda$startSettingsSync$3(ModuleEntry.java:163)
05-07 23:42:56.242 W/FirestoneHooks(10659): 	at com.template.lsposed.ModuleEntry.$r8$lambda$53MZ5_DMRWAF7qSxzT9rHtSMkIQ(Unknown Source:0)
05-07 23:42:56.242 W/FirestoneHooks(10659): 	at com.template.lsposed.ModuleEntry$$ExternalSyntheticLambda1.run(D8$$SyntheticClass:0)
05-07 23:42:56.242 W/FirestoneHooks(10659): 	at java.lang.Thread.run(Thread.java:920)
05-07 23:42:56.336 I/Unity   (10659): EpicGames
05-07 23:42:56.336 I/Unity   (10659): UnityEngine.DebugLogHandler:Internal_Log(LogType, LogOption, String, Object)
05-07 23:42:56.336 I/Unity   (10659): GameAnalytics:SendAnalyticsLoadingPhasePHP(LoadingPhase, String, String, String)
05-07 23:42:56.336 I/Unity   (10659): GameAnalytics:SendAnalyticsLoadingPhase(LoadingPhase, String, String, String)
05-07 23:42:56.336 I/Unity   (10659): <LoadNextScene>d__24:MoveNext()
05-07 23:42:56.336 I/Unity   (10659): UnityEngine.SetupCoroutine:InvokeMoveNext(IEnumerator, IntPtr)
05-07 23:42:56.336 I/Unity   (10659): 
05-07 23:42:56.747 E/ActivityThread(10659): Failed to find provider info for com.firestone.hooks.settings
05-07 23:42:56.747 W/FirestoneHooks(10659): Settings provider read failed; using defaults
05-07 23:42:56.747 W/FirestoneHooks(10659): java.lang.IllegalArgumentException: Unknown authority com.firestone.hooks.settings
05-07 23:42:56.747 W/FirestoneHooks(10659): 	at android.content.ContentResolver.call(ContentResolver.java:2447)
05-07 23:42:56.747 W/FirestoneHooks(10659): 	at android.content.ContentResolver.call(ContentResolver.java:2430)
05-07 23:42:56.747 W/FirestoneHooks(10659): 	at com.template.lsposed.FirestoneSettings.readFromProvider(FirestoneSettings.java:88)
05-07 23:42:56.747 W/FirestoneHooks(10659): 	at com.template.lsposed.FirestoneSettings.syncProviderToTargetFile(FirestoneSettings.java:117)
05-07 23:42:56.747 W/FirestoneHooks(10659): 	at com.template.lsposed.ModuleEntry.lambda$startSettingsSync$3(ModuleEntry.java:163)
05-07 23:42:56.747 W/FirestoneHooks(10659): 	at com.template.lsposed.ModuleEntry.$r8$lambda$53MZ5_DMRWAF7qSxzT9rHtSMkIQ(Unknown Source:0)
05-07 23:42:56.747 W/FirestoneHooks(10659): 	at com.template.lsposed.ModuleEntry$$ExternalSyntheticLambda1.run(D8$$SyntheticClass:0)
05-07 23:42:56.747 W/FirestoneHooks(10659): 	at java.lang.Thread.run(Thread.java:920)
05-07 23:42:57.251 E/ActivityThread(10659): Failed to find provider info for com.firestone.hooks.settings
05-07 23:42:57.251 W/FirestoneHooks(10659): Settings provider read failed; using defaults
05-07 23:42:57.251 W/FirestoneHooks(10659): java.lang.IllegalArgumentException: Unknown authority com.firestone.hooks.settings
05-07 23:42:57.251 W/FirestoneHooks(10659): 	at android.content.ContentResolver.call(ContentResolver.java:2447)
05-07 23:42:57.251 W/FirestoneHooks(10659): 	at android.content.ContentResolver.call(ContentResolver.java:2430)
05-07 23:42:57.251 W/FirestoneHooks(10659): 	at com.template.lsposed.FirestoneSettings.readFromProvider(FirestoneSettings.java:88)
05-07 23:42:57.251 W/FirestoneHooks(10659): 	at com.template.lsposed.FirestoneSettings.syncProviderToTargetFile(FirestoneSettings.java:117)
05-07 23:42:57.251 W/FirestoneHooks(10659): 	at com.template.lsposed.ModuleEntry.lambda$startSettingsSync$3(ModuleEntry.java:163)
05-07 23:42:57.251 W/FirestoneHooks(10659): 	at com.template.lsposed.ModuleEntry.$r8$lambda$53MZ5_DMRWAF7qSxzT9rHtSMkIQ(Unknown Source:0)
05-07 23:42:57.251 W/FirestoneHooks(10659): 	at com.template.lsposed.ModuleEntry$$ExternalSyntheticLambda1.run(D8$$SyntheticClass:0)
05-07 23:42:57.251 W/FirestoneHooks(10659): 	at java.lang.Thread.run(Thread.java:920)
05-07 23:42:57.567 I/shadowhook_tag(10659): linker: call_ctors pre, load_bias 6be4622000, name /data/app/~~eYnZX0CwG_PADosI43wKmA==/com.HolydayStudios.Firestone-KwYIEPUCRPiNe65OfXHOnQ==/lib/arm64/libEOSSDK.so
05-07 23:42:57.567 I/shadowhook_tag(10659): task: call_ctors() pre callback. load_bias 6be4622000, name /data/app/~~eYnZX0CwG_PADosI43wKmA==/com.HolydayStudios.Firestone-KwYIEPUCRPiNe65OfXHOnQ==/lib/arm64/libEOSSDK.so
05-07 23:42:57.569 I/shadowhook_tag(10659): linker: call_ctors post, load_bias 6be4622000, name /data/app/~~eYnZX0CwG_PADosI43wKmA==/com.HolydayStudios.Firestone-KwYIEPUCRPiNe65OfXHOnQ==/lib/arm64/libEOSSDK.so
05-07 23:42:57.603 I/Unity   (10659): CurrentPlatform has been assigned as Android.
05-07 23:42:57.603 I/Unity   (10659): UnityEngine.DebugLogHandler:Internal_Log(LogType, LogOption, String, Object)
05-07 23:42:57.603 I/Unity   (10659): PlayEveryWare.EpicOnlineServices.PlatformManager:.cctor()
05-07 23:42:57.603 I/Unity   (10659): PlayEveryWare.EpicOnlineServices.Utility.ConfigurationUtility:GetEOSInitializeOptions()
05-07 23:42:57.603 I/Unity   (10659): PlayEveryWare.EpicOnlineServices.EOSSingleton:InitializePlatformInterface()
05-07 23:42:57.603 I/Unity   (10659): PlayEveryWare.EpicOnlineServices.EOSSingleton:Init(IEOSCoroutineOwner, String)
05-07 23:42:57.603 I/Unity   (10659): UnityEngine.GameObject:Internal_AddComponentWithType(Type)
05-07 23:42:57.603 I/Unity   (10659): UnityEngine.GameObject:AddComponent()
05-07 23:42:57.603 I/Unity   (10659): BuildSettings:Initialize()
05-07 23:42:57.603 I/Unity   (10659): <StartGameFlow>d__22:MoveNext()
05-07 23:42:57.603 I/Unity   (10659): UnityEngine.SetupCoroutine:InvokeMoveNext(IEnumerator, IntPtr)
05-07 23:42:57.603 I/Unity   (10659): 
05-07 23:42:57.606 E/Unity   (10659): Unable to populate object of type "PlayEveryWare.EpicOnlineServices.Config" from JSON: "{
05-07 23:42:57.606 E/Unity   (10659):   "GoogleLoginClientID": null,
05-07 23:42:57.606 E/Unity   (10659):   "GoogleLoginNonce": null,
05-07 23:42:57.606 E/Unity   (10659):   "deployment": {
05-07 23:42:57.606 E/Unity   (10659):     "SandboxId": {
05-07 23:42:57.606 E/Unity   (10659):       "Value": "bda8d2133655435982b9118972792328"
05-07 23:42:57.606 E/Unity   (10659):     },
05-07 23:42:57.606 E/Unity   (10659):     "DeploymentId": "a65c0335e67b4aec8eec651de8dca6ac"
05-07 23:42:57.606 E/Unity   (10659):   },
05-07 23:42:57.606 E/Unity   (10659):   "clientCredentials": {
05-07 23:42:57.606 E/Unity   (10659):     "ClientId": "xyza78915T3juKOECHQEveLJcfCt98aA",
05-07 23:42:57.606 E/Unity   (10659):     "ClientSecret": "PF1bwir+BL20l71IojvewwKkgPD6TgpfqcUyKjd2FO0",
05-07 23:42:57.606 E/Unity   (10659):     "EncryptionKey": "D225E0C13EA6F5200170CDC21CF31848DE716F387164E6E120EEBBB7D71612F9"
05-07 23:42:57.606 E/Unity   (10659):   },
05-07 23:42:57.606 E/Unity   (10659):   "isServer": false,
05-07 23:42:57.606 E/Unity   (10659):   "platformOptionsFlags": "None",
05-07 23:42:57.606 E/Unity   (10659):   "authScopeOptionsFlags": "BasicProfile, FriendsList, Presence",
05-07 23:42:57.606 E/Unity   (10659):   "integratedPlatformManagementFlags": 0,
05-07 23:42:57.606 E/Unity   (10659):   "tickBudgetInMilliseconds": 0,
05-07 23:42:57.606 E/Unity   (10659):   "taskNetworkTimeoutSeconds": 0.0,
05-07 23:42:57.606 E/Unity   (10659):   "threadAffinity": {
05-07 23:42:57.606 E/Unity   (10659):     "NetworkWork": 0,
05-07 23:42:57.606 E/Unity   (10659):     "StorageIo": 0,
05-07 23:42:57.606 E/Unity   (10659):     "WebSocketIo": 0,
05-07 23:42:57.606 E/Unity   (10659):     "P2PIo": 0,
05-07 23:42:57.606 E/Unity   (10659):     "HttpRequestIo": 0,
05-07 23:42:57.606 E/Unity   (10659):     "RTCIo": 0,
05-07 23:42:57.606 E/Unity   (10659):     "EmbeddedOverlayMainThread": 0,
05-07 23:42:57.606 E/Unity   (10659):     "EmbeddedOverlayWorkerThreads": 0
05-07 23:42:57.606 E/Unity   (10659):   },
05-07 23:42:57.606 I/Unity   (10659): Platform Android has no defined deployment, so one was selected: "Deployment" : (DeploymentId: a65c0335e67b4aec8eec651de8dca6ac, SandboxId: bda8d2133655435982b9118972792328).
