05-07 23:45:55.049 I/shadowhook_tag(11040): linker: call_ctors pre, load_bias 6be264a000, name /data/app/~~eYnZX0CwG_PADosI43wKmA==/com.HolydayStudios.Firestone-KwYIEPUCRPiNe65OfXHOnQ==/lib/arm64/libEOSSDK.so
05-07 23:45:55.049 I/shadowhook_tag(11040): task: call_ctors() pre callback. load_bias 6be264a000, name /data/app/~~eYnZX0CwG_PADosI43wKmA==/com.HolydayStudios.Firestone-KwYIEPUCRPiNe65OfXHOnQ==/lib/arm64/libEOSSDK.so
05-07 23:45:55.052 I/shadowhook_tag(11040): linker: call_ctors post, load_bias 6be264a000, name /data/app/~~eYnZX0CwG_PADosI43wKmA==/com.HolydayStudios.Firestone-KwYIEPUCRPiNe65OfXHOnQ==/lib/arm64/libEOSSDK.so
05-07 23:45:55.093 I/Unity   (11040): CurrentPlatform has been assigned as Android.
05-07 23:45:55.093 I/Unity   (11040): UnityEngine.DebugLogHandler:Internal_Log(LogType, LogOption, String, Object)
05-07 23:45:55.093 I/Unity   (11040): PlayEveryWare.EpicOnlineServices.PlatformManager:.cctor()
05-07 23:45:55.093 I/Unity   (11040): PlayEveryWare.EpicOnlineServices.Utility.ConfigurationUtility:GetEOSInitializeOptions()
05-07 23:45:55.093 I/Unity   (11040): PlayEveryWare.EpicOnlineServices.EOSSingleton:InitializePlatformInterface()
05-07 23:45:55.093 I/Unity   (11040): PlayEveryWare.EpicOnlineServices.EOSSingleton:Init(IEOSCoroutineOwner, String)
05-07 23:45:55.093 I/Unity   (11040): UnityEngine.GameObject:Internal_AddComponentWithType(Type)
05-07 23:45:55.093 I/Unity   (11040): UnityEngine.GameObject:AddComponent()
05-07 23:45:55.093 I/Unity   (11040): BuildSettings:Initialize()
05-07 23:45:55.093 I/Unity   (11040): <StartGameFlow>d__22:MoveNext()
05-07 23:45:55.093 I/Unity   (11040): UnityEngine.SetupCoroutine:InvokeMoveNext(IEnumerator, IntPtr)
05-07 23:45:55.093 I/Unity   (11040): 
05-07 23:45:55.095 E/Unity   (11040): Unable to populate object of type "PlayEveryWare.EpicOnlineServices.Config" from JSON: "{
05-07 23:45:55.095 E/Unity   (11040):   "GoogleLoginClientID": null,
05-07 23:45:55.095 E/Unity   (11040):   "GoogleLoginNonce": null,
05-07 23:45:55.095 E/Unity   (11040):   "deployment": {
05-07 23:45:55.095 E/Unity   (11040):     "SandboxId": {
05-07 23:45:55.095 E/Unity   (11040):       "Value": "bda8d2133655435982b9118972792328"
05-07 23:45:55.095 E/Unity   (11040):     },
05-07 23:45:55.095 E/Unity   (11040):     "DeploymentId": "a65c0335e67b4aec8eec651de8dca6ac"
05-07 23:45:55.095 E/Unity   (11040):   },
05-07 23:45:55.095 E/Unity   (11040):   "clientCredentials": {
05-07 23:45:55.095 E/Unity   (11040):     "ClientId": "xyza78915T3juKOECHQEveLJcfCt98aA",
05-07 23:45:55.095 E/Unity   (11040):     "ClientSecret": "PF1bwir+BL20l71IojvewwKkgPD6TgpfqcUyKjd2FO0",
05-07 23:45:55.095 E/Unity   (11040):     "EncryptionKey": "D225E0C13EA6F5200170CDC21CF31848DE716F387164E6E120EEBBB7D71612F9"
05-07 23:45:55.095 E/Unity   (11040):   },
05-07 23:45:55.095 E/Unity   (11040):   "isServer": false,
05-07 23:45:55.095 E/Unity   (11040):   "platformOptionsFlags": "None",
05-07 23:45:55.095 E/Unity   (11040):   "authScopeOptionsFlags": "BasicProfile, FriendsList, Presence",
05-07 23:45:55.095 E/Unity   (11040):   "integratedPlatformManagementFlags": 0,
05-07 23:45:55.095 E/Unity   (11040):   "tickBudgetInMilliseconds": 0,
05-07 23:45:55.095 E/Unity   (11040):   "taskNetworkTimeoutSeconds": 0.0,
05-07 23:45:55.095 E/Unity   (11040):   "threadAffinity": {
05-07 23:45:55.095 E/Unity   (11040):     "NetworkWork": 0,
05-07 23:45:55.095 E/Unity   (11040):     "StorageIo": 0,
05-07 23:45:55.095 E/Unity   (11040):     "WebSocketIo": 0,
05-07 23:45:55.095 E/Unity   (11040):     "P2PIo": 0,
05-07 23:45:55.095 E/Unity   (11040):     "HttpRequestIo": 0,
05-07 23:45:55.095 E/Unity   (11040):     "RTCIo": 0,
05-07 23:45:55.095 E/Unity   (11040):     "EmbeddedOverlayMainThread": 0,
05-07 23:45:55.095 E/Unity   (11040):     "EmbeddedOverlayWorkerThreads": 0
05-07 23:45:55.095 E/Unity   (11040):   },
05-07 23:45:55.095 I/Unity   (11040): Platform Android has no defined deployment, so one was selected: "Deployment" : (DeploymentId: a65c0335e67b4aec8eec651de8dca6ac, SandboxId: bda8d2133655435982b9118972792328).
05-07 23:45:55.095 I/Unity   (11040): UnityEngine.DebugLogHandler:Internal_Log(LogType, LogOption, String, Object)
05-07 23:45:55.095 I/Unity   (11040): PlayEveryWare.EpicOnlineServices.PlatformConfig:OnReadCompleted()
05-07 23:45:55.095 I/Unity   (11040): PlayEveryWare.EpicOnlineServices.Config:Get()
05-07 23:45:55.095 I/Unity   (11040): PlayEveryWare.EpicOnlineServices.PlatformManager:GetPlatformConfig()
05-07 23:45:55.095 I/Unity   (11040): PlayEveryWare.EpicOnlineServices.Utility.ConfigurationUtility:GetEOSInitializeOptions()
05-07 23:45:55.095 I/Unity   (11040): PlayEveryWare.EpicOnlineServices.EOSSingleton:InitializePlatformInterface()
05-07 23:45:55.095 I/Unity   (11040): PlayEveryWare.EpicOnlineServices.EOSSingleton:Init(IEOSCoroutineOwner, String)
05-07 23:45:55.095 I/Unity   (11040): UnityEngine.GameObject:Internal_AddComponentWithType(Type)
05-07 23:45:55.095 I/Unity   (11040): UnityEngine.GameObject:AddComponent()
05-07 23:45:55.095 I/Unity   (11040): BuildSettings:Initialize()
05-07 23:45:55.095 I/Unity   (11040): <StartGameFlow>d__22:MoveNext()
05-07 23:45:55.095 I/Unity   (11040): UnityEngine.SetupCoroutine:InvokeMoveNext(IEnumerator, IntPtr)
05-07 23:45:55.095 I/Unity   (11040): 
05-07 23:45:55.095 I/Unity   (11040): Platform Android has no defined client credentials, so one was selected: "Client" : (PlayEveryWare.EpicOnlineServices.EOSClientCredentials).
05-07 23:45:55.095 I/Unity   (11040): UnityEngine.DebugLogHandler:Internal_Log(LogType, LogOption, String, Object)
05-07 23:45:55.095 I/Unity   (11040): PlayEveryWare.EpicOnlineServices.PlatformConfig:OnReadCompleted()
05-07 23:45:55.095 I/Unity   (11040): PlayEveryWare.EpicOnlineServices.Config:Get()
05-07 23:45:55.095 I/Unity   (11040): PlayEveryWare.EpicOnlineServices.PlatformManager:GetPlatformConfig()
05-07 23:45:55.095 I/Unity   (11040): PlayEveryWare.EpicOnlineServices.Utility.ConfigurationUtility:GetEOSInitializeOptions()
05-07 23:45:55.095 I/Unity   (11040): PlayEveryWare.EpicOnlineServices.EOSSingleton:InitializePlatformInterface()
05-07 23:45:55.095 I/Unity   (11040): PlayEveryWare.EpicOnlineServices.EOSSingleton:Init(IEOSCoroutineOwner, String)
05-07 23:45:55.095 I/Unity   (11040): UnityEngine.GameObject:Internal_AddComponentWithType(Type)
05-07 23:45:55.095 I/Unity   (11040): UnityEngine.GameObject:AddComponent()
05-07 23:45:55.095 I/Unity   (11040): BuildSettings:Initialize()
05-07 23:45:55.095 I/Unity   (11040): <StartGameFlow>d__22:MoveNext()
05-07 23:45:55.095 I/Unity   (11040): UnityEngine.SetupCoroutine:InvokeMoveNext(IEnumerator, IntPtr)
05-07 23:45:55.095 I/Unity   (11040): 
05-07 23:45:55.098 E/Unity   (11040): Unable to populate object of type "PlayEveryWare.EpicOnlineServices.Config" from JSON: "{
05-07 23:45:55.098 E/Unity   (11040):   "deploymentID": "a65c0335e67b4aec8eec651de8dca6ac",
05-07 23:45:55.098 E/Unity   (11040):   "clientID": "xyza78915T3juKOECHQEveLJcfCt98aA",
05-07 23:45:55.098 E/Unity   (11040):   "tickBudgetInMilliseconds": 0,
05-07 23:45:55.098 E/Unity   (11040):   "taskNetworkTimeoutSeconds": 0.0,
05-07 23:45:55.098 E/Unity   (11040):   "platformOptionsFlags": "None",
05-07 23:45:55.098 E/Unity   (11040):   "authScopeOptionsFlags": "NoFlags",
05-07 23:45:55.098 E/Unity   (11040):   "integratedPlatformManagementFlags": 0,
05-07 23:45:55.098 E/Unity   (11040):   "alwaysSendInputToOverlay": false,
05-07 23:45:55.098 E/Unity   (11040):   "schemaVersion": "1.0"
05-07 23:45:55.098 E/Unity   (11040): }". Exception: "Error creating 'PlayEveryWare.EpicOnlineServices.ListOfStringsToPlatformFlags'."
05-07 23:45:55.098 E/Unity   (11040): UnityEngine.DebugLogHandler:Internal_Log(LogType, LogOption, String, Object)
05-07 23:45:55.098 E/Unity   (11040): PlayEveryWare.EpicOnlineServices.Config:Read()
05-07 23:45:55.098 E/Unity   (11040): PlayEveryWare.EpicOnlineServices.Config:Get()
05-07 23:45:55.098 E/Unity   (11040): PlayEveryWare.EpicOnlineServices.PlatformConfig:MigrateConfig()
05-07 23:45:55.098 E/Unity   (11040): PlayEveryWare.EpicOnlineServices.Config:Get()
05-07 23:45:55.098 E/Unity   (11040): PlayEveryWare.EpicOnlineServices.PlatformManager:GetPlatformConfig()
05-07 23:45:55.098 E/Unity   (11040): PlayEveryWare.EpicOnlineServices.Utility.ConfigurationUtility:GetEOSInitializeOptions()
05-07 23:45:55.098 E/Unity   (11040): PlayEveryWare.EpicOnlineServices.EOSSing
05-07 23:45:55.099 I/Unity   (11040): The previous config did not explicitly define a deployment. There was one defined deployment, automatically selecting deployment name 'Deployment' with id 'a65c0335-e67b-4aec-8eec-651de8dca6ac'.
05-07 23:45:55.099 I/Unity   (11040): UnityEngine.DebugLogHandler:Internal_Log(LogType, LogOption, String, Object)
05-07 23:45:55.099 I/Unity   (11040): PlayEveryWare.EpicOnlineServices.PlatformConfig:MigrateNonOverrideableConfigValues(EOSConfig, NonOverrideableConfigValues)
05-07 23:45:55.099 I/Unity   (11040): PlayEveryWare.EpicOnlineServices.PlatformConfig:MigrateConfig()
05-07 23:45:55.099 I/Unity   (11040): PlayEveryWare.EpicOnlineServices.Config:Get()
05-07 23:45:55.099 I/Unity   (11040): PlayEveryWare.EpicOnlineServices.PlatformManager:GetPlatformConfig()
05-07 23:45:55.099 I/Unity   (11040): PlayEveryWare.EpicOnlineServices.Utility.ConfigurationUtility:GetEOSInitializeOptions()
05-07 23:45:55.099 I/Unity   (11040): PlayEveryWare.EpicOnlineServices.EOSSingleton:InitializePlatformInterface()
05-07 23:45:55.099 I/Unity   (11040): PlayEveryWare.EpicOnlineServices.EOSSingleton:Init(IEOSCoroutineOwner, String)
05-07 23:45:55.099 I/Unity   (11040): UnityEngine.GameObject:Internal_AddComponentWithType(Type)
05-07 23:45:55.099 I/Unity   (11040): UnityEngine.GameObject:AddComponent()
05-07 23:45:55.099 I/Unity   (11040): BuildSettings:Initialize()
05-07 23:45:55.099 I/Unity   (11040): <StartGameFlow>d__22:MoveNext()
05-07 23:45:55.099 I/Unity   (11040): UnityEngine.SetupCoroutine:InvokeMoveNext(IEnumera
05-07 23:45:55.099 I/Unity   (11040): The previous config did not explicitly define client credentials. There was one defined client credential, automatically selecting client credential name 'Client' with id 'xyza78915T3juKOECHQEveLJcfCt98aA'.
05-07 23:45:55.099 I/Unity   (11040): UnityEngine.DebugLogHandler:Internal_Log(LogType, LogOption, String, Object)
05-07 23:45:55.099 I/Unity   (11040): PlayEveryWare.EpicOnlineServices.PlatformConfig:MigrateNonOverrideableConfigValues(EOSConfig, NonOverrideableConfigValues)
05-07 23:45:55.099 I/Unity   (11040): PlayEveryWare.EpicOnlineServices.PlatformConfig:MigrateConfig()
05-07 23:45:55.099 I/Unity   (11040): PlayEveryWare.EpicOnlineServices.Config:Get()
05-07 23:45:55.099 I/Unity   (11040): PlayEveryWare.EpicOnlineServices.PlatformManager:GetPlatformConfig()
05-07 23:45:55.099 I/Unity   (11040): PlayEveryWare.EpicOnlineServices.Utility.ConfigurationUtility:GetEOSInitializeOptions()
05-07 23:45:55.099 I/Unity   (11040): PlayEveryWare.EpicOnlineServices.EOSSingleton:InitializePlatformInterface()
05-07 23:45:55.099 I/Unity   (11040): PlayEveryWare.EpicOnlineServices.EOSSingleton:Init(IEOSCoroutineOwner, String)
05-07 23:45:55.099 I/Unity   (11040): UnityEngine.GameObject:Internal_AddComponentWithType(Type)
05-07 23:45:55.099 I/Unity   (11040): UnityEngine.GameObject:AddComponent()
05-07 23:45:55.099 I/Unity   (11040): BuildSettings:Initialize()
05-07 23:45:55.099 I/Unity   (11040): <StartGameFlow>d__22:MoveNext()
05-07 23:45:55.099 I/Unity   (11040): UnityEngine.SetupCoroutine:InvokeMoveN
05-07 23:45:55.099 W/Unity   (11040): Configuration values for AndroidConfig have been migrated. Please double check your configuration in EOS Plugin -> EOS Configuration to make sure that the migration was successful.
05-07 23:45:55.099 W/Unity   (11040): UnityEngine.DebugLogHandler:Internal_Log(LogType, LogOption, String, Object)
05-07 23:45:55.099 W/Unity   (11040): PlayEveryWare.EpicOnlineServices.Config:Get()
05-07 23:45:55.099 W/Unity   (11040): PlayEveryWare.EpicOnlineServices.PlatformManager:GetPlatformConfig()
05-07 23:45:55.099 W/Unity   (11040): PlayEveryWare.EpicOnlineServices.Utility.ConfigurationUtility:GetEOSInitializeOptions()
05-07 23:45:55.099 W/Unity   (11040): PlayEveryWare.EpicOnlineServices.EOSSingleton:InitializePlatformInterface()
05-07 23:45:55.099 W/Unity   (11040): PlayEveryWare.EpicOnlineServices.EOSSingleton:Init(IEOSCoroutineOwner, String)
05-07 23:45:55.099 W/Unity   (11040): UnityEngine.GameObject:Internal_AddComponentWithType(Type)
05-07 23:45:55.099 W/Unity   (11040): UnityEngine.GameObject:AddComponent()
05-07 23:45:55.099 W/Unity   (11040): BuildSettings:Initialize()
05-07 23:45:55.099 W/Unity   (11040): <StartGameFlow>d__22:MoveNext()
05-07 23:45:55.099 W/Unity   (11040): UnityEngine.SetupCoroutine:InvokeMoveNext(IEnumerator, IntPtr)
05-07 23:45:55.099 W/Unity   (11040): 
05-07 23:45:55.100 I/Unity   (11040): EOSAndroid: Getting activity context...
05-07 23:45:55.100 I/Unity   (11040): UnityEngine.DebugLogHandler:Internal_Log(LogType, LogOption, String, Object)
05-07 23:45:55.100 I/Unity   (11040): PlayEveryWare.EpicOnlineServices.AndroidPlatformSpecifics:ConfigureAndroidActivity()
05-07 23:45:55.100 I/Unity   (11040): PlayEveryWare.EpicOnlineServices.AndroidPlatformSpecifics:ConfigureSystemInitOptions(EOSInitializeOptions&)
05-07 23:45:55.100 I/Unity   (11040): PlayEveryWare.EpicOnlineServices.Utility.ConfigurationUtility:GetEOSInitializeOptions()
05-07 23:45:55.100 I/Unity   (11040): PlayEveryWare.EpicOnlineServices.EOSSingleton:InitializePlatformInterface()
05-07 23:45:55.100 I/Unity   (11040): PlayEveryWare.EpicOnlineServices.EOSSingleton:Init(IEOSCoroutineOwner, String)
05-07 23:45:55.100 I/Unity   (11040): UnityEngine.GameObject:Internal_AddComponentWithType(Type)
05-07 23:45:55.100 I/Unity   (11040): UnityEngine.GameObject:AddComponent()
05-07 23:45:55.100 I/Unity   (11040): BuildSettings:Initialize()
05-07 23:45:55.100 I/Unity   (11040): <StartGameFlow>d__22:MoveNext()
05-07 23:45:55.100 I/Unity   (11040): UnityEngine.SetupCoroutine:InvokeMoveNext(IEnumerator, IntPtr)
05-07 23:45:55.100 I/Unity   (11040): 
05-07 23:45:55.100 I/Unity   (11040): EOSAndroid: activity context found!
05-07 23:45:55.100 I/Unity   (11040): UnityEngine.DebugLogHandler:Internal_Log(LogType, LogOption, String, Object)
05-07 23:45:55.100 I/Unity   (11040): PlayEveryWare.EpicOnlineServices.AndroidPlatformSpecifics:ConfigureAndroidActivity()
05-07 23:45:55.100 I/Unity   (11040): PlayEveryWare.EpicOnlineServices.AndroidPlatformSpecifics:ConfigureSystemInitOptions(EOSInitializeOptions&)
05-07 23:45:55.100 I/Unity   (11040): PlayEveryWare.EpicOnlineServices.Utility.ConfigurationUtility:GetEOSInitializeOptions()
05-07 23:45:55.100 I/Unity   (11040): PlayEveryWare.EpicOnlineServices.EOSSingleton:InitializePlatformInterface()
05-07 23:45:55.100 I/Unity   (11040): PlayEveryWare.EpicOnlineServices.EOSSingleton:Init(IEOSCoroutineOwner, String)
05-07 23:45:55.100 I/Unity   (11040): UnityEngine.GameObject:Internal_AddComponentWithType(Type)
05-07 23:45:55.100 I/Unity   (11040): UnityEngine.GameObject:AddComponent()
05-07 23:45:55.100 I/Unity   (11040): BuildSettings:Initialize()
05-07 23:45:55.100 I/Unity   (11040): <StartGameFlow>d__22:MoveNext()
05-07 23:45:55.100 I/Unity   (11040): UnityEngine.SetupCoroutine:InvokeMoveNext(IEnumerator, IntPtr)
05-07 23:45:55.100 I/Unity   (11040): 
05-07 23:45:55.101 I/Unity   (11040): EOSAndroid: call EOS SDK init.
05-07 23:45:55.101 I/Unity   (11040): UnityEngine.DebugLogHandler:Internal_Log(LogType, LogOption, String, Object)
05-07 23:45:55.101 I/Unity   (11040): PlayEveryWare.EpicOnlineServices.AndroidPlatformSpecifics:ConfigureAndroidActivity()
05-07 23:45:55.101 I/Unity   (11040): PlayEveryWare.EpicOnlineServices.AndroidPlatformSpecifics:ConfigureSystemInitOptions(EOSInitializeOptions&)
05-07 23:45:55.101 I/Unity   (11040): PlayEveryWare.EpicOnlineServices.Utility.ConfigurationUtility:GetEOSInitializeOptions()
05-07 23:45:55.101 I/Unity   (11040): PlayEveryWare.EpicOnlineServices.EOSSingleton:InitializePlatformInterface()
05-07 23:45:55.101 I/Unity   (11040): PlayEveryWare.EpicOnlineServices.EOSSingleton:Init(IEOSCoroutineOwner, String)
05-07 23:45:55.101 I/Unity   (11040): UnityEngine.GameObject:Internal_AddComponentWithType(Type)
05-07 23:45:55.101 I/Unity   (11040): UnityEngine.GameObject:AddComponent()
05-07 23:45:55.101 I/Unity   (11040): BuildSettings:Initialize()
05-07 23:45:55.101 I/Unity   (11040): <StartGameFlow>d__22:MoveNext()
05-07 23:45:55.101 I/Unity   (11040): UnityEngine.SetupCoroutine:InvokeMoveNext(IEnumerator, IntPtr)
05-07 23:45:55.101 I/Unity   (11040): 
05-07 23:45:55.104 I/Binder:2110_2( 2110): type=1400 audit(0.0:13003): avc: denied { lock } for path="/data/misc/keystore/persistent.sqlite" dev="sdb3" ino=5505027 scontext=u:r:init:s0 tcontext=u:object_r:keystore_data_file:s0 tclass=file permissive=1
05-07 23:45:55.104 I/Binder:2110_2( 2110): type=1400 audit(0.0:13004): avc: denied { read } for path="/data/misc/keystore/persistent.sqlite" dev="sdb3" ino=5505027 scontext=u:r:init:s0 tcontext=u:object_r:keystore_data_file:s0 tclass=file permissive=1
05-07 23:45:55.121 I/EngineFactory(11040): Provider GmsCore_OpenSSL not available
05-07 23:45:55.123 W/ActivityManager( 2429): callingPackage:com.HolydayStudios.Firestone, packageName:com.brave.browser, name:org.chromium.chrome.browser.customtabs.CustomTabsConnectionService, isSkip: true
05-07 23:45:55.124 I/lmkd    ( 2055): type=1400 audit(0.0:13005): avc: denied { write } for name="oom_score_adj" dev="proc" ino=38425 scontext=u:r:init:s0 tcontext=u:r:untrusted_app:s0:c55,c256,c512,c768 tclass=file permissive=1
05-07 23:45:55.131 I/udios.Fireston(11040): oneway function results for code 9 on binder at 0xb400006d69fb1f80 will be dropped but finished with status UNKNOWN_TRANSACTION
05-07 23:45:55.124 I/m.brave.browser( 5531): type=1400 audit(0.0:13006): avc: denied { getattr } for path="/system/framework/framework-res.apk" dev="sda1" ino=1454 scontext=u:r:untrusted_app:s0:c55,c256,c512,c768 tcontext=u:object_r:unlabeled:s0 tclass=file permissive=1
05-07 23:45:55.143 I/Unity   (11040): 05/07/2026 23:45:55 LogEOS(Info): [Boot] EOSSDK Version 1.17.1.3-44532354 booting at 2026-05-07T15:45:55.143Z using CSharp
05-07 23:45:55.143 I/Unity   (11040): 05/07/2026 23:45:55 LogEOS(Info): [Boot] EOSSDK Platform Properties [OS=Android/12, ClientId=xyza78915T3juKOECHQEveLJcfCt98aA, ProductId=69576a28f7154fe9a0dce97508da5163, SandboxId=bda8d2133655435982b9118972792328, DeploymentId=a65c0335e67b4aec8eec651de8dca6ac, ProductName=Firestone Online Idle RPG, ProductVersion=1.89, IsServer=false, Flags=None]
05-07 23:45:55.144 I/Unity   (11040): 05/07/2026 23:45:55 LogEOSAnalytics(Info): Start Session (User: ...)
05-07 23:45:55.144 E/ActivityThread(11040): Failed to find provider info for com.firestone.hooks.settings
05-07 23:45:55.145 I/Unity   (11040): 05/07/2026 23:45:55 LogEOSOverlay(Info): Overlay loaded and initialized
05-07 23:45:55.147 I/Unity   (11040): 05/07/2026 23:45:55 LogEOSRTC(Info): [Core] Initializing LibRTC...
05-07 23:45:55.150 E/MediaProvider( 3381): Permission to access file: /storage/emulated/0/Android/media/com.firestone.hooks/firestonehooks.json is denied
05-07 23:45:55.152 I/Unity   (11040): PlatformID: 0
05-07 23:45:55.152 I/Unity   (11040): UnityEngine.DebugLogHandler:Internal_Log(LogType, LogOption, String, Object)
05-07 23:45:55.152 I/Unity   (11040): BuildSettings:Initialize()
05-07 23:45:55.152 I/Unity   (11040): <StartGameFlow>d__22:MoveNext()
05-07 23:45:55.152 I/Unity   (11040): UnityEngine.SetupCoroutine:InvokeMoveNext(IEnumerator, IntPtr)
05-07 23:45:55.152 I/Unity   (11040): 
05-07 23:45:55.159 I/Unity   (11040): 05/07/2026 23:45:55 LogEOS(Info): Updating Platform SDK Config, Time: 0.009947
05-07 23:45:55.173 D/BoundBrokerSvc( 2754): onUnbind: Intent { act=com.google.android.gms.presencemanager.service.START dat=chimera-action: cmp=com.google.android.gms/.chimera.PersistentApiService }
05-07 23:45:55.173 D/BoundBrokerSvc( 2754): onUnbind: Intent { act=com.google.android.gms.presencemanager.service.INTERNAL_IDENTITY dat=chimera-action: cmp=com.google.android.gms/.chimera.PersistentApiService }
05-07 23:45:55.321 I/Unity   (11040): 05/07/2026 23:45:55 LogEOS(Info): SDK Config Platform Update Request Successful, Time: 0.139418
05-07 23:45:55.323 I/Unity   (11040): 05/07/2026 23:45:55 LogEOSAnalytics(Info): EOS SDK Analytics disabled for route [1].
05-07 23:45:55.324 I/Unity   (11040): 05/07/2026 23:45:55 LogEOS(Info): Prewarming URL successful
05-07 23:45:55.325 I/udios.Fireston(11040): oneway function results for code 9 on binder at 0xb400006d69fb1f80 will be dropped but finished with status UNKNOWN_TRANSACTION
05-07 23:45:55.325 I/Unity   (11040): 05/07/2026 23:45:55 LogEOS(Info): Updating Product SDK Config, Time: 0.171724
05-07 23:45:55.522 I/Unity   (11040): 05/07/2026 23:45:55 LogEOSAnalytics(Info): Start Session (User: ...)
05-07 23:45:55.623 I/Unity   (11040): 05/07/2026 23:45:55 LogEOS(Info): SDK Config Product Update Request Successful, Time: 0.439135
05-07 23:45:55.625 I/Unity   (11040): 05/07/2026 23:45:55 LogEOS(Info): Prewarming URL successful
05-07 23:45:55.626 I/udios.Fireston(11040): oneway function results for code 9 on binder at 0xb400006d69fb1f80 will be dropped but finished with status UNKNOWN_TRANSACTION
05-07 23:45:55.626 I/Unity   (11040): 05/07/2026 23:45:55 LogEOS(Info): SDK Config Data - Watermark: 438070848
05-07 23:45:55.626 I/Unity   (11040): 05/07/2026 23:45:55 LogEOS(Info): ScheduleNextSDKConfigDataUpdate - Time: 0.439135, Update Interval: 353.374847
05-07 23:45:55.654 E/ActivityThread(11040): Failed to find provider info for com.firestone.hooks.settings
05-07 23:45:55.659 E/MediaProvider( 3381): Permission to access file: /storage/emulated/0/Android/media/com.firestone.hooks/firestonehooks.json is denied
05-07 23:45:55.783 D/BoundBrokerSvc( 2754): onUnbind: Intent { act=com.google.android.gms.common.telemetry.service.START dat=chimera-action: cmp=com.google.android.gms/.chimera.PersistentApiService }
05-07 23:45:56.007 D/ProfileInstaller(11040): Skipping profile installation for com.HolydayStudios.Firestone
05-07 23:45:56.162 E/ActivityThread(11040): Failed to find provider info for com.firestone.hooks.settings
05-07 23:45:56.168 E/MediaProvider( 3381): Permission to access file: /storage/emulated/0/Android/media/com.firestone.hooks/firestonehooks.json is denied
05-07 23:45:56.655 I/FirestoneHooks(11040): god-mode BattleHero.IsImmune hit #1 this=0x6cc0245330
05-07 23:45:56.655 I/FirestoneHooks(11040): god-mode BattleHero.IsImmune hit #2 this=0x6cc0245330
05-07 23:45:56.655 I/FirestoneHooks(11040): god-mode BattleHero.IsImmune hit #3 this=0x6cc0245330
05-07 23:45:56.655 I/FirestoneHooks(11040): god-mode BattleHero.IsImmune hit #4 this=0x6cc0245330
05-07 23:45:56.655 I/FirestoneHooks(11040): god-mode BattleHero.IsImmune hit #5 this=0x6cc0245330
05-07 23:45:56.673 E/ActivityThread(11040): Failed to find provider info for com.firestone.hooks.settings
05-07 23:45:56.676 E/MediaProvider( 3381): Permission to access file: /storage/emulated/0/Android/media/com.firestone.hooks/firestonehooks.json is denied
05-07 23:45:57.181 E/ActivityThread(11040): Failed to find provider info for com.firestone.hooks.settings
05-07 23:45:57.184 E/MediaProvider( 3381): Permission to access file: /storage/emulated/0/Android/media/com.firestone.hooks/firestonehooks.json is denied
05-07 23:45:57.689 E/ActivityThread(11040): Failed to find provider info for com.firestone.hooks.settings
05-07 23:45:57.692 E/MediaProvider( 3381): Permission to access file: /storage/emulated/0/Android/media/com.firestone.hooks/firestonehooks.json is denied
05-07 23:45:58.196 E/ActivityThread(11040): Failed to find provider info for com.firestone.hooks.settings
05-07 23:45:58.199 E/MediaProvider( 3381): Permission to access file: /storage/emulated/0/Android/media/com.firestone.hooks/firestonehooks.json is denied
05-07 23:45:58.702 E/ActivityThread(11040): Failed to find provider info for com.firestone.hooks.settings
05-07 23:45:58.705 E/MediaProvider( 3381): Permission to access file: /storage/emulated/0/Android/media/com.firestone.hooks/firestonehooks.json is denied
05-07 23:45:59.209 E/ActivityThread(11040): Failed to find provider info for com.firestone.hooks.settings
05-07 23:45:59.212 E/MediaProvider( 3381): Permission to access file: /storage/emulated/0/Android/media/com.firestone.hooks/firestonehooks.json is denied
05-07 23:45:59.717 E/ActivityThread(11040): Failed to find provider info for com.firestone.hooks.settings
05-07 23:45:59.720 E/MediaProvider( 3381): Permission to access file: /storage/emulated/0/Android/media/com.firestone.hooks/firestonehooks.json is denied
05-07 23:46:00.225 E/ActivityThread(11040): Failed to find provider info for com.firestone.hooks.settings
05-07 23:46:00.228 E/MediaProvider( 3381): Permission to access file: /storage/emulated/0/Android/media/com.firestone.hooks/firestonehooks.json is denied
05-07 23:46:00.732 E/ActivityThread(11040): Failed to find provider info for com.firestone.hooks.settings
05-07 23:46:00.735 E/MediaProvider( 3381): Permission to access file: /storage/emulated/0/Android/media/com.firestone.hooks/firestonehooks.json is denied
05-07 23:46:00.772 D/BoundBrokerSvc( 3171): onUnbind: Intent { act=com.google.android.gms.measurement.START pkg=com.google.android.gms }
05-07 23:46:01.239 E/ActivityThread(11040): Failed to find provider info for com.firestone.hooks.settings
05-07 23:46:01.242 E/MediaProvider( 3381): Permission to access file: /storage/emulated/0/Android/media/com.firestone.hooks/firestonehooks.json is denied
05-07 23:46:01.622 D/opengl-gc( 2307): Check pid 3171: running 1
05-07 23:46:01.746 E/ActivityThread(11040): Failed to find provider info for com.firestone.hooks.settings
05-07 23:46:01.750 E/MediaProvider( 3381): Permission to access file: /storage/emulated/0/Android/media/com.firestone.hooks/firestonehooks.json is denied
05-07 23:46:02.255 E/ActivityThread(11040): Failed to find provider info for com.firestone.hooks.settings
05-07 23:46:02.259 E/MediaProvider( 3381): Permission to access file: /storage/emulated/0/Android/media/com.firestone.hooks/firestonehooks.json is denied
05-07 23:46:02.766 E/ActivityThread(11040): Failed to find provider info for com.firestone.hooks.settings
05-07 23:46:02.769 E/MediaProvider( 3381): Permission to access file: /storage/emulated/0/Android/media/com.firestone.hooks/firestonehooks.json is denied
05-07 23:46:03.273 E/ActivityThread(11040): Failed to find provider info for com.firestone.hooks.settings
05-07 23:46:03.276 E/MediaProvider( 3381): Permission to access file: /storage/emulated/0/Android/media/com.firestone.hooks/firestonehooks.json is denied
05-07 23:46:03.781 E/ActivityThread(11040): Failed to find provider info for com.firestone.hooks.settings
05-07 23:46:03.784 E/MediaProvider( 3381): Permission to access file: /storage/emulated/0/Android/media/com.firestone.hooks/firestonehooks.json is denied
05-07 23:46:04.288 E/ActivityThread(11040): Failed to find provider info for com.firestone.hooks.settings
05-07 23:46:04.290 E/MediaProvider( 3381): Permission to access file: /storage/emulated/0/Android/media/com.firestone.hooks/firestonehooks.json is denied
05-07 23:46:04.796 E/ActivityThread(11040): Failed to find provider info for com.firestone.hooks.settings
05-07 23:46:04.799 E/MediaProvider( 3381): Permission to access file: /storage/emulated/0/Android/media/com.firestone.hooks/firestonehooks.json is denied
05-07 23:46:05.121 I/keystore2( 2110): keystore2::watchdog: Watchdog thread idle -> terminating. Have a great day.
05-07 23:46:05.303 E/ActivityThread(11040): Failed to find provider info for com.firestone.hooks.settings
05-07 23:46:05.307 E/MediaProvider( 3381): Permission to access file: /storage/emulated/0/Android/media/com.firestone.hooks/firestonehooks.json is denied
05-07 23:46:05.810 E/ActivityThread(11040): Failed to find provider info for com.firestone.hooks.settings
05-07 23:46:05.814 E/MediaProvider( 3381): Permission to access file: /storage/emulated/0/Android/media/com.firestone.hooks/firestonehooks.json is denied
05-07 23:46:06.318 E/ActivityThread(11040): Failed to find provider info for com.firestone.hooks.settings
05-07 23:46:06.321 E/MediaProvider( 3381): Permission to access file: /storage/emulated/0/Android/media/com.firestone.hooks/firestonehooks.json is denied
05-07 23:46:06.825 E/ActivityThread(11040): Failed to find provider info for com.firestone.hooks.settings
05-07 23:46:06.828 E/MediaProvider( 3381): Permission to access file: /storage/emulated/0/Android/media/com.firestone.hooks/firestonehooks.json is denied
05-07 23:46:07.331 E/ActivityThread(11040): Failed to find provider info for com.firestone.hooks.settings
05-07 23:46:07.334 E/MediaProvider( 3381): Permission to access file: /storage/emulated/0/Android/media/com.firestone.hooks/firestonehooks.json is denied
05-07 23:46:07.838 E/ActivityThread(11040): Failed to find provider info for com.firestone.hooks.settings
05-07 23:46:07.841 E/MediaProvider( 3381): Permission to access file: /storage/emulated/0/Android/media/com.firestone.hooks/firestonehooks.json is denied
05-07 23:46:08.345 E/ActivityThread(11040): Failed to find provider info for com.firestone.hooks.settings
05-07 23:46:08.349 E/MediaProvider( 3381): Permission to access file: /storage/emulated/0/Android/media/com.firestone.hooks/firestonehooks.json is denied
05-07 23:46:08.853 E/ActivityThread(11040): Failed to find provider info for com.firestone.hooks.settings
05-07 23:46:08.856 E/MediaProvider( 3381): Permission to access file: /storage/emulated/0/Android/media/com.firestone.hooks/firestonehooks.json is denied
05-07 23:46:09.362 E/ActivityThread(11040): Failed to find provider info for com.firestone.hooks.settings
05-07 23:46:09.365 E/MediaProvider( 3381): Permission to access file: /storage/emulated/0/Android/media/com.firestone.hooks/firestonehooks.json is denied
05-07 23:46:09.869 E/ActivityThread(11040): Failed to find provider info for com.firestone.hooks.settings
05-07 23:46:09.873 E/MediaProvider( 3381): Permission to access file: /storage/emulated/0/Android/media/com.firestone.hooks/firestonehooks.json is denied
05-07 23:46:10.377 E/ActivityThread(11040): Failed to find provider info for com.firestone.hooks.settings
05-07 23:46:10.380 E/MediaProvider( 3381): Permission to access file: /storage/emulated/0/Android/media/com.firestone.hooks/firestonehooks.json is denied
05-07 23:46:10.536 W/GCM     ( 2754): calling start on a destroyed alarm
05-07 23:46:10.539 W/GCM     ( 2754): calling start on a destroyed alarm
05-07 23:46:10.887 E/ActivityThread(11040): Failed to find provider info for com.firestone.hooks.settings
05-07 23:46:10.890 E/MediaProvider( 3381): Permission to access file: /storage/emulated/0/Android/media/com.firestone.hooks/firestonehooks.json is denied
05-07 23:46:11.394 E/ActivityThread(11040): Failed to find provider info for com.firestone.hooks.settings
05-07 23:46:11.398 E/MediaProvider( 3381): Permission to access file: /storage/emulated/0/Android/media/com.firestone.hooks/firestonehooks.json is denied
05-07 23:46:11.623 D/opengl-gc( 2307): Check pid 3171: running 1
05-07 23:46:11.901 E/ActivityThread(11040): Failed to find provider info for com.firestone.hooks.settings
05-07 23:46:11.904 E/MediaProvider( 3381): Permission to access file: /storage/emulated/0/Android/media/com.firestone.hooks/firestonehooks.json is denied
05-07 23:46:12.408 E/ActivityThread(11040): Failed to find provider info for com.firestone.hooks.settings
05-07 23:46:12.410 E/MediaProvider( 3381): Permission to access file: /storage/emulated/0/Android/media/com.firestone.hooks/firestonehooks.json is denied
05-07 23:46:12.914 E/ActivityThread(11040): Failed to find provider info for com.firestone.hooks.settings
05-07 23:46:12.917 E/MediaProvider( 3381): Permission to access file: /storage/emulated/0/Android/media/com.firestone.hooks/firestonehooks.json is denied
05-07 23:46:13.422 E/ActivityThread(11040): Failed to find provider info for com.firestone.hooks.settings
05-07 23:46:13.424 E/MediaProvider( 3381): Permission to access file: /storage/emulated/0/Android/media/com.firestone.hooks/firestonehooks.json is denied
05-07 23:46:13.930 E/ActivityThread(11040): Failed to find provider info for com.firestone.hooks.settings
05-07 23:46:13.933 E/MediaProvider( 3381): Permission to access file: /storage/emulated/0/Android/media/com.firestone.hooks/firestonehooks.json is denied
05-07 23:46:14.436 E/ActivityThread(11040): Failed to find provider info for com.firestone.hooks.settings
05-07 23:46:14.439 E/MediaProvider( 3381): Permission to access file: /storage/emulated/0/Android/media/com.firestone.hooks/firestonehooks.json is denied
05-07 23:46:14.943 E/ActivityThread(11040): Failed to find provider info for com.firestone.hooks.settings
05-07 23:46:14.946 E/MediaProvider( 3381): Permission to access file: /storage/emulated/0/Android/media/com.firestone.hooks/firestonehooks.json is denied
05-07 23:46:15.451 E/ActivityThread(11040): Failed to find provider info for com.firestone.hooks.settings
05-07 23:46:15.454 E/MediaProvider( 3381): Permission to access file: /storage/emulated/0/Android/media/com.firestone.hooks/firestonehooks.json is denied
05-07 23:46:15.957 E/ActivityThread(11040): Failed to find provider info for com.firestone.hooks.settings
05-07 23:46:15.960 E/MediaProvider( 3381): Permission to access file: /storage/emulated/0/Android/media/com.firestone.hooks/firestonehooks.json is denied
05-07 23:46:16.465 E/ActivityThread(11040): Failed to find provider info for com.firestone.hooks.settings
05-07 23:46:16.467 E/MediaProvider( 3381): Permission to access file: /storage/emulated/0/Android/media/com.firestone.hooks/firestonehooks.json is denied
05-07 23:46:16.524 W/SensorService( 2429): Dropping 1 cached events (984/984) to save 1/1 new events. 0 events previously dropped
05-07 23:46:16.971 E/ActivityThread(11040): Failed to find provider info for com.firestone.hooks.settings
05-07 23:46:16.974 E/MediaProvider( 3381): Permission to access file: /storage/emulated/0/Android/media/com.firestone.hooks/firestonehooks.json is denied
05-07 23:46:17.478 E/ActivityThread(11040): Failed to find provider info for com.firestone.hooks.settings
05-07 23:46:17.482 E/MediaProvider( 3381): Permission to access file: /storage/emulated/0/Android/media/com.firestone.hooks/firestonehooks.json is denied
05-07 23:46:17.985 E/ActivityThread(11040): Failed to find provider info for com.firestone.hooks.settings
05-07 23:46:17.988 E/MediaProvider( 3381): Permission to access file: /storage/emulated/0/Android/media/com.firestone.hooks/firestonehooks.json is denied
05-07 23:46:18.491 E/ActivityThread(11040): Failed to find provider info for com.firestone.hooks.settings
05-07 23:46:18.495 E/MediaProvider( 3381): Permission to access file: /storage/emulated/0/Android/media/com.firestone.hooks/firestonehooks.json is denied
05-07 23:46:18.544 W/SensorService( 2429): Dropping 1 cached events (984/984) to save 1/1 new events. 100 events previously dropped
05-07 23:46:18.998 E/ActivityThread(11040): Failed to find provider info for com.firestone.hooks.settings
05-07 23:46:19.001 E/MediaProvider( 3381): Permission to access file: /storage/emulated/0/Android/media/com.firestone.hooks/firestonehooks.json is denied
05-07 23:46:19.506 E/ActivityThread(11040): Failed to find provider info for com.firestone.hooks.settings
05-07 23:46:19.509 E/MediaProvider( 3381): Permission to access file: /storage/emulated/0/Android/media/com.firestone.hooks/firestonehooks.json is denied
05-07 23:46:20.014 E/ActivityThread(11040): Failed to find provider info for com.firestone.hooks.settings
05-07 23:46:20.017 E/MediaProvider( 3381): Permission to access file: /storage/emulated/0/Android/media/com.firestone.hooks/firestonehooks.json is denied
05-07 23:46:20.520 E/ActivityThread(11040): Failed to find provider info for com.firestone.hooks.settings
05-07 23:46:20.524 E/MediaProvider( 3381): Permission to access file: /storage/emulated/0/Android/media/com.firestone.hooks/firestonehooks.json is denied
05-07 23:46:20.564 W/SensorService( 2429): Dropping 1 cached events (984/984) to save 1/1 new events. 100 events previously dropped
05-07 23:46:20.744 I/lmkd    ( 2055): type=1400 audit(0.0:13007): avc: denied { write } for name="oom_score_adj" dev="proc" ino=18332 scontext=u:r:init:s0 tcontext=u:r:gmscore_app:s0:c512,c768 tclass=file permissive=1
05-07 23:46:21.028 E/ActivityThread(11040): Failed to find provider info for com.firestone.hooks.settings
05-07 23:46:21.032 E/MediaProvider( 3381): Permission to access file: /storage/emulated/0/Android/media/com.firestone.hooks/firestonehooks.json is denied
05-07 23:46:21.240 I/storaged( 2285): type=1400 audit(0.0:13008): avc: denied { read } for name="stat" dev="sysfs" ino=14479 scontext=u:r:init:s0 tcontext=u:object_r:sysfs:s0 tclass=file permissive=1
05-07 23:46:21.240 I/storaged( 2285): type=1400 audit(0.0:13009): avc: denied { open } for path="/sys/devices/platform/810000000.pcie/pci0000:00/0000:00:01.0/virtio1/host0/target0:0:0/0:0:0:0/block/sda/stat" dev="sysfs" ino=14479 scontext=u:r:init:s0 tcontext=u:object_r:sysfs:s0 tclass=file permissive=1
05-07 23:46:21.420 I/netd    ( 2219): type=1400 audit(0.0:13010): avc: denied { call } for scontext=u:r:init:s0 tcontext=u:r:system_server:s0 tclass=binder permissive=1
05-07 23:46:21.536 E/ActivityThread(11040): Failed to find provider info for com.firestone.hooks.settings
05-07 23:46:21.539 E/MediaProvider( 3381): Permission to access file: /storage/emulated/0/Android/media/com.firestone.hooks/firestonehooks.json is denied
05-07 23:46:21.624 D/opengl-gc( 2307): Check pid 3171: running 1
05-07 23:46:22.043 E/ActivityThread(11040): Failed to find provider info for com.firestone.hooks.settings
05-07 23:46:22.046 E/MediaProvider( 3381): Permission to access file: /storage/emulated/0/Android/media/com.firestone.hooks/firestonehooks.json is denied
05-07 23:46:22.549 E/ActivityThread(11040): Failed to find provider info for com.firestone.hooks.settings
05-07 23:46:22.552 E/MediaProvider( 3381): Permission to access file: /storage/emulated/0/Android/media/com.firestone.hooks/firestonehooks.json is denied
05-07 23:46:22.585 W/SensorService( 2429): Dropping 1 cached events (984/984) to save 1/1 new events. 100 events previously dropped
05-07 23:46:23.057 E/ActivityThread(11040): Failed to find provider info for com.firestone.hooks.settings
05-07 23:46:23.060 E/MediaProvider( 3381): Permission to access file: /storage/emulated/0/Android/media/com.firestone.hooks/firestonehooks.json is denied
05-07 23:46:23.565 E/ActivityThread(11040): Failed to find provider info for com.firestone.hooks.settings
05-07 23:46:23.568 E/MediaProvider( 3381): Permission to access file: /storage/emulated/0/Android/media/com.firestone.hooks/firestonehooks.json is denied
