05-07 23:47:36.889 I/hwservicemanager( 2057): Tried to start android.hardware.graphics.mapper@3.0::IMapper/default as a lazy service, but was unable to. Usually this happens when a service is not installed, but if the service is intended to be used as a lazy service, then it may be configured incorrectly.
05-07 23:47:36.890 D/gralloc_x86(11374): gralloc_alloc: Creating ashmem region of size 14749696
05-07 23:47:36.892 W/libc    ( 2057): Unable to set property "ctl.interface_start" to "android.hardware.graphics.allocator@3.0::IAllocator/default": error code: 0x20
05-07 23:47:36.892 I/hwservicemanager( 2057): Tried to start android.hardware.graphics.allocator@3.0::IAllocator/default as a lazy service, but was unable to. Usually this happens when a service is not installed, but if the service is intended to be used as a lazy service, then it may be configured incorrectly.
05-07 23:47:36.894 W/libc    ( 2057): Unable to set property "ctl.interface_start" to "android.hardware.graphics.allocator@4.0::IAllocator/default": error code: 0x20
05-07 23:47:36.894 I/hwservicemanager( 2057): Tried to start android.hardware.graphics.allocator@4.0::IAllocator/default as a lazy service, but was unable to. Usually this happens when a service is not installed, but if the service is intended to be used as a lazy service, then it may be configured incorrectly.
05-07 23:47:36.922 I/ActivityTaskManager( 2429): Displayed com.HolydayStudios.Firestone/com.unity3d.player.UnityPlayerActivity: +470ms
05-07 23:47:36.923 D/AdvertisingIdClient( 3171): AdvertisingIdClient already created.
05-07 23:47:36.923 D/AdvertisingIdClient( 3171): AdvertisingIdClient is not bounded. Starting to bind it...
05-07 23:47:36.925 W/ActivityManager( 2429): callingPackage:com.google.android.gms, packageName:com.google.android.gms, name:com.google.android.gms.ads.identifier.service.AdvertisingIdService, isSkip: true
05-07 23:47:36.926 D/AdvertisingIdClient( 3171): AdvertisingIdClient is bounded
05-07 23:47:36.928 I/AdvertisingIdClient( 3171): shouldSendLog 1888169
05-07 23:47:36.928 I/AdvertisingIdClient( 3171): GetInfoInternal elapse 5ms
05-07 23:47:36.933 I/Unity   (11374): MemoryManager: Using 'Dynamic Heap' Allocator.
05-07 23:47:36.937 D/BoundBrokerSvc( 2754): onRebind: Intent { act=com.google.android.gms.common.telemetry.service.START dat=chimera-action: cmp=com.google.android.gms/.chimera.PersistentApiService }
05-07 23:47:36.941 I/Unity   (11374): SystemInfo CPU = ARM64 FP ASIMD AES, Cores = 6, Memory = 12007mb
05-07 23:47:36.941 I/Unity   (11374): SystemInfo ARM big.LITTLE configuration: 6 big (mask: 0x3f), 0 little (mask: 0x0)
05-07 23:47:36.942 I/Unity   (11374): ApplicationInfo 'com.HolydayStudios.Firestone', Version '3.27', Min API Level '23', Target API Level '36'
05-07 23:47:36.942 I/Unity   (11374): Built from '6000.0/staging' branch, Version '6000.0.47f1 (2ad1ed33fd3b)', Build type 'Release', Scripting Backend 'il2cpp', CPU 'arm64-v8a', Stripping 'Enabled'
05-07 23:47:36.942 I/Unity   (11374): Device Model 'Samsung SM-A5460', OS 'Android OS 12 (API 32)'
05-07 23:47:36.948 V/DisplayPowerController[0]( 2429): Brightness [0.39763778] reason changing to: 'manual', previous reason: 'manual [ dim ]'.
05-07 23:47:36.954 E/DisplayDeviceConfig( 2429): requesting nits when no mapping exists.
05-07 23:47:36.954 E/DisplayDeviceConfig( 2429): requesting nits when no mapping exists.
05-07 23:47:36.954 E/HWComposer( 2254): operator(): operator() failed for display 4619827820427265280: Unsupported (8)
05-07 23:47:36.955 E/SurfaceFlinger( 2429): setDisplayBrightness: failed to transact: -38
05-07 23:47:36.955 I/DropBoxManagerService( 2429): add tag=system_server_wtf isTagEnabled=true flags=0x2
05-07 23:47:36.956 I/DropBoxManagerService( 2429): add tag=system_server_wtf isTagEnabled=true flags=0x2
05-07 23:47:36.962 E/DisplayDeviceConfig( 2429): requesting nits when no mapping exists.
05-07 23:47:36.963 E/DisplayDeviceConfig( 2429): requesting nits when no mapping exists.
05-07 23:47:36.963 E/HWComposer( 2254): operator(): operator() failed for display 4619827820427265280: Unsupported (8)
05-07 23:47:36.963 E/SurfaceFlinger( 2429): setDisplayBrightness: failed to transact: -38
05-07 23:47:36.963 I/DropBoxManagerService( 2429): add tag=system_server_wtf isTagEnabled=true flags=0x2
05-07 23:47:36.964 I/DropBoxManagerService( 2429): add tag=system_server_wtf isTagEnabled=true flags=0x2
05-07 23:47:36.971 E/DisplayDeviceConfig( 2429): requesting nits when no mapping exists.
05-07 23:47:36.971 E/DisplayDeviceConfig( 2429): requesting nits when no mapping exists.
05-07 23:47:36.971 E/HWComposer( 2254): operator(): operator() failed for display 4619827820427265280: Unsupported (8)
05-07 23:47:36.972 I/DropBoxManagerService( 2429): add tag=system_server_wtf isTagEnabled=true flags=0x2
05-07 23:47:36.972 E/SurfaceFlinger( 2429): setDisplayBrightness: failed to transact: -38
05-07 23:47:36.979 E/DisplayDeviceConfig( 2429): requesting nits when no mapping exists.
05-07 23:47:36.979 E/DisplayDeviceConfig( 2429): requesting nits when no mapping exists.
05-07 23:47:36.980 E/HWComposer( 2254): operator(): operator() failed for display 4619827820427265280: Unsupported (8)
05-07 23:47:36.980 E/SurfaceFlinger( 2429): setDisplayBrightness: failed to transact: -38
05-07 23:47:36.987 E/DisplayDeviceConfig( 2429): requesting nits when no mapping exists.
05-07 23:47:36.988 E/DisplayDeviceConfig( 2429): requesting nits when no mapping exists.
05-07 23:47:36.988 E/HWComposer( 2254): operator(): operator() failed for display 4619827820427265280: Unsupported (8)
05-07 23:47:36.988 E/SurfaceFlinger( 2429): setDisplayBrightness: failed to transact: -38
05-07 23:47:36.996 E/DisplayDeviceConfig( 2429): requesting nits when no mapping exists.
05-07 23:47:36.996 E/DisplayDeviceConfig( 2429): requesting nits when no mapping exists.
05-07 23:47:36.996 E/HWComposer( 2254): operator(): operator() failed for display 4619827820427265280: Unsupported (8)
05-07 23:47:36.996 E/SurfaceFlinger( 2429): setDisplayBrightness: failed to transact: -38
05-07 23:47:37.004 E/DisplayDeviceConfig( 2429): requesting nits when no mapping exists.
05-07 23:47:37.004 E/DisplayDeviceConfig( 2429): requesting nits when no mapping exists.
05-07 23:47:37.005 E/HWComposer( 2254): operator(): operator() failed for display 4619827820427265280: Unsupported (8)
05-07 23:47:37.005 E/SurfaceFlinger( 2429): setDisplayBrightness: failed to transact: -38
05-07 23:47:37.013 E/DisplayDeviceConfig( 2429): requesting nits when no mapping exists.
05-07 23:47:37.013 E/DisplayDeviceConfig( 2429): requesting nits when no mapping exists.
05-07 23:47:37.013 E/HWComposer( 2254): operator(): operator() failed for display 4619827820427265280: Unsupported (8)
05-07 23:47:37.014 E/SurfaceFlinger( 2429): setDisplayBrightness: failed to transact: -38
05-07 23:47:37.021 E/DisplayDeviceConfig( 2429): requesting nits when no mapping exists.
05-07 23:47:37.021 E/DisplayDeviceConfig( 2429): requesting nits when no mapping exists.
05-07 23:47:37.021 E/HWComposer( 2254): operator(): operator() failed for display 4619827820427265280: Unsupported (8)
05-07 23:47:37.021 E/SurfaceFlinger( 2429): setDisplayBrightness: failed to transact: -38
05-07 23:47:37.029 E/DisplayDeviceConfig( 2429): requesting nits when no mapping exists.
05-07 23:47:37.029 E/DisplayDeviceConfig( 2429): requesting nits when no mapping exists.
05-07 23:47:37.029 E/HWComposer( 2254): operator(): operator() failed for display 4619827820427265280: Unsupported (8)
05-07 23:47:37.029 E/SurfaceFlinger( 2429): setDisplayBrightness: failed to transact: -38
05-07 23:47:37.037 E/DisplayDeviceConfig( 2429): requesting nits when no mapping exists.
05-07 23:47:37.037 E/DisplayDeviceConfig( 2429): requesting nits when no mapping exists.
05-07 23:47:37.038 E/HWComposer( 2254): operator(): operator() failed for display 4619827820427265280: Unsupported (8)
05-07 23:47:37.038 E/SurfaceFlinger( 2429): setDisplayBrightness: failed to transact: -38
05-07 23:47:37.040 I/FirestoneHooks(11374): libil2cpp.so base=0x6d03266000
05-07 23:47:37.040 I/shadowhook_tag(11374): shadowhook: hook_func_addr(libil2cpp.so, EasyWin.CentralCurrencyHandler.HaveCurrency, 0x6d05e0be48, 0x6d153d00cc, 9) ...
05-07 23:47:37.040 I/shadowhook_tag(11374): switch: create, target_addr 6d05e0be48
05-07 23:47:37.040 I/shadowhook_tag(11374): hub: create trampo at 6ff0377000, size 96 + 16 = 112
05-07 23:47:37.040 I/shadowhook_tag(11374): hub: add(new) func 6d153d00cc
05-07 23:47:37.040 I/shadowhook_tag(11374): a64 rewrite: type 0, inst f94002a0
05-07 23:47:37.040 I/shadowhook_tag(11374): linker: get dlinfo by target addr: target_addr 0x6d05e0be48, sym_name (NULL), sym_sz 0, load_bias 6d03266000, pathname /data/app/~~eYnZX0CwG_PADosI43wKmA==/com.HolydayStudios.Firestone-KwYIEPUCRPiNe65OfXHOnQ==/lib/arm64/libil2cpp.so
05-07 23:47:37.040 I/shadowhook_tag(11374): elf: find phdr gap 6d050b1000-6d050b4000(load_bias 6d03266000, 1e4b000-1e4e000)
05-07 23:47:37.040 I/shadowhook_tag(11374): elf: find phdr gap 6d0820e7f0-6d08212000(load_bias 6d03266000, 4fa87f0-4fac000)
05-07 23:47:37.040 I/shadowhook_tag(11374): elf: find phdr gap 6d08547000-6d0854a000(load_bias 6d03266000, 52e1000-52e4000)
05-07 23:47:37.040 I/shadowhook_tag(11374): elf: find phdr gap 6d08a74370-6d08a75000(load_bias 6d03266000, 580e370-580f000)
05-07 23:47:37.040 I/shadowhook_tag(11374): elf: alloc addr 6d050b1000(load_bias 6d03266000, 1e4b000), size 16, idx [0, 4)
05-07 23:47:37.040 I/shadowhook_tag(11374): island: alloc in ELF-gap, addr 6d050b1000, size 16, pc 6d05e0be48, range [6cfde0be48, 6d0de0be44]
05-07 23:47:37.040 I/shadowhook_tag(11374): a64: hook (with island) OK. target 6d05e0be48 -> island-exit 6d050b1000 -> new 6ff0377000 -> enter 6ff03a3080 -> resume 6d05e0be4c
05-07 23:47:37.040 I/shadowhook_tag(11374): switch: hook in SHARED mode OK: target_addr 6d05e0be48, new_addr 6d153d00cc
05-07 23:47:37.040 I/shadowhook_tag(11374): shadowhook: hook_func_addr(0x6d05e0be48, 0x6d153d00cc, 9) OK. return: 0xb400006dba00cb50
05-07 23:47:37.040 I/FirestoneHooks(11374): EasyWin.CentralCurrencyHandler.HaveCurrency hook installed rva=0x2ba5e48 target=0x6d05e0be48 stub=0xb400006dba00cb50 err=0 OK
05-07 23:47:37.040 I/shadowhook_tag(11374): shadowhook: hook_func_addr(libil2cpp.so, EasyWin.Currency.HaveCurrency, 0x6d05e0bed8, 0x6d153d01f4, 9) ...
05-07 23:47:37.040 I/shadowhook_tag(11374): switch: create, target_addr 6d05e0bed8
05-07 23:47:37.040 I/shadowhook_tag(11374): hub: create trampo at 6ff0377070, size 96 + 16 = 112
05-07 23:47:37.040 I/shadowhook_tag(11374): hub: add(new) func 6d153d01f4
05-07 23:47:37.040 I/shadowhook_tag(11374): a64 rewrite: type 0, inst aa1f03e0
05-07 23:47:37.040 I/shadowhook_tag(11374): elf: alloc addr 6d050b1010(load_bias 6d03266000, 1e4b010), size 16, idx [4, 8)
05-07 23:47:37.040 I/shadowhook_tag(11374): island: alloc in ELF-gap, addr 6d050b1010, size 16, pc 6d05e0bed8, range [6cfde0bed8, 6d0de0bed4]
05-07 23:47:37.040 I/shadowhook_tag(11374): a64: hook (with island) OK. target 6d05e0bed8 -> island-exit 6d050b1010 -> new 6ff0377070 -> enter 6ff03a30c0 -> resume 6d05e0bedc
05-07 23:47:37.040 I/shadowhook_tag(11374): switch: hook in SHARED mode OK: target_addr 6d05e0bed8, new_addr 6d153d01f4
05-07 23:47:37.040 I/shadowhook_tag(11374): shadowhook: hook_func_addr(0x6d05e0bed8, 0x6d153d01f4, 9) OK. return: 0xb400006dba011aa0
05-07 23:47:37.040 I/FirestoneHooks(11374): EasyWin.Currency.HaveCurrency hook installed rva=0x2ba5ed8 target=0x6d05e0bed8 stub=0xb400006dba011aa0 err=0 OK
05-07 23:47:37.040 I/FirestoneHooks(11374): easy-win FreeCurrency toggle active; affordability hooks installed
05-07 23:47:37.040 I/shadowhook_tag(11374): shadowhook: hook_func_addr(libil2cpp.so, GodMode.BattleHero.IsImmune, 0x6d05d26170, 0x6d153d05e0, 9) ...
05-07 23:47:37.040 I/shadowhook_tag(11374): switch: create, target_addr 6d05d26170
05-07 23:47:37.040 I/shadowhook_tag(11374): hub: create trampo at 6ff03770e0, size 96 + 16 = 112
05-07 23:47:37.040 I/shadowhook_tag(11374): hub: add(new) func 6d153d05e0
05-07 23:47:37.040 I/shadowhook_tag(11374): a64 rewrite: type 0, inst b9004be8
05-07 23:47:37.040 I/shadowhook_tag(11374): elf: alloc addr 6d050b1020(load_bias 6d03266000, 1e4b020), size 16, idx [8, 12)
05-07 23:47:37.040 I/shadowhook_tag(11374): island: alloc in ELF-gap, addr 6d050b1020, size 16, pc 6d05d26170, range [6cfdd26170, 6d0dd2616c]
05-07 23:47:37.040 I/shadowhook_tag(11374): a64: hook (with island) OK. target 6d05d26170 -> island-exit 6d050b1020 -> new 6ff03770e0 -> enter 6ff03a3100 -> resume 6d05d26174
05-07 23:47:37.040 I/shadowhook_tag(11374): switch: hook in SHARED mode OK: target_addr 6d05d26170, new_addr 6d153d05e0
05-07 23:47:37.040 I/shadowhook_tag(11374): shadowhook: hook_func_addr(0x6d05d26170, 0x6d153d05e0, 9) OK. return: 0xb400006dba013bd0
05-07 23:47:37.040 I/FirestoneHooks(11374): GodMode.BattleHero.IsImmune hook installed rva=0x2ac0170 target=0x6d05d26170 stub=0xb400006dba013bd0 err=0 OK
05-07 23:47:37.040 I/shadowhook_tag(11374): shadowhook: hook_func_addr(libil2cpp.so, GameSpeed.Time.set_timeScale, 0x6d07c74aa4, 0x6d153d0938, 9) ...
05-07 23:47:37.040 I/shadowhook_tag(11374): switch: create, target_addr 6d07c74aa4
05-07 23:47:37.040 I/shadowhook_tag(11374): hub: create trampo at 6ff0377150, size 96 + 16 = 112
05-07 23:47:37.040 I/shadowhook_tag(11374): hub: add(new) func 6d153d0938
05-07 23:47:37.040 I/shadowhook_tag(11374): a64 rewrite: type 0, inst 7100977f
05-07 23:47:37.040 I/shadowhook_tag(11374): elf: alloc addr 6d050b1030(load_bias 6d03266000, 1e4b030), size 16, idx [12, 16)
05-07 23:47:37.040 I/shadowhook_tag(11374): island: alloc in ELF-gap, addr 6d050b1030, size 16, pc 6d07c74aa4, range [6cffc74aa4, 6d0fc74aa0]
05-07 23:47:37.041 I/shadowhook_tag(11374): a64: hook (with island) OK. target 6d07c74aa4 -> island-exit 6d050b1030 -> new 6ff0377150 -> enter 6ff03a3140 -> resume 6d07c74aa8
05-07 23:47:37.041 I/shadowhook_tag(11374): switch: hook in SHARED mode OK: target_addr 6d07c74aa4, new_addr 6d153d0938
05-07 23:47:37.041 I/shadowhook_tag(11374): shadowhook: hook_func_addr(0x6d07c74aa4, 0x6d153d0938, 9) OK. return: 0xb400006dba005bf0
05-07 23:47:37.041 I/FirestoneHooks(11374): GameSpeed.Time.set_timeScale hook installed rva=0x4a0eaa4 target=0x6d07c74aa4 stub=0xb400006dba005bf0 err=0 OK
05-07 23:47:37.041 I/shadowhook_tag(11374): shadowhook: hook_func_addr(libil2cpp.so, GameSpeed.Time.get_fixedDeltaTime, 0x6d07c749f4, 0x6d153d09cc, 9) ...
05-07 23:47:37.041 I/shadowhook_tag(11374): switch: create, target_addr 6d07c749f4
05-07 23:47:37.041 I/shadowhook_tag(11374): hub: create trampo at 6ff03771c0, size 96 + 16 = 112
05-07 23:47:37.041 I/shadowhook_tag(11374): hub: add(new) func 6d153d09cc
05-07 23:47:37.041 I/shadowhook_tag(11374): a64 rewrite: type 3, inst 975ac675
05-07 23:47:37.041 I/shadowhook_tag(11374): elf: alloc addr 6d050b1040(load_bias 6d03266000, 1e4b040), size 16, idx [16, 20)
05-07 23:47:37.041 I/shadowhook_tag(11374): island: alloc in ELF-gap, addr 6d050b1040, size 16, pc 6d07c749f4, range [6cffc749f4, 6d0fc749f0]
05-07 23:47:37.041 I/shadowhook_tag(11374): a64: hook (with island) OK. target 6d07c749f4 -> island-exit 6d050b1040 -> new 6ff03771c0 -> enter 6ff03a3180 -> resume 6d07c749f8
05-07 23:47:37.041 I/shadowhook_tag(11374): switch: hook in SHARED mode OK: target_addr 6d07c749f4, new_addr 6d153d09cc
05-07 23:47:37.041 I/shadowhook_tag(11374): shadowhook: hook_func_addr(0x6d07c749f4, 0x6d153d09cc, 9) OK. return: 0xb400006db9ffec90
05-07 23:47:37.041 I/FirestoneHooks(11374): GameSpeed.Time.get_fixedDeltaTime hook installed rva=0x4a0e9f4 target=0x6d07c749f4 stub=0xb400006db9ffec90 err=0 OK
05-07 23:47:37.041 I/shadowhook_tag(11374): shadowhook: hook_func_addr(libil2cpp.so, GameSpeed.TeamLogic.ApplyWaveTransitionSpeedModifierToDuration, 0x6d05d2f9dc, 0x6d153d0a8c, 9) ...
05-07 23:47:37.041 I/shadowhook_tag(11374): switch: create, target_addr 6d05d2f9dc
05-07 23:47:37.041 I/shadowhook_tag(11374): hub: create trampo at 6ff0377230, size 96 + 16 = 112
05-07 23:47:37.041 I/shadowhook_tag(11374): hub: add(new) func 6d153d0a8c
05-07 23:47:37.041 I/shadowhook_tag(11374): a64 rewrite: type 3, inst 97d7da7b
05-07 23:47:37.041 I/shadowhook_tag(11374): elf: alloc addr 6d050b1050(load_bias 6d03266000, 1e4b050), size 16, idx [20, 24)
05-07 23:47:37.041 I/shadowhook_tag(11374): island: alloc in ELF-gap, addr 6d050b1050, size 16, pc 6d05d2f9dc, range [6cfdd2f9dc, 6d0dd2f9d8]
05-07 23:47:37.041 I/shadowhook_tag(11374): a64: hook (with island) OK. target 6d05d2f9dc -> island-exit 6d050b1050 -> new 6ff0377230 -> enter 6ff03a31c0 -> resume 6d05d2f9e0
05-07 23:47:37.041 I/shadowhook_tag(11374): switch: hook in SHARED mode OK: target_addr 6d05d2f9dc, new_addr 6d153d0a8c
05-07 23:47:37.041 I/shadowhook_tag(11374): shadowhook: hook_func_addr(0x6d05d2f9dc, 0x6d153d0a8c, 9) OK. return: 0xb400006dba007db0
05-07 23:47:37.041 I/FirestoneHooks(11374): GameSpeed.TeamLogic.ApplyWaveTransitionSpeedModifierToDuration hook installed rva=0x2ac99dc target=0x6d05d2f9dc stub=0xb400006dba007db0 err=0 OK
05-07 23:47:37.041 I/shadowhook_tag(11374): shadowhook: hook_func_addr(libil2cpp.so, GameSpeed.TeamLogic.set_WaveTransitionSpeedMultiplier, 0x6d05d2f814, 0x6d153d0b5c, 9) ...
05-07 23:47:37.041 I/shadowhook_tag(11374): switch: create, target_addr 6d05d2f814
05-07 23:47:37.041 I/shadowhook_tag(11374): hub: create trampo at 6ff03772a0, size 96 + 16 = 112
05-07 23:47:37.041 I/shadowhook_tag(11374): hub: add(new) func 6d153d0b5c
05-07 23:47:37.041 I/shadowhook_tag(11374): a64 rewrite: type 5, inst 90013b68
05-07 23:47:37.041 I/shadowhook_tag(11374): elf: alloc addr 6d050b1060(load_bias 6d03266000, 1e4b060), size 16, idx [24, 28)
05-07 23:47:37.041 I/shadowhook_tag(11374): island: alloc in ELF-gap, addr 6d050b1060, size 16, pc 6d05d2f814, range [6cfdd2f814, 6d0dd2f810]
05-07 23:47:37.041 I/shadowhook_tag(11374): a64: hook (with island) OK. target 6d05d2f814 -> island-exit 6d050b1060 -> new 6ff03772a0 -> enter 6ff03a3200 -> resume 6d05d2f818
05-07 23:47:37.041 I/shadowhook_tag(11374): switch: hook in SHARED mode OK: target_addr 6d05d2f814, new_addr 6d153d0b5c
05-07 23:47:37.041 I/shadowhook_tag(11374): shadowhook: hook_func_addr(0x6d05d2f814, 0x6d153d0b5c, 9) OK. return: 0xb400006dba002560
05-07 23:47:37.041 I/FirestoneHooks(11374): GameSpeed.TeamLogic.set_WaveTransitionSpeedMultiplier hook installed rva=0x2ac9814 target=0x6d05d2f814 stub=0xb400006dba002560 err=0 OK
05-07 23:47:37.041 I/shadowhook_tag(11374): shadowhook: hook_func_addr(libil2cpp.so, GameSpeed.Spine.AnimationState.set_TimeScale, 0x6d075d0ac8, 0x6d153d0bf0, 9) ...
05-07 23:47:37.041 I/shadowhook_tag(11374): switch: create, target_addr 6d075d0ac8
05-07 23:47:37.041 I/shadowhook_tag(11374): hub: create trampo at 6ff0377310, size 96 + 16 = 112
05-07 23:47:37.041 I/shadowhook_tag(11374): hub: add(new) func 6d153d0bf0
05-07 23:47:37.042 I/shadowhook_tag(11374): a64 rewrite: type 0, inst f9424af7
05-07 23:47:37.042 I/shadowhook_tag(11374): elf: alloc addr 6d050b1070(load_bias 6d03266000, 1e4b070), size 16, idx [28, 32)
05-07 23:47:37.042 I/shadowhook_tag(11374): island: alloc in ELF-gap, addr 6d050b1070, size 16, pc 6d075d0ac8, range [6cff5d0ac8, 6d0f5d0ac4]
05-07 23:47:37.042 I/shadowhook_tag(11374): a64: hook (with island) OK. target 6d075d0ac8 -> island-exit 6d050b1070 -> new 6ff0377310 -> enter 6ff03a3240 -> resume 6d075d0acc
05-07 23:47:37.042 I/shadowhook_tag(11374): switch: hook in SHARED mode OK: target_addr 6d075d0ac8, new_addr 6d153d0bf0
05-07 23:47:37.042 I/shadowhook_tag(11374): shadowhook: hook_func_addr(0x6d075d0ac8, 0x6d153d0bf0, 9) OK. return: 0xb400006dba00bcb0
05-07 23:47:37.042 I/FirestoneHooks(11374): GameSpeed.Spine.AnimationState.set_TimeScale hook installed rva=0x436aac8 target=0x6d075d0ac8 stub=0xb400006dba00bcb0 err=0 OK
05-07 23:47:37.042 I/shadowhook_tag(11374): shadowhook: hook_func_addr(libil2cpp.so, OHK.BattleController.ApplyDamage.short, 0x6d05a2ae00, 0x6d153d0fac, 9) ...
05-07 23:47:37.042 I/shadowhook_tag(11374): switch: create, target_addr 6d05a2ae00
05-07 23:47:37.042 I/shadowhook_tag(11374): hub: create trampo at 6ff0377380, size 96 + 16 = 112
05-07 23:47:37.042 I/shadowhook_tag(11374): hub: add(new) func 6d153d0fac
05-07 23:47:37.042 I/shadowhook_tag(11374): a64 rewrite: type 5, inst b00154f4
05-07 23:47:37.042 I/shadowhook_tag(11374): elf: alloc addr 6d050b1080(load_bias 6d03266000, 1e4b080), size 16, idx [32, 36)
05-07 23:47:37.042 I/shadowhook_tag(11374): island: alloc in ELF-gap, addr 6d050b1080, size 16, pc 6d05a2ae00, range [6cfda2ae00, 6d0da2adfc]
05-07 23:47:37.042 I/shadowhook_tag(11374): a64: hook (with island) OK. target 6d05a2ae00 -> island-exit 6d050b1080 -> new 6ff0377380 -> enter 6ff03a3280 -> resume 6d05a2ae04
05-07 23:47:37.042 I/shadowhook_tag(11374): switch: hook in SHARED mode OK: target_addr 6d05a2ae00, new_addr 6d153d0fac
05-07 23:47:37.042 I/shadowhook_tag(11374): shadowhook: hook_func_addr(0x6d05a2ae00, 0x6d153d0fac, 9) OK. return: 0xb400006dba002440
05-07 23:47:37.042 I/FirestoneHooks(11374): OHK.BattleController.ApplyDamage.short hook installed rva=0x27c4e00 target=0x6d05a2ae00 stub=0xb400006dba002440 err=0 OK
05-07 23:47:37.042 I/shadowhook_tag(11374): shadowhook: hook_func_addr(libil2cpp.so, OHK.BattleController.ApplyDamage.full, 0x6d05a2ae10, 0x6d153d10f0, 9) ...
05-07 23:47:37.042 I/shadowhook_tag(11374): switch: create, target_addr 6d05a2ae10
05-07 23:47:37.042 I/shadowhook_tag(11374): hub: create trampo at 6ff03773f0, size 96 + 16 = 112
05-07 23:47:37.042 I/shadowhook_tag(11374): hub: add(new) func 6d153d10f0
05-07 23:47:37.042 I/shadowhook_tag(11374): a64 rewrite: type 5, inst b00154e0
05-07 23:47:37.042 I/shadowhook_tag(11374): elf: alloc addr 6d050b1090(load_bias 6d03266000, 1e4b090), size 16, idx [36, 40)
05-07 23:47:37.042 I/shadowhook_tag(11374): island: alloc in ELF-gap, addr 6d050b1090, size 16, pc 6d05a2ae10, range [6cfda2ae10, 6d0da2ae0c]
05-07 23:47:37.042 I/shadowhook_tag(11374): a64: hook (with island) OK. target 6d05a2ae10 -> island-exit 6d050b1090 -> new 6ff03773f0 -> enter 6ff03a32c0 -> resume 6d05a2ae14
05-07 23:47:37.042 I/shadowhook_tag(11374): switch: hook in SHARED mode OK: target_addr 6d05a2ae10, new_addr 6d153d10f0
05-07 23:47:37.042 I/shadowhook_tag(11374): shadowhook: hook_func_addr(0x6d05a2ae10, 0x6d153d10f0, 9) OK. return: 0xb400006dba011b30
05-07 23:47:37.042 I/FirestoneHooks(11374): OHK.BattleController.ApplyDamage.full hook installed rva=0x27c4e10 target=0x6d05a2ae10 stub=0xb400006dba011b30 err=0 OK
05-07 23:47:37.042 I/shadowhook_tag(11374): shadowhook: hook_func_addr(libil2cpp.so, OHK.BattleCharacter.ReceiveDamage, 0x6d05c47ac8, 0x6d153d1240, 9) ...
05-07 23:47:37.042 I/shadowhook_tag(11374): switch: create, target_addr 6d05c47ac8
05-07 23:47:37.042 I/shadowhook_tag(11374): hub: create trampo at 6ff0377460, size 96 + 16 = 112
05-07 23:47:37.042 I/shadowhook_tag(11374): hub: add(new) func 6d153d1240
05-07 23:47:37.042 I/shadowhook_tag(11374): a64 rewrite: type 0, inst b1503a8
05-07 23:47:37.043 I/shadowhook_tag(11374): elf: alloc addr 6d050b10a0(load_bias 6d03266000, 1e4b0a0), size 16, idx [40, 44)
05-07 23:47:37.043 I/shadowhook_tag(11374): island: alloc in ELF-gap, addr 6d050b10a0, size 16, pc 6d05c47ac8, range [6cfdc47ac8, 6d0dc47ac4]
05-07 23:47:37.043 I/shadowhook_tag(11374): a64: hook (with island) OK. target 6d05c47ac8 -> island-exit 6d050b10a0 -> new 6ff0377460 -> enter 6ff03a3300 -> resume 6d05c47acc
05-07 23:47:37.043 I/shadowhook_tag(11374): switch: hook in SHARED mode OK: target_addr 6d05c47ac8, new_addr 6d153d1240
05-07 23:47:37.043 I/shadowhook_tag(11374): shadowhook: hook_func_addr(0x6d05c47ac8, 0x6d153d1240, 9) OK. return: 0xb400006db9ffcc80
05-07 23:47:37.043 I/FirestoneHooks(11374): OHK.BattleCharacter.ReceiveDamage hook installed rva=0x29e1ac8 target=0x6d05c47ac8 stub=0xb400006db9ffcc80 err=0 OK
05-07 23:47:37.043 I/shadowhook_tag(11374): shadowhook: hook_func_addr(libil2cpp.so, AttackSpeed.CharacterBattleLogic.FillAttackSpeedTimer, 0x6d05d2e2e8, 0x6d153d16c4, 9) ...
05-07 23:47:37.043 I/shadowhook_tag(11374): switch: create, target_addr 6d05d2e2e8
05-07 23:47:37.043 I/shadowhook_tag(11374): hub: create trampo at 6ff03774d0, size 96 + 16 = 112
05-07 23:47:37.043 I/shadowhook_tag(11374): hub: add(new) func 6d153d16c4
05-07 23:47:37.043 I/shadowhook_tag(11374): a64 rewrite: type 0, inst f9400c00
05-07 23:47:37.043 I/shadowhook_tag(11374): elf: alloc addr 6d050b10b0(load_bias 6d03266000, 1e4b0b0), size 16, idx [44, 48)
05-07 23:47:37.043 I/shadowhook_tag(11374): island: alloc in ELF-gap, addr 6d050b10b0, size 16, pc 6d05d2e2e8, range [6cfdd2e2e8, 6d0dd2e2e4]
05-07 23:47:37.043 I/shadowhook_tag(11374): a64: hook (with island) OK. target 6d05d2e2e8 -> island-exit 6d050b10b0 -> new 6ff03774d0 -> enter 6ff03a3340 -> resume 6d05d2e2ec
05-07 23:47:37.043 I/shadowhook_tag(11374): switch: hook in SHARED mode OK: target_addr 6d05d2e2e8, new_addr 6d153d16c4
05-07 23:47:37.043 I/shadowhook_tag(11374): shadowhook: hook_func_addr(0x6d05d2e2e8, 0x6d153d16c4, 9) OK. return: 0xb400006dba005da0
05-07 23:47:37.043 I/FirestoneHooks(11374): AttackSpeed.CharacterBattleLogic.FillAttackSpeedTimer hook installed rva=0x2ac82e8 target=0x6d05d2e2e8 stub=0xb400006dba005da0 err=0 OK
05-07 23:47:37.043 I/shadowhook_tag(11374): shadowhook: hook_func_addr(libil2cpp.so, AttackSpeed.BattleMainHero.CalculateAttackSpeedTotal, 0x6d05d28af8, 0x6d153d1804, 9) ...
05-07 23:47:37.043 I/shadowhook_tag(11374): switch: create, target_addr 6d05d28af8
05-07 23:47:37.043 I/shadowhook_tag(11374): hub: create trampo at 6ff0377540, size 96 + 16 = 112
05-07 23:47:37.043 I/shadowhook_tag(11374): hub: add(new) func 6d153d1804
05-07 23:47:37.043 I/shadowhook_tag(11374): a64 rewrite: type 0, inst f9409268
05-07 23:47:37.043 I/shadowhook_tag(11374): elf: alloc addr 6d050b10c0(load_bias 6d03266000, 1e4b0c0), size 16, idx [48, 52)
05-07 23:47:37.043 I/shadowhook_tag(11374): island: alloc in ELF-gap, addr 6d050b10c0, size 16, pc 6d05d28af8, range [6cfdd28af8, 6d0dd28af4]
05-07 23:47:37.043 I/shadowhook_tag(11374): a64: hook (with island) OK. target 6d05d28af8 -> island-exit 6d050b10c0 -> new 6ff0377540 -> enter 6ff03a3380 -> resume 6d05d28afc
05-07 23:47:37.043 I/shadowhook_tag(11374): switch: hook in SHARED mode OK: target_addr 6d05d28af8, new_addr 6d153d1804
05-07 23:47:37.043 I/shadowhook_tag(11374): shadowhook: hook_func_addr(0x6d05d28af8, 0x6d153d1804, 9) OK. return: 0xb400006dba0117d0
05-07 23:47:37.043 I/FirestoneHooks(11374): AttackSpeed.BattleMainHero.CalculateAttackSpeedTotal hook installed rva=0x2ac2af8 target=0x6d05d28af8 stub=0xb400006dba0117d0 err=0 OK
05-07 23:47:37.043 I/shadowhook_tag(11374): shadowhook: hook_func_addr(libil2cpp.so, AttackSpeed.BattleMainEnemy.CalculateAttackSpeedTotal, 0x6d05c4bb94, 0x6d153d1908, 9) ...
05-07 23:47:37.043 I/shadowhook_tag(11374): switch: create, target_addr 6d05c4bb94
05-07 23:47:37.043 I/shadowhook_tag(11374): hub: create trampo at 6ff03775b0, size 96 + 16 = 112
05-07 23:47:37.043 I/shadowhook_tag(11374): hub: add(new) func 6d153d1908
05-07 23:47:37.043 I/shadowhook_tag(11374): a64 rewrite: type 3, inst 97db6a0d
05-07 23:47:37.043 I/shadowhook_tag(11374): elf: alloc addr 6d050b10d0(load_bias 6d03266000, 1e4b0d0), size 16, idx [52, 56)
05-07 23:47:37.043 I/shadowhook_tag(11374): island: alloc in ELF-gap, addr 6d050b10d0, size 16, pc 6d05c4bb94, range [6cfdc4bb94, 6d0dc4bb90]
05-07 23:47:37.043 I/shadowhook_tag(11374): a64: hook (with island) OK. target 6d05c4bb94 -> island-exit 6d050b10d0 -> new 6ff03775b0 -> enter 6ff03a33c0 -> resume 6d05c4bb98
05-07 23:47:37.043 I/shadowhook_tag(11374): switch: hook in SHARED mode OK: target_addr 6d05c4bb94, new_addr 6d153d1908
05-07 23:47:37.043 I/shadowhook_tag(11374): shadowhook: hook_func_addr(0x6d05c4bb94, 0x6d153d1908, 9) OK. return: 0xb400006dba000ee0
05-07 23:47:37.043 I/FirestoneHooks(11374): AttackSpeed.BattleMainEnemy.CalculateAttackSpeedTotal hook installed rva=0x29e5b94 target=0x6d05c4bb94 stub=0xb400006dba000ee0 err=0 OK
05-07 23:47:37.043 I/FirestoneHooks(11374): native hook install complete result=0
05-07 23:47:37.046 E/DisplayDeviceConfig( 2429): requesting nits when no mapping exists.
05-07 23:47:37.046 E/DisplayDeviceConfig( 2429): requesting nits when no mapping exists.
05-07 23:47:37.047 E/HWComposer( 2254): operator(): operator() failed for display 4619827820427265280: Unsupported (8)
05-07 23:47:37.047 E/SurfaceFlinger( 2429): setDisplayBrightness: failed to transact: -38
05-07 23:47:37.054 E/DisplayDeviceConfig( 2429): requesting nits when no mapping exists.
05-07 23:47:37.054 E/DisplayDeviceConfig( 2429): requesting nits when no mapping exists.
05-07 23:47:37.055 E/HWComposer( 2254): operator(): operator() failed for display 4619827820427265280: Unsupported (8)
05-07 23:47:37.055 E/SurfaceFlinger( 2429): setDisplayBrightness: failed to transact: -38
05-07 23:47:37.058 W/InputManager-JNI( 2429): Input channel object 'b0b1728 Splash Screen com.HolydayStudios.Firestone (client)' was disposed without first being removed with the input manager!
05-07 23:47:37.063 E/DisplayDeviceConfig( 2429): requesting nits when no mapping exists.
05-07 23:47:37.063 E/DisplayDeviceConfig( 2429): requesting nits when no mapping exists.
05-07 23:47:37.063 E/HWComposer( 2254): operator(): operator() failed for display 4619827820427265280: Unsupported (8)
05-07 23:47:37.063 E/SurfaceFlinger( 2429): setDisplayBrightness: failed to transact: -38
05-07 23:47:37.071 E/DisplayDeviceConfig( 2429): requesting nits when no mapping exists.
05-07 23:47:37.071 E/DisplayDeviceConfig( 2429): requesting nits when no mapping exists.
05-07 23:47:37.071 E/HWComposer( 2254): operator(): operator() failed for display 4619827820427265280: Unsupported (8)
05-07 23:47:37.071 E/SurfaceFlinger( 2429): setDisplayBrightness: failed to transact: -38
05-07 23:47:37.079 E/DisplayDeviceConfig( 2429): requesting nits when no mapping exists.
05-07 23:47:37.079 E/DisplayDeviceConfig( 2429): requesting nits when no mapping exists.
05-07 23:47:37.079 E/HWComposer( 2254): operator(): operator() failed for display 4619827820427265280: Unsupported (8)
05-07 23:47:37.080 E/SurfaceFlinger( 2429): setDisplayBrightness: failed to transact: -38
05-07 23:47:37.087 E/DisplayDeviceConfig( 2429): requesting nits when no mapping exists.
05-07 23:47:37.087 E/DisplayDeviceConfig( 2429): requesting nits when no mapping exists.
05-07 23:47:37.088 E/HWComposer( 2254): operator(): operator() failed for display 4619827820427265280: Unsupported (8)
05-07 23:47:37.088 E/SurfaceFlinger( 2429): setDisplayBrightness: failed to transact: -38
05-07 23:47:37.096 E/DisplayDeviceConfig( 2429): requesting nits when no mapping exists.
05-07 23:47:37.096 E/DisplayDeviceConfig( 2429): requesting nits when no mapping exists.
05-07 23:47:37.096 E/HWComposer( 2254): operator(): operator() failed for display 4619827820427265280: Unsupported (8)
05-07 23:47:37.096 E/SurfaceFlinger( 2429): setDisplayBrightness: failed to transact: -38
05-07 23:47:37.104 E/DisplayDeviceConfig( 2429): requesting nits when no mapping exists.
05-07 23:47:37.104 E/DisplayDeviceConfig( 2429): requesting nits when no mapping exists.
05-07 23:47:37.105 E/HWComposer( 2254): operator(): operator() failed for display 4619827820427265280: Unsupported (8)
05-07 23:47:37.105 E/SurfaceFlinger( 2429): setDisplayBrightness: failed to transact: -38
05-07 23:47:37.112 E/DisplayDeviceConfig( 2429): requesting nits when no mapping exists.
05-07 23:47:37.112 E/DisplayDeviceConfig( 2429): requesting nits when no mapping exists.
05-07 23:47:37.113 E/HWComposer( 2254): operator(): operator() failed for display 4619827820427265280: Unsupported (8)
05-07 23:47:37.113 E/SurfaceFlinger( 2429): setDisplayBrightness: failed to transact: -38
05-07 23:47:37.121 E/DisplayDeviceConfig( 2429): requesting nits when no mapping exists.
05-07 23:47:37.121 E/DisplayDeviceConfig( 2429): requesting nits when no mapping exists.
05-07 23:47:37.121 E/HWComposer( 2254): operator(): operator() failed for display 4619827820427265280: Unsupported (8)
05-07 23:47:37.121 E/SurfaceFlinger( 2429): setDisplayBrightness: failed to transact: -38
05-07 23:47:37.125 I/Unity   (11374): Company Name: HolydayStudios
05-07 23:47:37.125 I/Unity   (11374): Product Name: Firestone
05-07 23:47:37.127 I/shadowhook_tag(11374): linker: call_ctors pre, load_bias 6c484c2000, name /system/lib64/egl/libEGL_emulation.so
05-07 23:47:37.127 I/shadowhook_tag(11374): task: call_ctors() pre callback. load_bias 6c484c2000, name /system/lib64/egl/libEGL_emulation.so
05-07 23:47:37.127 I/shadowhook_tag(11374): linker: call_ctors post, load_bias 6c484c2000, name /system/lib64/egl/libEGL_emulation.so
05-07 23:47:37.127 D/libEGL  (11374): loaded /system/lib64/egl/libEGL_emulation.so
05-07 23:47:37.127 I/shadowhook_tag(11374): linker: call_ctors pre, load_bias 6c4848d000, name /system/lib64/egl/libGLESv1_CM_emulation.so
05-07 23:47:37.127 I/shadowhook_tag(11374): task: call_ctors() pre callback. load_bias 6c4848d000, name /system/lib64/egl/libGLESv1_CM_emulation.so
05-07 23:47:37.127 I/shadowhook_tag(11374): linker: call_ctors post, load_bias 6c4848d000, name /system/lib64/egl/libGLESv1_CM_emulation.so
05-07 23:47:37.127 I/shadowhook_tag(11374): linker: call_ctors pre, load_bias 6c48448000, name /system/lib64/egl/libGLESv2_emulation.so
05-07 23:47:37.127 I/shadowhook_tag(11374): task: call_ctors() pre callback. load_bias 6c48448000, name /system/lib64/egl/libGLESv2_emulation.so
05-07 23:47:37.127 I/shadowhook_tag(11374): linker: call_ctors post, load_bias 6c48448000, name /system/lib64/egl/libGLESv2_emulation.so
05-07 23:47:37.129 E/DisplayDeviceConfig( 2429): requesting nits when no mapping exists.
05-07 23:47:37.129 E/DisplayDeviceConfig( 2429): requesting nits when no mapping exists.
05-07 23:47:37.130 E/HWComposer( 2254): operator(): operator() failed for display 4619827820427265280: Unsupported (8)
05-07 23:47:37.130 E/SurfaceFlinger( 2429): setDisplayBrightness: failed to transact: -38
05-07 23:47:37.131 E/udios.Fireston(11374): vulkan version is 4202746
05-07 23:47:37.131 I/nemucooker(11374): cook file1: /etc/mumu-configs/renderer.config, last modify time: Thu Aug 29 11:22:45 2024
05-07 23:47:37.132 I/nemucooker(11374): cook file2: /data/system/etc/mumu-configs/renderer.config, last modify time: Thu Apr 30 21:00:20 2026
05-07 23:47:37.132 I/nemucooker(11374): cook select file: /data/system/etc/mumu-configs/renderer.config
05-07 23:47:37.134 D/libEGL  (11374): loaded /system/lib64/egl/libGLESv1_CM_emulation.so
05-07 23:47:37.135 D/libEGL  (11374): loaded /system/lib64/egl/libGLESv2_emulation.so
05-07 23:47:37.137 E/DisplayDeviceConfig( 2429): requesting nits when no mapping exists.
05-07 23:47:37.138 E/DisplayDeviceConfig( 2429): requesting nits when no mapping exists.
05-07 23:47:37.138 E/HWComposer( 2254): operator(): operator() failed for display 4619827820427265280: Unsupported (8)
05-07 23:47:37.138 E/SurfaceFlinger( 2429): setDisplayBrightness: failed to transact: -38
05-07 23:47:37.146 E/DisplayDeviceConfig( 2429): requesting nits when no mapping exists.
05-07 23:47:37.146 E/DisplayDeviceConfig( 2429): requesting nits when no mapping exists.
05-07 23:47:37.146 E/HWComposer( 2254): operator(): operator() failed for display 4619827820427265280: Unsupported (8)
05-07 23:47:37.146 E/SurfaceFlinger( 2429): setDisplayBrightness: failed to transact: -38
05-07 23:47:37.147 E/GraphicsEnv(11374): Failed to get gpu service
05-07 23:47:37.149 E/HidlServiceManagement(11374): getService: Potential race detected, descriptor: android.hardware.configstore@1.0::ISurfaceFlingerConfigs instance: default
05-07 23:47:37.150 E/EGL_emulation(11374): [getAttribValue] Bad attribute idx
05-07 23:47:37.150 D/EGL_emulation(11374): eglGetConfigAttrib: bad attrib 0x1
05-07 23:47:37.150 E/EGL_emulation(11374): tid 11420: eglGetConfigAttrib(1029): error 0x3004 (EGL_BAD_ATTRIBUTE)
05-07 23:47:37.151 D/gralloc_x86(11374): gralloc_alloc: Creating ashmem region of size 7376896
05-07 23:47:37.154 E/DisplayDeviceConfig( 2429): requesting nits when no mapping exists.
05-07 23:47:37.154 E/DisplayDeviceConfig( 2429): requesting nits when no mapping exists.
05-07 23:47:37.154 E/HWComposer( 2254): operator(): operator() failed for display 4619827820427265280: Unsupported (8)
05-07 23:47:37.155 E/SurfaceFlinger( 2429): setDisplayBrightness: failed to transact: -38
05-07 23:47:37.162 E/DisplayDeviceConfig( 2429): requesting nits when no mapping exists.
05-07 23:47:37.163 E/DisplayDeviceConfig( 2429): requesting nits when no mapping exists.
05-07 23:47:37.163 E/HWComposer( 2254): operator(): operator() failed for display 4619827820427265280: Unsupported (8)
05-07 23:47:37.163 E/SurfaceFlinger( 2429): setDisplayBrightness: failed to transact: -38
05-07 23:47:37.171 E/DisplayDeviceConfig( 2429): requesting nits when no mapping exists.
05-07 23:47:37.171 E/DisplayDeviceConfig( 2429): requesting nits when no mapping exists.
05-07 23:47:37.172 E/HWComposer( 2254): operator(): operator() failed for display 4619827820427265280: Unsupported (8)
05-07 23:47:37.172 E/SurfaceFlinger( 2429): setDisplayBrightness: failed to transact: -38
05-07 23:47:37.173 E/udios.Fireston(11374): vulkan version is 4202746
05-07 23:47:37.179 E/DisplayDeviceConfig( 2429): requesting nits when no mapping exists.
05-07 23:47:37.180 E/DisplayDeviceConfig( 2429): requesting nits when no mapping exists.
05-07 23:47:37.180 E/HWComposer( 2254): operator(): operator() failed for display 4619827820427265280: Unsupported (8)
05-07 23:47:37.180 E/SurfaceFlinger( 2429): setDisplayBrightness: failed to transact: -38
05-07 23:47:37.183 I/AAudio  (11374): AAudioStreamBuilder_openStream() called ----------------------------------------
05-07 23:47:37.183 I/AudioStreamBuilder(11374): rate   =  24000, channels  = 2, channelMask = 0x80000003, format   = 5, sharing = SH, dir = OUTPUT
05-07 23:47:37.183 I/AudioStreamBuilder(11374): device =      0, sessionId = -1, perfMode = 12, callback: ON with frames = 1024
05-07 23:47:37.183 I/AudioStreamBuilder(11374): usage  =      0, contentType = 0, inputPreset = 0, allowedCapturePolicy = 0
05-07 23:47:37.183 I/AudioStreamBuilder(11374): privacy sensitive = false
05-07 23:47:37.183 I/AudioStreamBuilder(11374): opPackageName = (null)
05-07 23:47:37.183 I/AudioStreamBuilder(11374): attributionTag = (null)
05-07 23:47:37.183 D/udios.Fireston(11374): PlayerBase::PlayerBase()
05-07 23:47:37.183 D/AudioStreamTrack(11374): open(), request notificationFrames = 0, frameCount = 8192
05-07 23:47:37.184 W/AudioFlinger( 2249): createTrack_l(): mismatch between requested flags (00000104) and output flags (00000006)
05-07 23:47:37.185 D/AudioFlinger( 2249): Client defaulted notificationFrames to 480 for frameCount 8192
05-07 23:47:37.186 D/AF::TrackHandle( 2249): OpPlayAudio: track:74 usage:1 not muted
05-07 23:47:37.187 D/AudioTrack(11374): createTrack_l(111): AUDIO_OUTPUT_FLAG_FAST denied by server; frameCount 8192 -> 8192
05-07 23:47:37.188 E/DisplayDeviceConfig( 2429): requesting nits when no mapping exists.
05-07 23:47:37.188 E/DisplayDeviceConfig( 2429): requesting nits when no mapping exists.
05-07 23:47:37.188 E/HWComposer( 2254): operator(): operator() failed for display 4619827820427265280: Unsupported (8)
05-07 23:47:37.188 D/AAudioStream(11374): setState(s#1) from 0 to 2
05-07 23:47:37.188 E/SurfaceFlinger( 2429): setDisplayBrightness: failed to transact: -38
05-07 23:47:37.189 D/AudioStreamTrack(11374): open() flags changed from 0x00000104 to 0x00000000
05-07 23:47:37.189 D/AudioStreamTrack(11374): open() perfMode changed from 12 to 10
05-07 23:47:37.190 I/AAudio  (11374): AAudioStreamBuilder_openStream() returns 0 = AAUDIO_OK for s#1 ----------------
05-07 23:47:37.191 D/AAudio  (11374): AAudioStream_requestStart(s#1) called --------------
05-07 23:47:37.191 D/AAudioStream(11374): setState(s#1) from 2 to 3
05-07 23:47:37.192 D/AAudio  (11374): AAudioStream_requestStart(s#1) returned 0 ---------
05-07 23:47:37.192 D/AudioStreamLegacy(11374): onAudioDeviceUpdate(deviceId = 2)
05-07 23:47:37.196 E/DisplayDeviceConfig( 2429): requesting nits when no mapping exists.
05-07 23:47:37.196 E/DisplayDeviceConfig( 2429): requesting nits when no mapping exists.
05-07 23:47:37.196 E/HWComposer( 2254): operator(): operator() failed for display 4619827820427265280: Unsupported (8)
05-07 23:47:37.196 E/SurfaceFlinger( 2429): setDisplayBrightness: failed to transact: -38
05-07 23:47:37.215 D/AAudioStream(11374): setState(s#1) from 3 to 4
05-07 23:47:37.284 E/ActivityThread(11374): Failed to find provider info for com.firestone.hooks.settings
05-07 23:47:37.288 E/MediaProvider( 3381): Permission to access file: /storage/emulated/0/Android/media/com.firestone.hooks/firestonehooks.json is denied
05-07 23:47:37.324 W/NewFileUpdater( 2669): MSG_GET_PACKAGE_TAG_INFO, no available new tag for: com.HolydayStudios.Firestone, workingTag: 12.2011
05-07 23:47:37.356 I/FontLog ( 2754): (REDACTED) Received query %s, URI %s
05-07 23:47:37.357 I/FontLog ( 2754): (REDACTED) Query [%s] resolved to %s
05-07 23:47:37.358 I/FontLog ( 2754): (REDACTED) Fetch %s end status %s
05-07 23:47:37.361 I/FontLog ( 2754): (REDACTED) Pulling font file for id = %d, cache size = %d
05-07 23:47:37.363 I/FontLog ( 2754): (REDACTED) Pulling font file for id = %d, cache size = %d
05-07 23:47:37.500 W/ServiceManager( 2429): Permission failure: android.permission.HIGH_SAMPLING_RATE_SENSORS from uid=10077 pid=11374
05-07 23:47:37.501 W/ServiceManager( 2429): Permission failure: android.permission.HIGH_SAMPLING_RATE_SENSORS from uid=10077 pid=11374
05-07 23:47:37.502 W/ServiceManager( 2429): Permission failure: android.permission.HIGH_SAMPLING_RATE_SENSORS from uid=10077 pid=11374
05-07 23:47:37.503 W/ServiceManager( 2429): Permission failure: android.permission.HIGH_SAMPLING_RATE_SENSORS from uid=10077 pid=11374
05-07 23:47:37.507 D/gralloc_x86(11374): gralloc_alloc: Creating ashmem region of size 7376896
05-07 23:47:37.510 V/MediaRouter(11374): Selecting route: RouteInfo{ name=Phone, description=null, status=null, category=RouteCategory{ name=System types=ROUTE_TYPE_LIVE_AUDIO ROUTE_TYPE_LIVE_VIDEO  groupable=false }, supportedTypes=ROUTE_TYPE_LIVE_AUDIO ROUTE_TYPE_LIVE_VIDEO , presentationDisplay=null }
05-07 23:47:37.511 I/MediaRouter(11374): Skip setBluetoothA2dpOn(): types=8388615, isPlaybackActive()=true, BT route=null
05-07 23:47:37.636 I/IL2CPP  (11374): Locale en-US
05-07 23:47:37.660 I/UnityGfxDeviceW(11374): type=1400 audit(0.0:13342): avc: denied { use } for path="/dev/ashmem0a3da58f-7e1b-4c7c-8565-69d28e278314" dev="tmpfs" ino=253 scontext=u:r:init:s0 tcontext=u:r:untrusted_app:s0:c77,c256,c512,c768 tclass=fd permissive=1 app=com.HolydayStudios.Firestone
05-07 23:47:37.662 D/gralloc_x86(11374): gralloc_alloc: Creating ashmem region of size 7376896
05-07 23:47:37.666 D/gralloc_x86(11374): gralloc_alloc: Creating ashmem region of size 7376896
05-07 23:47:37.667 D/gralloc_x86(11374): gralloc_alloc: Creating ashmem region of size 7376896
05-07 23:47:37.669 I/ActivityTaskManager( 2429): Fully drawn com.HolydayStudios.Firestone/com.unity3d.player.UnityPlayerActivity: +1s218ms
05-07 23:47:37.671 D/gralloc_x86(11374): gralloc_alloc: Creating ashmem region of size 14749696
05-07 23:47:37.792 E/ActivityThread(11374): Failed to find provider info for com.firestone.hooks.settings
05-07 23:47:37.795 E/MediaProvider( 3381): Permission to access file: /storage/emulated/0/Android/media/com.firestone.hooks/firestonehooks.json is denied
05-07 23:47:38.206 D/BoundBrokerSvc( 3171): onUnbind: Intent { act=com.google.android.gms.feedback.internal.IFeedbackService dat=chimera-action: cmp=com.google.android.gms/.chimera.GmsBoundBrokerService }
05-07 23:47:38.300 E/ActivityThread(11374): Failed to find provider info for com.firestone.hooks.settings
05-07 23:47:38.304 E/MediaProvider( 3381): Permission to access file: /storage/emulated/0/Android/media/com.firestone.hooks/firestonehooks.json is denied
05-07 23:47:38.807 E/ActivityThread(11374): Failed to find provider info for com.firestone.hooks.settings
05-07 23:47:38.812 E/MediaProvider( 3381): Permission to access file: /storage/emulated/0/Android/media/com.firestone.hooks/firestonehooks.json is denied
05-07 23:47:38.957 W/BroadcastQueue( 2429): Background execution not allowed: receiving Intent { act=android.intent.action.DROPBOX_ENTRY_ADDED flg=0x10 (has extras) } to com.google.android.gms/.stats.service.DropBoxEntryAddedReceiver
05-07 23:47:38.958 D/com.netease.nemu_vapi_android.service.AppService( 2669): dropbox tag: system_server_wtf
05-07 23:47:38.958 D/com.netease.nemu_vapi_android.service.AppService( 2669): dropbox time: 1778168856972
05-07 23:47:38.958 D/com.netease.nemu_vapi_android.service.AppService( 2669): dropbox file is not to be trackd
05-07 23:47:39.108 E/TaskPersister( 2429): File error accessing recents directory (directory doesn't exist?).
05-07 23:47:39.317 E/ActivityThread(11374): Failed to find provider info for com.firestone.hooks.settings
05-07 23:47:39.322 E/MediaProvider( 3381): Permission to access file: /storage/emulated/0/Android/media/com.firestone.hooks/firestonehooks.json is denied
05-07 23:47:39.524 I/wifi@1.0-servic( 2248): type=1400 audit(0.0:13343): avc: denied { write } for scontext=u:r:init:s0 tcontext=u:r:init:s0 tclass=netlink_route_socket permissive=1
05-07 23:47:39.524 I/wifi@1.0-servic( 2248): type=1400 audit(0.0:13344): avc: denied { nlmsg_readpriv } for scontext=u:r:init:s0 tcontext=u:r:init:s0 tclass=netlink_route_socket permissive=1
05-07 23:47:39.524 I/wifi@1.0-servic( 2248): type=1400 audit(0.0:13345): avc: denied { read } for scontext=u:r:init:s0 tcontext=u:r:init:s0 tclass=netlink_route_socket permissive=1
05-07 23:47:39.747 I/Unity   (11374): EpicGames
05-07 23:47:39.747 I/Unity   (11374): UnityEngine.DebugLogHandler:Internal_Log(LogType, LogOption, String, Object)
05-07 23:47:39.747 I/Unity   (11374): GameAnalytics:SendAnalyticsLoadingPhasePHP(LoadingPhase, String, String, String)
05-07 23:47:39.747 I/Unity   (11374): GameAnalytics:SendAnalyticsLoadingPhase(LoadingPhase, String, String, String)
05-07 23:47:39.747 I/Unity   (11374): StartScript:Awake()
05-07 23:47:39.747 I/Unity   (11374): 
05-07 23:47:39.752 I/Thread-4(11374): type=1400 audit(0.0:13346): avc: denied { connectto } for path="/dev/socket/dnsproxyd" scontext=u:r:untrusted_app:s0:c77,c256,c512,c768 tcontext=u:r:init:s0 tclass=unix_stream_socket permissive=1 app=com.HolydayStudios.Firestone
05-07 23:47:39.752 I/Dns_100_10077( 2219): type=1400 audit(0.0:13347): avc: denied { setopt } for scontext=u:r:init:s0 tcontext=u:r:init:s0 tclass=udp_socket permissive=1
05-07 23:47:39.752 I/Dns_100_10077( 2219): type=1400 audit(0.0:13348): avc: denied { setattr } for name="UDP" dev="sockfs" ino=77229 scontext=u:r:init:s0 tcontext=u:r:init:s0 tclass=udp_socket permissive=1
05-07 23:47:39.752 I/Dns_100_10077( 2219): type=1400 audit(0.0:13349): avc: denied { connect } for scontext=u:r:init:s0 tcontext=u:r:init:s0 tclass=udp_socket permissive=1
05-07 23:47:39.752 I/Dns_100_10077( 2219): type=1400 audit(0.0:13350): avc: denied { getattr } for laddr=10.0.2.15 lport=39682 faddr=34.221.184.7 scontext=u:r:init:s0 tcontext=u:r:init:s0 tclass=udp_socket permissive=1
05-07 23:47:39.752 I/Binder:2219_2( 2219): type=1400 audit(0.0:13351): avc: denied { read write } for path="socket:[74425]" dev="sockfs" ino=74425 scontext=u:r:init:s0 tcontext=u:r:untrusted_app:s0:c77,c256,c512,c768 tclass=tcp_socket permissive=1
05-07 23:47:39.765 W/ServiceManager( 2429): Permission failure: android.permission.HIGH_SAMPLING_RATE_SENSORS from uid=10077 pid=11374
05-07 23:47:39.765 W/SensorService( 2429): sensor 00000000 already enabled in connection 0xb400006e0a073e70 (ignoring)
05-07 23:47:39.766 W/ServiceManager( 2429): Permission failure: android.permission.HIGH_SAMPLING_RATE_SENSORS from uid=10077 pid=11374
05-07 23:47:39.825 E/ActivityThread(11374): Failed to find provider info for com.firestone.hooks.settings
05-07 23:47:39.829 E/MediaProvider( 3381): Permission to access file: /storage/emulated/0/Android/media/com.firestone.hooks/firestonehooks.json is denied
05-07 23:47:39.946 I/Unity   (11374): EpicGames
05-07 23:47:39.946 I/Unity   (11374): UnityEngine.DebugLogHandler:Internal_Log(LogType, LogOption, String, Object)
05-07 23:47:39.946 I/Unity   (11374): GameAnalytics:SendAnalyticsLoadingPhasePHP(LoadingPhase, String, String, String)
05-07 23:47:39.946 I/Unity   (11374): GameAnalytics:SendAnalyticsLoadingPhase(LoadingPhase, String, String, String)
05-07 23:47:39.946 I/Unity   (11374): <LoadNextScene>d__24:MoveNext()
05-07 23:47:39.946 I/Unity   (11374): UnityEngine.SetupCoroutine:InvokeMoveNext(IEnumerator, IntPtr)
05-07 23:47:39.946 I/Unity   (11374): 
05-07 23:47:40.332 E/ActivityThread(11374): Failed to find provider info for com.firestone.hooks.settings
05-07 23:47:40.335 E/MediaProvider( 3381): Permission to access file: /storage/emulated/0/Android/media/com.firestone.hooks/firestonehooks.json is denied
05-07 23:47:40.839 E/ActivityThread(11374): Failed to find provider info for com.firestone.hooks.settings
05-07 23:47:40.843 E/MediaProvider( 3381): Permission to access file: /storage/emulated/0/Android/media/com.firestone.hooks/firestonehooks.json is denied
05-07 23:47:41.184 I/shadowhook_tag(11374): linker: call_ctors pre, load_bias 6be442f000, name /data/app/~~eYnZX0CwG_PADosI43wKmA==/com.HolydayStudios.Firestone-KwYIEPUCRPiNe65OfXHOnQ==/lib/arm64/libEOSSDK.so
05-07 23:47:41.184 I/shadowhook_tag(11374): task: call_ctors() pre callback. load_bias 6be442f000, name /data/app/~~eYnZX0CwG_PADosI43wKmA==/com.HolydayStudios.Firestone-KwYIEPUCRPiNe65OfXHOnQ==/lib/arm64/libEOSSDK.so
05-07 23:47:41.187 I/shadowhook_tag(11374): linker: call_ctors post, load_bias 6be442f000, name /data/app/~~eYnZX0CwG_PADosI43wKmA==/com.HolydayStudios.Firestone-KwYIEPUCRPiNe65OfXHOnQ==/lib/arm64/libEOSSDK.so
