--------- beginning of main
05-07 23:47:35.160 E/BpTransactionCompletedListener( 2254): Failed to transact (-32)
--------- beginning of system
05-07 23:47:35.161 V/ActivityManager( 2429): Got obituary of 11040:com.HolydayStudios.Firestone
05-07 23:47:35.161 I/Zygote  ( 2220): Process 11040 exited due to signal 9 (Killed)
05-07 23:47:35.162 E/BpTransactionCompletedListener( 2254): Failed to transact (-32)
05-07 23:47:35.162 W/SurfaceFlinger( 2254): couldn't log to binary event log: overflow.
05-07 23:47:35.162 W/ActivityManager( 2429): setHasOverlayUi called on unknown pid: 11040
05-07 23:47:35.163 W/WindowManager( 2429): Cannot find window which accessibility connection is added to
05-07 23:47:36.192 D/ProcessState(11370): Binder ioctl to enable oneway spam detection failed: Invalid argument
05-07 23:47:36.195 I/ActivityManager( 2429): Force stopping com.HolydayStudios.Firestone appid=10077 user=0: from pid 11370
05-07 23:47:36.192 I/cmd     (11370): type=1400 audit(0.0:13266): avc: denied { call } for scontext=u:r:adbd:s0 tcontext=u:r:system_server:s0 tclass=binder permissive=1
05-07 23:47:36.192 I/cmd     (11370): type=1400 audit(0.0:13267): avc: denied { transfer } for scontext=u:r:adbd:s0 tcontext=u:r:system_server:s0 tclass=binder permissive=1
05-07 23:47:36.450 I/ActivityTaskManager( 2429): START u0 {flg=0x10000000 cmp=com.HolydayStudios.Firestone/com.unity3d.player.UnityPlayerActivity} from uid 2000, pid 11370
05-07 23:47:36.452 I/ActivityTaskManager( 2429): [KeepAlive] disabled for com.HolydayStudios.Firestone
05-07 23:47:36.453 W/ActivityTaskManager( 2429): Can't find TaskDisplayArea to determine support for multi window. Task id=52 attached=false
05-07 23:47:36.452 I/android.anim( 2429): type=1400 audit(0.0:13268): avc: denied { read } for scontext=u:r:system_server:s0 tcontext=u:r:init:s0 tclass=unix_stream_socket permissive=1
05-07 23:47:36.457 D/CompatibilityChangeReporter( 2429): Compat change id reported: 174042980; UID 10077; state: DISABLED
05-07 23:47:36.457 D/CompatibilityChangeReporter( 2429): Compat change id reported: 184838306; UID 10077; state: DISABLED
05-07 23:47:36.457 D/CompatibilityChangeReporter( 2429): Compat change id reported: 185004937; UID 10077; state: DISABLED
05-07 23:47:36.459 I/RecentTaskMonitor( 2429): onTaskMovedToFront 52
05-07 23:47:36.459 D/RecentTaskMonitor( 2429): openTabFromAms task is Task{f5cd8c5 #52 type=standard A=10077:com.HolydayStudios.Firestone U=0 visible=true visibleRequested=false mode=fullscreen translucent=true sz=1}
05-07 23:47:36.461 D/CompatibilityChangeReporter( 2429): Compat change id reported: 168419799; UID 10077; state: DISABLED
05-07 23:47:36.463 D/RecentTaskMonitor( 2429): onRecentTaskAdded 52:Task=52
05-07 23:47:36.464 I/ll.splashscreen( 2670): type=1400 audit(0.0:13269): avc: denied { getattr } for path="/system/framework/framework-res.apk" dev="sda1" ino=1454 scontext=u:r:platform_app:s0:c512,c768 tcontext=u:object_r:unlabeled:s0 tclass=file permissive=1
05-07 23:47:36.475 D/gralloc_x86( 2670): gralloc_alloc: Creating ashmem region of size 14749696
05-07 23:47:36.477 E/ndroid.systemu( 2670): vulkan version is 4202746
05-07 23:47:36.478 D/gralloc_x86( 2670): gralloc_alloc: Creating ashmem region of size 14749696
05-07 23:47:36.478 W/RecentTaskMonitor( 2429): null pid retry ...
05-07 23:47:36.478 E/RecentTaskMonitor( 2429): VAPIShellNotifier#notifyOpenTab null params
05-07 23:47:36.481 D/gralloc_x86( 2670): gralloc_alloc: Creating ashmem region of size 14749696
05-07 23:47:36.481 D/CompatibilityChangeReporter( 2429): Compat change id reported: 135634846; UID 10077; state: DISABLED
05-07 23:47:36.481 D/CompatibilityChangeReporter( 2429): Compat change id reported: 177438394; UID 10077; state: DISABLED
05-07 23:47:36.481 D/CompatibilityChangeReporter( 2429): Compat change id reported: 135772972; UID 10077; state: DISABLED
05-07 23:47:36.481 D/CompatibilityChangeReporter( 2429): Compat change id reported: 135754954; UID 10077; state: ENABLED
05-07 23:47:36.482 D/gralloc_x86( 2670): gralloc_alloc: Creating ashmem region of size 14749696
05-07 23:47:36.485 D/Zygote  ( 2220): Forked child process 11374
05-07 23:47:36.487 I/ActivityManager( 2429): Start proc 11374:com.HolydayStudios.Firestone/u0a77 for pre-top-activity {com.HolydayStudios.Firestone/com.unity3d.player.UnityPlayerActivity}
05-07 23:47:36.484 I/surfaceflinger( 2254): type=1400 audit(0.0:13270): avc: denied { call } for scontext=u:r:init:s0 tcontext=u:r:platform_app:s0:c512,c768 tclass=binder permissive=1
05-07 23:47:36.498 D/RecentTaskMonitor( 2429): task null or not sub display in notifyDisplayOpened
05-07 23:47:36.498 D/RecentTaskMonitor( 2429): VAPIShellNotifier#notifyOpenTab :{"id":"task:52","displayId":0,"userId":0,"name":"Firestone","originName":"Firestone","packageName":"com.HolydayStudios.Firestone","launcher":false,"newTask":true,"icon":"iVBORw0KGgoAAAANSUhEUgAAAIAAAACACAYAAADDPmHLAAAAAXNSR0IArs4c6QAAAARzQklUCAgICHwIZIgAACAASURBVHicrLx3lJ3Jddj5q\/rSy6FzBLrRyGkQOAlDDGc45AQmURTFoBWpFU1JFJUsadc+R7K98tljr71eWxbtlShrSUs8YpBIyhSHYpghZzjkJGAiYqMBdM7p9cvvi1X7x2vEQQOYse47dfr1++qrcO+te2\/durcEG8DWz73a7gjvXqT4GIIPaq3i19cRQqJ0hECAEAAoqdBSo7UFiEs1b9iHENf+rrW+4e9vBi61cTO4pn15k3rr49bqqjavry9BG1eeaw1KGbxxzhvMSWssHSFliFh\/P9A2UgT84ty\/ZCq+l+dbP4FhRNhSYgkwhAQBmvX5rs\/n6h6kINLIYyj95cg0n3jhI3su3niON4Ddf\/bSQXT0tIDsjUd9BUIzvOHvUl5pOoquMMP\/DHGvAbHelr49ot+wCSlQltr4eSQQ6trxKlNtSMuNQCmJ1sbG\/QCWDhBCobVFJAQDjdf5+Pwf8bmBL1Ix24gBUiikoZFX4VDIK3i1tb7h0JTSRFp\/Maqpz7zya28Lrn52DT\/3\/afn43v\/7MU\/kahnb0V8LTTKUAiaDHh9uWaCUiHEbRJJ3Eb5x2hHNqXVzUBLjZLqmvJmQANKG1xG803mEwmTEJtICAQR95e+xSv591G3csj1vkMBgRIordHrRSl1eRGEcLkEQKA1vtLUgboWn6o7vHzk9\/\/r5qvHeJkBBv7o6Vg2bnxOw29rdOJaZF8l4tY\/SA2GRkiBEFfKpVnp9bc0IEQEQq0zhr6mvevh6rY2LFJckSTrxLyGMW6HiSRgAFoh1AaEFet1ri5vZvXr9Y6ERMgbLxQhBEiBkrJZhGCzN0xHOMVzLT8HUmNI3VSrUqOk5sqnqab0Oj6VEFeYQGsCfYUZVOTT+ew39vc+\/ddPvqd35\/ZLQzQvfUn0Of9Zi+jTN54IyEA29btxFbJuIM61lqBN0O56lSaxpNRNRmBdJN5M+V7d8TVfNWJd5+l1Da0FaFNtOJ5bgyC7epFKy2Yiw34L718Rw1dDc47Xin0pwytEX6+jrlMxAsUjla9yLnME18q9AUtCCIJL6lQKbHVF7GutL9srCk0ERAjwG3S8+D1aX\/wH6nVvG4719Z9n951f56xvAuz\/\/PMPKS0+qa4T00rp5oARaEOhUdfqW70+mattKgGICCEM9OWldslgASHWdegtNIIVeeT9VeJBFSMMsBolMtV5Um4FpIGRTWLHYxStNirSxrfiLJtZ6kYM37AJDRvErZnMCar8Vtt5Pl9LspzquWX9N8AGPNdUedE1PHkJl1fXkdepla5gmq5wnMfbfuW2uo\/Etei89DfSze\/Sq9P\/o78mO3ycaj0AIhJxsbfvHeIPeYb\/Q2z93E\/aEzExpqSR0vKNCGsSXF\/+fjX9pZQbGnUa0DdaBSJAc2OjSGhFIqyTK8+xZ\/kYufoiURihfIUIg3WdChKBKT2k0MTjDqZlYkiBJx3WZJK10KLm5Cgn2iilOygl2\/GcNEoab5ASO8un+dw7DH77r04xcsdHrnl+jfV\/aYzXMfytoNncVUS\/ycuG9vnF5f9A2cjzP1o+cw0D3wjPN5I8l8astcaqFhl44ksYw8fwPZdMOk5bPkbC0WRTtSiXdbabsZT1zgiR2ngCV4yBNyNhlTK5EaaUtt7wm4GmLVrjQOkUb6ueQXk+Nd\/FlRplahoKQmHgYyERqEjhaxMVKeo1j7gj2NFj0t2eImbCQqHIyPws8\/MxNAYqGaOY6WapZZBitpt6PEtoWBh+gw+3TmEFLXTPvsL4zsfwY5mbIvhWcDWhbkbsa19q\/unzxzjgPc+\/6\/48XLUYN2rnRgx6yR4wKwW2\/sOfE557jUApOtrS9HUoWuMubSmDji6MdFI\/bGr4xduc2w1B6Y3E7K0nL2VEJ1Xe759kj3cOoRu4QlM3I4hL7MggCEJAEoQhMRSekjQijecHSCkwTYMw0igtKBVLkDDJZ5P0kWBLv4FpmJyacYkXxmgvTBAYFoGdYDXTR5RyeM8HWikWiiTLs7QvnWV20z03HKteN+iEUGykv26b4BvAfbXv8UryQZbN7jf9rr5qTObqAgPf+xLeyMvEHZuhvjjppGBTt6C3TZJN+nihxciF6Z8zNdz3Vofd1Os33t8KIa5z7FwRTQCmgIfNUX4ueoWsUcYzXEJbkRAC0zWpKkWkNIaElK3BMlA6wgsVCRNcx8T1PKoNhdbw6gWNo11yhsv+ff1syceJWRqtQxL9JlPzHkuBxDQ1QeCSmq\/x7vts6pMzJFruI2nV6Z58ZUMGaHpejPXdzMYYuyUTbPC4LxhlV3iS\/9zyf6GEeXttcRmr6\/9oYgsTbH7yS0Tjw\/S3BXS0JdjT59HVnaa93UNrwdKywfA0zK\/E7zQFIn\/LXq4Dpa927Gxc7xpxKDRSNncBGRnwTxLneYTzEFWoVKpYZoRSEPoGkWruHGwzwjA0KKu518Ugbiu0VghhEQSSlZSm4UeUSj6r1ZDRpSpzyy+zd1c\/d+7pRwpBW9ogm8gR2jaGlWNyrsirw7N0Z7vx3AYr8wVaWvIUloZJ1FdpJNuujPsSEQQ0N1VvYbnckicE76w\/zow1RMHsvmLVrxP2ZoyglIkQCkFAau4Ce7\/\/p5Rmxxgc6GD\/tjqb+2129GliMUmtlmByusDkTJXFZRBCZ80NW74pRNf9L7mZT1WI6LIjqM3w+NdtZ3i7NUXguyws1JBhiFI2gYpoRD7StMg4NpXAJwwDHNRlJAihMC2BEA6eFyDrPmtCYOXihEmHlnSclZVVnj6+yNjIHA8+cJSeXomlFL4XMXxxnOHFOoPdazjFFeLbevnT\/\/QEve0OGbHGponnOL\/7A+h\/LI\/lbUBGrbE3fJU\/z\/zBm35XCoVG03r2efa9\/BXaWObnPpZm9x6HfLITx7FQKoXnwdJclQuzmoklA6UU+bzFW2IAKa7dumgtbrqrE+tOoA7D49+1HuewnEIpyWphichyMG0bVYuQlqC1NYFpGHieD3UTFUmMdZeHNCS27QCKej0CAiwUCUIM0yIUGktKpMxQqxksLFf528df4IF7Orlj3178RhHllzH9Ve7b042uTzJxIWAm8RArs89wqEdSHf0RE1sfxHdu6QW\/bpJvEonrYOqIn69+kfPWHUyY265r8jbsqMij\/eSP2Xvy7+hylnnonZId+0xiyRJStxGFmnrdYW6+zNmRBnMLdaJIk8062LZ4awxwNahrDn2umphx9R5YkpEB\/7b1ZQ7piyAF5WKdTD6PY6ZwPY98XCFME2GYFFeKaDcgYVuAgRAgDYnjGAghCIOQMFD4foSpNTECTKkIpERLiVYSKR2kNCgVizzx7AhLRXj7\/i0QNkgbNVqNEjKT4sXX6\/Qe+WVe+corPLLPYH51mXxhnKWeg5fnorXGieqoSBE4qQ2Jo29lHAreYD90hrPc5z3Dv235v9GG9ab4SAQ+fa98ix2nf0Bfssqdd+XZsbeKYwtEZOMHDrVawNx8wNRUmfmFGq6nSSYTxOMaIfT\/PAOA4opvtekEvt7vb6D5bO4Mh9VZpG0SAfnePmqejwgE8XgcJ2ujQ8Xq8hpBGBCLx1CquRuS0sCJxbFSCYxIocKARMLFWguxzQbJRMjERQi1wjEEdcekGoWYMYGRsln1U7xwYpqZZZ9YfIWH37uJtdWzxLp28GJ9B0eG4CnzKKNLP6Yz1WBg+Hssd+5FG1e2rK2iQu
05-07 23:47:36.501 I/RecentTaskMonitor( 2429): broadcast tab opened in android as it's new task 52
05-07 23:47:36.505 W/System.err( 2429): org.json.JSONException: No value for errcode
05-07 23:47:36.505 W/BroadcastQueue( 2429): Background execution not allowed: receiving Intent { act=nemu.intent.action.NEW_TASK dat=package:com.HolydayStudios.Firestone flg=0x10 (has extras) } to com.mumu.acc/.AccMsgReceiver
05-07 23:47:36.505 W/System.err( 2429): 	at org.json.JSONObject.get(JSONObject.java:403)
05-07 23:47:36.505 W/System.err( 2429): 	at org.json.JSONObject.getInt(JSONObject.java:492)
05-07 23:47:36.505 W/System.err( 2429): 	at com.android.server.vapi.VApiRequestListener.onResponse(VApiRequestListener.java:20)
05-07 23:47:36.505 W/System.err( 2429): 	at com.android.server.vapi.VApiRequestListener.onResponse(VApiRequestListener.java:13)
05-07 23:47:36.505 W/System.err( 2429): 	at com.android.volley.toolbox.JsonRequest.deliverResponse(JsonRequest.java:90)
05-07 23:47:36.505 W/System.err( 2429): 	at com.android.volley.ExecutorDelivery$ResponseDeliveryRunnable.run(ExecutorDelivery.java:102)
05-07 23:47:36.505 W/System.err( 2429): 	at android.os.Handler.handleCallback(Handler.java:938)
05-07 23:47:36.505 W/System.err( 2429): 	at android.os.Handler.dispatchMessage(Handler.java:99)
05-07 23:47:36.505 W/System.err( 2429): 	at android.os.Looper.loopOnce(Looper.java:201)
05-07 23:47:36.505 W/System.err( 2429): 	at android.os.Looper.loop(Looper.java:288)
05-07 23:47:36.505 W/System.err( 2429): 	at com.android.server.SystemServer.run(SystemServer.java:929)
05-07 23:47:36.505 W/System.err( 2429): 	at com.android.server.SystemServer.main(SystemServer.java:611)
05-07 23:47:36.505 W/System.err( 2429): 	at java.lang.reflect.Method.invoke(Native Method)
05-07 23:47:36.505 W/System.err( 2429): 	at com.android.internal.os.RuntimeInit$MethodAndArgsCaller.run(RuntimeInit.java:555)
05-07 23:47:36.505 W/System.err( 2429): 	at com.android.internal.os.ZygoteInit.main(ZygoteInit.java:1069)
05-07 23:47:36.506 D/NewFileUpdater( 2669): onOpenNewTask focusPkgName set to com.HolydayStudios.Firestone
05-07 23:47:36.507 D/VApi.Res.TabManager( 2669): setFocusTaskProp 52
05-07 23:47:36.508 W/ActivityManager( 2429): Foreground service started from background can not have location/camera/microphone access: service com.mumu.acc/.AccService
05-07 23:47:36.508 V/ActivityManager( 2429): Attempted to start a foreground service (com.mumu.acc/.AccService) with a broken notification (no icon: Notification(channel=acc-service shortcut=null contentView=null vibrate=null sound=null defaults=0x0 flags=0x40 color=0x00000000 vis=PRIVATE))
05-07 23:47:36.509 I/Zygote  (11374): fakeProductInfoIfNeed callded! com.HolydayStudios.Firestone
05-07 23:47:36.511 I/Zygote  (11374): fake Product info com.HolydayStudios.Firestone not matched any pattern
05-07 23:47:36.511 I/Zygote  (11374): fakeProductInfoFromProperties callded! com.HolydayStudios.Firestone
05-07 23:47:36.512 D/com.netease.nemu_vapi_android.thread.HttpServer( 2669): http server response data: {"errcode":0,"message":"OK"}
05-07 23:47:36.514 D/com.netease.nemu_vapi_android.thread.HttpServer( 2669): http server response data: {"errcode":0,"message":"OK"}
05-07 23:47:36.518 E/NemuAppNameUtil(11374): save data success
05-07 23:47:36.519 V/zygiskd64( 2221): zygiskd::zygiskd: New daemon action: GetProcessFlags
05-07 23:47:36.533 D/ProcessState(11381): Binder ioctl to enable oneway spam detection failed: Invalid argument
05-07 23:47:36.546 V/zygiskd64( 2221): zygiskd::zygiskd: Flags for UID 10077: ProcessFlags(PROCESS_ROOT_IS_MAGISK)
05-07 23:47:36.547 V/zygiskd64( 2221): zygiskd::zygiskd: New daemon action: ReadModules
05-07 23:47:36.589 D/RecentTaskMonitor( 2429): task null or not sub display in notifyDisplayOpened
05-07 23:47:36.589 D/RecentTaskMonitor( 2429): VAPIShellNotifier#notifyOpenTab :{"id":"task:52","displayId":0,"userId":0,"name":"Firestone","originName":"Firestone","packageName":"com.HolydayStudios.Firestone","launcher":false,"newTask":false,"icon":"iVBORw0KGgoAAAANSUhEUgAAAIAAAACACAYAAADDPmHLAAAAAXNSR0IArs4c6QAAAARzQklUCAgICHwIZIgAACAASURBVHicrLx3lJ3Jddj5q\/rSy6FzBLrRyGkQOAlDDGc45AQmURTFoBWpFU1JFJUsadc+R7K98tljr71eWxbtlShrSUs8YpBIyhSHYpghZzjkJGAiYqMBdM7p9cvvi1X7x2vEQQOYse47dfr1++qrcO+te2\/durcEG8DWz73a7gjvXqT4GIIPaq3i19cRQqJ0hECAEAAoqdBSo7UFiEs1b9iHENf+rrW+4e9vBi61cTO4pn15k3rr49bqqjavry9BG1eeaw1KGbxxzhvMSWssHSFliFh\/P9A2UgT84ty\/ZCq+l+dbP4FhRNhSYgkwhAQBmvX5rs\/n6h6kINLIYyj95cg0n3jhI3su3niON4Ddf\/bSQXT0tIDsjUd9BUIzvOHvUl5pOoquMMP\/DHGvAbHelr49ot+wCSlQltr4eSQQ6trxKlNtSMuNQCmJ1sbG\/QCWDhBCobVFJAQDjdf5+Pwf8bmBL1Ix24gBUiikoZFX4VDIK3i1tb7h0JTSRFp\/Maqpz7zya28Lrn52DT\/3\/afn43v\/7MU\/kahnb0V8LTTKUAiaDHh9uWaCUiHEbRJJ3Eb5x2hHNqXVzUBLjZLqmvJmQANKG1xG803mEwmTEJtICAQR95e+xSv591G3csj1vkMBgRIordHrRSl1eRGEcLkEQKA1vtLUgboWn6o7vHzk9\/\/r5qvHeJkBBv7o6Vg2bnxOw29rdOJaZF8l4tY\/SA2GRkiBEFfKpVnp9bc0IEQEQq0zhr6mvevh6rY2LFJckSTrxLyGMW6HiSRgAFoh1AaEFet1ri5vZvXr9Y6ERMgbLxQhBEiBkrJZhGCzN0xHOMVzLT8HUmNI3VSrUqOk5sqnqab0Oj6VEFeYQGsCfYUZVOTT+ew39vc+\/ddPvqd35\/ZLQzQvfUn0Of9Zi+jTN54IyEA29btxFbJuIM61lqBN0O56lSaxpNRNRmBdJN5M+V7d8TVfNWJd5+l1Da0FaFNtOJ5bgyC7epFKy2Yiw34L718Rw1dDc47Xin0pwytEX6+jrlMxAsUjla9yLnME18q9AUtCCIJL6lQKbHVF7GutL9srCk0ERAjwG3S8+D1aX\/wH6nVvG4719Z9n951f56xvAuz\/\/PMPKS0+qa4T00rp5oARaEOhUdfqW70+mattKgGICCEM9OWldslgASHWdegtNIIVeeT9VeJBFSMMsBolMtV5Um4FpIGRTWLHYxStNirSxrfiLJtZ6kYM37AJDRvErZnMCar8Vtt5Pl9LspzquWX9N8AGPNdUedE1PHkJl1fXkdepla5gmq5wnMfbfuW2uo\/Etei89DfSze\/Sq9P\/o78mO3ycaj0AIhJxsbfvHeIPeYb\/Q2z93E\/aEzExpqSR0vKNCGsSXF\/+fjX9pZQbGnUa0DdaBSJAc2OjSGhFIqyTK8+xZ\/kYufoiURihfIUIg3WdChKBKT2k0MTjDqZlYkiBJx3WZJK10KLm5Cgn2iilOygl2\/GcNEoab5ASO8un+dw7DH77r04xcsdHrnl+jfV\/aYzXMfytoNncVUS\/ycuG9vnF5f9A2cjzP1o+cw0D3wjPN5I8l8astcaqFhl44ksYw8fwPZdMOk5bPkbC0WRTtSiXdbabsZT1zgiR2ngCV4yBNyNhlTK5EaaUtt7wm4GmLVrjQOkUb6ueQXk+Nd\/FlRplahoKQmHgYyERqEjhaxMVKeo1j7gj2NFj0t2eImbCQqHIyPws8\/MxNAYqGaOY6WapZZBitpt6PEtoWBh+gw+3TmEFLXTPvsL4zsfwY5mbIvhWcDWhbkbsa19q\/unzxzjgPc+\/6\/48XLUYN2rnRgx6yR4wKwW2\/sOfE557jUApOtrS9HUoWuMubSmDji6MdFI\/bGr4xduc2w1B6Y3E7K0nL2VEJ1Xe759kj3cOoRu4QlM3I4hL7MggCEJAEoQhMRSekjQijecHSCkwTYMw0igtKBVLkDDJZ5P0kWBLv4FpmJyacYkXxmgvTBAYFoGdYDXTR5RyeM8HWikWiiTLs7QvnWV20z03HKteN+iEUGykv26b4BvAfbXv8UryQZbN7jf9rr5qTObqAgPf+xLeyMvEHZuhvjjppGBTt6C3TZJN+nihxciF6Z8zNdz3Vofd1Os33t8KIa5z7FwRTQCmgIfNUX4ueoWsUcYzXEJbkRAC0zWpKkWkNIaElK3BMlA6wgsVCRNcx8T1PKoNhdbw6gWNo11yhsv+ff1syceJWRqtQxL9JlPzHkuBxDQ1QeCSmq\/x7vts6pMzJFruI2nV6Z58ZUMGaHpejPXdzMYYuyUTbPC4LxhlV3iS\/9zyf6GEeXttcRmr6\/9oYgsTbH7yS0Tjw\/S3BXS0JdjT59HVnaa93UNrwdKywfA0zK\/E7zQFIn\/LXq4Dpa927Gxc7xpxKDRSNncBGRnwTxLneYTzEFWoVKpYZoRSEPoGkWruHGwzwjA0KKu518Ugbiu0VghhEQSSlZSm4UeUSj6r1ZDRpSpzyy+zd1c\/d+7pRwpBW9ogm8gR2jaGlWNyrsirw7N0Z7vx3AYr8wVaWvIUloZJ1FdpJNuujPsSEQQ0N1VvYbnckicE76w\/zow1RMHsvmLVrxP2ZoyglIkQCkFAau4Ce7\/\/p5Rmxxgc6GD\/tjqb+2129GliMUmtlmByusDkTJXFZRBCZ80NW74pRNf9L7mZT1WI6LIjqM3w+NdtZ3i7NUXguyws1JBhiFI2gYpoRD7StMg4NpXAJwwDHNRlJAihMC2BEA6eFyDrPmtCYOXihEmHlnSclZVVnj6+yNjIHA8+cJSeXomlFL4XMXxxnOHFOoPdazjFFeLbevnT\/\/QEve0OGbHGponnOL\/7A+h\/LI\/lbUBGrbE3fJU\/z\/zBm35XCoVG03r2efa9\/BXaWObnPpZm9x6HfLITx7FQKoXnwdJclQuzmoklA6UU+bzFW2IAKa7dumgtbrqrE+tOoA7D49+1HuewnEIpyWphichyMG0bVYuQlqC1NYFpGHieD3UTFUmMdZeHNCS27QCKej0CAiwUCUIM0yIUGktKpMxQqxksLFf528df4IF7Orlj3178RhHllzH9Ve7b042uTzJxIWAm8RArs89wqEdSHf0RE1sfxHdu6QW\/bpJvEonrYOqIn69+kfPWHUyY265r8jbsqMij\/eSP2Xvy7+hylnnonZId+0xiyRJStxGFmnrdYW6+zNmRBnMLdaJIk8062LZ4awxwNahrDn2umphx9R5YkpEB\/7b1ZQ7piyAF5WKdTD6PY6ZwPY98XCFME2GYFFeKaDcgYVuAgRAgDYnjGAghCIOQMFD4foSpNTECTKkIpERLiVYSKR2kNCgVizzx7AhLRXj7\/i0QNkgbNVqNEjKT4sXX6\/Qe+WVe+corPLLPYH51mXxhnKWeg5fnorXGieqoSBE4qQ2Jo29lHAreYD90hrPc5z3Dv235v9GG9ab4SAQ+fa98ix2nf0Bfssqdd+XZsbeKYwtEZOMHDrVawNx8wNRUmfmFGq6nSSYTxOMaIfT\/PAOA4opvtekEvt7vb6D5bO4Mh9VZpG0SAfnePmqejwgE8XgcJ2ujQ8Xq8hpBGBCLx1CquRuS0sCJxbFSCYxIocKARMLFWguxzQbJRMjERQi1wjEEdcekGoWYMYGRsln1U7xwYpqZZZ9YfIWH37uJtdWzxLp28GJ9B0eG4CnzKKNLP6Yz1WBg+Hssd+5FG1e2rK2iQ
05-07 23:47:36.596 W/System.err( 2429): org.json.JSONException: No value for errcode
05-07 23:47:36.596 W/System.err( 2429): 	at org.json.JSONObject.get(JSONObject.java:403)
05-07 23:47:36.596 W/System.err( 2429): 	at org.json.JSONObject.getInt(JSONObject.java:492)
05-07 23:47:36.596 W/System.err( 2429): 	at com.android.server.vapi.VApiRequestListener.onResponse(VApiRequestListener.java:20)
05-07 23:47:36.596 W/System.err( 2429): 	at com.android.server.vapi.VApiRequestListener.onResponse(VApiRequestListener.java:13)
05-07 23:47:36.596 W/System.err( 2429): 	at com.android.volley.toolbox.JsonRequest.deliverResponse(JsonRequest.java:90)
05-07 23:47:36.596 W/System.err( 2429): 	at com.android.volley.ExecutorDelivery$ResponseDeliveryRunnable.run(ExecutorDelivery.java:102)
05-07 23:47:36.596 W/System.err( 2429): 	at android.os.Handler.handleCallback(Handler.java:938)
05-07 23:47:36.596 W/System.err( 2429): 	at android.os.Handler.dispatchMessage(Handler.java:99)
05-07 23:47:36.596 W/System.err( 2429): 	at android.os.Looper.loopOnce(Looper.java:201)
05-07 23:47:36.596 W/System.err( 2429): 	at android.os.Looper.loop(Looper.java:288)
05-07 23:47:36.596 W/System.err( 2429): 	at com.android.server.SystemServer.run(SystemServer.java:929)
05-07 23:47:36.596 W/System.err( 2429): 	at com.android.server.SystemServer.main(SystemServer.java:611)
05-07 23:47:36.596 W/System.err( 2429): 	at java.lang.reflect.Method.invoke(Native Method)
05-07 23:47:36.596 W/System.err( 2429): 	at com.android.internal.os.RuntimeInit$MethodAndArgsCaller.run(RuntimeInit.java:555)
05-07 23:47:36.596 W/System.err( 2429): 	at com.android.internal.os.ZygoteInit.main(ZygoteInit.java:1069)
05-07 23:47:36.606 W/Zygote  (11374): BindMount ,  SpecializeCommon: source /data/system/etc/mumu-configs/app/com.HolydayStudios.Firestone/currentApp, target: /system/etc/mumu-configs/currentApp , chownRet: 0
05-07 23:47:36.607 W/Zygote  (11374): BindMount ,  SpecializeCommon mount currentApp , MountRet: 0
05-07 23:47:36.639 I/Zygote  (11374): seccomp disabled by setenforce 0
05-07 23:47:36.649 E/udios.Fireston(11374): Not starting debugger since process cannot load the jdwp agent.
05-07 23:47:36.650 D/ProcessState(11374): Binder ioctl to enable oneway spam detection failed: Invalid argument
05-07 23:47:36.652 D/VectorZygiskBridge( 2429): onTransact: action=GET_BINDER, callerUid=10077
05-07 23:47:36.671 V/VectorDeopter(11374): Skipping deopt for android.app.Instrumentation#newApplication: android.app.Instrumentation.newApplication [class java.lang.ClassLoader, class android.content.Context]
05-07 23:47:36.671 V/VectorDeopter(11374): Skipping deopt for android.app.LoadedApk#makeApplicationInner: android.app.LoadedApk.makeApplicationInner [boolean, class android.app.Instrumentation, boolean]
05-07 23:47:36.671 V/VectorDeopter(11374): Skipping deopt for android.app.LoadedApk#makeApplicationInner: android.app.LoadedApk.makeApplicationInner [boolean, class android.app.Instrumentation]
05-07 23:47:36.672 V/Vector  (11374): Loading Vector/Xposed for com.HolydayStudios.Firestone (UID: 10077)
05-07 23:47:36.681 W/OomAdjuster( 2429): Fallback pre-set sched group to default: not expected top priority
05-07 23:47:36.683 E/ashmem  (11374): memfd: ro.vndk.version not defined or invalid (), this is mandated since P.
05-07 23:47:36.685 D/VectorModuleManager(11374): Loading module com.firestone.hooks
05-07 23:47:36.688 W/udios.Fireston(11374): Could not get odex filename for Anonymous-DexFile@2194712028: Dex location Anonymous-DexFile@2194712028 has no directory.
05-07 23:47:36.689 V/VectorModuleManager(11374): Loading class class com.template.lsposed.ModuleEntry
05-07 23:47:36.690 I/FirestoneHooks(11374): com.firestone.hooks: Loaded in process=com.HolydayStudios.Firestone, framework=Vector 2.0, api=101
05-07 23:47:36.690 D/VectorModuleManager(11374): Loaded module com.firestone.hooks successfully.
05-07 23:47:36.690 D/CompatibilityChangeReporter(11374): Compat change id reported: 171979766; UID 10077; state: ENABLED
05-07 23:47:36.692 D/NemuJavaHotPatchHelper(11374): onHandleBindApplication reportedPackageName:com.HolydayStudios.Firestone isMatchJavaPatch:false
05-07 23:47:36.737 I/Typeface(11374): Preloading /system/fonts/Roboto-Regular.ttf
05-07 23:47:36.738 I/Typeface(11374): Preloading /system/fonts/RobotoStatic-Regular.ttf
05-07 23:47:36.753 I/nemucooker(11374): cook file1: /system/etc/mumu-configs/shared_libs/libc_llite.so, last modify time: Fri Jul 12 17:30:20 2024
05-07 23:47:36.753 I/nemucooker(11374): cook file2: /data/system/etc/mumu-configs/shared_libs/libc_llite.so, last modify time: Wed Apr 29 17:20:43 2026
05-07 23:47:36.753 I/nemucooker(11374): cook select file: /data/system/etc/mumu-configs/shared_libs/libc_llite.so
05-07 23:47:36.754 E/linker  (11374): do_dlsym houdini_patch_entrance_name failed
05-07 23:47:36.754 W/udios.Fireston(11374): ClassLoaderContext shared library size mismatch. Expected=1, found=0 (PCL[]{PCL[/system/framework/org.apache.http.legacy.jar*2255768530]} | PCL[])
05-07 23:47:36.756 I/FirestoneHooks(11374): com.firestone.hooks: onPackageLoaded com.HolydayStudios.Firestone process=com.HolydayStudios.Firestone firstPackage=true dataDir=/data/user/0/com.HolydayStudios.Firestone
05-07 23:47:36.756 I/FirestoneHooks(11374): com.firestone.hooks: Hooked Application.attach
05-07 23:47:36.757 I/FirestoneHooks(11374): com.firestone.hooks: Hooked Activity.onResume sample
05-07 23:47:36.757 D/VectorLifecycle(11374): dispatchPackageReady h1@938c1d4
05-07 23:47:36.757 I/FirestoneHooks(11374): com.firestone.hooks: onPackageReady com.HolydayStudios.Firestone process=com.HolydayStudios.Firestone firstPackage=true dataDir=/data/user/0/com.HolydayStudios.Firestone
05-07 23:47:36.759 V/GraphicsEnvironment(11374): ANGLE Developer option for 'com.HolydayStudios.Firestone' set to: 'default'
05-07 23:47:36.760 V/GraphicsEnvironment(11374): ANGLE GameManagerService for com.HolydayStudios.Firestone: false
05-07 23:47:36.760 V/GraphicsEnvironment(11374): Neither updatable production driver nor prerelease driver is supported.
05-07 23:47:36.761 D/NetworkSecurityConfig(11374): No Network Security Config specified, using platform default
05-07 23:47:36.761 D/NetworkSecurityConfig(11374): No Network Security Config specified, using platform default
05-07 23:47:36.762 E/ActivityThread(11374): Failed to find provider info for com.firestone.hooks.settings
05-07 23:47:36.765 E/MediaProvider( 3381): Permission to access file: /storage/emulated/0/Android/media/com.firestone.hooks/firestonehooks.json is denied
05-07 23:47:36.766 W/FirestoneHooks(11374): Settings provider and public fallback read failed; using defaults
05-07 23:47:36.766 W/FirestoneHooks(11374): java.lang.IllegalArgumentException: Unknown authority com.firestone.hooks.settings
05-07 23:47:36.766 W/FirestoneHooks(11374): 	at android.content.ContentResolver.call(ContentResolver.java:2447)
05-07 23:47:36.766 W/FirestoneHooks(11374): 	at android.content.ContentResolver.call(ContentResolver.java:2430)
05-07 23:47:36.766 W/FirestoneHooks(11374): 	at com.template.lsposed.FirestoneSettings.readFromProvider(FirestoneSettings.java:91)
05-07 23:47:36.766 W/FirestoneHooks(11374): 	at com.template.lsposed.FirestoneSettings.syncProviderToTargetFile(FirestoneSettings.java:129)
05-07 23:47:36.766 W/FirestoneHooks(11374): 	at com.template.lsposed.ModuleEntry.onApplicationContextReady(ModuleEntry.java:121)
05-07 23:47:36.766 W/FirestoneHooks(11374): 	at com.template.lsposed.ModuleEntry.lambda$installApplicationAttachHook$0(ModuleEntry.java:98)
05-07 23:47:36.766 W/FirestoneHooks(11374): 	at com.template.lsposed.ModuleEntry.$r8$lambda$k7l8Sx5uLWPn571rH1-O9e485pE(Unknown Source:0)
05-07 23:47:36.766 W/FirestoneHooks(11374): 	at com.template.lsposed.ModuleEntry$$ExternalSyntheticLambda3.intercept(D8$$SyntheticClass:0)
05-07 23:47:36.766 W/FirestoneHooks(11374): 	at j2.a(r8-map-id-656caac1f55b126a25f1b31ace47897cbcfbe4c9e48877a810a6cd8f57690890:41)
05-07 23:47:36.766 W/FirestoneHooks(11374): 	at j2.proceed(r8-map-id-656caac1f55b126a25f1b31ace47897cbcfbe4c9e48877a810a6cd8f57690890:1)
05-07 23:47:36.766 W/FirestoneHooks(11374): 	at y2.callback(r8-map-id-656caac1f55b126a25f1b31ace47897cbcfbe4c9e48877a810a6cd8f57690890:105)
05-07 23:47:36.766 W/FirestoneHooks(11374): 	at Vector_.attach(Unknown Source:11)
05-07 23:47:36.766 W/FirestoneHooks(11374): 	at android.app.Instrumentation.newApplication(Instrumentation.java:1191)
05-07 23:47:36.766 W/FirestoneHooks(11374): 	at android.app.LoadedApk.makeApplication(LoadedApk.java:1356)
05-07 23:47:36.766 W/FirestoneHooks(11374): 	at android.app.ActivityThread.handleBindApplication(ActivityThread.java:6896)
05-07 23:47:36.766 W/FirestoneHooks(11374): 	at android.app.ActivityThread.access$1500(ActivityThread.java:259)
05-07 23:47:36.766 W/FirestoneHooks(11374): 	at android.app.ActivityThread$H.handleMessage(ActivityThread.java:2094)
05-07 23:47:36.766 W/FirestoneHooks(11374): 	at android.os.Handler.dispatchMessage(Handler.java:106)
05-07 23:47:36.766 W/FirestoneHooks(11374): 	at android.os.Looper.loopOnce(Looper.java:201)
05-07 23:47:36.766 W/FirestoneHooks(11374): 	at android.os.Looper.loop(Looper.java:288)
05-07 23:47:36.766 W/FirestoneHooks(11374): 	at android.app.ActivityThread.main(ActivityThread.java:8043)
05-07 23:47:36.766 W/FirestoneHooks(11374): 	at java.lang.reflect.Method.invoke(Native Method)
05-07 23:47:36.766 W/FirestoneHooks(11374): 	at com.android.internal.os.RuntimeInit$MethodAndArgsCaller.run(RuntimeInit.java:555)
05-07 23:47:36.766 W/FirestoneHooks(11374): 	at com.android.internal.os.ZygoteInit.main(ZygoteInit.java:1091)
05-07 23:47:36.775 I/FirestoneHooks(11374): com.firestone.hooks: Detected engine=UNITY evidence=[libil2cpp.so, libunity.so, libmain.so]
05-07 23:47:36.775 E/ActivityThread(11374): Failed to find provider info for com.firestone.hooks.settings
05-07 23:47:36.779 E/MediaProvider( 3381): Permission to access file: /storage/emulated/0/Android/media/com.firestone.hooks/firestonehooks.json is denied
05-07 23:47:36.781 I/shadowhook_tag(11374): linker: hook soinfo::call_constructors
05-07 23:47:36.781 I/shadowhook_tag(11374): a64 rewrite: type 0, inst d10283ff
05-07 23:47:36.781 I/shadowhook_tag(11374): elf: find phdr gap 6ffa3b9070-6ffa3ba000(load_bias 6ffa297000, 122070-123000)
05-07 23:47:36.781 I/shadowhook_tag(11374): elf: find phdr gap 6ffa3cfe38-6ffa3d0000(load_bias 6ffa297000, 138e38-139000)
05-07 23:47:36.781 I/shadowhook_tag(11374): elf: alloc addr 6ffa3b9070(load_bias 6ffa297000, 122070), size 16, idx [0, 4)
05-07 23:47:36.781 I/shadowhook_tag(11374): island: alloc in ELF-gap, addr 6ffa3b9070, size 16, pc 6ffa2e8fd4, range [6ff22e8fd4, 70022e8fd0]
05-07 23:47:36.781 I/shadowhook_tag(11374): a64: hook (with island) OK. target 6ffa2e8fd4 -> island-exit 6ffa3b9070 -> new 6d186defc0 -> enter 6ff03a3000 -> resume 6ffa2e8fd8
05-07 23:47:36.781 I/shadowhook_tag(11374): switch: hook invisible OK: target_addr 6ffa2e8fd4, new_addr 6d186defc0
05-07 23:47:36.781 I/shadowhook_tag(11374): linker: hook soinfo::call_destructors
05-07 23:47:36.781 I/shadowhook_tag(11374): a64 rewrite: type 0, inst d10283ff
05-07 23:47:36.781 I/shadowhook_tag(11374): elf: alloc addr 6ffa3b9080(load_bias 6ffa297000, 122080), size 16, idx [4, 8)
05-07 23:47:36.781 I/shadowhook_tag(11374): island: alloc in ELF-gap, addr 6ffa3b9080, size 16, pc 6ffa2e93bc, range [6ff22e93bc, 70022e93b8]
05-07 23:47:36.781 I/shadowhook_tag(11374): a64: hook (with island) OK. target 6ffa2e93bc -> island-exit 6ffa3b9080 -> new 6d186df738 -> enter 6ff03a3040 -> resume 6ffa2e93c0
05-07 23:47:36.781 I/shadowhook_tag(11374): switch: hook invisible OK: target_addr 6ffa2e93bc, new_addr 6d186df738
05-07 23:47:36.781 I/shadowhook_tag(11374): linker: soinfo memory scan pre OK. load_bias 208, name 216, phdr 0, phnum 8, called 248
05-07 23:47:36.781 I/shadowhook_tag(11374): linker: soinfo memory scan post OK
05-07 23:47:36.782 I/FirestoneHooks(11374): com.firestone.hooks: Synced settings to /data/user/0/com.HolydayStudios.Firestone/files/firestonehooks.json
05-07 23:47:36.782 I/shadowhook_tag(11374): linker: hook ctors and dtors OK
05-07 23:47:36.782 I/shadowhook_tag(11374): task: start linker DL-init/fini monitor ...
05-07 23:47:36.782 E/shadowhook_tag(11374): shadowhook version 2.0.0: shadowhook init(default_mode: SHARED, debuggable: true), return: 0, real-init: yes
05-07 23:47:36.782 I/FirestoneHooks(11374): ShadowHook ready: version=shadowhook version 2.0.0, arch=arm64
05-07 23:47:36.783 I/shadowhook_tag(11374): linker: call_ctors pre, load_bias 6d153b3000, name /data/app/~~TOinlqdRxHdu0xB_tsxVcw==/com.firestone.hooks-22E8hMMt0minfo0s-jNRGw==/base.apk!/lib/arm64-v8a/libfirestonehooks.so
05-07 23:47:36.783 I/shadowhook_tag(11374): task: call_ctors() pre callback. load_bias 6d153b3000, name /data/app/~~TOinlqdRxHdu0xB_tsxVcw==/com.firestone.hooks-22E8hMMt0minfo0s-jNRGw==/base.apk!/lib/arm64-v8a/libfirestonehooks.so
05-07 23:47:36.783 I/shadowhook_tag(11374): linker: call_ctors post, load_bias 6d153b3000, name /data/app/~~TOinlqdRxHdu0xB_tsxVcw==/com.firestone.hooks-22E8hMMt0minfo0s-jNRGw==/base.apk!/lib/arm64-v8a/libfirestonehooks.so
05-07 23:47:36.784 I/FirestoneHooks(11374): JNI_OnLoad firestonehooks
05-07 23:47:36.784 I/FirestoneHooks(11374): Loaded libfirestonehooks.so
05-07 23:47:36.784 I/FirestoneHooks(11374): install worker package=com.HolydayStudios.Firestone settings=/data/user/0/com.HolydayStudios.Firestone/files/firestonehooks.json shadowhook=shadowhook version 2.0.0
05-07 23:47:36.784 E/shadowhook_tag(11374): shadowhook version 2.0.0: shadowhook init(default_mode: SHARED, debuggable: false), return: 0, real-init: no
05-07 23:47:36.784 I/FirebaseApp(11374): Device unlocked: initializing all Firebase APIs for app [DEFAULT]
05-07 23:47:36.785 I/FirestoneHooks(11374): settings refresh thread path=/data/user/0/com.HolydayStudios.Firestone/files/firestonehooks.json
05-07 23:47:36.789 I/FirebaseInitProvider(11374): FirebaseApp initialization successful
05-07 23:47:36.793 I/FacebookInitProvider(11374): Failed to auto initialize the Facebook SDK
05-07 23:47:36.793 I/FacebookInitProvider(11374): A valid Facebook app client token must be set in the AndroidManifest.xml or set by calling FacebookSdk.setClientToken before initializing the sdk.
05-07 23:47:36.793 I/FacebookInitProvider(11374): 	at com.facebook.FacebookSdk.sdkInitialize(SourceFile:460)
05-07 23:47:36.793 I/FacebookInitProvider(11374): 	at com.facebook.FacebookSdk.sdkInitialize(SourceFile:412)
05-07 23:47:36.793 I/FacebookInitProvider(11374): 	at com.facebook.internal.FacebookInitProvider.onCreate(SourceFile:28)
05-07 23:47:36.793 I/FacebookInitProvider(11374): 	at android.content.ContentProvider.attachInfo(ContentProvider.java:2404)
05-07 23:47:36.793 I/FacebookInitProvider(11374): 	at android.content.ContentProvider.attachInfo(ContentProvider.java:2374)
05-07 23:47:36.793 I/FacebookInitProvider(11374): 	at android.app.ActivityThread.installProvider(ActivityThread.java:7632)
05-07 23:47:36.793 I/FacebookInitProvider(11374): 	at android.app.ActivityThread.installContentProviders(ActivityThread.java:7149)
05-07 23:47:36.793 I/FacebookInitProvider(11374): 	at android.app.ActivityThread.handleBindApplication(ActivityThread.java:6920)
05-07 23:47:36.793 I/FacebookInitProvider(11374): 	at android.app.ActivityThread.access$1500(ActivityThread.java:259)
05-07 23:47:36.793 I/FacebookInitProvider(11374): 	at android.app.ActivityThread$H.handleMessage(ActivityThread.java:2094)
05-07 23:47:36.793 I/FacebookInitProvider(11374): 	at android.os.Handler.dispatchMessage(Handler.java:106)
05-07 23:47:36.793 I/FacebookInitProvider(11374): 	at android.os.Looper.loopOnce(Looper.java:201)
05-07 23:47:36.793 I/FacebookInitProvider(11374): 	at android.os.Looper.loop(Looper.java:288)
05-07 23:47:36.793 I/FacebookInitProvider(11374): 	at android.app.ActivityThread.main(ActivityThread.java:8043)
05-07 23:47:36.793 I/FacebookInitProvider(11374): 	at java.lang.reflect.Method.invoke(Native Method)
05-07 23:47:36.793 I/FacebookInitProvider(11374): 	at com.android.internal.os.RuntimeInit$MethodAndArgsCaller.run(RuntimeInit.java:555)
05-07 23:47:36.793 I/FacebookInitProvider(11374): 	at com.android.internal.os.ZygoteInit.main(ZygoteInit.java:1091)
05-07 23:47:36.797 I/shadowhook_tag(11374): linker: call_ctors pre, load_bias 6d19450000, name /data/app/~~tgC2c5ssgk9r73G-imUtqg==/com.google.android.gms-CMAnXXGUTmLyUglZWdA9Yw==/oat/arm64/split_DynamiteLoader_installtime.odex
05-07 23:47:36.797 I/shadowhook_tag(11374): task: call_ctors() pre callback. load_bias 6d19450000, name /data/app/~~tgC2c5ssgk9r73G-imUtqg==/com.google.android.gms-CMAnXXGUTmLyUglZWdA9Yw==/oat/arm64/split_DynamiteLoader_installtime.odex
05-07 23:47:36.797 I/shadowhook_tag(11374): linker: call_ctors post, load_bias 6d19450000, name /data/app/~~tgC2c5ssgk9r73G-imUtqg==/com.google.android.gms-CMAnXXGUTmLyUglZWdA9Yw==/oat/arm64/split_DynamiteLoader_installtime.odex
05-07 23:47:36.798 W/udios.Fireston(11374): ClassLoaderContext classpath size mismatch. expected=16, found=0 (DLC[];PCL[base.apk*545294799:base.apk!classes2.dex*352801010:base.apk!classes3.dex*3343406984:base.apk!classes4.dex*2440093784:base.apk!classes5.dex*3849908652:base.apk!classes6.dex*990115835:base.apk!classes7.dex*2111835892:base.apk!classes8.dex*3444068947:base.apk!classes9.dex*3508519706:base.apk!classes10.dex*3738386946:base.apk!classes11.dex*1150016488:base.apk!classes12.dex*2136424662:base.apk!classes13.dex*3076236650:base.apk!classes14.dex*2602640587:base.apk!classes15.dex*1985522381:base.apk!classes16.dex*3850485896]{PCL[/system/framework/org.apache.http.legacy.jar*2255768530]#PCL[/system/framework/com.android.location.provider.jar*1360179951]} | DLC[];PCL[])
05-07 23:47:36.798 I/shadowhook_tag(11374): linker: call_dtors pre, load_bias 6d19450000, name /data/app/~~tgC2c5ssgk9r73G-imUtqg==/com.google.android.gms-CMAnXXGUTmLyUglZWdA9Yw==/oat/arm64/split_DynamiteLoader_installtime.odex
05-07 23:47:36.798 I/shadowhook_tag(11374): linker: call_dtors post, load_bias 6d19450000, name /data/app/~~tgC2c5ssgk9r73G-imUtqg==/com.google.android.gms-CMAnXXGUTmLyUglZWdA9Yw==/oat/arm64/split_DynamiteLoader_installtime.odex
05-07 23:47:36.798 I/shadowhook_tag(11374): task: call_dtors() post callback. load_bias 6d19450000, name /data/app/~~tgC2c5ssgk9r73G-imUtqg==/com.google.android.gms-CMAnXXGUTmLyUglZWdA9Yw==/oat/arm64/split_DynamiteLoader_installtime.odex
05-07 23:47:36.799 I/DynamiteModule(11374): Considering local module com.google.android.gms.measurement.dynamite:141 and remote module com.google.android.gms.measurement.dynamite:190
05-07 23:47:36.799 I/DynamiteModule(11374): Selected remote version of com.google.android.gms.measurement.dynamite, version >= 190
05-07 23:47:36.799 V/DynamiteModule(11374): Dynamite loader version >= 2, using loadModule2NoCrashUtils
05-07 23:47:36.801 W/System  (11374): ClassLoader referenced unknown path: 
05-07 23:47:36.803 D/VectorLifecycle(11374): dispatchPackageReady h1@897a984
05-07 23:47:36.808 I/shadowhook_tag(11374): linker: call_ctors pre, load_bias 6d19029000, name /data/app/~~tgC2c5ssgk9r73G-imUtqg==/com.google.android.gms-CMAnXXGUTmLyUglZWdA9Yw==/oat/arm64/split_MeasurementDynamite_installtime.odex
05-07 23:47:36.808 I/shadowhook_tag(11374): task: call_ctors() pre callback. load_bias 6d19029000, name /data/app/~~tgC2c5ssgk9r73G-imUtqg==/com.google.android.gms-CMAnXXGUTmLyUglZWdA9Yw==/oat/arm64/split_MeasurementDynamite_installtime.odex
05-07 23:47:36.808 I/shadowhook_tag(11374): linker: call_ctors post, load_bias 6d19029000, name /data/app/~~tgC2c5ssgk9r73G-imUtqg==/com.google.android.gms-CMAnXXGUTmLyUglZWdA9Yw==/oat/arm64/split_MeasurementDynamite_installtime.odex
05-07 23:47:36.810 W/udios.Fireston(11374): ClassLoaderContext classpath size mismatch. expected=16, found=2 (DLC[];PCL[base.apk*545294799:base.apk!classes2.dex*352801010:base.apk!classes3.dex*3343406984:base.apk!classes4.dex*2440093784:base.apk!classes5.dex*3849908652:base.apk!classes6.dex*990115835:base.apk!classes7.dex*2111835892:base.apk!classes8.dex*3444068947:base.apk!classes9.dex*3508519706:base.apk!classes10.dex*3738386946:base.apk!classes11.dex*1150016488:base.apk!classes12.dex*2136424662:base.apk!classes13.dex*3076236650:base.apk!classes14.dex*2602640587:base.apk!classes15.dex*1985522381:base.apk!classes16.dex*3850485896]{PCL[/system/framework/org.apache.http.legacy.jar*2255768530]#PCL[/system/framework/com.android.location.provider.jar*1360179951]} | DLC[];PCL[/data/app/~~eYnZX0CwG_PADosI43wKmA==/com.HolydayStudios.Firestone-KwYIEPUCRPiNe65OfXHOnQ==/base.apk*115601013:/data/app/~~eYnZX0CwG_PADosI43wKmA==/com.HolydayStudios.Firestone-KwYIEPUCRPiNe65OfXHOnQ==/base.apk!classes2.dex*3214480094])
05-07 23:47:36.811 I/shadowhook_tag(11374): linker: call_dtors pre, load_bias 6d19029000, name /data/app/~~tgC2c5ssgk9r73G-imUtqg==/com.google.android.gms-CMAnXXGUTmLyUglZWdA9Yw==/oat/arm64/split_MeasurementDynamite_installtime.odex
05-07 23:47:36.811 I/shadowhook_tag(11374): linker: call_dtors post, load_bias 6d19029000, name /data/app/~~tgC2c5ssgk9r73G-imUtqg==/com.google.android.gms-CMAnXXGUTmLyUglZWdA9Yw==/oat/arm64/split_MeasurementDynamite_installtime.odex
05-07 23:47:36.811 I/shadowhook_tag(11374): task: call_dtors() post callback. load_bias 6d19029000, name /data/app/~~tgC2c5ssgk9r73G-imUtqg==/com.google.android.gms-CMAnXXGUTmLyUglZWdA9Yw==/oat/arm64/split_MeasurementDynamite_installtime.odex
05-07 23:47:36.816 I/shadowhook_tag(11374): linker: call_ctors pre, load_bias 6d19007000, name /data/app/~~eYnZX0CwG_PADosI43wKmA==/com.HolydayStudios.Firestone-KwYIEPUCRPiNe65OfXHOnQ==/lib/arm64/libmain.so
05-07 23:47:36.816 I/shadowhook_tag(11374): task: call_ctors() pre callback. load_bias 6d19007000, name /data/app/~~eYnZX0CwG_PADosI43wKmA==/com.HolydayStudios.Firestone-KwYIEPUCRPiNe65OfXHOnQ==/lib/arm64/libmain.so
05-07 23:47:36.816 I/shadowhook_tag(11374): linker: call_ctors post, load_bias 6d19007000, name /data/app/~~eYnZX0CwG_PADosI43wKmA==/com.HolydayStudios.Firestone-KwYIEPUCRPiNe65OfXHOnQ==/lib/arm64/libmain.so
05-07 23:47:36.821 I/shadowhook_tag(11374): linker: call_ctors pre, load_bias 6d0d474000, name /data/app/~~eYnZX0CwG_PADosI43wKmA==/com.HolydayStudios.Firestone-KwYIEPUCRPiNe65OfXHOnQ==/lib/arm64/libunity.so
05-07 23:47:36.821 I/shadowhook_tag(11374): task: call_ctors() pre callback. load_bias 6d0d474000, name /data/app/~~eYnZX0CwG_PADosI43wKmA==/com.HolydayStudios.Firestone-KwYIEPUCRPiNe65OfXHOnQ==/lib/arm64/libunity.so
05-07 23:47:36.831 W/ActivityManager( 2429): callingPackage:com.HolydayStudios.Firestone, packageName:com.google.android.gms, name:com.google.android.gms.chimera.PersistentApiService, isSkip: true
05-07 23:47:36.837 I/PhenotypeResourceReader( 2754): unable to find any Phenotype resource metadata for com.HolydayStudios.Firestone
05-07 23:47:36.839 I/shadowhook_tag(11374): linker: call_ctors post, load_bias 6d0d474000, name /data/app/~~eYnZX0CwG_PADosI43wKmA==/com.HolydayStudios.Firestone-KwYIEPUCRPiNe65OfXHOnQ==/lib/arm64/libunity.so
05-07 23:47:36.844 I/shadowhook_tag(11374): linker: call_ctors pre, load_bias 6d03266000, name /data/app/~~eYnZX0CwG_PADosI43wKmA==/com.HolydayStudios.Firestone-KwYIEPUCRPiNe65OfXHOnQ==/lib/arm64/libil2cpp.so
05-07 23:47:36.844 I/shadowhook_tag(11374): task: call_ctors() pre callback. load_bias 6d03266000, name /data/app/~~eYnZX0CwG_PADosI43wKmA==/com.HolydayStudios.Firestone-KwYIEPUCRPiNe65OfXHOnQ==/lib/arm64/libil2cpp.so
05-07 23:47:36.845 I/shadowhook_tag(11374): linker: call_ctors post, load_bias 6d03266000, name /data/app/~~eYnZX0CwG_PADosI43wKmA==/com.HolydayStudios.Firestone-KwYIEPUCRPiNe65OfXHOnQ==/lib/arm64/libil2cpp.so
05-07 23:47:36.845 I/IL2CPP  (11374): JNI_OnLoad
05-07 23:47:36.845 V/Unity   (11374): Context Type: ActivityOrService
05-07 23:47:36.849 E/udios.Fireston(11374): No package ID 6a found for ID 0x6a0b0013.
05-07 23:47:36.850 I/FA      (11374): App measurement initialized, version: 166000
05-07 23:47:36.850 I/FA      (11374): To enable debug logging run: adb shell setprop log.tag.FA VERBOSE
05-07 23:47:36.850 I/FA      (11374): To enable faster debug mode event logging run:
05-07 23:47:36.850 I/FA      (11374):   adb shell setprop debug.firebase.analytics.app com.HolydayStudios.Firestone
05-07 23:47:36.853 W/WindowManager( 2429): Failed looking up window session=Session{b7b5285 11374:u0a10077} callers=com.android.server.wm.WindowManagerService.windowForClientLocked:5826 com.android.server.wm.Session.updateRequestedVisibilities:640 android.view.IWindowSession$Stub.onTransact:1175 
05-07 23:47:36.873 W/ActivityManager( 2429): callingPackage:com.HolydayStudios.Firestone, packageName:com.google.android.gms, name:com.google.android.gms.measurement.service.MeasurementBrokerService, isSkip: true
05-07 23:47:36.875 D/BoundBrokerSvc( 3171): onBind: Intent { act=com.google.android.gms.measurement.START pkg=com.google.android.gms }
05-07 23:47:36.875 D/BoundBrokerSvc( 3171): Loading bound service for intent: Intent { act=com.google.android.gms.measurement.START pkg=com.google.android.gms }
05-07 23:47:36.877 D/hw-ProcessState(11374): Binder ioctl to enable oneway spam detection failed: Invalid argument
05-07 23:47:36.877 I/hwservicemanager( 2057): getTransport: Cannot find entry android.hardware.graphics.mapper@4.0::IMapper/default in either framework or device VINTF manifest.
05-07 23:47:36.877 E/HidlServiceManagement(11374): getService: Potential race detected, descriptor: android.hardware.graphics.mapper@4.0::IMapper instance: default
05-07 23:47:36.878 I/hwservicemanager( 2057): Since android.hardware.graphics.mapper@4.0::IMapper/default is not registered, trying to start it as a lazy HAL.
05-07 23:47:36.878 I/Gralloc4(11374): mapper 4.x is not supported
05-07 23:47:36.878 I/hwservicemanager( 2057): getTransport: Cannot find entry android.hardware.graphics.mapper@3.0::IMapper/default in either framework or device VINTF manifest.
05-07 23:47:36.880 E/HidlServiceManagement(11374): getService: Potential race detected, descriptor: android.hardware.graphics.mapper@3.0::IMapper instance: default
05-07 23:47:36.880 I/hwservicemanager( 2057): Since android.hardware.graphics.mapper@3.0::IMapper/default is not registered, trying to start it as a lazy HAL.
05-07 23:47:36.880 W/Gralloc3(11374): mapper 3.x is not supported
05-07 23:47:36.881 I/FA      (11374): Tag Manager is not found and thus will not be used
05-07 23:47:36.881 E/HidlServiceManagement(11374): getService: Potential race detected, descriptor: android.hardware.graphics.mapper@2.0::IMapper instance: default
05-07 23:47:36.881 I/shadowhook_tag(11374): linker: call_ctors pre, load_bias 6d17934000, name /system/vendor/lib64/hw/android.hardware.graphics.mapper@2.0-impl.so
05-07 23:47:36.881 I/shadowhook_tag(11374): task: call_ctors() pre callback. load_bias 6d17934000, name /system/vendor/lib64/hw/android.hardware.graphics.mapper@2.0-impl.so
05-07 23:47:36.881 I/shadowhook_tag(11374): linker: call_ctors post, load_bias 6d17934000, name /system/vendor/lib64/hw/android.hardware.graphics.mapper@2.0-impl.so
05-07 23:47:36.883 W/libc    ( 2057): Unable to set property "ctl.interface_start" to "android.hardware.graphics.mapper@4.0::IMapper/default": error code: 0x20
05-07 23:47:36.883 I/hwservicemanager( 2057): Tried to start android.hardware.graphics.mapper@4.0::IMapper/default as a lazy service, but was unable to. Usually this happens when a service is not installed, but if the service is intended to be used as a lazy service, then it may be configured incorrectly.
05-07 23:47:36.883 I/shadowhook_tag(11374): linker: call_ctors pre, load_bias 6d1784f000, name /system/lib64/hw/gralloc.kona.so
05-07 23:47:36.883 I/shadowhook_tag(11374): task: call_ctors() pre callback. load_bias 6d1784f000, name /system/lib64/hw/gralloc.kona.so
05-07 23:47:36.883 I/shadowhook_tag(11374): linker: call_ctors pre, load_bias 6d17804000, name /system/lib64/libOpenglSystemCommon.so
05-07 23:47:36.883 I/shadowhook_tag(11374): task: call_ctors() pre callback. load_bias 6d17804000, name /system/lib64/libOpenglSystemCommon.so
05-07 23:47:36.883 I/shadowhook_tag(11374): linker: call_ctors pre, load_bias 6ce7fec000, name /system/lib64/libvulkan_enc.so
05-07 23:47:36.883 I/shadowhook_tag(11374): task: call_ctors() pre callback. load_bias 6ce7fec000, name /system/lib64/libvulkan_enc.so
05-07 23:47:36.883 I/shadowhook_tag(11374): linker: call_ctors pre, load_bias 6d0f145000, name /system/lib64/libandroidemu.so
05-07 23:47:36.883 I/shadowhook_tag(11374): task: call_ctors() pre callback. load_bias 6d0f145000, name /system/lib64/libandroidemu.so
05-07 23:47:36.883 I/shadowhook_tag(11374): linker: call_ctors post, load_bias 6d0f145000, name /system/lib64/libandroidemu.so
05-07 23:47:36.883 I/shadowhook_tag(11374): linker: call_ctors pre, load_bias 6d17774000, name /system/lib64/lib_renderControl_enc.so
05-07 23:47:36.883 I/shadowhook_tag(11374): task: call_ctors() pre callback. load_bias 6d17774000, name /system/lib64/lib_renderControl_enc.so
05-07 23:47:36.883 I/shadowhook_tag(11374): linker: call_ctors post, load_bias 6d17774000, name /system/lib64/lib_renderControl_enc.so
05-07 23:47:36.883 I/shadowhook_tag(11374): linker: call_ctors pre, load_bias 6d17717000, name /system/lib64/libdrm.so
05-07 23:47:36.883 I/shadowhook_tag(11374): task: call_ctors() pre callback. load_bias 6d17717000, name /system/lib64/libdrm.so
05-07 23:47:36.883 I/shadowhook_tag(11374): linker: call_ctors post, load_bias 6d17717000, name /system/lib64/libdrm.so
05-07 23:47:36.883 I/shadowhook_tag(11374): linker: call_ctors post, load_bias 6ce7fec000, name /system/lib64/libvulkan_enc.so
05-07 23:47:36.883 I/shadowhook_tag(11374): linker: call_ctors pre, load_bias 6d0f0cf000, name /system/lib64/libGLESv2_enc.so
05-07 23:47:36.883 I/shadowhook_tag(11374): task: call_ctors() pre callback. load_bias 6d0f0cf000, name /system/lib64/libGLESv2_enc.so
05-07 23:47:36.883 I/shadowhook_tag(11374): linker: call_ctors post, load_bias 6d0f0cf000, name /system/lib64/libGLESv2_enc.so
05-07 23:47:36.883 I/shadowhook_tag(11374): linker: call_ctors pre, load_bias 6d1779a000, name /system/lib64/libGLESv1_enc.so
05-07 23:47:36.883 I/shadowhook_tag(11374): task: call_ctors() pre callback. load_bias 6d1779a000, name /system/lib64/libGLESv1_enc.so
05-07 23:47:36.883 I/shadowhook_tag(11374): linker: call_ctors post, load_bias 6d1779a000, name /system/lib64/libGLESv1_enc.so
05-07 23:47:36.883 I/shadowhook_tag(11374): linker: call_ctors post, load_bias 6d17804000, name /system/lib64/libOpenglSystemCommon.so
05-07 23:47:36.883 I/shadowhook_tag(11374): linker: call_ctors post, load_bias 6d1784f000, name /system/lib64/hw/gralloc.kona.so
05-07 23:47:36.884 I/hwservicemanager( 2057): getTransport: Cannot find entry android.hardware.graphics.allocator@4.0::IAllocator/default in either framework or device VINTF manifest.
05-07 23:47:36.884 E/HidlServiceManagement(11374): getService: Potential race detected, descriptor: android.hardware.graphics.allocator@4.0::IAllocator instance: default
05-07 23:47:36.884 I/hwservicemanager( 2057): Since android.hardware.graphics.allocator@4.0::IAllocator/default is not registered, trying to start it as a lazy HAL.
05-07 23:47:36.885 W/Gralloc4(11374): allocator 4.x is not supported
05-07 23:47:36.885 I/hwservicemanager( 2057): getTransport: Cannot find entry android.hardware.graphics.allocator@3.0::IAllocator/default in either framework or device VINTF manifest.
05-07 23:47:36.885 E/HidlServiceManagement(11374): getService: Potential race detected, descriptor: android.hardware.graphics.allocator@3.0::IAllocator instance: default
05-07 23:47:36.885 I/hwservicemanager( 2057): Since android.hardware.graphics.allocator@3.0::IAllocator/default is not registered, trying to start it as a lazy HAL.
05-07 23:47:36.885 W/Gralloc3(11374): allocator 3.x is not supported
05-07 23:47:36.886 E/HidlServiceManagement(11374): getService: Potential race detected, descriptor: android.hardware.graphics.allocator@2.0::IAllocator instance: default
05-07 23:47:36.886 I/shadowhook_tag(11374): linker: call_ctors pre, load_bias 6d178d6000, name /system/vendor/lib64/hw/android.hardware.graphics.allocator@2.0-impl.so
05-07 23:47:36.886 I/shadowhook_tag(11374): task: call_ctors() pre callback. load_bias 6d178d6000, name /system/vendor/lib64/hw/android.hardware.graphics.allocator@2.0-impl.so
05-07 23:47:36.886 I/shadowhook_tag(11374): linker: call_ctors post, load_bias 6d178d6000, name /system/vendor/lib64/hw/android.hardware.graphics.allocator@2.0-impl.so
05-07 23:47:36.886 I/nemucooker(11374): cook file1: /etc/mumu-configs/renderer.config, last modify time: Thu Aug 29 11:22:45 2024
05-07 23:47:36.886 I/nemucooker(11374): cook file2: /data/system/etc/mumu-configs/renderer.config, last modify time: Thu Apr 30 21:00:20 2026
05-07 23:47:36.886 I/nemucooker(11374): cook select file: /data/system/etc/mumu-configs/renderer.config
05-07 23:47:36.889 E/udios.Fireston(11374): vulkan version is 4202746
05-07 23:47:36.889 W/libc    ( 2057): Unable to set property "ctl.interface_start" to "android.hardware.graphics.mapper@3.0::IMapper/default": error code: 0x20
