05-07 23:42:57.606 I/Unity   (10659): UnityEngine.DebugLogHandler:Internal_Log(LogType, LogOption, String, Object)
05-07 23:42:57.606 I/Unity   (10659): PlayEveryWare.EpicOnlineServices.PlatformConfig:OnReadCompleted()
05-07 23:42:57.606 I/Unity   (10659): PlayEveryWare.EpicOnlineServices.Config:Get()
05-07 23:42:57.606 I/Unity   (10659): PlayEveryWare.EpicOnlineServices.PlatformManager:GetPlatformConfig()
05-07 23:42:57.606 I/Unity   (10659): PlayEveryWare.EpicOnlineServices.Utility.ConfigurationUtility:GetEOSInitializeOptions()
05-07 23:42:57.606 I/Unity   (10659): PlayEveryWare.EpicOnlineServices.EOSSingleton:InitializePlatformInterface()
05-07 23:42:57.606 I/Unity   (10659): PlayEveryWare.EpicOnlineServices.EOSSingleton:Init(IEOSCoroutineOwner, String)
05-07 23:42:57.606 I/Unity   (10659): UnityEngine.GameObject:Internal_AddComponentWithType(Type)
05-07 23:42:57.606 I/Unity   (10659): UnityEngine.GameObject:AddComponent()
05-07 23:42:57.606 I/Unity   (10659): BuildSettings:Initialize()
05-07 23:42:57.606 I/Unity   (10659): <StartGameFlow>d__22:MoveNext()
05-07 23:42:57.606 I/Unity   (10659): UnityEngine.SetupCoroutine:InvokeMoveNext(IEnumerator, IntPtr)
05-07 23:42:57.606 I/Unity   (10659): 
05-07 23:42:57.606 I/Unity   (10659): Platform Android has no defined client credentials, so one was selected: "Client" : (PlayEveryWare.EpicOnlineServices.EOSClientCredentials).
05-07 23:42:57.606 I/Unity   (10659): UnityEngine.DebugLogHandler:Internal_Log(LogType, LogOption, String, Object)
05-07 23:42:57.606 I/Unity   (10659): PlayEveryWare.EpicOnlineServices.PlatformConfig:OnReadCompleted()
05-07 23:42:57.606 I/Unity   (10659): PlayEveryWare.EpicOnlineServices.Config:Get()
05-07 23:42:57.606 I/Unity   (10659): PlayEveryWare.EpicOnlineServices.PlatformManager:GetPlatformConfig()
05-07 23:42:57.606 I/Unity   (10659): PlayEveryWare.EpicOnlineServices.Utility.ConfigurationUtility:GetEOSInitializeOptions()
05-07 23:42:57.606 I/Unity   (10659): PlayEveryWare.EpicOnlineServices.EOSSingleton:InitializePlatformInterface()
05-07 23:42:57.606 I/Unity   (10659): PlayEveryWare.EpicOnlineServices.EOSSingleton:Init(IEOSCoroutineOwner, String)
05-07 23:42:57.606 I/Unity   (10659): UnityEngine.GameObject:Internal_AddComponentWithType(Type)
05-07 23:42:57.606 I/Unity   (10659): UnityEngine.GameObject:AddComponent()
05-07 23:42:57.606 I/Unity   (10659): BuildSettings:Initialize()
05-07 23:42:57.606 I/Unity   (10659): <StartGameFlow>d__22:MoveNext()
05-07 23:42:57.606 I/Unity   (10659): UnityEngine.SetupCoroutine:InvokeMoveNext(IEnumerator, IntPtr)
05-07 23:42:57.606 I/Unity   (10659): 
05-07 23:42:57.608 E/Unity   (10659): Unable to populate object of type "PlayEveryWare.EpicOnlineServices.Config" from JSON: "{
05-07 23:42:57.608 E/Unity   (10659):   "deploymentID": "a65c0335e67b4aec8eec651de8dca6ac",
05-07 23:42:57.608 E/Unity   (10659):   "clientID": "xyza78915T3juKOECHQEveLJcfCt98aA",
05-07 23:42:57.608 E/Unity   (10659):   "tickBudgetInMilliseconds": 0,
05-07 23:42:57.608 E/Unity   (10659):   "taskNetworkTimeoutSeconds": 0.0,
05-07 23:42:57.608 E/Unity   (10659):   "platformOptionsFlags": "None",
05-07 23:42:57.608 E/Unity   (10659):   "authScopeOptionsFlags": "NoFlags",
05-07 23:42:57.608 E/Unity   (10659):   "integratedPlatformManagementFlags": 0,
05-07 23:42:57.608 E/Unity   (10659):   "alwaysSendInputToOverlay": false,
05-07 23:42:57.608 E/Unity   (10659):   "schemaVersion": "1.0"
05-07 23:42:57.608 E/Unity   (10659): }". Exception: "Error creating 'PlayEveryWare.EpicOnlineServices.ListOfStringsToPlatformFlags'."
05-07 23:42:57.608 E/Unity   (10659): UnityEngine.DebugLogHandler:Internal_Log(LogType, LogOption, String, Object)
05-07 23:42:57.608 E/Unity   (10659): PlayEveryWare.EpicOnlineServices.Config:Read()
05-07 23:42:57.608 E/Unity   (10659): PlayEveryWare.EpicOnlineServices.Config:Get()
05-07 23:42:57.608 E/Unity   (10659): PlayEveryWare.EpicOnlineServices.PlatformConfig:MigrateConfig()
05-07 23:42:57.608 E/Unity   (10659): PlayEveryWare.EpicOnlineServices.Config:Get()
05-07 23:42:57.608 E/Unity   (10659): PlayEveryWare.EpicOnlineServices.PlatformManager:GetPlatformConfig()
05-07 23:42:57.608 E/Unity   (10659): PlayEveryWare.EpicOnlineServices.Utility.ConfigurationUtility:GetEOSInitializeOptions()
05-07 23:42:57.608 E/Unity   (10659): PlayEveryWare.EpicOnlineServices.EOSSing
05-07 23:42:57.609 I/Unity   (10659): The previous config did not explicitly define a deployment. There was one defined deployment, automatically selecting deployment name 'Deployment' with id 'a65c0335-e67b-4aec-8eec-651de8dca6ac'.
05-07 23:42:57.609 I/Unity   (10659): UnityEngine.DebugLogHandler:Internal_Log(LogType, LogOption, String, Object)
05-07 23:42:57.609 I/Unity   (10659): PlayEveryWare.EpicOnlineServices.PlatformConfig:MigrateNonOverrideableConfigValues(EOSConfig, NonOverrideableConfigValues)
05-07 23:42:57.609 I/Unity   (10659): PlayEveryWare.EpicOnlineServices.PlatformConfig:MigrateConfig()
05-07 23:42:57.609 I/Unity   (10659): PlayEveryWare.EpicOnlineServices.Config:Get()
05-07 23:42:57.609 I/Unity   (10659): PlayEveryWare.EpicOnlineServices.PlatformManager:GetPlatformConfig()
05-07 23:42:57.609 I/Unity   (10659): PlayEveryWare.EpicOnlineServices.Utility.ConfigurationUtility:GetEOSInitializeOptions()
05-07 23:42:57.609 I/Unity   (10659): PlayEveryWare.EpicOnlineServices.EOSSingleton:InitializePlatformInterface()
05-07 23:42:57.609 I/Unity   (10659): PlayEveryWare.EpicOnlineServices.EOSSingleton:Init(IEOSCoroutineOwner, String)
05-07 23:42:57.609 I/Unity   (10659): UnityEngine.GameObject:Internal_AddComponentWithType(Type)
05-07 23:42:57.609 I/Unity   (10659): UnityEngine.GameObject:AddComponent()
05-07 23:42:57.609 I/Unity   (10659): BuildSettings:Initialize()
05-07 23:42:57.609 I/Unity   (10659): <StartGameFlow>d__22:MoveNext()
05-07 23:42:57.609 I/Unity   (10659): UnityEngine.SetupCoroutine:InvokeMoveNext(IEnumera
05-07 23:42:57.609 I/Unity   (10659): The previous config did not explicitly define client credentials. There was one defined client credential, automatically selecting client credential name 'Client' with id 'xyza78915T3juKOECHQEveLJcfCt98aA'.
05-07 23:42:57.609 I/Unity   (10659): UnityEngine.DebugLogHandler:Internal_Log(LogType, LogOption, String, Object)
05-07 23:42:57.609 I/Unity   (10659): PlayEveryWare.EpicOnlineServices.PlatformConfig:MigrateNonOverrideableConfigValues(EOSConfig, NonOverrideableConfigValues)
05-07 23:42:57.609 I/Unity   (10659): PlayEveryWare.EpicOnlineServices.PlatformConfig:MigrateConfig()
05-07 23:42:57.609 I/Unity   (10659): PlayEveryWare.EpicOnlineServices.Config:Get()
05-07 23:42:57.609 I/Unity   (10659): PlayEveryWare.EpicOnlineServices.PlatformManager:GetPlatformConfig()
05-07 23:42:57.609 I/Unity   (10659): PlayEveryWare.EpicOnlineServices.Utility.ConfigurationUtility:GetEOSInitializeOptions()
05-07 23:42:57.609 I/Unity   (10659): PlayEveryWare.EpicOnlineServices.EOSSingleton:InitializePlatformInterface()
05-07 23:42:57.609 I/Unity   (10659): PlayEveryWare.EpicOnlineServices.EOSSingleton:Init(IEOSCoroutineOwner, String)
05-07 23:42:57.609 I/Unity   (10659): UnityEngine.GameObject:Internal_AddComponentWithType(Type)
05-07 23:42:57.609 I/Unity   (10659): UnityEngine.GameObject:AddComponent()
05-07 23:42:57.609 I/Unity   (10659): BuildSettings:Initialize()
05-07 23:42:57.609 I/Unity   (10659): <StartGameFlow>d__22:MoveNext()
05-07 23:42:57.609 I/Unity   (10659): UnityEngine.SetupCoroutine:InvokeMoveN
05-07 23:42:57.609 W/Unity   (10659): Configuration values for AndroidConfig have been migrated. Please double check your configuration in EOS Plugin -> EOS Configuration to make sure that the migration was successful.
05-07 23:42:57.609 W/Unity   (10659): UnityEngine.DebugLogHandler:Internal_Log(LogType, LogOption, String, Object)
05-07 23:42:57.609 W/Unity   (10659): PlayEveryWare.EpicOnlineServices.Config:Get()
05-07 23:42:57.609 W/Unity   (10659): PlayEveryWare.EpicOnlineServices.PlatformManager:GetPlatformConfig()
05-07 23:42:57.609 W/Unity   (10659): PlayEveryWare.EpicOnlineServices.Utility.ConfigurationUtility:GetEOSInitializeOptions()
05-07 23:42:57.609 W/Unity   (10659): PlayEveryWare.EpicOnlineServices.EOSSingleton:InitializePlatformInterface()
05-07 23:42:57.609 W/Unity   (10659): PlayEveryWare.EpicOnlineServices.EOSSingleton:Init(IEOSCoroutineOwner, String)
05-07 23:42:57.609 W/Unity   (10659): UnityEngine.GameObject:Internal_AddComponentWithType(Type)
05-07 23:42:57.609 W/Unity   (10659): UnityEngine.GameObject:AddComponent()
05-07 23:42:57.609 W/Unity   (10659): BuildSettings:Initialize()
05-07 23:42:57.609 W/Unity   (10659): <StartGameFlow>d__22:MoveNext()
05-07 23:42:57.609 W/Unity   (10659): UnityEngine.SetupCoroutine:InvokeMoveNext(IEnumerator, IntPtr)
05-07 23:42:57.609 W/Unity   (10659): 
05-07 23:42:57.609 I/Unity   (10659): EOSAndroid: Getting activity context...
05-07 23:42:57.609 I/Unity   (10659): UnityEngine.DebugLogHandler:Internal_Log(LogType, LogOption, String, Object)
05-07 23:42:57.609 I/Unity   (10659): PlayEveryWare.EpicOnlineServices.AndroidPlatformSpecifics:ConfigureAndroidActivity()
05-07 23:42:57.609 I/Unity   (10659): PlayEveryWare.EpicOnlineServices.AndroidPlatformSpecifics:ConfigureSystemInitOptions(EOSInitializeOptions&)
05-07 23:42:57.609 I/Unity   (10659): PlayEveryWare.EpicOnlineServices.Utility.ConfigurationUtility:GetEOSInitializeOptions()
05-07 23:42:57.609 I/Unity   (10659): PlayEveryWare.EpicOnlineServices.EOSSingleton:InitializePlatformInterface()
05-07 23:42:57.609 I/Unity   (10659): PlayEveryWare.EpicOnlineServices.EOSSingleton:Init(IEOSCoroutineOwner, String)
05-07 23:42:57.609 I/Unity   (10659): UnityEngine.GameObject:Internal_AddComponentWithType(Type)
05-07 23:42:57.609 I/Unity   (10659): UnityEngine.GameObject:AddComponent()
05-07 23:42:57.609 I/Unity   (10659): BuildSettings:Initialize()
05-07 23:42:57.609 I/Unity   (10659): <StartGameFlow>d__22:MoveNext()
05-07 23:42:57.609 I/Unity   (10659): UnityEngine.SetupCoroutine:InvokeMoveNext(IEnumerator, IntPtr)
05-07 23:42:57.609 I/Unity   (10659): 
05-07 23:42:57.610 I/Unity   (10659): EOSAndroid: activity context found!
05-07 23:42:57.610 I/Unity   (10659): UnityEngine.DebugLogHandler:Internal_Log(LogType, LogOption, String, Object)
05-07 23:42:57.610 I/Unity   (10659): PlayEveryWare.EpicOnlineServices.AndroidPlatformSpecifics:ConfigureAndroidActivity()
05-07 23:42:57.610 I/Unity   (10659): PlayEveryWare.EpicOnlineServices.AndroidPlatformSpecifics:ConfigureSystemInitOptions(EOSInitializeOptions&)
05-07 23:42:57.610 I/Unity   (10659): PlayEveryWare.EpicOnlineServices.Utility.ConfigurationUtility:GetEOSInitializeOptions()
05-07 23:42:57.610 I/Unity   (10659): PlayEveryWare.EpicOnlineServices.EOSSingleton:InitializePlatformInterface()
05-07 23:42:57.610 I/Unity   (10659): PlayEveryWare.EpicOnlineServices.EOSSingleton:Init(IEOSCoroutineOwner, String)
05-07 23:42:57.610 I/Unity   (10659): UnityEngine.GameObject:Internal_AddComponentWithType(Type)
05-07 23:42:57.610 I/Unity   (10659): UnityEngine.GameObject:AddComponent()
05-07 23:42:57.610 I/Unity   (10659): BuildSettings:Initialize()
05-07 23:42:57.610 I/Unity   (10659): <StartGameFlow>d__22:MoveNext()
05-07 23:42:57.610 I/Unity   (10659): UnityEngine.SetupCoroutine:InvokeMoveNext(IEnumerator, IntPtr)
05-07 23:42:57.610 I/Unity   (10659): 
05-07 23:42:57.610 I/Unity   (10659): EOSAndroid: call EOS SDK init.
05-07 23:42:57.610 I/Unity   (10659): UnityEngine.DebugLogHandler:Internal_Log(LogType, LogOption, String, Object)
05-07 23:42:57.610 I/Unity   (10659): PlayEveryWare.EpicOnlineServices.AndroidPlatformSpecifics:ConfigureAndroidActivity()
05-07 23:42:57.610 I/Unity   (10659): PlayEveryWare.EpicOnlineServices.AndroidPlatformSpecifics:ConfigureSystemInitOptions(EOSInitializeOptions&)
05-07 23:42:57.610 I/Unity   (10659): PlayEveryWare.EpicOnlineServices.Utility.ConfigurationUtility:GetEOSInitializeOptions()
05-07 23:42:57.610 I/Unity   (10659): PlayEveryWare.EpicOnlineServices.EOSSingleton:InitializePlatformInterface()
05-07 23:42:57.610 I/Unity   (10659): PlayEveryWare.EpicOnlineServices.EOSSingleton:Init(IEOSCoroutineOwner, String)
05-07 23:42:57.610 I/Unity   (10659): UnityEngine.GameObject:Internal_AddComponentWithType(Type)
05-07 23:42:57.610 I/Unity   (10659): UnityEngine.GameObject:AddComponent()
05-07 23:42:57.610 I/Unity   (10659): BuildSettings:Initialize()
05-07 23:42:57.610 I/Unity   (10659): <StartGameFlow>d__22:MoveNext()
05-07 23:42:57.610 I/Unity   (10659): UnityEngine.SetupCoroutine:InvokeMoveNext(IEnumerator, IntPtr)
05-07 23:42:57.610 I/Unity   (10659): 
05-07 23:42:57.612 I/Binder:2110_4( 2110): type=1400 audit(0.0:12494): avc: denied { lock } for path="/data/misc/keystore/persistent.sqlite" dev="sdb3" ino=5505027 scontext=u:r:init:s0 tcontext=u:object_r:keystore_data_file:s0 tclass=file permissive=1
05-07 23:42:57.629 I/EngineFactory(10659): Provider GmsCore_OpenSSL not available
05-07 23:42:57.632 W/ActivityManager( 2429): callingPackage:com.HolydayStudios.Firestone, packageName:com.brave.browser, name:org.chromium.chrome.browser.customtabs.CustomTabsConnectionService, isSkip: true
05-07 23:42:57.632 I/lmkd    ( 2055): type=1400 audit(0.0:12495): avc: denied { write } for name="oom_score_adj" dev="proc" ino=38425 scontext=u:r:init:s0 tcontext=u:r:untrusted_app:s0:c55,c256,c512,c768 tclass=file permissive=1
05-07 23:42:57.638 I/udios.Fireston(10659): oneway function results for code 9 on binder at 0xb400006d69ffaf70 will be dropped but finished with status UNKNOWN_TRANSACTION
05-07 23:42:57.632 I/m.brave.browser( 5531): type=1400 audit(0.0:12496): avc: denied { getattr } for path="/system/framework/framework-res.apk" dev="sda1" ino=1454 scontext=u:r:untrusted_app:s0:c55,c256,c512,c768 tcontext=u:object_r:unlabeled:s0 tclass=file permissive=1
05-07 23:42:57.636 I/lmkd    ( 2055): type=1400 audit(0.0:12497): avc: denied { write } for name="oom_score_adj" dev="proc" ino=41907 scontext=u:r:init:s0 tcontext=u:r:gmscore_app:s0:c512,c768 tclass=file permissive=1
05-07 23:42:57.650 I/Unity   (10659): 05/07/2026 23:42:57 LogEOS(Info): [Boot] EOSSDK Version 1.17.1.3-44532354 booting at 2026-05-07T15:42:57.649Z using CSharp
05-07 23:42:57.650 I/Unity   (10659): 05/07/2026 23:42:57 LogEOS(Info): [Boot] EOSSDK Platform Properties [OS=Android/12, ClientId=xyza78915T3juKOECHQEveLJcfCt98aA, ProductId=69576a28f7154fe9a0dce97508da5163, SandboxId=bda8d2133655435982b9118972792328, DeploymentId=a65c0335e67b4aec8eec651de8dca6ac, ProductName=Firestone Online Idle RPG, ProductVersion=1.89, IsServer=false, Flags=None]
05-07 23:42:57.650 I/Unity   (10659): 05/07/2026 23:42:57 LogEOSAnalytics(Info): Start Session (User: ...)
05-07 23:42:57.651 I/Unity   (10659): 05/07/2026 23:42:57 LogEOSOverlay(Info): Overlay loaded and initialized
05-07 23:42:57.652 I/Unity   (10659): 05/07/2026 23:42:57 LogEOSRTC(Info): [Core] Initializing LibRTC...
05-07 23:42:57.655 I/Unity   (10659): PlatformID: 0
05-07 23:42:57.655 I/Unity   (10659): UnityEngine.DebugLogHandler:Internal_Log(LogType, LogOption, String, Object)
05-07 23:42:57.655 I/Unity   (10659): BuildSettings:Initialize()
05-07 23:42:57.655 I/Unity   (10659): <StartGameFlow>d__22:MoveNext()
05-07 23:42:57.655 I/Unity   (10659): UnityEngine.SetupCoroutine:InvokeMoveNext(IEnumerator, IntPtr)
05-07 23:42:57.655 I/Unity   (10659): 
05-07 23:42:57.661 I/Unity   (10659): 05/07/2026 23:42:57 LogEOS(Info): Updating Platform SDK Config, Time: 0.006966
05-07 23:42:57.732 I/Dns_100_10077( 2219): type=1400 audit(0.0:12498): avc: denied { call } for scontext=u:r:init:s0 tcontext=u:r:system_server:s0 tclass=binder permissive=1
05-07 23:42:57.755 E/ActivityThread(10659): Failed to find provider info for com.firestone.hooks.settings
05-07 23:42:57.755 W/FirestoneHooks(10659): Settings provider read failed; using defaults
05-07 23:42:57.755 W/FirestoneHooks(10659): java.lang.IllegalArgumentException: Unknown authority com.firestone.hooks.settings
05-07 23:42:57.755 W/FirestoneHooks(10659): 	at android.content.ContentResolver.call(ContentResolver.java:2447)
05-07 23:42:57.755 W/FirestoneHooks(10659): 	at android.content.ContentResolver.call(ContentResolver.java:2430)
05-07 23:42:57.755 W/FirestoneHooks(10659): 	at com.template.lsposed.FirestoneSettings.readFromProvider(FirestoneSettings.java:88)
05-07 23:42:57.755 W/FirestoneHooks(10659): 	at com.template.lsposed.FirestoneSettings.syncProviderToTargetFile(FirestoneSettings.java:117)
05-07 23:42:57.755 W/FirestoneHooks(10659): 	at com.template.lsposed.ModuleEntry.lambda$startSettingsSync$3(ModuleEntry.java:163)
05-07 23:42:57.755 W/FirestoneHooks(10659): 	at com.template.lsposed.ModuleEntry.$r8$lambda$53MZ5_DMRWAF7qSxzT9rHtSMkIQ(Unknown Source:0)
05-07 23:42:57.755 W/FirestoneHooks(10659): 	at com.template.lsposed.ModuleEntry$$ExternalSyntheticLambda1.run(D8$$SyntheticClass:0)
05-07 23:42:57.755 W/FirestoneHooks(10659): 	at java.lang.Thread.run(Thread.java:920)
05-07 23:42:57.857 I/Unity   (10659): 05/07/2026 23:42:57 LogEOS(Info): SDK Config Platform Update Request Successful, Time: 0.167776
05-07 23:42:57.858 I/Unity   (10659): 05/07/2026 23:42:57 LogEOSAnalytics(Info): EOS SDK Analytics disabled for route [1].
05-07 23:42:57.860 I/Unity   (10659): 05/07/2026 23:42:57 LogEOS(Info): Prewarming URL successful
05-07 23:42:57.860 I/udios.Fireston(10659): oneway function results for code 9 on binder at 0xb400006d69ffaf70 will be dropped but finished with status UNKNOWN_TRANSACTION
05-07 23:42:57.861 I/Unity   (10659): 05/07/2026 23:42:57 LogEOS(Info): Updating Product SDK Config, Time: 0.202702
05-07 23:42:58.056 I/Unity   (10659): 05/07/2026 23:42:58 LogEOSAnalytics(Info): Start Session (User: ...)
05-07 23:42:58.155 I/Unity   (10659): 05/07/2026 23:42:58 LogEOS(Info): SDK Config Product Update Request Successful, Time: 0.467647
05-07 23:42:58.158 I/Unity   (10659): 05/07/2026 23:42:58 LogEOS(Info): Prewarming URL successful
05-07 23:42:58.158 I/udios.Fireston(10659): oneway function results for code 9 on binder at 0xb400006d69ffaf70 will be dropped but finished with status UNKNOWN_TRANSACTION
05-07 23:42:58.158 I/Unity   (10659): 05/07/2026 23:42:58 LogEOS(Info): SDK Config Data - Watermark: 438070848
05-07 23:42:58.158 I/Unity   (10659): 05/07/2026 23:42:58 LogEOS(Info): ScheduleNextSDKConfigDataUpdate - Time: 0.467647, Update Interval: 327.353638
05-07 23:42:58.260 E/ActivityThread(10659): Failed to find provider info for com.firestone.hooks.settings
05-07 23:42:58.260 W/FirestoneHooks(10659): Settings provider read failed; using defaults
05-07 23:42:58.260 W/FirestoneHooks(10659): java.lang.IllegalArgumentException: Unknown authority com.firestone.hooks.settings
05-07 23:42:58.260 W/FirestoneHooks(10659): 	at android.content.ContentResolver.call(ContentResolver.java:2447)
05-07 23:42:58.260 W/FirestoneHooks(10659): 	at android.content.ContentResolver.call(ContentResolver.java:2430)
05-07 23:42:58.260 W/FirestoneHooks(10659): 	at com.template.lsposed.FirestoneSettings.readFromProvider(FirestoneSettings.java:88)
05-07 23:42:58.260 W/FirestoneHooks(10659): 	at com.template.lsposed.FirestoneSettings.syncProviderToTargetFile(FirestoneSettings.java:117)
05-07 23:42:58.260 W/FirestoneHooks(10659): 	at com.template.lsposed.ModuleEntry.lambda$startSettingsSync$3(ModuleEntry.java:163)
05-07 23:42:58.260 W/FirestoneHooks(10659): 	at com.template.lsposed.ModuleEntry.$r8$lambda$53MZ5_DMRWAF7qSxzT9rHtSMkIQ(Unknown Source:0)
05-07 23:42:58.260 W/FirestoneHooks(10659): 	at com.template.lsposed.ModuleEntry$$ExternalSyntheticLambda1.run(D8$$SyntheticClass:0)
05-07 23:42:58.260 W/FirestoneHooks(10659): 	at java.lang.Thread.run(Thread.java:920)
05-07 23:42:58.406 D/BoundBrokerSvc( 2754): onUnbind: Intent { act=com.google.android.gms.common.telemetry.service.START dat=chimera-action: cmp=com.google.android.gms/.chimera.PersistentApiService }
05-07 23:42:58.619 D/ProfileInstaller(10659): Skipping profile installation for com.HolydayStudios.Firestone
05-07 23:42:58.764 E/ActivityThread(10659): Failed to find provider info for com.firestone.hooks.settings
05-07 23:42:58.765 W/FirestoneHooks(10659): Settings provider read failed; using defaults
05-07 23:42:58.765 W/FirestoneHooks(10659): java.lang.IllegalArgumentException: Unknown authority com.firestone.hooks.settings
05-07 23:42:58.765 W/FirestoneHooks(10659): 	at android.content.ContentResolver.call(ContentResolver.java:2447)
05-07 23:42:58.765 W/FirestoneHooks(10659): 	at android.content.ContentResolver.call(ContentResolver.java:2430)
05-07 23:42:58.765 W/FirestoneHooks(10659): 	at com.template.lsposed.FirestoneSettings.readFromProvider(FirestoneSettings.java:88)
05-07 23:42:58.765 W/FirestoneHooks(10659): 	at com.template.lsposed.FirestoneSettings.syncProviderToTargetFile(FirestoneSettings.java:117)
05-07 23:42:58.765 W/FirestoneHooks(10659): 	at com.template.lsposed.ModuleEntry.lambda$startSettingsSync$3(ModuleEntry.java:163)
05-07 23:42:58.765 W/FirestoneHooks(10659): 	at com.template.lsposed.ModuleEntry.$r8$lambda$53MZ5_DMRWAF7qSxzT9rHtSMkIQ(Unknown Source:0)
05-07 23:42:58.765 W/FirestoneHooks(10659): 	at com.template.lsposed.ModuleEntry$$ExternalSyntheticLambda1.run(D8$$SyntheticClass:0)
05-07 23:42:58.765 W/FirestoneHooks(10659): 	at java.lang.Thread.run(Thread.java:920)
05-07 23:42:59.090 I/FirestoneHooks(10659): god-mode BattleHero.IsImmune hit #1 this=0x6cc0245330
05-07 23:42:59.091 I/FirestoneHooks(10659): god-mode BattleHero.IsImmune hit #2 this=0x6cc0245330
05-07 23:42:59.091 I/FirestoneHooks(10659): god-mode BattleHero.IsImmune hit #3 this=0x6cc0245330
05-07 23:42:59.091 I/FirestoneHooks(10659): god-mode BattleHero.IsImmune hit #4 this=0x6cc0245330
05-07 23:42:59.091 I/FirestoneHooks(10659): god-mode BattleHero.IsImmune hit #5 this=0x6cc0245330
05-07 23:42:59.268 E/ActivityThread(10659): Failed to find provider info for com.firestone.hooks.settings
05-07 23:42:59.269 W/FirestoneHooks(10659): Settings provider read failed; using defaults
05-07 23:42:59.269 W/FirestoneHooks(10659): java.lang.IllegalArgumentException: Unknown authority com.firestone.hooks.settings
05-07 23:42:59.269 W/FirestoneHooks(10659): 	at android.content.ContentResolver.call(ContentResolver.java:2447)
05-07 23:42:59.269 W/FirestoneHooks(10659): 	at android.content.ContentResolver.call(ContentResolver.java:2430)
05-07 23:42:59.269 W/FirestoneHooks(10659): 	at com.template.lsposed.FirestoneSettings.readFromProvider(FirestoneSettings.java:88)
05-07 23:42:59.269 W/FirestoneHooks(10659): 	at com.template.lsposed.FirestoneSettings.syncProviderToTargetFile(FirestoneSettings.java:117)
05-07 23:42:59.269 W/FirestoneHooks(10659): 	at com.template.lsposed.ModuleEntry.lambda$startSettingsSync$3(ModuleEntry.java:163)
05-07 23:42:59.269 W/FirestoneHooks(10659): 	at com.template.lsposed.ModuleEntry.$r8$lambda$53MZ5_DMRWAF7qSxzT9rHtSMkIQ(Unknown Source:0)
05-07 23:42:59.269 W/FirestoneHooks(10659): 	at com.template.lsposed.ModuleEntry$$ExternalSyntheticLambda1.run(D8$$SyntheticClass:0)
05-07 23:42:59.269 W/FirestoneHooks(10659): 	at java.lang.Thread.run(Thread.java:920)
05-07 23:42:59.773 E/ActivityThread(10659): Failed to find provider info for com.firestone.hooks.settings
05-07 23:42:59.773 W/FirestoneHooks(10659): Settings provider read failed; using defaults
05-07 23:42:59.773 W/FirestoneHooks(10659): java.lang.IllegalArgumentException: Unknown authority com.firestone.hooks.settings
05-07 23:42:59.773 W/FirestoneHooks(10659): 	at android.content.ContentResolver.call(ContentResolver.java:2447)
05-07 23:42:59.773 W/FirestoneHooks(10659): 	at android.content.ContentResolver.call(ContentResolver.java:2430)
05-07 23:42:59.773 W/FirestoneHooks(10659): 	at com.template.lsposed.FirestoneSettings.readFromProvider(FirestoneSettings.java:88)
05-07 23:42:59.773 W/FirestoneHooks(10659): 	at com.template.lsposed.FirestoneSettings.syncProviderToTargetFile(FirestoneSettings.java:117)
05-07 23:42:59.773 W/FirestoneHooks(10659): 	at com.template.lsposed.ModuleEntry.lambda$startSettingsSync$3(ModuleEntry.java:163)
05-07 23:42:59.773 W/FirestoneHooks(10659): 	at com.template.lsposed.ModuleEntry.$r8$lambda$53MZ5_DMRWAF7qSxzT9rHtSMkIQ(Unknown Source:0)
05-07 23:42:59.773 W/FirestoneHooks(10659): 	at com.template.lsposed.ModuleEntry$$ExternalSyntheticLambda1.run(D8$$SyntheticClass:0)
05-07 23:42:59.773 W/FirestoneHooks(10659): 	at java.lang.Thread.run(Thread.java:920)
05-07 23:43:00.276 E/ActivityThread(10659): Failed to find provider info for com.firestone.hooks.settings
05-07 23:43:00.276 W/FirestoneHooks(10659): Settings provider read failed; using defaults
05-07 23:43:00.276 W/FirestoneHooks(10659): java.lang.IllegalArgumentException: Unknown authority com.firestone.hooks.settings
05-07 23:43:00.276 W/FirestoneHooks(10659): 	at android.content.ContentResolver.call(ContentResolver.java:2447)
05-07 23:43:00.276 W/FirestoneHooks(10659): 	at android.content.ContentResolver.call(ContentResolver.java:2430)
05-07 23:43:00.276 W/FirestoneHooks(10659): 	at com.template.lsposed.FirestoneSettings.readFromProvider(FirestoneSettings.java:88)
05-07 23:43:00.276 W/FirestoneHooks(10659): 	at com.template.lsposed.FirestoneSettings.syncProviderToTargetFile(FirestoneSettings.java:117)
05-07 23:43:00.276 W/FirestoneHooks(10659): 	at com.template.lsposed.ModuleEntry.lambda$startSettingsSync$3(ModuleEntry.java:163)
05-07 23:43:00.276 W/FirestoneHooks(10659): 	at com.template.lsposed.ModuleEntry.$r8$lambda$53MZ5_DMRWAF7qSxzT9rHtSMkIQ(Unknown Source:0)
05-07 23:43:00.276 W/FirestoneHooks(10659): 	at com.template.lsposed.ModuleEntry$$ExternalSyntheticLambda1.run(D8$$SyntheticClass:0)
05-07 23:43:00.276 W/FirestoneHooks(10659): 	at java.lang.Thread.run(Thread.java:920)
05-07 23:43:00.780 E/ActivityThread(10659): Failed to find provider info for com.firestone.hooks.settings
05-07 23:43:00.780 W/FirestoneHooks(10659): Settings provider read failed; using defaults
05-07 23:43:00.780 W/FirestoneHooks(10659): java.lang.IllegalArgumentException: Unknown authority com.firestone.hooks.settings
05-07 23:43:00.780 W/FirestoneHooks(10659): 	at android.content.ContentResolver.call(ContentResolver.java:2447)
05-07 23:43:00.780 W/FirestoneHooks(10659): 	at android.content.ContentResolver.call(ContentResolver.java:2430)
05-07 23:43:00.780 W/FirestoneHooks(10659): 	at com.template.lsposed.FirestoneSettings.readFromProvider(FirestoneSettings.java:88)
05-07 23:43:00.780 W/FirestoneHooks(10659): 	at com.template.lsposed.FirestoneSettings.syncProviderToTargetFile(FirestoneSettings.java:117)
05-07 23:43:00.780 W/FirestoneHooks(10659): 	at com.template.lsposed.ModuleEntry.lambda$startSettingsSync$3(ModuleEntry.java:163)
05-07 23:43:00.780 W/FirestoneHooks(10659): 	at com.template.lsposed.ModuleEntry.$r8$lambda$53MZ5_DMRWAF7qSxzT9rHtSMkIQ(Unknown Source:0)
05-07 23:43:00.780 W/FirestoneHooks(10659): 	at com.template.lsposed.ModuleEntry$$ExternalSyntheticLambda1.run(D8$$SyntheticClass:0)
05-07 23:43:00.780 W/FirestoneHooks(10659): 	at java.lang.Thread.run(Thread.java:920)
05-07 23:43:01.164 I/IpClient.wlan0( 2668): type=1400 audit(0.0:12499): avc: denied { call } for scontext=u:r:network_stack:s0 tcontext=u:r:init:s0 tclass=binder permissive=1
05-07 23:43:01.285 E/ActivityThread(10659): Failed to find provider info for com.firestone.hooks.settings
05-07 23:43:01.286 W/FirestoneHooks(10659): Settings provider read failed; using defaults
05-07 23:43:01.286 W/FirestoneHooks(10659): java.lang.IllegalArgumentException: Unknown authority com.firestone.hooks.settings
05-07 23:43:01.286 W/FirestoneHooks(10659): 	at android.content.ContentResolver.call(ContentResolver.java:2447)
05-07 23:43:01.286 W/FirestoneHooks(10659): 	at android.content.ContentResolver.call(ContentResolver.java:2430)
05-07 23:43:01.286 W/FirestoneHooks(10659): 	at com.template.lsposed.FirestoneSettings.readFromProvider(FirestoneSettings.java:88)
05-07 23:43:01.286 W/FirestoneHooks(10659): 	at com.template.lsposed.FirestoneSettings.syncProviderToTargetFile(FirestoneSettings.java:117)
05-07 23:43:01.286 W/FirestoneHooks(10659): 	at com.template.lsposed.ModuleEntry.lambda$startSettingsSync$3(ModuleEntry.java:163)
05-07 23:43:01.286 W/FirestoneHooks(10659): 	at com.template.lsposed.ModuleEntry.$r8$lambda$53MZ5_DMRWAF7qSxzT9rHtSMkIQ(Unknown Source:0)
05-07 23:43:01.286 W/FirestoneHooks(10659): 	at com.template.lsposed.ModuleEntry$$ExternalSyntheticLambda1.run(D8$$SyntheticClass:0)
05-07 23:43:01.286 W/FirestoneHooks(10659): 	at java.lang.Thread.run(Thread.java:920)
05-07 23:43:01.609 D/opengl-gc( 2307): Check pid 3171: running 1
05-07 23:43:01.608 I/opengl-gc( 2307): type=1400 audit(0.0:12500): avc: denied { sys_ptrace } for capability=19 scontext=u:r:init:s0 tcontext=u:r:init:s0 tclass=capability permissive=1
05-07 23:43:01.788 E/ActivityThread(10659): Failed to find provider info for com.firestone.hooks.settings
05-07 23:43:01.788 W/FirestoneHooks(10659): Settings provider read failed; using defaults
05-07 23:43:01.788 W/FirestoneHooks(10659): java.lang.IllegalArgumentException: Unknown authority com.firestone.hooks.settings
05-07 23:43:01.788 W/FirestoneHooks(10659): 	at android.content.ContentResolver.call(ContentResolver.java:2447)
05-07 23:43:01.788 W/FirestoneHooks(10659): 	at android.content.ContentResolver.call(ContentResolver.java:2430)
05-07 23:43:01.788 W/FirestoneHooks(10659): 	at com.template.lsposed.FirestoneSettings.readFromProvider(FirestoneSettings.java:88)
05-07 23:43:01.788 W/FirestoneHooks(10659): 	at com.template.lsposed.FirestoneSettings.syncProviderToTargetFile(FirestoneSettings.java:117)
05-07 23:43:01.788 W/FirestoneHooks(10659): 	at com.template.lsposed.ModuleEntry.lambda$startSettingsSync$3(ModuleEntry.java:163)
05-07 23:43:01.788 W/FirestoneHooks(10659): 	at com.template.lsposed.ModuleEntry.$r8$lambda$53MZ5_DMRWAF7qSxzT9rHtSMkIQ(Unknown Source:0)
05-07 23:43:01.788 W/FirestoneHooks(10659): 	at com.template.lsposed.ModuleEntry$$ExternalSyntheticLambda1.run(D8$$SyntheticClass:0)
05-07 23:43:01.788 W/FirestoneHooks(10659): 	at java.lang.Thread.run(Thread.java:920)
05-07 23:43:02.292 E/ActivityThread(10659): Failed to find provider info for com.firestone.hooks.settings
05-07 23:43:02.292 W/FirestoneHooks(10659): Settings provider read failed; using defaults
05-07 23:43:02.292 W/FirestoneHooks(10659): java.lang.IllegalArgumentException: Unknown authority com.firestone.hooks.settings
05-07 23:43:02.292 W/FirestoneHooks(10659): 	at android.content.ContentResolver.call(ContentResolver.java:2447)
05-07 23:43:02.292 W/FirestoneHooks(10659): 	at android.content.ContentResolver.call(ContentResolver.java:2430)
05-07 23:43:02.292 W/FirestoneHooks(10659): 	at com.template.lsposed.FirestoneSettings.readFromProvider(FirestoneSettings.java:88)
05-07 23:43:02.292 W/FirestoneHooks(10659): 	at com.template.lsposed.FirestoneSettings.syncProviderToTargetFile(FirestoneSettings.java:117)
05-07 23:43:02.292 W/FirestoneHooks(10659): 	at com.template.lsposed.ModuleEntry.lambda$startSettingsSync$3(ModuleEntry.java:163)
05-07 23:43:02.292 W/FirestoneHooks(10659): 	at com.template.lsposed.ModuleEntry.$r8$lambda$53MZ5_DMRWAF7qSxzT9rHtSMkIQ(Unknown Source:0)
05-07 23:43:02.292 W/FirestoneHooks(10659): 	at com.template.lsposed.ModuleEntry$$ExternalSyntheticLambda1.run(D8$$SyntheticClass:0)
05-07 23:43:02.292 W/FirestoneHooks(10659): 	at java.lang.Thread.run(Thread.java:920)
05-07 23:43:02.796 E/ActivityThread(10659): Failed to find provider info for com.firestone.hooks.settings
05-07 23:43:02.796 W/FirestoneHooks(10659): Settings provider read failed; using defaults
05-07 23:43:02.796 W/FirestoneHooks(10659): java.lang.IllegalArgumentException: Unknown authority com.firestone.hooks.settings
05-07 23:43:02.796 W/FirestoneHooks(10659): 	at android.content.ContentResolver.call(ContentResolver.java:2447)
05-07 23:43:02.796 W/FirestoneHooks(10659): 	at android.content.ContentResolver.call(ContentResolver.java:2430)
05-07 23:43:02.796 W/FirestoneHooks(10659): 	at com.template.lsposed.FirestoneSettings.readFromProvider(FirestoneSettings.java:88)
05-07 23:43:02.796 W/FirestoneHooks(10659): 	at com.template.lsposed.FirestoneSettings.syncProviderToTargetFile(FirestoneSettings.java:117)
05-07 23:43:02.796 W/FirestoneHooks(10659): 	at com.template.lsposed.ModuleEntry.lambda$startSettingsSync$3(ModuleEntry.java:163)
05-07 23:43:02.796 W/FirestoneHooks(10659): 	at com.template.lsposed.ModuleEntry.$r8$lambda$53MZ5_DMRWAF7qSxzT9rHtSMkIQ(Unknown Source:0)
05-07 23:43:02.796 W/FirestoneHooks(10659): 	at com.template.lsposed.ModuleEntry$$ExternalSyntheticLambda1.run(D8$$SyntheticClass:0)
05-07 23:43:02.796 W/FirestoneHooks(10659): 	at java.lang.Thread.run(Thread.java:920)
05-07 23:43:03.300 E/ActivityThread(10659): Failed to find provider info for com.firestone.hooks.settings
05-07 23:43:03.300 W/FirestoneHooks(10659): Settings provider read failed; using defaults
05-07 23:43:03.300 W/FirestoneHooks(10659): java.lang.IllegalArgumentException: Unknown authority com.firestone.hooks.settings
05-07 23:43:03.300 W/FirestoneHooks(10659): 	at android.content.ContentResolver.call(ContentResolver.java:2447)
05-07 23:43:03.300 W/FirestoneHooks(10659): 	at android.content.ContentResolver.call(ContentResolver.java:2430)
05-07 23:43:03.300 W/FirestoneHooks(10659): 	at com.template.lsposed.FirestoneSettings.readFromProvider(FirestoneSettings.java:88)
05-07 23:43:03.300 W/FirestoneHooks(10659): 	at com.template.lsposed.FirestoneSettings.syncProviderToTargetFile(FirestoneSettings.java:117)
05-07 23:43:03.300 W/FirestoneHooks(10659): 	at com.template.lsposed.ModuleEntry.lambda$startSettingsSync$3(ModuleEntry.java:163)
05-07 23:43:03.300 W/FirestoneHooks(10659): 	at com.template.lsposed.ModuleEntry.$r8$lambda$53MZ5_DMRWAF7qSxzT9rHtSMkIQ(Unknown Source:0)
05-07 23:43:03.300 W/FirestoneHooks(10659): 	at com.template.lsposed.ModuleEntry$$ExternalSyntheticLambda1.run(D8$$SyntheticClass:0)
05-07 23:43:03.300 W/FirestoneHooks(10659): 	at java.lang.Thread.run(Thread.java:920)
05-07 23:43:03.405 D/BoundBrokerSvc( 3171): onUnbind: Intent { act=com.google.android.gms.measurement.START pkg=com.google.android.gms }
05-07 23:43:03.805 E/ActivityThread(10659): Failed to find provider info for com.firestone.hooks.settings
05-07 23:43:03.805 W/FirestoneHooks(10659): Settings provider read failed; using defaults
05-07 23:43:03.805 W/FirestoneHooks(10659): java.lang.IllegalArgumentException: Unknown authority com.firestone.hooks.settings
05-07 23:43:03.805 W/FirestoneHooks(10659): 	at android.content.ContentResolver.call(ContentResolver.java:2447)
05-07 23:43:03.805 W/FirestoneHooks(10659): 	at android.content.ContentResolver.call(ContentResolver.java:2430)
05-07 23:43:03.805 W/FirestoneHooks(10659): 	at com.template.lsposed.FirestoneSettings.readFromProvider(FirestoneSettings.java:88)
05-07 23:43:03.805 W/FirestoneHooks(10659): 	at com.template.lsposed.FirestoneSettings.syncProviderToTargetFile(FirestoneSettings.java:117)
05-07 23:43:03.805 W/FirestoneHooks(10659): 	at com.template.lsposed.ModuleEntry.lambda$startSettingsSync$3(ModuleEntry.java:163)
05-07 23:43:03.805 W/FirestoneHooks(10659): 	at com.template.lsposed.ModuleEntry.$r8$lambda$53MZ5_DMRWAF7qSxzT9rHtSMkIQ(Unknown Source:0)
05-07 23:43:03.805 W/FirestoneHooks(10659): 	at com.template.lsposed.ModuleEntry$$ExternalSyntheticLambda1.run(D8$$SyntheticClass:0)
05-07 23:43:03.805 W/FirestoneHooks(10659): 	at java.lang.Thread.run(Thread.java:920)
05-07 23:43:04.309 E/ActivityThread(10659): Failed to find provider info for com.firestone.hooks.settings
05-07 23:43:04.309 W/FirestoneHooks(10659): Settings provider read failed; using defaults
05-07 23:43:04.309 W/FirestoneHooks(10659): java.lang.IllegalArgumentException: Unknown authority com.firestone.hooks.settings
05-07 23:43:04.309 W/FirestoneHooks(10659): 	at android.content.ContentResolver.call(ContentResolver.java:2447)
05-07 23:43:04.309 W/FirestoneHooks(10659): 	at android.content.ContentResolver.call(ContentResolver.java:2430)
05-07 23:43:04.309 W/FirestoneHooks(10659): 	at com.template.lsposed.FirestoneSettings.readFromProvider(FirestoneSettings.java:88)
05-07 23:43:04.309 W/FirestoneHooks(10659): 	at com.template.lsposed.FirestoneSettings.syncProviderToTargetFile(FirestoneSettings.java:117)
05-07 23:43:04.309 W/FirestoneHooks(10659): 	at com.template.lsposed.ModuleEntry.lambda$startSettingsSync$3(ModuleEntry.java:163)
05-07 23:43:04.309 W/FirestoneHooks(10659): 	at com.template.lsposed.ModuleEntry.$r8$lambda$53MZ5_DMRWAF7qSxzT9rHtSMkIQ(Unknown Source:0)
05-07 23:43:04.309 W/FirestoneHooks(10659): 	at com.template.lsposed.ModuleEntry$$ExternalSyntheticLambda1.run(D8$$SyntheticClass:0)
05-07 23:43:04.309 W/FirestoneHooks(10659): 	at java.lang.Thread.run(Thread.java:920)
05-07 23:43:04.813 E/ActivityThread(10659): Failed to find provider info for com.firestone.hooks.settings
05-07 23:43:04.813 W/FirestoneHooks(10659): Settings provider read failed; using defaults
05-07 23:43:04.813 W/FirestoneHooks(10659): java.lang.IllegalArgumentException: Unknown authority com.firestone.hooks.settings
05-07 23:43:04.813 W/FirestoneHooks(10659): 	at android.content.ContentResolver.call(ContentResolver.java:2447)
05-07 23:43:04.813 W/FirestoneHooks(10659): 	at android.content.ContentResolver.call(ContentResolver.java:2430)
05-07 23:43:04.813 W/FirestoneHooks(10659): 	at com.template.lsposed.FirestoneSettings.readFromProvider(FirestoneSettings.java:88)
05-07 23:43:04.813 W/FirestoneHooks(10659): 	at com.template.lsposed.FirestoneSettings.syncProviderToTargetFile(FirestoneSettings.java:117)
05-07 23:43:04.813 W/FirestoneHooks(10659): 	at com.template.lsposed.ModuleEntry.lambda$startSettingsSync$3(ModuleEntry.java:163)
05-07 23:43:04.813 W/FirestoneHooks(10659): 	at com.template.lsposed.ModuleEntry.$r8$lambda$53MZ5_DMRWAF7qSxzT9rHtSMkIQ(Unknown Source:0)
05-07 23:43:04.813 W/FirestoneHooks(10659): 	at com.template.lsposed.ModuleEntry$$ExternalSyntheticLambda1.run(D8$$SyntheticClass:0)
05-07 23:43:04.813 W/FirestoneHooks(10659): 	at java.lang.Thread.run(Thread.java:920)
05-07 23:43:05.316 E/ActivityThread(10659): Failed to find provider info for com.firestone.hooks.settings
05-07 23:43:05.316 W/FirestoneHooks(10659): Settings provider read failed; using defaults
05-07 23:43:05.316 W/FirestoneHooks(10659): java.lang.IllegalArgumentException: Unknown authority com.firestone.hooks.settings
05-07 23:43:05.316 W/FirestoneHooks(10659): 	at android.content.ContentResolver.call(ContentResolver.java:2447)
05-07 23:43:05.316 W/FirestoneHooks(10659): 	at android.content.ContentResolver.call(ContentResolver.java:2430)
05-07 23:43:05.316 W/FirestoneHooks(10659): 	at com.template.lsposed.FirestoneSettings.readFromProvider(FirestoneSettings.java:88)
05-07 23:43:05.316 W/FirestoneHooks(10659): 	at com.template.lsposed.FirestoneSettings.syncProviderToTargetFile(FirestoneSettings.java:117)
05-07 23:43:05.316 W/FirestoneHooks(10659): 	at com.template.lsposed.ModuleEntry.lambda$startSettingsSync$3(ModuleEntry.java:163)
05-07 23:43:05.316 W/FirestoneHooks(10659): 	at com.template.lsposed.ModuleEntry.$r8$lambda$53MZ5_DMRWAF7qSxzT9rHtSMkIQ(Unknown Source:0)
05-07 23:43:05.316 W/FirestoneHooks(10659): 	at com.template.lsposed.ModuleEntry$$ExternalSyntheticLambda1.run(D8$$SyntheticClass:0)
05-07 23:43:05.316 W/FirestoneHooks(10659): 	at java.lang.Thread.run(Thread.java:920)
05-07 23:43:05.823 E/ActivityThread(10659): Failed to find provider info for com.firestone.hooks.settings
05-07 23:43:05.823 W/FirestoneHooks(10659): Settings provider read failed; using defaults
05-07 23:43:05.823 W/FirestoneHooks(10659): java.lang.IllegalArgumentException: Unknown authority com.firestone.hooks.settings
05-07 23:43:05.823 W/FirestoneHooks(10659): 	at android.content.ContentResolver.call(ContentResolver.java:2447)
05-07 23:43:05.823 W/FirestoneHooks(10659): 	at android.content.ContentResolver.call(ContentResolver.java:2430)
05-07 23:43:05.823 W/FirestoneHooks(10659): 	at com.template.lsposed.FirestoneSettings.readFromProvider(FirestoneSettings.java:88)
05-07 23:43:05.823 W/FirestoneHooks(10659): 	at com.template.lsposed.FirestoneSettings.syncProviderToTargetFile(FirestoneSettings.java:117)
05-07 23:43:05.823 W/FirestoneHooks(10659): 	at com.template.lsposed.ModuleEntry.lambda$startSettingsSync$3(ModuleEntry.java:163)
05-07 23:43:05.823 W/FirestoneHooks(10659): 	at com.template.lsposed.ModuleEntry.$r8$lambda$53MZ5_DMRWAF7qSxzT9rHtSMkIQ(Unknown Source:0)
05-07 23:43:05.823 W/FirestoneHooks(10659): 	at com.template.lsposed.ModuleEntry$$ExternalSyntheticLambda1.run(D8$$SyntheticClass:0)
05-07 23:43:05.823 W/FirestoneHooks(10659): 	at java.lang.Thread.run(Thread.java:920)
05-07 23:43:06.326 E/ActivityThread(10659): Failed to find provider info for com.firestone.hooks.settings
05-07 23:43:06.326 W/FirestoneHooks(10659): Settings provider read failed; using defaults
05-07 23:43:06.326 W/FirestoneHooks(10659): java.lang.IllegalArgumentException: Unknown authority com.firestone.hooks.settings
05-07 23:43:06.326 W/FirestoneHooks(10659): 	at android.content.ContentResolver.call(ContentResolver.java:2447)
05-07 23:43:06.326 W/FirestoneHooks(10659): 	at android.content.ContentResolver.call(ContentResolver.java:2430)
05-07 23:43:06.326 W/FirestoneHooks(10659): 	at com.template.lsposed.FirestoneSettings.readFromProvider(FirestoneSettings.java:88)
05-07 23:43:06.326 W/FirestoneHooks(10659): 	at com.template.lsposed.FirestoneSettings.syncProviderToTargetFile(FirestoneSettings.java:117)
05-07 23:43:06.326 W/FirestoneHooks(10659): 	at com.template.lsposed.ModuleEntry.lambda$startSettingsSync$3(ModuleEntry.java:163)
05-07 23:43:06.326 W/FirestoneHooks(10659): 	at com.template.lsposed.ModuleEntry.$r8$lambda$53MZ5_DMRWAF7qSxzT9rHtSMkIQ(Unknown Source:0)
05-07 23:43:06.326 W/FirestoneHooks(10659): 	at com.template.lsposed.ModuleEntry$$ExternalSyntheticLambda1.run(D8$$SyntheticClass:0)
05-07 23:43:06.326 W/FirestoneHooks(10659): 	at java.lang.Thread.run(Thread.java:920)
05-07 23:43:06.830 E/ActivityThread(10659): Failed to find provider info for com.firestone.hooks.settings
05-07 23:43:06.830 W/FirestoneHooks(10659): Settings provider read failed; using defaults
05-07 23:43:06.830 W/FirestoneHooks(10659): java.lang.IllegalArgumentException: Unknown authority com.firestone.hooks.settings
05-07 23:43:06.830 W/FirestoneHooks(10659): 	at android.content.ContentResolver.call(ContentResolver.java:2447)
05-07 23:43:06.830 W/FirestoneHooks(10659): 	at android.content.ContentResolver.call(ContentResolver.java:2430)
05-07 23:43:06.830 W/FirestoneHooks(10659): 	at com.template.lsposed.FirestoneSettings.readFromProvider(FirestoneSettings.java:88)
05-07 23:43:06.830 W/FirestoneHooks(10659): 	at com.template.lsposed.FirestoneSettings.syncProviderToTargetFile(FirestoneSettings.java:117)
05-07 23:43:06.830 W/FirestoneHooks(10659): 	at com.template.lsposed.ModuleEntry.lambda$startSettingsSync$3(ModuleEntry.java:163)
05-07 23:43:06.830 W/FirestoneHooks(10659): 	at com.template.lsposed.ModuleEntry.$r8$lambda$53MZ5_DMRWAF7qSxzT9rHtSMkIQ(Unknown Source:0)
05-07 23:43:06.830 W/FirestoneHooks(10659): 	at com.template.lsposed.ModuleEntry$$ExternalSyntheticLambda1.run(D8$$SyntheticClass:0)
05-07 23:43:06.830 W/FirestoneHooks(10659): 	at java.lang.Thread.run(Thread.java:920)
05-07 23:43:07.335 E/ActivityThread(10659): Failed to find provider info for com.firestone.hooks.settings
05-07 23:43:07.335 W/FirestoneHooks(10659): Settings provider read failed; using defaults
05-07 23:43:07.335 W/FirestoneHooks(10659): java.lang.IllegalArgumentException: Unknown authority com.firestone.hooks.settings
05-07 23:43:07.335 W/FirestoneHooks(10659): 	at android.content.ContentResolver.call(ContentResolver.java:2447)
05-07 23:43:07.335 W/FirestoneHooks(10659): 	at android.content.ContentResolver.call(ContentResolver.java:2430)
05-07 23:43:07.335 W/FirestoneHooks(10659): 	at com.template.lsposed.FirestoneSettings.readFromProvider(FirestoneSettings.java:88)
05-07 23:43:07.335 W/FirestoneHooks(10659): 	at com.template.lsposed.FirestoneSettings.syncProviderToTargetFile(FirestoneSettings.java:117)
05-07 23:43:07.335 W/FirestoneHooks(10659): 	at com.template.lsposed.ModuleEntry.lambda$startSettingsSync$3(ModuleEntry.java:163)
05-07 23:43:07.335 W/FirestoneHooks(10659): 	at com.template.lsposed.ModuleEntry.$r8$lambda$53MZ5_DMRWAF7qSxzT9rHtSMkIQ(Unknown Source:0)
05-07 23:43:07.335 W/FirestoneHooks(10659): 	at com.template.lsposed.ModuleEntry$$ExternalSyntheticLambda1.run(D8$$SyntheticClass:0)
05-07 23:43:07.335 W/FirestoneHooks(10659): 	at java.lang.Thread.run(Thread.java:920)
05-07 23:43:07.629 I/keystore2( 2110): keystore2::watchdog: Watchdog thread idle -> terminating. Have a great day.
05-07 23:43:07.838 E/ActivityThread(10659): Failed to find provider info for com.firestone.hooks.settings
05-07 23:43:07.838 W/FirestoneHooks(10659): Settings provider read failed; using defaults
05-07 23:43:07.838 W/FirestoneHooks(10659): java.lang.IllegalArgumentException: Unknown authority com.firestone.hooks.settings
05-07 23:43:07.838 W/FirestoneHooks(10659): 	at android.content.ContentResolver.call(ContentResolver.java:2447)
05-07 23:43:07.838 W/FirestoneHooks(10659): 	at android.content.ContentResolver.call(ContentResolver.java:2430)
05-07 23:43:07.838 W/FirestoneHooks(10659): 	at com.template.lsposed.FirestoneSettings.readFromProvider(FirestoneSettings.java:88)
05-07 23:43:07.838 W/FirestoneHooks(10659): 	at com.template.lsposed.FirestoneSettings.syncProviderToTargetFile(FirestoneSettings.java:117)
05-07 23:43:07.838 W/FirestoneHooks(10659): 	at com.template.lsposed.ModuleEntry.lambda$startSettingsSync$3(ModuleEntry.java:163)
05-07 23:43:07.838 W/FirestoneHooks(10659): 	at com.template.lsposed.ModuleEntry.$r8$lambda$53MZ5_DMRWAF7qSxzT9rHtSMkIQ(Unknown Source:0)
05-07 23:43:07.838 W/FirestoneHooks(10659): 	at com.template.lsposed.ModuleEntry$$ExternalSyntheticLambda1.run(D8$$SyntheticClass:0)
05-07 23:43:07.838 W/FirestoneHooks(10659): 	at java.lang.Thread.run(Thread.java:920)
05-07 23:43:08.342 E/ActivityThread(10659): Failed to find provider info for com.firestone.hooks.settings
05-07 23:43:08.342 W/FirestoneHooks(10659): Settings provider read failed; using defaults
05-07 23:43:08.342 W/FirestoneHooks(10659): java.lang.IllegalArgumentException: Unknown authority com.firestone.hooks.settings
05-07 23:43:08.342 W/FirestoneHooks(10659): 	at android.content.ContentResolver.call(ContentResolver.java:2447)
05-07 23:43:08.342 W/FirestoneHooks(10659): 	at android.content.ContentResolver.call(ContentResolver.java:2430)
05-07 23:43:08.342 W/FirestoneHooks(10659): 	at com.template.lsposed.FirestoneSettings.readFromProvider(FirestoneSettings.java:88)
05-07 23:43:08.342 W/FirestoneHooks(10659): 	at com.template.lsposed.FirestoneSettings.syncProviderToTargetFile(FirestoneSettings.java:117)
05-07 23:43:08.342 W/FirestoneHooks(10659): 	at com.template.lsposed.ModuleEntry.lambda$startSettingsSync$3(ModuleEntry.java:163)
05-07 23:43:08.342 W/FirestoneHooks(10659): 	at com.template.lsposed.ModuleEntry.$r8$lambda$53MZ5_DMRWAF7qSxzT9rHtSMkIQ(Unknown Source:0)
05-07 23:43:08.342 W/FirestoneHooks(10659): 	at com.template.lsposed.ModuleEntry$$ExternalSyntheticLambda1.run(D8$$SyntheticClass:0)
05-07 23:43:08.342 W/FirestoneHooks(10659): 	at java.lang.Thread.run(Thread.java:920)
05-07 23:43:08.422 D/BoundBrokerSvc( 2754): onUnbind: Intent { act=com.google.android.gms.presencemanager.service.START dat=chimera-action: cmp=com.google.android.gms/.chimera.PersistentApiService }
05-07 23:43:08.423 D/BoundBrokerSvc( 2754): onUnbind: Intent { act=com.google.android.gms.presencemanager.service.INTERNAL_IDENTITY dat=chimera-action: cmp=com.google.android.gms/.chimera.PersistentApiService }
05-07 23:43:08.846 E/ActivityThread(10659): Failed to find provider info for com.firestone.hooks.settings
05-07 23:43:08.846 W/FirestoneHooks(10659): Settings provider read failed; using defaults
05-07 23:43:08.846 W/FirestoneHooks(10659): java.lang.IllegalArgumentException: Unknown authority com.firestone.hooks.settings
05-07 23:43:08.846 W/FirestoneHooks(10659): 	at android.content.ContentResolver.call(ContentResolver.java:2447)
05-07 23:43:08.846 W/FirestoneHooks(10659): 	at android.content.ContentResolver.call(ContentResolver.java:2430)
05-07 23:43:08.846 W/FirestoneHooks(10659): 	at com.template.lsposed.FirestoneSettings.readFromProvider(FirestoneSettings.java:88)
05-07 23:43:08.846 W/FirestoneHooks(10659): 	at com.template.lsposed.FirestoneSettings.syncProviderToTargetFile(FirestoneSettings.java:117)
05-07 23:43:08.846 W/FirestoneHooks(10659): 	at com.template.lsposed.ModuleEntry.lambda$startSettingsSync$3(ModuleEntry.java:163)
05-07 23:43:08.846 W/FirestoneHooks(10659): 	at com.template.lsposed.ModuleEntry.$r8$lambda$53MZ5_DMRWAF7qSxzT9rHtSMkIQ(Unknown Source:0)
05-07 23:43:08.846 W/FirestoneHooks(10659): 	at com.template.lsposed.ModuleEntry$$ExternalSyntheticLambda1.run(D8$$SyntheticClass:0)
05-07 23:43:08.846 W/FirestoneHooks(10659): 	at java.lang.Thread.run(Thread.java:920)
05-07 23:43:09.350 E/ActivityThread(10659): Failed to find provider info for com.firestone.hooks.settings
05-07 23:43:09.350 W/FirestoneHooks(10659): Settings provider read failed; using defaults
05-07 23:43:09.350 W/FirestoneHooks(10659): java.lang.IllegalArgumentException: Unknown authority com.firestone.hooks.settings
05-07 23:43:09.350 W/FirestoneHooks(10659): 	at android.content.ContentResolver.call(ContentResolver.java:2447)
05-07 23:43:09.350 W/FirestoneHooks(10659): 	at android.content.ContentResolver.call(ContentResolver.java:2430)
05-07 23:43:09.350 W/FirestoneHooks(10659): 	at com.template.lsposed.FirestoneSettings.readFromProvider(FirestoneSettings.java:88)
05-07 23:43:09.350 W/FirestoneHooks(10659): 	at com.template.lsposed.FirestoneSettings.syncProviderToTargetFile(FirestoneSettings.java:117)
05-07 23:43:09.350 W/FirestoneHooks(10659): 	at com.template.lsposed.ModuleEntry.lambda$startSettingsSync$3(ModuleEntry.java:163)
