05-07 23:43:09.350 W/FirestoneHooks(10659): 	at com.template.lsposed.ModuleEntry.$r8$lambda$53MZ5_DMRWAF7qSxzT9rHtSMkIQ(Unknown Source:0)
05-07 23:43:09.350 W/FirestoneHooks(10659): 	at com.template.lsposed.ModuleEntry$$ExternalSyntheticLambda1.run(D8$$SyntheticClass:0)
05-07 23:43:09.350 W/FirestoneHooks(10659): 	at java.lang.Thread.run(Thread.java:920)
05-07 23:43:09.853 E/ActivityThread(10659): Failed to find provider info for com.firestone.hooks.settings
05-07 23:43:09.853 W/FirestoneHooks(10659): Settings provider read failed; using defaults
05-07 23:43:09.853 W/FirestoneHooks(10659): java.lang.IllegalArgumentException: Unknown authority com.firestone.hooks.settings
05-07 23:43:09.853 W/FirestoneHooks(10659): 	at android.content.ContentResolver.call(ContentResolver.java:2447)
05-07 23:43:09.853 W/FirestoneHooks(10659): 	at android.content.ContentResolver.call(ContentResolver.java:2430)
05-07 23:43:09.853 W/FirestoneHooks(10659): 	at com.template.lsposed.FirestoneSettings.readFromProvider(FirestoneSettings.java:88)
05-07 23:43:09.853 W/FirestoneHooks(10659): 	at com.template.lsposed.FirestoneSettings.syncProviderToTargetFile(FirestoneSettings.java:117)
05-07 23:43:09.853 W/FirestoneHooks(10659): 	at com.template.lsposed.ModuleEntry.lambda$startSettingsSync$3(ModuleEntry.java:163)
05-07 23:43:09.853 W/FirestoneHooks(10659): 	at com.template.lsposed.ModuleEntry.$r8$lambda$53MZ5_DMRWAF7qSxzT9rHtSMkIQ(Unknown Source:0)
05-07 23:43:09.853 W/FirestoneHooks(10659): 	at com.template.lsposed.ModuleEntry$$ExternalSyntheticLambda1.run(D8$$SyntheticClass:0)
05-07 23:43:09.853 W/FirestoneHooks(10659): 	at java.lang.Thread.run(Thread.java:920)
05-07 23:43:10.356 E/ActivityThread(10659): Failed to find provider info for com.firestone.hooks.settings
05-07 23:43:10.356 W/FirestoneHooks(10659): Settings provider read failed; using defaults
05-07 23:43:10.356 W/FirestoneHooks(10659): java.lang.IllegalArgumentException: Unknown authority com.firestone.hooks.settings
05-07 23:43:10.356 W/FirestoneHooks(10659): 	at android.content.ContentResolver.call(ContentResolver.java:2447)
05-07 23:43:10.356 W/FirestoneHooks(10659): 	at android.content.ContentResolver.call(ContentResolver.java:2430)
05-07 23:43:10.356 W/FirestoneHooks(10659): 	at com.template.lsposed.FirestoneSettings.readFromProvider(FirestoneSettings.java:88)
05-07 23:43:10.356 W/FirestoneHooks(10659): 	at com.template.lsposed.FirestoneSettings.syncProviderToTargetFile(FirestoneSettings.java:117)
05-07 23:43:10.356 W/FirestoneHooks(10659): 	at com.template.lsposed.ModuleEntry.lambda$startSettingsSync$3(ModuleEntry.java:163)
05-07 23:43:10.356 W/FirestoneHooks(10659): 	at com.template.lsposed.ModuleEntry.$r8$lambda$53MZ5_DMRWAF7qSxzT9rHtSMkIQ(Unknown Source:0)
05-07 23:43:10.356 W/FirestoneHooks(10659): 	at com.template.lsposed.ModuleEntry$$ExternalSyntheticLambda1.run(D8$$SyntheticClass:0)
05-07 23:43:10.356 W/FirestoneHooks(10659): 	at java.lang.Thread.run(Thread.java:920)
05-07 23:43:10.860 E/ActivityThread(10659): Failed to find provider info for com.firestone.hooks.settings
05-07 23:43:10.860 W/FirestoneHooks(10659): Settings provider read failed; using defaults
05-07 23:43:10.860 W/FirestoneHooks(10659): java.lang.IllegalArgumentException: Unknown authority com.firestone.hooks.settings
05-07 23:43:10.860 W/FirestoneHooks(10659): 	at android.content.ContentResolver.call(ContentResolver.java:2447)
05-07 23:43:10.860 W/FirestoneHooks(10659): 	at android.content.ContentResolver.call(ContentResolver.java:2430)
05-07 23:43:10.860 W/FirestoneHooks(10659): 	at com.template.lsposed.FirestoneSettings.readFromProvider(FirestoneSettings.java:88)
05-07 23:43:10.860 W/FirestoneHooks(10659): 	at com.template.lsposed.FirestoneSettings.syncProviderToTargetFile(FirestoneSettings.java:117)
05-07 23:43:10.860 W/FirestoneHooks(10659): 	at com.template.lsposed.ModuleEntry.lambda$startSettingsSync$3(ModuleEntry.java:163)
05-07 23:43:10.860 W/FirestoneHooks(10659): 	at com.template.lsposed.ModuleEntry.$r8$lambda$53MZ5_DMRWAF7qSxzT9rHtSMkIQ(Unknown Source:0)
05-07 23:43:10.860 W/FirestoneHooks(10659): 	at com.template.lsposed.ModuleEntry$$ExternalSyntheticLambda1.run(D8$$SyntheticClass:0)
05-07 23:43:10.860 W/FirestoneHooks(10659): 	at java.lang.Thread.run(Thread.java:920)
05-07 23:43:11.364 E/ActivityThread(10659): Failed to find provider info for com.firestone.hooks.settings
05-07 23:43:11.364 W/FirestoneHooks(10659): Settings provider read failed; using defaults
05-07 23:43:11.364 W/FirestoneHooks(10659): java.lang.IllegalArgumentException: Unknown authority com.firestone.hooks.settings
05-07 23:43:11.364 W/FirestoneHooks(10659): 	at android.content.ContentResolver.call(ContentResolver.java:2447)
05-07 23:43:11.364 W/FirestoneHooks(10659): 	at android.content.ContentResolver.call(ContentResolver.java:2430)
05-07 23:43:11.364 W/FirestoneHooks(10659): 	at com.template.lsposed.FirestoneSettings.readFromProvider(FirestoneSettings.java:88)
05-07 23:43:11.364 W/FirestoneHooks(10659): 	at com.template.lsposed.FirestoneSettings.syncProviderToTargetFile(FirestoneSettings.java:117)
05-07 23:43:11.364 W/FirestoneHooks(10659): 	at com.template.lsposed.ModuleEntry.lambda$startSettingsSync$3(ModuleEntry.java:163)
05-07 23:43:11.364 W/FirestoneHooks(10659): 	at com.template.lsposed.ModuleEntry.$r8$lambda$53MZ5_DMRWAF7qSxzT9rHtSMkIQ(Unknown Source:0)
05-07 23:43:11.364 W/FirestoneHooks(10659): 	at com.template.lsposed.ModuleEntry$$ExternalSyntheticLambda1.run(D8$$SyntheticClass:0)
05-07 23:43:11.364 W/FirestoneHooks(10659): 	at java.lang.Thread.run(Thread.java:920)
05-07 23:43:11.610 D/opengl-gc( 2307): Check pid 3171: running 1
05-07 23:43:11.868 E/ActivityThread(10659): Failed to find provider info for com.firestone.hooks.settings
05-07 23:43:11.868 W/FirestoneHooks(10659): Settings provider read failed; using defaults
05-07 23:43:11.868 W/FirestoneHooks(10659): java.lang.IllegalArgumentException: Unknown authority com.firestone.hooks.settings
05-07 23:43:11.868 W/FirestoneHooks(10659): 	at android.content.ContentResolver.call(ContentResolver.java:2447)
05-07 23:43:11.868 W/FirestoneHooks(10659): 	at android.content.ContentResolver.call(ContentResolver.java:2430)
05-07 23:43:11.868 W/FirestoneHooks(10659): 	at com.template.lsposed.FirestoneSettings.readFromProvider(FirestoneSettings.java:88)
05-07 23:43:11.868 W/FirestoneHooks(10659): 	at com.template.lsposed.FirestoneSettings.syncProviderToTargetFile(FirestoneSettings.java:117)
05-07 23:43:11.868 W/FirestoneHooks(10659): 	at com.template.lsposed.ModuleEntry.lambda$startSettingsSync$3(ModuleEntry.java:163)
05-07 23:43:11.868 W/FirestoneHooks(10659): 	at com.template.lsposed.ModuleEntry.$r8$lambda$53MZ5_DMRWAF7qSxzT9rHtSMkIQ(Unknown Source:0)
05-07 23:43:11.868 W/FirestoneHooks(10659): 	at com.template.lsposed.ModuleEntry$$ExternalSyntheticLambda1.run(D8$$SyntheticClass:0)
05-07 23:43:11.868 W/FirestoneHooks(10659): 	at java.lang.Thread.run(Thread.java:920)
05-07 23:43:12.372 E/ActivityThread(10659): Failed to find provider info for com.firestone.hooks.settings
05-07 23:43:12.372 W/FirestoneHooks(10659): Settings provider read failed; using defaults
05-07 23:43:12.372 W/FirestoneHooks(10659): java.lang.IllegalArgumentException: Unknown authority com.firestone.hooks.settings
05-07 23:43:12.372 W/FirestoneHooks(10659): 	at android.content.ContentResolver.call(ContentResolver.java:2447)
05-07 23:43:12.372 W/FirestoneHooks(10659): 	at android.content.ContentResolver.call(ContentResolver.java:2430)
05-07 23:43:12.372 W/FirestoneHooks(10659): 	at com.template.lsposed.FirestoneSettings.readFromProvider(FirestoneSettings.java:88)
05-07 23:43:12.372 W/FirestoneHooks(10659): 	at com.template.lsposed.FirestoneSettings.syncProviderToTargetFile(FirestoneSettings.java:117)
05-07 23:43:12.372 W/FirestoneHooks(10659): 	at com.template.lsposed.ModuleEntry.lambda$startSettingsSync$3(ModuleEntry.java:163)
05-07 23:43:12.372 W/FirestoneHooks(10659): 	at com.template.lsposed.ModuleEntry.$r8$lambda$53MZ5_DMRWAF7qSxzT9rHtSMkIQ(Unknown Source:0)
05-07 23:43:12.372 W/FirestoneHooks(10659): 	at com.template.lsposed.ModuleEntry$$ExternalSyntheticLambda1.run(D8$$SyntheticClass:0)
05-07 23:43:12.372 W/FirestoneHooks(10659): 	at java.lang.Thread.run(Thread.java:920)
05-07 23:43:12.876 E/ActivityThread(10659): Failed to find provider info for com.firestone.hooks.settings
05-07 23:43:12.877 W/FirestoneHooks(10659): Settings provider read failed; using defaults
05-07 23:43:12.877 W/FirestoneHooks(10659): java.lang.IllegalArgumentException: Unknown authority com.firestone.hooks.settings
05-07 23:43:12.877 W/FirestoneHooks(10659): 	at android.content.ContentResolver.call(ContentResolver.java:2447)
05-07 23:43:12.877 W/FirestoneHooks(10659): 	at android.content.ContentResolver.call(ContentResolver.java:2430)
05-07 23:43:12.877 W/FirestoneHooks(10659): 	at com.template.lsposed.FirestoneSettings.readFromProvider(FirestoneSettings.java:88)
05-07 23:43:12.877 W/FirestoneHooks(10659): 	at com.template.lsposed.FirestoneSettings.syncProviderToTargetFile(FirestoneSettings.java:117)
05-07 23:43:12.877 W/FirestoneHooks(10659): 	at com.template.lsposed.ModuleEntry.lambda$startSettingsSync$3(ModuleEntry.java:163)
05-07 23:43:12.877 W/FirestoneHooks(10659): 	at com.template.lsposed.ModuleEntry.$r8$lambda$53MZ5_DMRWAF7qSxzT9rHtSMkIQ(Unknown Source:0)
05-07 23:43:12.877 W/FirestoneHooks(10659): 	at com.template.lsposed.ModuleEntry$$ExternalSyntheticLambda1.run(D8$$SyntheticClass:0)
05-07 23:43:12.877 W/FirestoneHooks(10659): 	at java.lang.Thread.run(Thread.java:920)
05-07 23:43:13.381 E/ActivityThread(10659): Failed to find provider info for com.firestone.hooks.settings
05-07 23:43:13.381 W/FirestoneHooks(10659): Settings provider read failed; using defaults
05-07 23:43:13.381 W/FirestoneHooks(10659): java.lang.IllegalArgumentException: Unknown authority com.firestone.hooks.settings
05-07 23:43:13.381 W/FirestoneHooks(10659): 	at android.content.ContentResolver.call(ContentResolver.java:2447)
05-07 23:43:13.381 W/FirestoneHooks(10659): 	at android.content.ContentResolver.call(ContentResolver.java:2430)
05-07 23:43:13.381 W/FirestoneHooks(10659): 	at com.template.lsposed.FirestoneSettings.readFromProvider(FirestoneSettings.java:88)
05-07 23:43:13.381 W/FirestoneHooks(10659): 	at com.template.lsposed.FirestoneSettings.syncProviderToTargetFile(FirestoneSettings.java:117)
05-07 23:43:13.381 W/FirestoneHooks(10659): 	at com.template.lsposed.ModuleEntry.lambda$startSettingsSync$3(ModuleEntry.java:163)
05-07 23:43:13.381 W/FirestoneHooks(10659): 	at com.template.lsposed.ModuleEntry.$r8$lambda$53MZ5_DMRWAF7qSxzT9rHtSMkIQ(Unknown Source:0)
05-07 23:43:13.381 W/FirestoneHooks(10659): 	at com.template.lsposed.ModuleEntry$$ExternalSyntheticLambda1.run(D8$$SyntheticClass:0)
05-07 23:43:13.381 W/FirestoneHooks(10659): 	at java.lang.Thread.run(Thread.java:920)
05-07 23:43:13.884 E/ActivityThread(10659): Failed to find provider info for com.firestone.hooks.settings
05-07 23:43:13.885 W/FirestoneHooks(10659): Settings provider read failed; using defaults
05-07 23:43:13.885 W/FirestoneHooks(10659): java.lang.IllegalArgumentException: Unknown authority com.firestone.hooks.settings
05-07 23:43:13.885 W/FirestoneHooks(10659): 	at android.content.ContentResolver.call(ContentResolver.java:2447)
05-07 23:43:13.885 W/FirestoneHooks(10659): 	at android.content.ContentResolver.call(ContentResolver.java:2430)
05-07 23:43:13.885 W/FirestoneHooks(10659): 	at com.template.lsposed.FirestoneSettings.readFromProvider(FirestoneSettings.java:88)
05-07 23:43:13.885 W/FirestoneHooks(10659): 	at com.template.lsposed.FirestoneSettings.syncProviderToTargetFile(FirestoneSettings.java:117)
05-07 23:43:13.885 W/FirestoneHooks(10659): 	at com.template.lsposed.ModuleEntry.lambda$startSettingsSync$3(ModuleEntry.java:163)
05-07 23:43:13.885 W/FirestoneHooks(10659): 	at com.template.lsposed.ModuleEntry.$r8$lambda$53MZ5_DMRWAF7qSxzT9rHtSMkIQ(Unknown Source:0)
05-07 23:43:13.885 W/FirestoneHooks(10659): 	at com.template.lsposed.ModuleEntry$$ExternalSyntheticLambda1.run(D8$$SyntheticClass:0)
05-07 23:43:13.885 W/FirestoneHooks(10659): 	at java.lang.Thread.run(Thread.java:920)
05-07 23:43:14.392 E/ActivityThread(10659): Failed to find provider info for com.firestone.hooks.settings
05-07 23:43:14.392 W/FirestoneHooks(10659): Settings provider read failed; using defaults
05-07 23:43:14.392 W/FirestoneHooks(10659): java.lang.IllegalArgumentException: Unknown authority com.firestone.hooks.settings
05-07 23:43:14.392 W/FirestoneHooks(10659): 	at android.content.ContentResolver.call(ContentResolver.java:2447)
05-07 23:43:14.392 W/FirestoneHooks(10659): 	at android.content.ContentResolver.call(ContentResolver.java:2430)
05-07 23:43:14.392 W/FirestoneHooks(10659): 	at com.template.lsposed.FirestoneSettings.readFromProvider(FirestoneSettings.java:88)
05-07 23:43:14.392 W/FirestoneHooks(10659): 	at com.template.lsposed.FirestoneSettings.syncProviderToTargetFile(FirestoneSettings.java:117)
05-07 23:43:14.392 W/FirestoneHooks(10659): 	at com.template.lsposed.ModuleEntry.lambda$startSettingsSync$3(ModuleEntry.java:163)
05-07 23:43:14.392 W/FirestoneHooks(10659): 	at com.template.lsposed.ModuleEntry.$r8$lambda$53MZ5_DMRWAF7qSxzT9rHtSMkIQ(Unknown Source:0)
05-07 23:43:14.392 W/FirestoneHooks(10659): 	at com.template.lsposed.ModuleEntry$$ExternalSyntheticLambda1.run(D8$$SyntheticClass:0)
05-07 23:43:14.392 W/FirestoneHooks(10659): 	at java.lang.Thread.run(Thread.java:920)
05-07 23:43:14.897 E/ActivityThread(10659): Failed to find provider info for com.firestone.hooks.settings
05-07 23:43:14.897 W/FirestoneHooks(10659): Settings provider read failed; using defaults
05-07 23:43:14.897 W/FirestoneHooks(10659): java.lang.IllegalArgumentException: Unknown authority com.firestone.hooks.settings
05-07 23:43:14.897 W/FirestoneHooks(10659): 	at android.content.ContentResolver.call(ContentResolver.java:2447)
05-07 23:43:14.897 W/FirestoneHooks(10659): 	at android.content.ContentResolver.call(ContentResolver.java:2430)
05-07 23:43:14.897 W/FirestoneHooks(10659): 	at com.template.lsposed.FirestoneSettings.readFromProvider(FirestoneSettings.java:88)
05-07 23:43:14.897 W/FirestoneHooks(10659): 	at com.template.lsposed.FirestoneSettings.syncProviderToTargetFile(FirestoneSettings.java:117)
05-07 23:43:14.897 W/FirestoneHooks(10659): 	at com.template.lsposed.ModuleEntry.lambda$startSettingsSync$3(ModuleEntry.java:163)
05-07 23:43:14.897 W/FirestoneHooks(10659): 	at com.template.lsposed.ModuleEntry.$r8$lambda$53MZ5_DMRWAF7qSxzT9rHtSMkIQ(Unknown Source:0)
05-07 23:43:14.897 W/FirestoneHooks(10659): 	at com.template.lsposed.ModuleEntry$$ExternalSyntheticLambda1.run(D8$$SyntheticClass:0)
05-07 23:43:14.897 W/FirestoneHooks(10659): 	at java.lang.Thread.run(Thread.java:920)
05-07 23:43:15.400 E/ActivityThread(10659): Failed to find provider info for com.firestone.hooks.settings
05-07 23:43:15.400 W/FirestoneHooks(10659): Settings provider read failed; using defaults
05-07 23:43:15.400 W/FirestoneHooks(10659): java.lang.IllegalArgumentException: Unknown authority com.firestone.hooks.settings
05-07 23:43:15.400 W/FirestoneHooks(10659): 	at android.content.ContentResolver.call(ContentResolver.java:2447)
05-07 23:43:15.400 W/FirestoneHooks(10659): 	at android.content.ContentResolver.call(ContentResolver.java:2430)
05-07 23:43:15.400 W/FirestoneHooks(10659): 	at com.template.lsposed.FirestoneSettings.readFromProvider(FirestoneSettings.java:88)
05-07 23:43:15.400 W/FirestoneHooks(10659): 	at com.template.lsposed.FirestoneSettings.syncProviderToTargetFile(FirestoneSettings.java:117)
05-07 23:43:15.400 W/FirestoneHooks(10659): 	at com.template.lsposed.ModuleEntry.lambda$startSettingsSync$3(ModuleEntry.java:163)
05-07 23:43:15.400 W/FirestoneHooks(10659): 	at com.template.lsposed.ModuleEntry.$r8$lambda$53MZ5_DMRWAF7qSxzT9rHtSMkIQ(Unknown Source:0)
05-07 23:43:15.400 W/FirestoneHooks(10659): 	at com.template.lsposed.ModuleEntry$$ExternalSyntheticLambda1.run(D8$$SyntheticClass:0)
05-07 23:43:15.400 W/FirestoneHooks(10659): 	at java.lang.Thread.run(Thread.java:920)
05-07 23:43:15.903 E/ActivityThread(10659): Failed to find provider info for com.firestone.hooks.settings
05-07 23:43:15.904 W/FirestoneHooks(10659): Settings provider read failed; using defaults
05-07 23:43:15.904 W/FirestoneHooks(10659): java.lang.IllegalArgumentException: Unknown authority com.firestone.hooks.settings
05-07 23:43:15.904 W/FirestoneHooks(10659): 	at android.content.ContentResolver.call(ContentResolver.java:2447)
05-07 23:43:15.904 W/FirestoneHooks(10659): 	at android.content.ContentResolver.call(ContentResolver.java:2430)
05-07 23:43:15.904 W/FirestoneHooks(10659): 	at com.template.lsposed.FirestoneSettings.readFromProvider(FirestoneSettings.java:88)
05-07 23:43:15.904 W/FirestoneHooks(10659): 	at com.template.lsposed.FirestoneSettings.syncProviderToTargetFile(FirestoneSettings.java:117)
05-07 23:43:15.904 W/FirestoneHooks(10659): 	at com.template.lsposed.ModuleEntry.lambda$startSettingsSync$3(ModuleEntry.java:163)
05-07 23:43:15.904 W/FirestoneHooks(10659): 	at com.template.lsposed.ModuleEntry.$r8$lambda$53MZ5_DMRWAF7qSxzT9rHtSMkIQ(Unknown Source:0)
05-07 23:43:15.904 W/FirestoneHooks(10659): 	at com.template.lsposed.ModuleEntry$$ExternalSyntheticLambda1.run(D8$$SyntheticClass:0)
05-07 23:43:15.904 W/FirestoneHooks(10659): 	at java.lang.Thread.run(Thread.java:920)
05-07 23:43:15.984 I/NetworkService( 5531): type=1400 audit(0.0:12501): avc: denied { connectto } for path="/dev/socket/fwmarkd" scontext=u:r:untrusted_app:s0:c55,c256,c512,c768 tcontext=u:r:init:s0 tclass=unix_stream_socket permissive=1
05-07 23:43:15.984 I/Binder:2219_2( 2219): type=1400 audit(0.0:12502): avc: denied { use } for path="socket:[71170]" dev="sockfs" ino=71170 scontext=u:r:init:s0 tcontext=u:r:untrusted_app:s0:c55,c256,c512,c768 tclass=fd permissive=1
05-07 23:43:15.984 I/Binder:2219_2( 2219): type=1400 audit(0.0:12503): avc: denied { read write } for path="socket:[71170]" dev="sockfs" ino=71170 scontext=u:r:init:s0 tcontext=u:r:untrusted_app:s0:c55,c256,c512,c768 tclass=udp_socket permissive=1
05-07 23:43:15.984 I/Binder:2219_2( 2219): type=1400 audit(0.0:12504): avc: denied { getopt } for scontext=u:r:init:s0 tcontext=u:r:untrusted_app:s0:c55,c256,c512,c768 tclass=udp_socket permissive=1
05-07 23:43:15.984 I/Binder:2219_2( 2219): type=1400 audit(0.0:12505): avc: denied { setopt } for scontext=u:r:init:s0 tcontext=u:r:untrusted_app:s0:c55,c256,c512,c768 tclass=udp_socket permissive=1
05-07 23:43:16.008 I/Binder:2219_2( 2219): type=1400 audit(0.0:12506): avc: denied { read write } for path="socket:[71179]" dev="sockfs" ino=71179 scontext=u:r:init:s0 tcontext=u:r:untrusted_app:s0:c55,c256,c512,c768 tclass=tcp_socket permissive=1
05-07 23:43:16.008 I/Binder:2219_2( 2219): type=1400 audit(0.0:12507): avc: denied { getopt } for scontext=u:r:init:s0 tcontext=u:r:untrusted_app:s0:c55,c256,c512,c768 tclass=tcp_socket permissive=1
05-07 23:43:16.008 I/Binder:2219_2( 2219): type=1400 audit(0.0:12508): avc: denied { setopt } for scontext=u:r:init:s0 tcontext=u:r:untrusted_app:s0:c55,c256,c512,c768 tclass=tcp_socket permissive=1
05-07 23:43:16.409 E/ActivityThread(10659): Failed to find provider info for com.firestone.hooks.settings
05-07 23:43:16.409 W/FirestoneHooks(10659): Settings provider read failed; using defaults
05-07 23:43:16.409 W/FirestoneHooks(10659): java.lang.IllegalArgumentException: Unknown authority com.firestone.hooks.settings
05-07 23:43:16.409 W/FirestoneHooks(10659): 	at android.content.ContentResolver.call(ContentResolver.java:2447)
05-07 23:43:16.409 W/FirestoneHooks(10659): 	at android.content.ContentResolver.call(ContentResolver.java:2430)
05-07 23:43:16.409 W/FirestoneHooks(10659): 	at com.template.lsposed.FirestoneSettings.readFromProvider(FirestoneSettings.java:88)
05-07 23:43:16.409 W/FirestoneHooks(10659): 	at com.template.lsposed.FirestoneSettings.syncProviderToTargetFile(FirestoneSettings.java:117)
05-07 23:43:16.409 W/FirestoneHooks(10659): 	at com.template.lsposed.ModuleEntry.lambda$startSettingsSync$3(ModuleEntry.java:163)
05-07 23:43:16.409 W/FirestoneHooks(10659): 	at com.template.lsposed.ModuleEntry.$r8$lambda$53MZ5_DMRWAF7qSxzT9rHtSMkIQ(Unknown Source:0)
05-07 23:43:16.409 W/FirestoneHooks(10659): 	at com.template.lsposed.ModuleEntry$$ExternalSyntheticLambda1.run(D8$$SyntheticClass:0)
05-07 23:43:16.409 W/FirestoneHooks(10659): 	at java.lang.Thread.run(Thread.java:920)
05-07 23:43:16.913 E/ActivityThread(10659): Failed to find provider info for com.firestone.hooks.settings
05-07 23:43:16.913 W/FirestoneHooks(10659): Settings provider read failed; using defaults
05-07 23:43:16.913 W/FirestoneHooks(10659): java.lang.IllegalArgumentException: Unknown authority com.firestone.hooks.settings
05-07 23:43:16.913 W/FirestoneHooks(10659): 	at android.content.ContentResolver.call(ContentResolver.java:2447)
05-07 23:43:16.913 W/FirestoneHooks(10659): 	at android.content.ContentResolver.call(ContentResolver.java:2430)
05-07 23:43:16.913 W/FirestoneHooks(10659): 	at com.template.lsposed.FirestoneSettings.readFromProvider(FirestoneSettings.java:88)
05-07 23:43:16.913 W/FirestoneHooks(10659): 	at com.template.lsposed.FirestoneSettings.syncProviderToTargetFile(FirestoneSettings.java:117)
05-07 23:43:16.913 W/FirestoneHooks(10659): 	at com.template.lsposed.ModuleEntry.lambda$startSettingsSync$3(ModuleEntry.java:163)
05-07 23:43:16.913 W/FirestoneHooks(10659): 	at com.template.lsposed.ModuleEntry.$r8$lambda$53MZ5_DMRWAF7qSxzT9rHtSMkIQ(Unknown Source:0)
05-07 23:43:16.913 W/FirestoneHooks(10659): 	at com.template.lsposed.ModuleEntry$$ExternalSyntheticLambda1.run(D8$$SyntheticClass:0)
05-07 23:43:16.913 W/FirestoneHooks(10659): 	at java.lang.Thread.run(Thread.java:920)
05-07 23:43:17.417 E/ActivityThread(10659): Failed to find provider info for com.firestone.hooks.settings
05-07 23:43:17.417 W/FirestoneHooks(10659): Settings provider read failed; using defaults
05-07 23:43:17.417 W/FirestoneHooks(10659): java.lang.IllegalArgumentException: Unknown authority com.firestone.hooks.settings
05-07 23:43:17.417 W/FirestoneHooks(10659): 	at android.content.ContentResolver.call(ContentResolver.java:2447)
05-07 23:43:17.417 W/FirestoneHooks(10659): 	at android.content.ContentResolver.call(ContentResolver.java:2430)
05-07 23:43:17.417 W/FirestoneHooks(10659): 	at com.template.lsposed.FirestoneSettings.readFromProvider(FirestoneSettings.java:88)
05-07 23:43:17.417 W/FirestoneHooks(10659): 	at com.template.lsposed.FirestoneSettings.syncProviderToTargetFile(FirestoneSettings.java:117)
05-07 23:43:17.417 W/FirestoneHooks(10659): 	at com.template.lsposed.ModuleEntry.lambda$startSettingsSync$3(ModuleEntry.java:163)
05-07 23:43:17.417 W/FirestoneHooks(10659): 	at com.template.lsposed.ModuleEntry.$r8$lambda$53MZ5_DMRWAF7qSxzT9rHtSMkIQ(Unknown Source:0)
05-07 23:43:17.417 W/FirestoneHooks(10659): 	at com.template.lsposed.ModuleEntry$$ExternalSyntheticLambda1.run(D8$$SyntheticClass:0)
05-07 23:43:17.417 W/FirestoneHooks(10659): 	at java.lang.Thread.run(Thread.java:920)
05-07 23:43:17.920 E/ActivityThread(10659): Failed to find provider info for com.firestone.hooks.settings
05-07 23:43:17.920 W/FirestoneHooks(10659): Settings provider read failed; using defaults
05-07 23:43:17.920 W/FirestoneHooks(10659): java.lang.IllegalArgumentException: Unknown authority com.firestone.hooks.settings
05-07 23:43:17.920 W/FirestoneHooks(10659): 	at android.content.ContentResolver.call(ContentResolver.java:2447)
05-07 23:43:17.920 W/FirestoneHooks(10659): 	at android.content.ContentResolver.call(ContentResolver.java:2430)
05-07 23:43:17.920 W/FirestoneHooks(10659): 	at com.template.lsposed.FirestoneSettings.readFromProvider(FirestoneSettings.java:88)
05-07 23:43:17.920 W/FirestoneHooks(10659): 	at com.template.lsposed.FirestoneSettings.syncProviderToTargetFile(FirestoneSettings.java:117)
05-07 23:43:17.920 W/FirestoneHooks(10659): 	at com.template.lsposed.ModuleEntry.lambda$startSettingsSync$3(ModuleEntry.java:163)
05-07 23:43:17.920 W/FirestoneHooks(10659): 	at com.template.lsposed.ModuleEntry.$r8$lambda$53MZ5_DMRWAF7qSxzT9rHtSMkIQ(Unknown Source:0)
05-07 23:43:17.920 W/FirestoneHooks(10659): 	at com.template.lsposed.ModuleEntry$$ExternalSyntheticLambda1.run(D8$$SyntheticClass:0)
05-07 23:43:17.920 W/FirestoneHooks(10659): 	at java.lang.Thread.run(Thread.java:920)
05-07 23:43:18.423 E/ActivityThread(10659): Failed to find provider info for com.firestone.hooks.settings
05-07 23:43:18.424 W/FirestoneHooks(10659): Settings provider read failed; using defaults
05-07 23:43:18.424 W/FirestoneHooks(10659): java.lang.IllegalArgumentException: Unknown authority com.firestone.hooks.settings
05-07 23:43:18.424 W/FirestoneHooks(10659): 	at android.content.ContentResolver.call(ContentResolver.java:2447)
05-07 23:43:18.424 W/FirestoneHooks(10659): 	at android.content.ContentResolver.call(ContentResolver.java:2430)
05-07 23:43:18.424 W/FirestoneHooks(10659): 	at com.template.lsposed.FirestoneSettings.readFromProvider(FirestoneSettings.java:88)
05-07 23:43:18.424 W/FirestoneHooks(10659): 	at com.template.lsposed.FirestoneSettings.syncProviderToTargetFile(FirestoneSettings.java:117)
05-07 23:43:18.424 W/FirestoneHooks(10659): 	at com.template.lsposed.ModuleEntry.lambda$startSettingsSync$3(ModuleEntry.java:163)
05-07 23:43:18.424 W/FirestoneHooks(10659): 	at com.template.lsposed.ModuleEntry.$r8$lambda$53MZ5_DMRWAF7qSxzT9rHtSMkIQ(Unknown Source:0)
05-07 23:43:18.424 W/FirestoneHooks(10659): 	at com.template.lsposed.ModuleEntry$$ExternalSyntheticLambda1.run(D8$$SyntheticClass:0)
05-07 23:43:18.424 W/FirestoneHooks(10659): 	at java.lang.Thread.run(Thread.java:920)
05-07 23:43:18.928 E/ActivityThread(10659): Failed to find provider info for com.firestone.hooks.settings
05-07 23:43:18.928 W/FirestoneHooks(10659): Settings provider read failed; using defaults
05-07 23:43:18.928 W/FirestoneHooks(10659): java.lang.IllegalArgumentException: Unknown authority com.firestone.hooks.settings
05-07 23:43:18.928 W/FirestoneHooks(10659): 	at android.content.ContentResolver.call(ContentResolver.java:2447)
05-07 23:43:18.928 W/FirestoneHooks(10659): 	at android.content.ContentResolver.call(ContentResolver.java:2430)
05-07 23:43:18.928 W/FirestoneHooks(10659): 	at com.template.lsposed.FirestoneSettings.readFromProvider(FirestoneSettings.java:88)
05-07 23:43:18.928 W/FirestoneHooks(10659): 	at com.template.lsposed.FirestoneSettings.syncProviderToTargetFile(FirestoneSettings.java:117)
05-07 23:43:18.928 W/FirestoneHooks(10659): 	at com.template.lsposed.ModuleEntry.lambda$startSettingsSync$3(ModuleEntry.java:163)
05-07 23:43:18.928 W/FirestoneHooks(10659): 	at com.template.lsposed.ModuleEntry.$r8$lambda$53MZ5_DMRWAF7qSxzT9rHtSMkIQ(Unknown Source:0)
05-07 23:43:18.928 W/FirestoneHooks(10659): 	at com.template.lsposed.ModuleEntry$$ExternalSyntheticLambda1.run(D8$$SyntheticClass:0)
05-07 23:43:18.928 W/FirestoneHooks(10659): 	at java.lang.Thread.run(Thread.java:920)
05-07 23:43:18.964 W/SensorService( 2429): Dropping 1 cached events (984/984) to save 1/1 new events. 0 events previously dropped
05-07 23:43:19.431 E/ActivityThread(10659): Failed to find provider info for com.firestone.hooks.settings
05-07 23:43:19.431 W/FirestoneHooks(10659): Settings provider read failed; using defaults
05-07 23:43:19.431 W/FirestoneHooks(10659): java.lang.IllegalArgumentException: Unknown authority com.firestone.hooks.settings
05-07 23:43:19.431 W/FirestoneHooks(10659): 	at android.content.ContentResolver.call(ContentResolver.java:2447)
05-07 23:43:19.431 W/FirestoneHooks(10659): 	at android.content.ContentResolver.call(ContentResolver.java:2430)
05-07 23:43:19.431 W/FirestoneHooks(10659): 	at com.template.lsposed.FirestoneSettings.readFromProvider(FirestoneSettings.java:88)
05-07 23:43:19.431 W/FirestoneHooks(10659): 	at com.template.lsposed.FirestoneSettings.syncProviderToTargetFile(FirestoneSettings.java:117)
05-07 23:43:19.431 W/FirestoneHooks(10659): 	at com.template.lsposed.ModuleEntry.lambda$startSettingsSync$3(ModuleEntry.java:163)
05-07 23:43:19.431 W/FirestoneHooks(10659): 	at com.template.lsposed.ModuleEntry.$r8$lambda$53MZ5_DMRWAF7qSxzT9rHtSMkIQ(Unknown Source:0)
05-07 23:43:19.431 W/FirestoneHooks(10659): 	at com.template.lsposed.ModuleEntry$$ExternalSyntheticLambda1.run(D8$$SyntheticClass:0)
05-07 23:43:19.431 W/FirestoneHooks(10659): 	at java.lang.Thread.run(Thread.java:920)
05-07 23:43:19.934 E/ActivityThread(10659): Failed to find provider info for com.firestone.hooks.settings
05-07 23:43:19.934 W/FirestoneHooks(10659): Settings provider read failed; using defaults
05-07 23:43:19.934 W/FirestoneHooks(10659): java.lang.IllegalArgumentException: Unknown authority com.firestone.hooks.settings
05-07 23:43:19.934 W/FirestoneHooks(10659): 	at android.content.ContentResolver.call(ContentResolver.java:2447)
05-07 23:43:19.934 W/FirestoneHooks(10659): 	at android.content.ContentResolver.call(ContentResolver.java:2430)
05-07 23:43:19.934 W/FirestoneHooks(10659): 	at com.template.lsposed.FirestoneSettings.readFromProvider(FirestoneSettings.java:88)
05-07 23:43:19.934 W/FirestoneHooks(10659): 	at com.template.lsposed.FirestoneSettings.syncProviderToTargetFile(FirestoneSettings.java:117)
05-07 23:43:19.934 W/FirestoneHooks(10659): 	at com.template.lsposed.ModuleEntry.lambda$startSettingsSync$3(ModuleEntry.java:163)
05-07 23:43:19.934 W/FirestoneHooks(10659): 	at com.template.lsposed.ModuleEntry.$r8$lambda$53MZ5_DMRWAF7qSxzT9rHtSMkIQ(Unknown Source:0)
05-07 23:43:19.934 W/FirestoneHooks(10659): 	at com.template.lsposed.ModuleEntry$$ExternalSyntheticLambda1.run(D8$$SyntheticClass:0)
05-07 23:43:19.934 W/FirestoneHooks(10659): 	at java.lang.Thread.run(Thread.java:920)
05-07 23:43:20.438 E/ActivityThread(10659): Failed to find provider info for com.firestone.hooks.settings
05-07 23:43:20.438 W/FirestoneHooks(10659): Settings provider read failed; using defaults
05-07 23:43:20.438 W/FirestoneHooks(10659): java.lang.IllegalArgumentException: Unknown authority com.firestone.hooks.settings
05-07 23:43:20.438 W/FirestoneHooks(10659): 	at android.content.ContentResolver.call(ContentResolver.java:2447)
05-07 23:43:20.438 W/FirestoneHooks(10659): 	at android.content.ContentResolver.call(ContentResolver.java:2430)
05-07 23:43:20.438 W/FirestoneHooks(10659): 	at com.template.lsposed.FirestoneSettings.readFromProvider(FirestoneSettings.java:88)
05-07 23:43:20.438 W/FirestoneHooks(10659): 	at com.template.lsposed.FirestoneSettings.syncProviderToTargetFile(FirestoneSettings.java:117)
05-07 23:43:20.438 W/FirestoneHooks(10659): 	at com.template.lsposed.ModuleEntry.lambda$startSettingsSync$3(ModuleEntry.java:163)
05-07 23:43:20.438 W/FirestoneHooks(10659): 	at com.template.lsposed.ModuleEntry.$r8$lambda$53MZ5_DMRWAF7qSxzT9rHtSMkIQ(Unknown Source:0)
05-07 23:43:20.438 W/FirestoneHooks(10659): 	at com.template.lsposed.ModuleEntry$$ExternalSyntheticLambda1.run(D8$$SyntheticClass:0)
05-07 23:43:20.438 W/FirestoneHooks(10659): 	at java.lang.Thread.run(Thread.java:920)
05-07 23:43:20.942 E/ActivityThread(10659): Failed to find provider info for com.firestone.hooks.settings
05-07 23:43:20.942 W/FirestoneHooks(10659): Settings provider read failed; using defaults
05-07 23:43:20.942 W/FirestoneHooks(10659): java.lang.IllegalArgumentException: Unknown authority com.firestone.hooks.settings
05-07 23:43:20.942 W/FirestoneHooks(10659): 	at android.content.ContentResolver.call(ContentResolver.java:2447)
05-07 23:43:20.942 W/FirestoneHooks(10659): 	at android.content.ContentResolver.call(ContentResolver.java:2430)
05-07 23:43:20.942 W/FirestoneHooks(10659): 	at com.template.lsposed.FirestoneSettings.readFromProvider(FirestoneSettings.java:88)
05-07 23:43:20.942 W/FirestoneHooks(10659): 	at com.template.lsposed.FirestoneSettings.syncProviderToTargetFile(FirestoneSettings.java:117)
05-07 23:43:20.942 W/FirestoneHooks(10659): 	at com.template.lsposed.ModuleEntry.lambda$startSettingsSync$3(ModuleEntry.java:163)
05-07 23:43:20.942 W/FirestoneHooks(10659): 	at com.template.lsposed.ModuleEntry.$r8$lambda$53MZ5_DMRWAF7qSxzT9rHtSMkIQ(Unknown Source:0)
05-07 23:43:20.942 W/FirestoneHooks(10659): 	at com.template.lsposed.ModuleEntry$$ExternalSyntheticLambda1.run(D8$$SyntheticClass:0)
05-07 23:43:20.942 W/FirestoneHooks(10659): 	at java.lang.Thread.run(Thread.java:920)
05-07 23:43:20.985 W/SensorService( 2429): Dropping 1 cached events (984/984) to save 1/1 new events. 100 events previously dropped
05-07 23:43:21.240 I/storaged( 2285): type=1400 audit(0.0:12509): avc: denied { read } for name="stat" dev="sysfs" ino=14479 scontext=u:r:init:s0 tcontext=u:object_r:sysfs:s0 tclass=file permissive=1
05-07 23:43:21.240 I/storaged( 2285): type=1400 audit(0.0:12510): avc: denied { open } for path="/sys/devices/platform/810000000.pcie/pci0000:00/0000:00:01.0/virtio1/host0/target0:0:0/0:0:0:0/block/sda/stat" dev="sysfs" ino=14479 scontext=u:r:init:s0 tcontext=u:object_r:sysfs:s0 tclass=file permissive=1
05-07 23:43:21.404 I/netd    ( 2219): type=1400 audit(0.0:12511): avc: denied { create } for scontext=u:r:init:s0 tcontext=u:r:init:s0 tclass=netlink_tcpdiag_socket permissive=1
05-07 23:43:21.404 I/netd    ( 2219): type=1400 audit(0.0:12512): avc: denied { connect } for scontext=u:r:init:s0 tcontext=u:r:init:s0 tclass=netlink_tcpdiag_socket permissive=1
05-07 23:43:21.404 I/netd    ( 2219): type=1400 audit(0.0:12513): avc: denied { write } for path="socket:[72249]" dev="sockfs" ino=72249 scontext=u:r:init:s0 tcontext=u:r:init:s0 tclass=netlink_tcpdiag_socket permissive=1
05-07 23:43:21.447 E/ActivityThread(10659): Failed to find provider info for com.firestone.hooks.settings
05-07 23:43:21.447 W/FirestoneHooks(10659): Settings provider read failed; using defaults
05-07 23:43:21.447 W/FirestoneHooks(10659): java.lang.IllegalArgumentException: Unknown authority com.firestone.hooks.settings
05-07 23:43:21.447 W/FirestoneHooks(10659): 	at android.content.ContentResolver.call(ContentResolver.java:2447)
05-07 23:43:21.447 W/FirestoneHooks(10659): 	at android.content.ContentResolver.call(ContentResolver.java:2430)
05-07 23:43:21.447 W/FirestoneHooks(10659): 	at com.template.lsposed.FirestoneSettings.readFromProvider(FirestoneSettings.java:88)
05-07 23:43:21.447 W/FirestoneHooks(10659): 	at com.template.lsposed.FirestoneSettings.syncProviderToTargetFile(FirestoneSettings.java:117)
05-07 23:43:21.447 W/FirestoneHooks(10659): 	at com.template.lsposed.ModuleEntry.lambda$startSettingsSync$3(ModuleEntry.java:163)
05-07 23:43:21.447 W/FirestoneHooks(10659): 	at com.template.lsposed.ModuleEntry.$r8$lambda$53MZ5_DMRWAF7qSxzT9rHtSMkIQ(Unknown Source:0)
05-07 23:43:21.447 W/FirestoneHooks(10659): 	at com.template.lsposed.ModuleEntry$$ExternalSyntheticLambda1.run(D8$$SyntheticClass:0)
05-07 23:43:21.447 W/FirestoneHooks(10659): 	at java.lang.Thread.run(Thread.java:920)
05-07 23:43:21.611 D/opengl-gc( 2307): Check pid 3171: running 1
05-07 23:43:21.951 E/ActivityThread(10659): Failed to find provider info for com.firestone.hooks.settings
05-07 23:43:21.951 W/FirestoneHooks(10659): Settings provider read failed; using defaults
05-07 23:43:21.951 W/FirestoneHooks(10659): java.lang.IllegalArgumentException: Unknown authority com.firestone.hooks.settings
05-07 23:43:21.951 W/FirestoneHooks(10659): 	at android.content.ContentResolver.call(ContentResolver.java:2447)
05-07 23:43:21.951 W/FirestoneHooks(10659): 	at android.content.ContentResolver.call(ContentResolver.java:2430)
05-07 23:43:21.951 W/FirestoneHooks(10659): 	at com.template.lsposed.FirestoneSettings.readFromProvider(FirestoneSettings.java:88)
05-07 23:43:21.951 W/FirestoneHooks(10659): 	at com.template.lsposed.FirestoneSettings.syncProviderToTargetFile(FirestoneSettings.java:117)
05-07 23:43:21.951 W/FirestoneHooks(10659): 	at com.template.lsposed.ModuleEntry.lambda$startSettingsSync$3(ModuleEntry.java:163)
05-07 23:43:21.951 W/FirestoneHooks(10659): 	at com.template.lsposed.ModuleEntry.$r8$lambda$53MZ5_DMRWAF7qSxzT9rHtSMkIQ(Unknown Source:0)
05-07 23:43:21.951 W/FirestoneHooks(10659): 	at com.template.lsposed.ModuleEntry$$ExternalSyntheticLambda1.run(D8$$SyntheticClass:0)
05-07 23:43:21.951 W/FirestoneHooks(10659): 	at java.lang.Thread.run(Thread.java:920)
05-07 23:43:22.457 E/ActivityThread(10659): Failed to find provider info for com.firestone.hooks.settings
05-07 23:43:22.457 W/FirestoneHooks(10659): Settings provider read failed; using defaults
05-07 23:43:22.457 W/FirestoneHooks(10659): java.lang.IllegalArgumentException: Unknown authority com.firestone.hooks.settings
05-07 23:43:22.457 W/FirestoneHooks(10659): 	at android.content.ContentResolver.call(ContentResolver.java:2447)
05-07 23:43:22.457 W/FirestoneHooks(10659): 	at android.content.ContentResolver.call(ContentResolver.java:2430)
05-07 23:43:22.457 W/FirestoneHooks(10659): 	at com.template.lsposed.FirestoneSettings.readFromProvider(FirestoneSettings.java:88)
05-07 23:43:22.457 W/FirestoneHooks(10659): 	at com.template.lsposed.FirestoneSettings.syncProviderToTargetFile(FirestoneSettings.java:117)
05-07 23:43:22.457 W/FirestoneHooks(10659): 	at com.template.lsposed.ModuleEntry.lambda$startSettingsSync$3(ModuleEntry.java:163)
05-07 23:43:22.457 W/FirestoneHooks(10659): 	at com.template.lsposed.ModuleEntry.$r8$lambda$53MZ5_DMRWAF7qSxzT9rHtSMkIQ(Unknown Source:0)
05-07 23:43:22.457 W/FirestoneHooks(10659): 	at com.template.lsposed.ModuleEntry$$ExternalSyntheticLambda1.run(D8$$SyntheticClass:0)
05-07 23:43:22.457 W/FirestoneHooks(10659): 	at java.lang.Thread.run(Thread.java:920)
05-07 23:43:22.962 E/ActivityThread(10659): Failed to find provider info for com.firestone.hooks.settings
05-07 23:43:22.962 W/FirestoneHooks(10659): Settings provider read failed; using defaults
05-07 23:43:22.962 W/FirestoneHooks(10659): java.lang.IllegalArgumentException: Unknown authority com.firestone.hooks.settings
05-07 23:43:22.962 W/FirestoneHooks(10659): 	at android.content.ContentResolver.call(ContentResolver.java:2447)
05-07 23:43:22.962 W/FirestoneHooks(10659): 	at android.content.ContentResolver.call(ContentResolver.java:2430)
05-07 23:43:22.962 W/FirestoneHooks(10659): 	at com.template.lsposed.FirestoneSettings.readFromProvider(FirestoneSettings.java:88)
05-07 23:43:22.962 W/FirestoneHooks(10659): 	at com.template.lsposed.FirestoneSettings.syncProviderToTargetFile(FirestoneSettings.java:117)
05-07 23:43:22.962 W/FirestoneHooks(10659): 	at com.template.lsposed.ModuleEntry.lambda$startSettingsSync$3(ModuleEntry.java:163)
05-07 23:43:22.962 W/FirestoneHooks(10659): 	at com.template.lsposed.ModuleEntry.$r8$lambda$53MZ5_DMRWAF7qSxzT9rHtSMkIQ(Unknown Source:0)
05-07 23:43:22.962 W/FirestoneHooks(10659): 	at com.template.lsposed.ModuleEntry$$ExternalSyntheticLambda1.run(D8$$SyntheticClass:0)
05-07 23:43:22.962 W/FirestoneHooks(10659): 	at java.lang.Thread.run(Thread.java:920)
05-07 23:43:23.005 W/SensorService( 2429): Dropping 1 cached events (984/984) to save 1/1 new events. 100 events previously dropped
05-07 23:43:23.466 E/ActivityThread(10659): Failed to find provider info for com.firestone.hooks.settings
05-07 23:43:23.466 W/FirestoneHooks(10659): Settings provider read failed; using defaults
05-07 23:43:23.466 W/FirestoneHooks(10659): java.lang.IllegalArgumentException: Unknown authority com.firestone.hooks.settings
05-07 23:43:23.466 W/FirestoneHooks(10659): 	at android.content.ContentResolver.call(ContentResolver.java:2447)
05-07 23:43:23.466 W/FirestoneHooks(10659): 	at android.content.ContentResolver.call(ContentResolver.java:2430)
05-07 23:43:23.466 W/FirestoneHooks(10659): 	at com.template.lsposed.FirestoneSettings.readFromProvider(FirestoneSettings.java:88)
05-07 23:43:23.466 W/FirestoneHooks(10659): 	at com.template.lsposed.FirestoneSettings.syncProviderToTargetFile(FirestoneSettings.java:117)
05-07 23:43:23.466 W/FirestoneHooks(10659): 	at com.template.lsposed.ModuleEntry.lambda$startSettingsSync$3(ModuleEntry.java:163)
05-07 23:43:23.466 W/FirestoneHooks(10659): 	at com.template.lsposed.ModuleEntry.$r8$lambda$53MZ5_DMRWAF7qSxzT9rHtSMkIQ(Unknown Source:0)
05-07 23:43:23.466 W/FirestoneHooks(10659): 	at com.template.lsposed.ModuleEntry$$ExternalSyntheticLambda1.run(D8$$SyntheticClass:0)
05-07 23:43:23.466 W/FirestoneHooks(10659): 	at java.lang.Thread.run(Thread.java:920)
05-07 23:43:23.969 E/ActivityThread(10659): Failed to find provider info for com.firestone.hooks.settings
05-07 23:43:23.969 W/FirestoneHooks(10659): Settings provider read failed; using defaults
05-07 23:43:23.969 W/FirestoneHooks(10659): java.lang.IllegalArgumentException: Unknown authority com.firestone.hooks.settings
05-07 23:43:23.969 W/FirestoneHooks(10659): 	at android.content.ContentResolver.call(ContentResolver.java:2447)
05-07 23:43:23.969 W/FirestoneHooks(10659): 	at android.content.ContentResolver.call(ContentResolver.java:2430)
05-07 23:43:23.969 W/FirestoneHooks(10659): 	at com.template.lsposed.FirestoneSettings.readFromProvider(FirestoneSettings.java:88)
05-07 23:43:23.969 W/FirestoneHooks(10659): 	at com.template.lsposed.FirestoneSettings.syncProviderToTargetFile(FirestoneSettings.java:117)
05-07 23:43:23.969 W/FirestoneHooks(10659): 	at com.template.lsposed.ModuleEntry.lambda$startSettingsSync$3(ModuleEntry.java:163)
05-07 23:43:23.969 W/FirestoneHooks(10659): 	at com.template.lsposed.ModuleEntry.$r8$lambda$53MZ5_DMRWAF7qSxzT9rHtSMkIQ(Unknown Source:0)
05-07 23:43:23.969 W/FirestoneHooks(10659): 	at com.template.lsposed.ModuleEntry$$ExternalSyntheticLambda1.run(D8$$SyntheticClass:0)
05-07 23:43:23.969 W/FirestoneHooks(10659): 	at java.lang.Thread.run(Thread.java:920)
05-07 23:43:24.304 I/tokio-runtime-w( 2068): type=1400 audit(0.0:12515): avc: denied { write } for name="dnsproxyd" dev="tmpfs" ino=1662 scontext=u:r:init:s0 tcontext=u:object_r:dnsproxyd_socket:s0 tclass=sock_file permissive=1
05-07 23:43:24.473 E/ActivityThread(10659): Failed to find provider info for com.firestone.hooks.settings
05-07 23:43:24.473 W/FirestoneHooks(10659): Settings provider read failed; using defaults
05-07 23:43:24.473 W/FirestoneHooks(10659): java.lang.IllegalArgumentException: Unknown authority com.firestone.hooks.settings
05-07 23:43:24.473 W/FirestoneHooks(10659): 	at android.content.ContentResolver.call(ContentResolver.java:2447)
05-07 23:43:24.473 W/FirestoneHooks(10659): 	at android.content.ContentResolver.call(ContentResolver.java:2430)
05-07 23:43:24.473 W/FirestoneHooks(10659): 	at com.template.lsposed.FirestoneSettings.readFromProvider(FirestoneSettings.java:88)
05-07 23:43:24.473 W/FirestoneHooks(10659): 	at com.template.lsposed.FirestoneSettings.syncProviderToTargetFile(FirestoneSettings.java:117)
05-07 23:43:24.473 W/FirestoneHooks(10659): 	at com.template.lsposed.ModuleEntry.lambda$startSettingsSync$3(ModuleEntry.java:163)
05-07 23:43:24.473 W/FirestoneHooks(10659): 	at com.template.lsposed.ModuleEntry.$r8$lambda$53MZ5_DMRWAF7qSxzT9rHtSMkIQ(Unknown Source:0)
05-07 23:43:24.473 W/FirestoneHooks(10659): 	at com.template.lsposed.ModuleEntry$$ExternalSyntheticLambda1.run(D8$$SyntheticClass:0)
05-07 23:43:24.473 W/FirestoneHooks(10659): 	at java.lang.Thread.run(Thread.java:920)
05-07 23:43:24.536 I/vold    ( 2068): type=1400 audit(0.0:12516): avc: denied { create } for scontext=u:r:init:s0 tcontext=u:r:init:s0 tclass=tcp_socket permissive=1
05-07 23:43:24.536 I/vold    ( 2068): type=1400 audit(0.0:12517): avc: denied { getopt } for scontext=u:r:init:s0 tcontext=u:r:init:s0 tclass=tcp_socket permissive=1
05-07 23:43:24.536 I/vold    ( 2068): type=1400 audit(0.0:12518): avc: denied { write } for name="fwmarkd" dev="tmpfs" ino=1666 scontext=u:r:init:s0 tcontext=u:object_r:fwmarkd_socket:s0 tclass=sock_file permissive=1
05-07 23:43:24.536 I/Binder:2219_2( 2219): type=1400 audit(0.0:12519): avc: denied { read write } for path="socket:[70382]" dev="sockfs" ino=70382 scontext=u:r:init:s0 tcontext=u:r:init:s0 tclass=tcp_socket permissive=1
05-07 23:43:24.976 E/ActivityThread(10659): Failed to find provider info for com.firestone.hooks.settings
05-07 23:43:24.976 W/FirestoneHooks(10659): Settings provider read failed; using defaults
05-07 23:43:24.976 W/FirestoneHooks(10659): java.lang.IllegalArgumentException: Unknown authority com.firestone.hooks.settings
05-07 23:43:24.976 W/FirestoneHooks(10659): 	at android.content.ContentResolver.call(ContentResolver.java:2447)
05-07 23:43:24.976 W/FirestoneHooks(10659): 	at android.content.ContentResolver.call(ContentResolver.java:2430)
05-07 23:43:24.976 W/FirestoneHooks(10659): 	at com.template.lsposed.FirestoneSettings.readFromProvider(FirestoneSettings.java:88)
05-07 23:43:24.976 W/FirestoneHooks(10659): 	at com.template.lsposed.FirestoneSettings.syncProviderToTargetFile(FirestoneSettings.java:117)
05-07 23:43:24.976 W/FirestoneHooks(10659): 	at com.template.lsposed.ModuleEntry.lambda$startSettingsSync$3(ModuleEntry.java:163)
05-07 23:43:24.976 W/FirestoneHooks(10659): 	at com.template.lsposed.ModuleEntry.$r8$lambda$53MZ5_DMRWAF7qSxzT9rHtSMkIQ(Unknown Source:0)
05-07 23:43:24.976 W/FirestoneHooks(10659): 	at com.template.lsposed.ModuleEntry$$ExternalSyntheticLambda1.run(D8$$SyntheticClass:0)
05-07 23:43:24.976 W/FirestoneHooks(10659): 	at java.lang.Thread.run(Thread.java:920)
05-07 23:43:25.024 W/SensorService( 2429): Dropping 1 cached events (984/984) to save 1/1 new events. 100 events previously dropped
05-07 23:43:25.352 I/vold    ( 2068): type=1400 audit(0.0:12523): avc: denied { getattr } for laddr=10.0.2.15 lport=58954 faddr=42.186.140.37 fport=443 scontext=u:r:init:s0 tcontext=u:r:init:s0 tclass=tcp_socket permissive=1
05-07 23:43:25.479 E/ActivityThread(10659): Failed to find provider info for com.firestone.hooks.settings
05-07 23:43:25.480 W/FirestoneHooks(10659): Settings provider read failed; using defaults
05-07 23:43:25.480 W/FirestoneHooks(10659): java.lang.IllegalArgumentException: Unknown authority com.firestone.hooks.settings
05-07 23:43:25.480 W/FirestoneHooks(10659): 	at android.content.ContentResolver.call(ContentResolver.java:2447)
05-07 23:43:25.480 W/FirestoneHooks(10659): 	at android.content.ContentResolver.call(ContentResolver.java:2430)
05-07 23:43:25.480 W/FirestoneHooks(10659): 	at com.template.lsposed.FirestoneSettings.readFromProvider(FirestoneSettings.java:88)
05-07 23:43:25.480 W/FirestoneHooks(10659): 	at com.template.lsposed.FirestoneSettings.syncProviderToTargetFile(FirestoneSettings.java:117)
05-07 23:43:25.480 W/FirestoneHooks(10659): 	at com.template.lsposed.ModuleEntry.lambda$startSettingsSync$3(ModuleEntry.java:163)
05-07 23:43:25.480 W/FirestoneHooks(10659): 	at com.template.lsposed.ModuleEntry.$r8$lambda$53MZ5_DMRWAF7qSxzT9rHtSMkIQ(Unknown Source:0)
05-07 23:43:25.480 W/FirestoneHooks(10659): 	at com.template.lsposed.ModuleEntry$$ExternalSyntheticLambda1.run(D8$$SyntheticClass:0)
05-07 23:43:25.480 W/FirestoneHooks(10659): 	at java.lang.Thread.run(Thread.java:920)
05-07 23:43:25.571 E/android.hardware.power.stats@1.0-service-mock( 2240): Failed to getEnergyData
05-07 23:43:25.600 I/tokio-runtime-w( 2068): type=1400 audit(0.0:12524): avc: denied { shutdown } for laddr=10.0.2.15 lport=58954 faddr=42.186.140.37 fport=443 scontext=u:r:init:s0 tcontext=u:r:init:s0 tclass=tcp_socket permissive=1
05-07 23:43:25.984 E/ActivityThread(10659): Failed to find provider info for com.firestone.hooks.settings
05-07 23:43:25.984 W/FirestoneHooks(10659): Settings provider read failed; using defaults
05-07 23:43:25.984 W/FirestoneHooks(10659): java.lang.IllegalArgumentException: Unknown authority com.firestone.hooks.settings
05-07 23:43:25.984 W/FirestoneHooks(10659): 	at android.content.ContentResolver.call(ContentResolver.java:2447)
05-07 23:43:25.984 W/FirestoneHooks(10659): 	at android.content.ContentResolver.call(ContentResolver.java:2430)
05-07 23:43:25.984 W/FirestoneHooks(10659): 	at com.template.lsposed.FirestoneSettings.readFromProvider(FirestoneSettings.java:88)
05-07 23:43:25.984 W/FirestoneHooks(10659): 	at com.template.lsposed.FirestoneSettings.syncProviderToTargetFile(FirestoneSettings.java:117)
05-07 23:43:25.984 W/FirestoneHooks(10659): 	at com.template.lsposed.ModuleEntry.lambda$startSettingsSync$3(ModuleEntry.java:163)
05-07 23:43:25.984 W/FirestoneHooks(10659): 	at com.template.lsposed.ModuleEntry.$r8$lambda$53MZ5_DMRWAF7qSxzT9rHtSMkIQ(Unknown Source:0)
05-07 23:43:25.984 W/FirestoneHooks(10659): 	at com.template.lsposed.ModuleEntry$$ExternalSyntheticLambda1.run(D8$$SyntheticClass:0)
05-07 23:43:25.984 W/FirestoneHooks(10659): 	at java.lang.Thread.run(Thread.java:920)
05-07 23:43:26.489 E/ActivityThread(10659): Failed to find provider info for com.firestone.hooks.settings
05-07 23:43:26.489 W/FirestoneHooks(10659): Settings provider read failed; using defaults
05-07 23:43:26.489 W/FirestoneHooks(10659): java.lang.IllegalArgumentException: Unknown authority com.firestone.hooks.settings
05-07 23:43:26.489 W/FirestoneHooks(10659): 	at android.content.ContentResolver.call(ContentResolver.java:2447)
05-07 23:43:26.489 W/FirestoneHooks(10659): 	at android.content.ContentResolver.call(ContentResolver.java:2430)
05-07 23:43:26.489 W/FirestoneHooks(10659): 	at com.template.lsposed.FirestoneSettings.readFromProvider(FirestoneSettings.java:88)
05-07 23:43:26.489 W/FirestoneHooks(10659): 	at com.template.lsposed.FirestoneSettings.syncProviderToTargetFile(FirestoneSettings.java:117)
05-07 23:43:26.489 W/FirestoneHooks(10659): 	at com.template.lsposed.ModuleEntry.lambda$startSettingsSync$3(ModuleEntry.java:163)
05-07 23:43:26.489 W/FirestoneHooks(10659): 	at com.template.lsposed.ModuleEntry.$r8$lambda$53MZ5_DMRWAF7qSxzT9rHtSMkIQ(Unknown Source:0)
05-07 23:43:26.489 W/FirestoneHooks(10659): 	at com.template.lsposed.ModuleEntry$$ExternalSyntheticLambda1.run(D8$$SyntheticClass:0)
05-07 23:43:26.489 W/FirestoneHooks(10659): 	at java.lang.Thread.run(Thread.java:920)
