05-07 23:33:33.625 V/GraphicsEnvironment( 9177): ANGLE GameManagerService for com.android.vending: false
05-07 23:33:33.625 V/GraphicsEnvironment( 9177): Neither updatable production driver nor prerelease driver is supported.
05-07 23:33:33.625 D/PackageManager( 2429): vulkan version is 0
05-07 23:33:33.626 D/NetworkSecurityConfig( 9177): No Network Security Config specified, using platform default
05-07 23:33:33.626 D/NetworkSecurityConfig( 9177): No Network Security Config specified, using platform default
05-07 23:33:33.631 I/Finsky:quick_launch( 9177): [2] Process created at version: 51.2.34-31 [0] [PR] 908936081
05-07 23:33:33.642 D/AAudioStream( 9116): setState(s#1) from 3 to 4
05-07 23:33:33.645 I/Finsky:quick_launch( 9177): [2] Finished reading experiment flags from file [0tGUNCGIkbk4o6-fQ335kUYSKwVj4lusnHT-A5Dsy08] numFlags=2203.
05-07 23:33:33.665 I/Finsky:quick_launch( 9177): [2] Finished reading experiment flags from file [DxtFj8k4KrVpGv9J7mnpm5cPoZycbP75687EvFvM_z8] numFlags=2002.
05-07 23:33:33.681 I/Finsky:quick_launch( 9177): [2] This process start was not selected for Play memory metrics collection.
05-07 23:33:33.697 D/PackageManager( 2429): vulkan version is 0
05-07 23:33:33.697 D/PackageManager( 2429): vulkan version is 0
05-07 23:33:33.698 D/PackageManager( 2429): vulkan version is 0
05-07 23:33:33.698 D/PackageManager( 2429): vulkan version is 0
05-07 23:33:33.698 D/PackageManager( 2429): vulkan version is 0
05-07 23:33:33.698 D/PackageManager( 2429): vulkan version is 0
05-07 23:33:33.699 D/PackageManager( 2429): vulkan version is 0
05-07 23:33:33.699 D/PackageManager( 2429): vulkan version is 0
05-07 23:33:33.700 D/PackageManager( 2429): vulkan version is 0
05-07 23:33:33.700 D/PackageManager( 2429): vulkan version is 0
05-07 23:33:33.700 D/PackageManager( 2429): vulkan version is 0
05-07 23:33:33.700 D/PackageManager( 2429): vulkan version is 0
05-07 23:33:33.701 I/Finsky:quick_launch( 9177): [68] Subscription detail: N/A
05-07 23:33:33.702 I/Finsky:quick_launch( 9177): [2] onSubscriptionsChanged
05-07 23:33:33.706 I/Finsky:quick_launch( 9177): [68] Finished reading experiment flags from file [Se-xCc4LzNyh3UrKMIU2sUf-PUKz4oQEbpKZDMuaFno] numFlags=1988.
05-07 23:33:33.706 I/Finsky:quick_launch( 9177): [68] playLoggingServerUrl: https://play.googleapis.com/play/log
05-07 23:33:33.706 I/Finsky:quick_launch( 9177): [68] playLoggingServerTimestampUrl: https://play.googleapis.com/play/log/timestamp
05-07 23:33:33.715 I/Finsky:quick_launch( 9177): [68] playLoggingServerUrl: https://play.googleapis.com/play/log
05-07 23:33:33.715 I/Finsky:quick_launch( 9177): [68] playLoggingServerTimestampUrl: https://play.googleapis.com/play/log/timestamp
05-07 23:33:33.719 I/Finsky  ( 6486): [64] playLoggingServerUrl: https://play.googleapis.com/play/log
05-07 23:33:33.719 I/Finsky  ( 6486): [64] playLoggingServerTimestampUrl: https://play.googleapis.com/play/log/timestamp
05-07 23:33:33.727 I/Finsky  ( 6486): [217] SCH: jobFinished: 16-16161616. TimeElapsed: 498ms.
05-07 23:33:33.727 I/Finsky  ( 6486): [217] WM::SCH: Logging work end for 16-16161616
05-07 23:33:33.734 I/Finsky  ( 6486): [67] SCH: Scheduling phonesky job Id: 26-1414141414, CT: 1778153652677, Constraints: [{ L: 43200000, D: 44100000, C: CHARGING_NONE, I: IDLE_NONE, N: NET_NONE, B: BATTERY_ANY }]
05-07 23:33:33.739 I/Finsky  ( 6486): [66] SCH: Scheduling 1 system job(s)
05-07 23:33:33.739 I/Finsky  ( 6486): [66] SCH: Scheduling system job Id: 9824, L: 28838938, D: 29738938, C: false, I: false, N: 0
05-07 23:33:33.742 I/Finsky  ( 6486): [215] SCH: job service finished with id 9811.
05-07 23:33:33.750 W/NewFileUpdater( 2669): MSG_GET_PACKAGE_TAG_INFO, no available new tag for: com.HolydayStudios.Firestone, workingTag: 12.2011
05-07 23:33:33.778 I/FontLog ( 2754): (REDACTED) Received query %s, URI %s
05-07 23:33:33.779 I/FontLog ( 2754): (REDACTED) Query [%s] resolved to %s
05-07 23:33:33.780 I/FontLog ( 2754): (REDACTED) Fetch %s end status %s
05-07 23:33:33.782 I/FontLog ( 2754): (REDACTED) Pulling font file for id = %d, cache size = %d
05-07 23:33:33.784 I/FontLog ( 2754): (REDACTED) Pulling font file for id = %d, cache size = %d
05-07 23:33:33.929 W/ServiceManager( 2429): Permission failure: android.permission.HIGH_SAMPLING_RATE_SENSORS from uid=10077 pid=9116
05-07 23:33:33.930 W/ServiceManager( 2429): Permission failure: android.permission.HIGH_SAMPLING_RATE_SENSORS from uid=10077 pid=9116
05-07 23:33:33.931 W/ServiceManager( 2429): Permission failure: android.permission.HIGH_SAMPLING_RATE_SENSORS from uid=10077 pid=9116
05-07 23:33:33.932 W/ServiceManager( 2429): Permission failure: android.permission.HIGH_SAMPLING_RATE_SENSORS from uid=10077 pid=9116
05-07 23:33:33.928 I/UnityMain( 9116): type=1400 audit(0.0:11278): avc: denied { call } for scontext=u:r:untrusted_app:s0:c77,c256,c512,c768 tcontext=u:r:init:s0 tclass=binder permissive=1 app=com.HolydayStudios.Firestone
05-07 23:33:33.936 D/gralloc_x86( 9116): gralloc_alloc: Creating ashmem region of size 7376896
05-07 23:33:33.936 I/UnityMain( 9116): type=1400 audit(0.0:11279): avc: denied { sendto } for path="/dev/socket/logdw" scontext=u:r:untrusted_app:s0:c77,c256,c512,c768 tcontext=u:r:init:s0 tclass=unix_dgram_socket permissive=1 app=com.HolydayStudios.Firestone
05-07 23:33:33.940 V/MediaRouter( 9116): Selecting route: RouteInfo{ name=Phone, description=null, status=null, category=RouteCategory{ name=System types=ROUTE_TYPE_LIVE_AUDIO ROUTE_TYPE_LIVE_VIDEO  groupable=false }, supportedTypes=ROUTE_TYPE_LIVE_AUDIO ROUTE_TYPE_LIVE_VIDEO , presentationDisplay=null }
05-07 23:33:33.941 I/MediaRouter( 9116): Skip setBluetoothA2dpOn(): types=8388615, isPlaybackActive()=true, BT route=null
05-07 23:33:34.052 I/UnityGfxDeviceW( 9116): type=1400 audit(0.0:11280): avc: denied { transfer } for scontext=u:r:untrusted_app:s0:c77,c256,c512,c768 tcontext=u:r:init:s0 tclass=binder permissive=1 app=com.HolydayStudios.Firestone
05-07 23:33:34.056 D/gralloc_x86( 9116): gralloc_alloc: Creating ashmem region of size 7376896
05-07 23:33:34.058 D/gralloc_x86( 9116): gralloc_alloc: Creating ashmem region of size 7376896
05-07 23:33:34.060 D/gralloc_x86( 9116): gralloc_alloc: Creating ashmem region of size 7376896
05-07 23:33:34.062 I/ActivityTaskManager( 2429): Fully drawn com.HolydayStudios.Firestone/com.unity3d.player.UnityPlayerActivity: +1s227ms
05-07 23:33:34.072 D/gralloc_x86( 9116): gralloc_alloc: Creating ashmem region of size 14749696
05-07 23:33:34.146 I/IL2CPP  ( 9116): Locale en-US
05-07 23:33:34.708 I/wifi@1.0-servic( 2248): type=1400 audit(0.0:11281): avc: denied { write } for scontext=u:r:init:s0 tcontext=u:r:init:s0 tclass=netlink_route_socket permissive=1
05-07 23:33:34.712 I/wifi@1.0-servic( 2248): type=1400 audit(0.0:11282): avc: denied { nlmsg_readpriv } for scontext=u:r:init:s0 tcontext=u:r:init:s0 tclass=netlink_route_socket permissive=1
05-07 23:33:35.862 E/TaskPersister( 2429): File error accessing recents directory (directory doesn't exist?).
05-07 23:33:36.201 I/Unity   ( 9116): EpicGames
05-07 23:33:36.201 I/Unity   ( 9116): UnityEngine.DebugLogHandler:Internal_Log(LogType, LogOption, String, Object)
05-07 23:33:36.201 I/Unity   ( 9116): GameAnalytics:SendAnalyticsLoadingPhasePHP(LoadingPhase, String, String, String)
05-07 23:33:36.201 I/Unity   ( 9116): GameAnalytics:SendAnalyticsLoadingPhase(LoadingPhase, String, String, String)
05-07 23:33:36.201 I/Unity   ( 9116): StartScript:Awake()
05-07 23:33:36.201 I/Unity   ( 9116): 
05-07 23:33:36.212 I/SkDestroyListen( 2219): type=1400 audit(0.0:11285): avc: denied { read } for scontext=u:r:init:s0 tcontext=u:r:init:s0 tclass=netlink_tcpdiag_socket permissive=1
05-07 23:33:36.212 I/Thread-4( 9116): type=1400 audit(0.0:11286): avc: denied { connectto } for path="/dev/socket/dnsproxyd" scontext=u:r:untrusted_app:s0:c77,c256,c512,c768 tcontext=u:r:init:s0 tclass=unix_stream_socket permissive=1 app=com.HolydayStudios.Firestone
05-07 23:33:36.212 I/Dns_100_10077( 2219): type=1400 audit(0.0:11287): avc: denied { getopt } for scontext=u:r:init:s0 tcontext=u:r:init:s0 tclass=udp_socket permissive=1
05-07 23:33:36.212 I/Dns_100_10077( 2219): type=1400 audit(0.0:11288): avc: denied { setattr } for name="UDP" dev="sockfs" ino=60459 scontext=u:r:init:s0 tcontext=u:r:init:s0 tclass=udp_socket permissive=1
05-07 23:33:36.212 I/Dns_100_10077( 2219): type=1400 audit(0.0:11289): avc: denied { setopt } for scontext=u:r:init:s0 tcontext=u:r:init:s0 tclass=udp_socket permissive=1
05-07 23:33:36.223 W/ServiceManager( 2429): Permission failure: android.permission.HIGH_SAMPLING_RATE_SENSORS from uid=10077 pid=9116
05-07 23:33:36.223 W/SensorService( 2429): sensor 00000000 already enabled in connection 0xb400006e0a03b030 (ignoring)
05-07 23:33:36.225 W/ServiceManager( 2429): Permission failure: android.permission.HIGH_SAMPLING_RATE_SENSORS from uid=10077 pid=9116
05-07 23:33:36.438 I/Unity   ( 9116): EpicGames
05-07 23:33:36.438 I/Unity   ( 9116): UnityEngine.DebugLogHandler:Internal_Log(LogType, LogOption, String, Object)
05-07 23:33:36.438 I/Unity   ( 9116): GameAnalytics:SendAnalyticsLoadingPhasePHP(LoadingPhase, String, String, String)
05-07 23:33:36.438 I/Unity   ( 9116): GameAnalytics:SendAnalyticsLoadingPhase(LoadingPhase, String, String, String)
05-07 23:33:36.438 I/Unity   ( 9116): <LoadNextScene>d__24:MoveNext()
05-07 23:33:36.438 I/Unity   ( 9116): UnityEngine.SetupCoroutine:InvokeMoveNext(IEnumerator, IntPtr)
05-07 23:33:36.438 I/Unity   ( 9116): 
05-07 23:33:37.807 I/Unity   ( 9116): CurrentPlatform has been assigned as Android.
05-07 23:33:37.807 I/Unity   ( 9116): UnityEngine.DebugLogHandler:Internal_Log(LogType, LogOption, String, Object)
05-07 23:33:37.807 I/Unity   ( 9116): PlayEveryWare.EpicOnlineServices.PlatformManager:.cctor()
05-07 23:33:37.807 I/Unity   ( 9116): PlayEveryWare.EpicOnlineServices.Utility.ConfigurationUtility:GetEOSInitializeOptions()
05-07 23:33:37.807 I/Unity   ( 9116): PlayEveryWare.EpicOnlineServices.EOSSingleton:InitializePlatformInterface()
05-07 23:33:37.807 I/Unity   ( 9116): PlayEveryWare.EpicOnlineServices.EOSSingleton:Init(IEOSCoroutineOwner, String)
05-07 23:33:37.807 I/Unity   ( 9116): UnityEngine.GameObject:Internal_AddComponentWithType(Type)
05-07 23:33:37.807 I/Unity   ( 9116): UnityEngine.GameObject:AddComponent()
05-07 23:33:37.807 I/Unity   ( 9116): BuildSettings:Initialize()
05-07 23:33:37.807 I/Unity   ( 9116): <StartGameFlow>d__22:MoveNext()
05-07 23:33:37.807 I/Unity   ( 9116): UnityEngine.SetupCoroutine:InvokeMoveNext(IEnumerator, IntPtr)
05-07 23:33:37.807 I/Unity   ( 9116): 
05-07 23:33:37.808 E/Unity   ( 9116): Unable to populate object of type "PlayEveryWare.EpicOnlineServices.Config" from JSON: "{
05-07 23:33:37.808 E/Unity   ( 9116):   "GoogleLoginClientID": null,
05-07 23:33:37.808 E/Unity   ( 9116):   "GoogleLoginNonce": null,
05-07 23:33:37.808 E/Unity   ( 9116):   "deployment": {
05-07 23:33:37.808 E/Unity   ( 9116):     "SandboxId": {
05-07 23:33:37.808 E/Unity   ( 9116):       "Value": "bda8d2133655435982b9118972792328"
05-07 23:33:37.808 E/Unity   ( 9116):     },
05-07 23:33:37.808 E/Unity   ( 9116):     "DeploymentId": "a65c0335e67b4aec8eec651de8dca6ac"
05-07 23:33:37.808 E/Unity   ( 9116):   },
05-07 23:33:37.808 E/Unity   ( 9116):   "clientCredentials": {
05-07 23:33:37.808 E/Unity   ( 9116):     "ClientId": "xyza78915T3juKOECHQEveLJcfCt98aA",
05-07 23:33:37.808 E/Unity   ( 9116):     "ClientSecret": "PF1bwir+BL20l71IojvewwKkgPD6TgpfqcUyKjd2FO0",
05-07 23:33:37.808 E/Unity   ( 9116):     "EncryptionKey": "D225E0C13EA6F5200170CDC21CF31848DE716F387164E6E120EEBBB7D71612F9"
05-07 23:33:37.808 E/Unity   ( 9116):   },
05-07 23:33:37.808 E/Unity   ( 9116):   "isServer": false,
05-07 23:33:37.808 E/Unity   ( 9116):   "platformOptionsFlags": "None",
05-07 23:33:37.808 E/Unity   ( 9116):   "authScopeOptionsFlags": "BasicProfile, FriendsList, Presence",
05-07 23:33:37.808 E/Unity   ( 9116):   "integratedPlatformManagementFlags": 0,
05-07 23:33:37.808 E/Unity   ( 9116):   "tickBudgetInMilliseconds": 0,
05-07 23:33:37.808 E/Unity   ( 9116):   "taskNetworkTimeoutSeconds": 0.0,
05-07 23:33:37.808 E/Unity   ( 9116):   "threadAffinity": {
05-07 23:33:37.808 E/Unity   ( 9116):     "NetworkWork": 0,
05-07 23:33:37.808 E/Unity   ( 9116):     "StorageIo": 0,
05-07 23:33:37.808 E/Unity   ( 9116):     "WebSocketIo": 0,
05-07 23:33:37.808 E/Unity   ( 9116):     "P2PIo": 0,
05-07 23:33:37.808 E/Unity   ( 9116):     "HttpRequestIo": 0,
05-07 23:33:37.808 E/Unity   ( 9116):     "RTCIo": 0,
05-07 23:33:37.808 E/Unity   ( 9116):     "EmbeddedOverlayMainThread": 0,
05-07 23:33:37.808 E/Unity   ( 9116):     "EmbeddedOverlayWorkerThreads": 0
05-07 23:33:37.808 E/Unity   ( 9116):   },
05-07 23:33:37.809 I/Unity   ( 9116): Platform Android has no defined deployment, so one was selected: "Deployment" : (DeploymentId: a65c0335e67b4aec8eec651de8dca6ac, SandboxId: bda8d2133655435982b9118972792328).
05-07 23:33:37.809 I/Unity   ( 9116): UnityEngine.DebugLogHandler:Internal_Log(LogType, LogOption, String, Object)
05-07 23:33:37.809 I/Unity   ( 9116): PlayEveryWare.EpicOnlineServices.PlatformConfig:OnReadCompleted()
05-07 23:33:37.809 I/Unity   ( 9116): PlayEveryWare.EpicOnlineServices.Config:Get()
05-07 23:33:37.809 I/Unity   ( 9116): PlayEveryWare.EpicOnlineServices.PlatformManager:GetPlatformConfig()
05-07 23:33:37.809 I/Unity   ( 9116): PlayEveryWare.EpicOnlineServices.Utility.ConfigurationUtility:GetEOSInitializeOptions()
05-07 23:33:37.809 I/Unity   ( 9116): PlayEveryWare.EpicOnlineServices.EOSSingleton:InitializePlatformInterface()
05-07 23:33:37.809 I/Unity   ( 9116): PlayEveryWare.EpicOnlineServices.EOSSingleton:Init(IEOSCoroutineOwner, String)
05-07 23:33:37.809 I/Unity   ( 9116): UnityEngine.GameObject:Internal_AddComponentWithType(Type)
05-07 23:33:37.809 I/Unity   ( 9116): UnityEngine.GameObject:AddComponent()
05-07 23:33:37.809 I/Unity   ( 9116): BuildSettings:Initialize()
05-07 23:33:37.809 I/Unity   ( 9116): <StartGameFlow>d__22:MoveNext()
05-07 23:33:37.809 I/Unity   ( 9116): UnityEngine.SetupCoroutine:InvokeMoveNext(IEnumerator, IntPtr)
05-07 23:33:37.809 I/Unity   ( 9116): 
05-07 23:33:37.809 I/Unity   ( 9116): Platform Android has no defined client credentials, so one was selected: "Client" : (PlayEveryWare.EpicOnlineServices.EOSClientCredentials).
05-07 23:33:37.809 I/Unity   ( 9116): UnityEngine.DebugLogHandler:Internal_Log(LogType, LogOption, String, Object)
05-07 23:33:37.809 I/Unity   ( 9116): PlayEveryWare.EpicOnlineServices.PlatformConfig:OnReadCompleted()
05-07 23:33:37.809 I/Unity   ( 9116): PlayEveryWare.EpicOnlineServices.Config:Get()
05-07 23:33:37.809 I/Unity   ( 9116): PlayEveryWare.EpicOnlineServices.PlatformManager:GetPlatformConfig()
05-07 23:33:37.809 I/Unity   ( 9116): PlayEveryWare.EpicOnlineServices.Utility.ConfigurationUtility:GetEOSInitializeOptions()
05-07 23:33:37.809 I/Unity   ( 9116): PlayEveryWare.EpicOnlineServices.EOSSingleton:InitializePlatformInterface()
05-07 23:33:37.809 I/Unity   ( 9116): PlayEveryWare.EpicOnlineServices.EOSSingleton:Init(IEOSCoroutineOwner, String)
05-07 23:33:37.809 I/Unity   ( 9116): UnityEngine.GameObject:Internal_AddComponentWithType(Type)
05-07 23:33:37.809 I/Unity   ( 9116): UnityEngine.GameObject:AddComponent()
05-07 23:33:37.809 I/Unity   ( 9116): BuildSettings:Initialize()
05-07 23:33:37.809 I/Unity   ( 9116): <StartGameFlow>d__22:MoveNext()
05-07 23:33:37.809 I/Unity   ( 9116): UnityEngine.SetupCoroutine:InvokeMoveNext(IEnumerator, IntPtr)
05-07 23:33:37.809 I/Unity   ( 9116): 
05-07 23:33:37.810 E/Unity   ( 9116): Unable to populate object of type "PlayEveryWare.EpicOnlineServices.Config" from JSON: "{
05-07 23:33:37.810 E/Unity   ( 9116):   "deploymentID": "a65c0335e67b4aec8eec651de8dca6ac",
05-07 23:33:37.810 E/Unity   ( 9116):   "clientID": "xyza78915T3juKOECHQEveLJcfCt98aA",
05-07 23:33:37.810 E/Unity   ( 9116):   "tickBudgetInMilliseconds": 0,
05-07 23:33:37.810 E/Unity   ( 9116):   "taskNetworkTimeoutSeconds": 0.0,
05-07 23:33:37.810 E/Unity   ( 9116):   "platformOptionsFlags": "None",
05-07 23:33:37.810 E/Unity   ( 9116):   "authScopeOptionsFlags": "NoFlags",
05-07 23:33:37.810 E/Unity   ( 9116):   "integratedPlatformManagementFlags": 0,
05-07 23:33:37.810 E/Unity   ( 9116):   "alwaysSendInputToOverlay": false,
05-07 23:33:37.810 E/Unity   ( 9116):   "schemaVersion": "1.0"
05-07 23:33:37.810 E/Unity   ( 9116): }". Exception: "Error creating 'PlayEveryWare.EpicOnlineServices.ListOfStringsToPlatformFlags'."
05-07 23:33:37.810 E/Unity   ( 9116): UnityEngine.DebugLogHandler:Internal_Log(LogType, LogOption, String, Object)
05-07 23:33:37.810 E/Unity   ( 9116): PlayEveryWare.EpicOnlineServices.Config:Read()
05-07 23:33:37.810 E/Unity   ( 9116): PlayEveryWare.EpicOnlineServices.Config:Get()
05-07 23:33:37.810 E/Unity   ( 9116): PlayEveryWare.EpicOnlineServices.PlatformConfig:MigrateConfig()
05-07 23:33:37.810 E/Unity   ( 9116): PlayEveryWare.EpicOnlineServices.Config:Get()
05-07 23:33:37.810 E/Unity   ( 9116): PlayEveryWare.EpicOnlineServices.PlatformManager:GetPlatformConfig()
05-07 23:33:37.810 E/Unity   ( 9116): PlayEveryWare.EpicOnlineServices.Utility.ConfigurationUtility:GetEOSInitializeOptions()
05-07 23:33:37.810 E/Unity   ( 9116): PlayEveryWare.EpicOnlineServices.EOSSing
05-07 23:33:37.811 I/Unity   ( 9116): The previous config did not explicitly define a deployment. There was one defined deployment, automatically selecting deployment name 'Deployment' with id 'a65c0335-e67b-4aec-8eec-651de8dca6ac'.
05-07 23:33:37.811 I/Unity   ( 9116): UnityEngine.DebugLogHandler:Internal_Log(LogType, LogOption, String, Object)
05-07 23:33:37.811 I/Unity   ( 9116): PlayEveryWare.EpicOnlineServices.PlatformConfig:MigrateNonOverrideableConfigValues(EOSConfig, NonOverrideableConfigValues)
05-07 23:33:37.811 I/Unity   ( 9116): PlayEveryWare.EpicOnlineServices.PlatformConfig:MigrateConfig()
05-07 23:33:37.811 I/Unity   ( 9116): PlayEveryWare.EpicOnlineServices.Config:Get()
05-07 23:33:37.811 I/Unity   ( 9116): PlayEveryWare.EpicOnlineServices.PlatformManager:GetPlatformConfig()
05-07 23:33:37.811 I/Unity   ( 9116): PlayEveryWare.EpicOnlineServices.Utility.ConfigurationUtility:GetEOSInitializeOptions()
05-07 23:33:37.811 I/Unity   ( 9116): PlayEveryWare.EpicOnlineServices.EOSSingleton:InitializePlatformInterface()
05-07 23:33:37.811 I/Unity   ( 9116): PlayEveryWare.EpicOnlineServices.EOSSingleton:Init(IEOSCoroutineOwner, String)
05-07 23:33:37.811 I/Unity   ( 9116): UnityEngine.GameObject:Internal_AddComponentWithType(Type)
05-07 23:33:37.811 I/Unity   ( 9116): UnityEngine.GameObject:AddComponent()
05-07 23:33:37.811 I/Unity   ( 9116): BuildSettings:Initialize()
05-07 23:33:37.811 I/Unity   ( 9116): <StartGameFlow>d__22:MoveNext()
05-07 23:33:37.811 I/Unity   ( 9116): UnityEngine.SetupCoroutine:InvokeMoveNext(IEnumera
05-07 23:33:37.811 I/Unity   ( 9116): The previous config did not explicitly define client credentials. There was one defined client credential, automatically selecting client credential name 'Client' with id 'xyza78915T3juKOECHQEveLJcfCt98aA'.
05-07 23:33:37.811 I/Unity   ( 9116): UnityEngine.DebugLogHandler:Internal_Log(LogType, LogOption, String, Object)
05-07 23:33:37.811 I/Unity   ( 9116): PlayEveryWare.EpicOnlineServices.PlatformConfig:MigrateNonOverrideableConfigValues(EOSConfig, NonOverrideableConfigValues)
05-07 23:33:37.811 I/Unity   ( 9116): PlayEveryWare.EpicOnlineServices.PlatformConfig:MigrateConfig()
05-07 23:33:37.811 I/Unity   ( 9116): PlayEveryWare.EpicOnlineServices.Config:Get()
05-07 23:33:37.811 I/Unity   ( 9116): PlayEveryWare.EpicOnlineServices.PlatformManager:GetPlatformConfig()
05-07 23:33:37.811 I/Unity   ( 9116): PlayEveryWare.EpicOnlineServices.Utility.ConfigurationUtility:GetEOSInitializeOptions()
05-07 23:33:37.811 I/Unity   ( 9116): PlayEveryWare.EpicOnlineServices.EOSSingleton:InitializePlatformInterface()
05-07 23:33:37.811 I/Unity   ( 9116): PlayEveryWare.EpicOnlineServices.EOSSingleton:Init(IEOSCoroutineOwner, String)
05-07 23:33:37.811 I/Unity   ( 9116): UnityEngine.GameObject:Internal_AddComponentWithType(Type)
05-07 23:33:37.811 I/Unity   ( 9116): UnityEngine.GameObject:AddComponent()
05-07 23:33:37.811 I/Unity   ( 9116): BuildSettings:Initialize()
05-07 23:33:37.811 I/Unity   ( 9116): <StartGameFlow>d__22:MoveNext()
05-07 23:33:37.811 I/Unity   ( 9116): UnityEngine.SetupCoroutine:InvokeMoveN
05-07 23:33:37.811 W/Unity   ( 9116): Configuration values for AndroidConfig have been migrated. Please double check your configuration in EOS Plugin -> EOS Configuration to make sure that the migration was successful.
05-07 23:33:37.811 W/Unity   ( 9116): UnityEngine.DebugLogHandler:Internal_Log(LogType, LogOption, String, Object)
05-07 23:33:37.811 W/Unity   ( 9116): PlayEveryWare.EpicOnlineServices.Config:Get()
05-07 23:33:37.811 W/Unity   ( 9116): PlayEveryWare.EpicOnlineServices.PlatformManager:GetPlatformConfig()
05-07 23:33:37.811 W/Unity   ( 9116): PlayEveryWare.EpicOnlineServices.Utility.ConfigurationUtility:GetEOSInitializeOptions()
05-07 23:33:37.811 W/Unity   ( 9116): PlayEveryWare.EpicOnlineServices.EOSSingleton:InitializePlatformInterface()
05-07 23:33:37.811 W/Unity   ( 9116): PlayEveryWare.EpicOnlineServices.EOSSingleton:Init(IEOSCoroutineOwner, String)
05-07 23:33:37.811 W/Unity   ( 9116): UnityEngine.GameObject:Internal_AddComponentWithType(Type)
05-07 23:33:37.811 W/Unity   ( 9116): UnityEngine.GameObject:AddComponent()
05-07 23:33:37.811 W/Unity   ( 9116): BuildSettings:Initialize()
05-07 23:33:37.811 W/Unity   ( 9116): <StartGameFlow>d__22:MoveNext()
05-07 23:33:37.811 W/Unity   ( 9116): UnityEngine.SetupCoroutine:InvokeMoveNext(IEnumerator, IntPtr)
05-07 23:33:37.811 W/Unity   ( 9116): 
05-07 23:33:37.812 I/Unity   ( 9116): EOSAndroid: Getting activity context...
05-07 23:33:37.812 I/Unity   ( 9116): UnityEngine.DebugLogHandler:Internal_Log(LogType, LogOption, String, Object)
05-07 23:33:37.812 I/Unity   ( 9116): PlayEveryWare.EpicOnlineServices.AndroidPlatformSpecifics:ConfigureAndroidActivity()
05-07 23:33:37.812 I/Unity   ( 9116): PlayEveryWare.EpicOnlineServices.AndroidPlatformSpecifics:ConfigureSystemInitOptions(EOSInitializeOptions&)
05-07 23:33:37.812 I/Unity   ( 9116): PlayEveryWare.EpicOnlineServices.Utility.ConfigurationUtility:GetEOSInitializeOptions()
05-07 23:33:37.812 I/Unity   ( 9116): PlayEveryWare.EpicOnlineServices.EOSSingleton:InitializePlatformInterface()
05-07 23:33:37.812 I/Unity   ( 9116): PlayEveryWare.EpicOnlineServices.EOSSingleton:Init(IEOSCoroutineOwner, String)
05-07 23:33:37.812 I/Unity   ( 9116): UnityEngine.GameObject:Internal_AddComponentWithType(Type)
05-07 23:33:37.812 I/Unity   ( 9116): UnityEngine.GameObject:AddComponent()
05-07 23:33:37.812 I/Unity   ( 9116): BuildSettings:Initialize()
05-07 23:33:37.812 I/Unity   ( 9116): <StartGameFlow>d__22:MoveNext()
05-07 23:33:37.812 I/Unity   ( 9116): UnityEngine.SetupCoroutine:InvokeMoveNext(IEnumerator, IntPtr)
05-07 23:33:37.812 I/Unity   ( 9116): 
05-07 23:33:37.812 I/Unity   ( 9116): EOSAndroid: activity context found!
05-07 23:33:37.812 I/Unity   ( 9116): UnityEngine.DebugLogHandler:Internal_Log(LogType, LogOption, String, Object)
05-07 23:33:37.812 I/Unity   ( 9116): PlayEveryWare.EpicOnlineServices.AndroidPlatformSpecifics:ConfigureAndroidActivity()
05-07 23:33:37.812 I/Unity   ( 9116): PlayEveryWare.EpicOnlineServices.AndroidPlatformSpecifics:ConfigureSystemInitOptions(EOSInitializeOptions&)
05-07 23:33:37.812 I/Unity   ( 9116): PlayEveryWare.EpicOnlineServices.Utility.ConfigurationUtility:GetEOSInitializeOptions()
05-07 23:33:37.812 I/Unity   ( 9116): PlayEveryWare.EpicOnlineServices.EOSSingleton:InitializePlatformInterface()
05-07 23:33:37.812 I/Unity   ( 9116): PlayEveryWare.EpicOnlineServices.EOSSingleton:Init(IEOSCoroutineOwner, String)
05-07 23:33:37.812 I/Unity   ( 9116): UnityEngine.GameObject:Internal_AddComponentWithType(Type)
05-07 23:33:37.812 I/Unity   ( 9116): UnityEngine.GameObject:AddComponent()
05-07 23:33:37.812 I/Unity   ( 9116): BuildSettings:Initialize()
05-07 23:33:37.812 I/Unity   ( 9116): <StartGameFlow>d__22:MoveNext()
05-07 23:33:37.812 I/Unity   ( 9116): UnityEngine.SetupCoroutine:InvokeMoveNext(IEnumerator, IntPtr)
05-07 23:33:37.812 I/Unity   ( 9116): 
05-07 23:33:37.813 I/Unity   ( 9116): EOSAndroid: call EOS SDK init.
05-07 23:33:37.813 I/Unity   ( 9116): UnityEngine.DebugLogHandler:Internal_Log(LogType, LogOption, String, Object)
05-07 23:33:37.813 I/Unity   ( 9116): PlayEveryWare.EpicOnlineServices.AndroidPlatformSpecifics:ConfigureAndroidActivity()
05-07 23:33:37.813 I/Unity   ( 9116): PlayEveryWare.EpicOnlineServices.AndroidPlatformSpecifics:ConfigureSystemInitOptions(EOSInitializeOptions&)
05-07 23:33:37.813 I/Unity   ( 9116): PlayEveryWare.EpicOnlineServices.Utility.ConfigurationUtility:GetEOSInitializeOptions()
05-07 23:33:37.813 I/Unity   ( 9116): PlayEveryWare.EpicOnlineServices.EOSSingleton:InitializePlatformInterface()
05-07 23:33:37.813 I/Unity   ( 9116): PlayEveryWare.EpicOnlineServices.EOSSingleton:Init(IEOSCoroutineOwner, String)
05-07 23:33:37.813 I/Unity   ( 9116): UnityEngine.GameObject:Internal_AddComponentWithType(Type)
05-07 23:33:37.813 I/Unity   ( 9116): UnityEngine.GameObject:AddComponent()
05-07 23:33:37.813 I/Unity   ( 9116): BuildSettings:Initialize()
05-07 23:33:37.813 I/Unity   ( 9116): <StartGameFlow>d__22:MoveNext()
05-07 23:33:37.813 I/Unity   ( 9116): UnityEngine.SetupCoroutine:InvokeMoveNext(IEnumerator, IntPtr)
05-07 23:33:37.813 I/Unity   ( 9116): 
05-07 23:33:37.816 I/Binder:2110_7( 2110): type=1400 audit(0.0:11301): avc: denied { lock } for path="/data/misc/keystore/persistent.sqlite" dev="sdb3" ino=5505027 scontext=u:r:init:s0 tcontext=u:object_r:keystore_data_file:s0 tclass=file permissive=1
05-07 23:33:37.831 I/EngineFactory( 9116): Provider GmsCore_OpenSSL not available
05-07 23:33:37.834 W/ActivityManager( 2429): callingPackage:com.HolydayStudios.Firestone, packageName:com.brave.browser, name:org.chromium.chrome.browser.customtabs.CustomTabsConnectionService, isSkip: true
05-07 23:33:37.832 I/lmkd    ( 2055): type=1400 audit(0.0:11302): avc: denied { write } for name="oom_score_adj" dev="proc" ino=38425 scontext=u:r:init:s0 tcontext=u:r:untrusted_app:s0:c55,c256,c512,c768 tclass=file permissive=1
05-07 23:33:37.832 I/Binder:2278_4( 2278): type=1400 audit(0.0:11303): avc: denied { call } for scontext=u:r:init:s0 tcontext=u:r:untrusted_app:s0:c55,c256,c512,c768 tclass=binder permissive=1
05-07 23:33:37.836 I/m.brave.browser( 5531): type=1400 audit(0.0:11304): avc: denied { getattr } for path="/system/framework/framework-res.apk" dev="sda1" ino=1454 scontext=u:r:untrusted_app:s0:c55,c256,c512,c768 tcontext=u:object_r:unlabeled:s0 tclass=file permissive=1
05-07 23:33:37.839 I/udios.Fireston( 9116): oneway function results for code 9 on binder at 0xb400006d69fb2280 will be dropped but finished with status UNKNOWN_TRANSACTION
05-07 23:33:37.853 I/Unity   ( 9116): 05/07/2026 23:33:37 LogEOS(Info): [Boot] EOSSDK Version 1.17.1.3-44532354 booting at 2026-05-07T15:33:37.852Z using CSharp
05-07 23:33:37.853 I/Unity   ( 9116): 05/07/2026 23:33:37 LogEOS(Info): [Boot] EOSSDK Platform Properties [OS=Android/12, ClientId=xyza78915T3juKOECHQEveLJcfCt98aA, ProductId=69576a28f7154fe9a0dce97508da5163, SandboxId=bda8d2133655435982b9118972792328, DeploymentId=a65c0335e67b4aec8eec651de8dca6ac, ProductName=Firestone Online Idle RPG, ProductVersion=1.89, IsServer=false, Flags=None]
05-07 23:33:37.853 I/Unity   ( 9116): 05/07/2026 23:33:37 LogEOSAnalytics(Info): Start Session (User: ...)
05-07 23:33:37.855 I/Unity   ( 9116): 05/07/2026 23:33:37 LogEOSOverlay(Info): Overlay loaded and initialized
05-07 23:33:37.856 I/Unity   ( 9116): 05/07/2026 23:33:37 LogEOSRTC(Info): [Core] Initializing LibRTC...
05-07 23:33:37.859 I/Unity   ( 9116): PlatformID: 0
05-07 23:33:37.859 I/Unity   ( 9116): UnityEngine.DebugLogHandler:Internal_Log(LogType, LogOption, String, Object)
05-07 23:33:37.859 I/Unity   ( 9116): BuildSettings:Initialize()
05-07 23:33:37.859 I/Unity   ( 9116): <StartGameFlow>d__22:MoveNext()
05-07 23:33:37.859 I/Unity   ( 9116): UnityEngine.SetupCoroutine:InvokeMoveNext(IEnumerator, IntPtr)
05-07 23:33:37.859 I/Unity   ( 9116): 
05-07 23:33:37.867 I/Unity   ( 9116): 05/07/2026 23:33:37 LogEOS(Info): Updating Platform SDK Config, Time: 0.008967
05-07 23:33:38.031 I/Unity   ( 9116): 05/07/2026 23:33:38 LogEOS(Info): SDK Config Platform Update Request Successful, Time: 0.140154
05-07 23:33:38.032 I/Unity   ( 9116): 05/07/2026 23:33:38 LogEOSAnalytics(Info): EOS SDK Analytics disabled for route [1].
05-07 23:33:38.033 I/Unity   ( 9116): 05/07/2026 23:33:38 LogEOS(Info): Prewarming URL successful
05-07 23:33:38.034 I/udios.Fireston( 9116): oneway function results for code 9 on binder at 0xb400006d69fb2280 will be dropped but finished with status UNKNOWN_TRANSACTION
05-07 23:33:38.034 I/Unity   ( 9116): 05/07/2026 23:33:38 LogEOS(Info): Updating Product SDK Config, Time: 0.172966
05-07 23:33:38.231 I/Unity   ( 9116): 05/07/2026 23:33:38 LogEOSAnalytics(Info): Start Session (User: ...)
05-07 23:33:38.331 I/Unity   ( 9116): 05/07/2026 23:33:38 LogEOS(Info): SDK Config Product Update Request Successful, Time: 0.438984
05-07 23:33:38.334 I/Unity   ( 9116): 05/07/2026 23:33:38 LogEOS(Info): Prewarming URL successful
05-07 23:33:38.334 I/Unity   ( 9116): 05/07/2026 23:33:38 LogEOS(Info): SDK Config Data - Watermark: 438070848
05-07 23:33:38.334 I/Unity   ( 9116): 05/07/2026 23:33:38 LogEOS(Info): ScheduleNextSDKConfigDataUpdate - Time: 0.438984, Update Interval: 304.471436
05-07 23:33:38.334 I/udios.Fireston( 9116): oneway function results for code 9 on binder at 0xb400006d69fb2280 will be dropped but finished with status UNKNOWN_TRANSACTION
05-07 23:33:38.399 D/BoundBrokerSvc( 2754): onUnbind: Intent { act=com.google.android.gms.common.telemetry.service.START dat=chimera-action: cmp=com.google.android.gms/.chimera.PersistentApiService }
05-07 23:33:39.226 D/ProfileInstaller( 9116): Skipping profile installation for com.HolydayStudios.Firestone
05-07 23:33:39.338 I/Unity   ( 9116): EpicGames
05-07 23:33:39.338 I/Unity   ( 9116): UnityEngine.DebugLogHandler:Internal_Log(LogType, LogOption, String, Object)
05-07 23:33:39.338 I/Unity   ( 9116): GameAnalytics:SendAnalyticsLoadingPhasePHP(LoadingPhase, String, String, String)
05-07 23:33:39.338 I/Unity   ( 9116): GameAnalytics:SendAnalyticsLoadingPhase(LoadingPhase, String, String, String)
05-07 23:33:39.338 I/Unity   ( 9116): <StartGameInitializing>d__75:MoveNext()
05-07 23:33:39.338 I/Unity   ( 9116): UnityEngine.SetupCoroutine:InvokeMoveNext(IEnumerator, IntPtr)
05-07 23:33:39.338 I/Unity   ( 9116): 
05-07 23:33:39.416 I/PlayCore( 9116): UID: [10077]  PID: [9116] AppUpdateListenerRegistry : registerListener
05-07 23:33:39.418 I/PlayCore( 9116): UID: [10077]  PID: [9116] AppUpdateService : requestUpdateInfo(com.HolydayStudios.Firestone)
05-07 23:33:39.418 I/PlayCore( 9116): UID: [10077]  PID: [9116] AppUpdateService : Initiate binding to the service.
05-07 23:33:39.419 W/ActivityManager( 2429): callingPackage:com.HolydayStudios.Firestone, packageName:com.android.vending, name:com.google.android.finsky.installservice.DevTriggeredUpdateService, isSkip: true
05-07 23:33:39.425 I/PlayCore( 9116): UID: [10077]  PID: [9116] AppUpdateService : ServiceConnectionImpl.onServiceConnected(ComponentInfo{com.android.vending/com.google.android.finsky.installservice.DevTriggeredUpdateService})
05-07 23:33:39.426 I/PlayCore( 9116): UID: [10077]  PID: [9116] AppUpdateService : linkToDeath
05-07 23:33:39.416 I/lmkd    ( 2055): type=1400 audit(0.0:11305): avc: denied { write } for name="oom_score_adj" dev="proc" ino=41898 scontext=u:r:init:s0 tcontext=u:r:priv_app:s0:c512,c768 tclass=file permissive=1
05-07 23:33:39.432 I/PlayCore( 9116): UID: [10077]  PID: [9116] OnRequestInstallCallback : onRequestInfo
05-07 23:33:39.432 I/PlayCore( 9116): UID: [10077]  PID: [9116] AppUpdateService : Unbind from service.
05-07 23:33:39.458 I/PlayCore( 9116): UID: [10077]  PID: [9116] AppUpdateListenerRegistry : unregisterListener
05-07 23:33:39.460 I/RecentTaskMonitor( 2429): onTaskMovedToFront 44
05-07 23:33:39.460 D/RecentTaskMonitor( 2429): openTabFromAms task is Task{95c17dd #44 type=standard A=10066:com.firestone.hooks U=0 visible=true visibleRequested=false mode=fullscreen translucent=true sz=1}
05-07 23:33:39.461 D/gralloc_x86( 2254): gralloc_alloc: Creating ashmem region of size 14749696
05-07 23:33:39.464 I/Binder:2429_16( 2429): type=1400 audit(0.0:11306): avc: denied { ioctl } for path="/dev/vaddress" dev="tmpfs" ino=13598 ioctlcmd=0x4c19 scontext=u:r:system_server:s0 tcontext=u:object_r:device:s0 tclass=chr_file permissive=1
05-07 23:33:39.476 D/RecentTaskMonitor( 2429): task null or not sub display in notifyDisplayOpened
05-07 23:33:39.476 D/RecentTaskMonitor( 2429): VAPIShellNotifier#notifyOpenTab :{"id":"task:44","displayId":0,"userId":0,"name":"Firestone Hooks","originName":"Firestone Hooks","packageName":"com.firestone.hooks","launcher":false,"newTask":false,"icon":"iVBORw0KGgoAAAANSUhEUgAAAIAAAACACAYAAADDPmHLAAAAAXNSR0IArs4c6QAAAARzQklUCAgICHwIZIgAACAASURBVHic7Z1pkCTHdd9\/WVV9393TPffM3gcWS2APLACSgmQIIAlQsiXLskhLtAnRYpi2giE7\/MHhsCPWCn9whB1h2bItOyQGGSEqRIqmTNOiIZGSSYIieIG4CGB3gb2xx+zMztkzfVelP1QfVV3Vx1TPgcXMP2JmaqoqX73MfPXey5cvswRuOHtWOX4nl\/DVxBldN35LIh4UkixI1fX+Oj783kNcvrnIuWtz3W7riolcnIcOT\/DtV6+ysFzwREMogiOTQ4yko3zzpSueeQH46Qf3sJAv8fqVOxiG9EQjFQ\/x+Il9\/OjCTa7PLHnm5cBEhsOTQ3ztexe63icFBpJFIbgmpPJFoehfzN8yZi4+++ly+71a+4m\/9y\/+KFWqKh8oRKrP1HTjCaBrp1sRCwdIxoJkk5F+iziQjoWIhv1k4iFUITzREAKSsRDxyGC8AMQjQQwJQ4kIUnoTgEQ0QCzsJx0LUSxVPfOSigWJhf391EkBMvWfk0KIfzKV8\/3eex7+\/Of\/9Oyv3bDeaBOAU5\/8H+HZSu3f+DTxK4qiZP3r7AFNVfBpKn5\/3zLjgN+noqkKfp93Ogrg1xSTzgC8APhUBb+mEPCrGB4FwO\/TUBUFv28wfvyaiqZ6apepqq7\/q0Jef\/TJ3\/zMp77xXz5xq3GhKQCP\/tM\/SK8ulj9zd3ntKSDghcGlfJG7S2vcupv3UhwARQgmV0vcWVhlfqXomUYsHERVlIF4AVjIF1nMF7l1N+9ZAIrlGstrJWYXBmubcMBHKhrySiMi4MO6wVff96nP\/Op3f+8TF6AuAL989k+i80tr\/7qgiKcNQ\/q9MmhIiWFIz7YSwDAkUkr0AehIUedDDsYL2OvkVQDMOoE+ID8bUCcVwYlgUP0Pv3z2T37jS2f\/7ozC2bOKUa39vM+n\/KoAz52\/i3sDQqKoqvgbeq32zJ6PfzaonLk8lFqr1D4pUIa2m7ldbA0ERIqV2q9n\/JU9iq75Thm6\/CmB9OZy7+KehKGzX+rGE4qO\/g9lj\/H9Lt6FEFIY8EuKRJ7Zbl52sV2QhxRgfLvZ2MX2QEBOwSUauIudASnRlO1mYhfbi10B2OHYFYAdjl0B2OHYFYAdjl0B2OHYFYAdDu2XHjtGLOJHVQTLq2U8zngCcP++HHtH0hzbO+yZRjIWZM9wing4wNoA2TMj6SiJSIBMPOyZBsChyQxrpSqHp4Y8t0046OPIVJZ0PMSCxxwHgFwyQi4dIRTweaYBZoaSRJJfq6BdvDlPKmYmT8wvFz3PeQNkU2FuzeW5OkDeWzYVIez3cfn2IitrjhS2viAEVGo6mXiIt27Me+YFIBrys1Ioc\/nWgmcBiIUDpGMhrs4scWdh1TMvxXIViRyoTkJAJhFCSlhcKaK9cmmGXDKCpircnl8dSAAmcjEzKfT6Xe80snFiIT+vX531\/LYIAeWKTj4T5ZVLM555AVMjLa4Uee3KrOe2ScVCjKSjnL8+x\/U7y555WStVAAaqkwBGMlEA7iys7foAOx27ArDDsSsAOxy7ArDDsSsAOxy7ArDDsSsAOxy7ArDDsSsAOxy7ArDDsSsAOxy7ArDDsSsAOxzbviYg6NeYGk6QiYcpV2sYhkTwblumKBFCMJyKMpyKoiiC2cU1bs6tUKnp28qZNplNkImHUFQFVVUGmg7OxMOsFavk69OW3SEJB\/w8emySx0\/sZTwbp1iucvnWIncW17h0e4Fw0Fvig4JgOB0lkwgzkYt7otHAUCKMT1WZWCt5bptsMsKxPVmePL2XiVwCVVG4NrPE11+4yMtv3qZU1elH5kfSUTLxweok6vwA+DQV7fThcWIRP0ozI8i7AOwdTRENBUjFQu43SPOXxOykyeEET5zez3g2hlLfjWY0E2N+uYhuGFy8sYBuGJiX+tcKAsFIxswI0nXDc30ADo5nWC1ViEcC62ub+r2aqnJkeojHHpgmEQs29z3KJsNkEmGG4pF6kojZLgLRsaq5ZISRTJSHit5X8wkgEQ0ikaysVdC+9cplhuIRVFVhdnGwhBCfpnB1ZqlDxoqdrqoIfi56hHDQh6q0XBGfpjKUCLFnJMkPz93gtSuz1HSrmuwtCAI4MJ4hl4ry3deueatMHZWqztJqiXPX59YhAOZ9fp\/K6UPj7BtPk4qFUJQW76oQRII+bs+v8Pxr16kZ7YLqrOfe0RQHxjJ862XvO58JIJeKApK5pQLaYr6ETzU3ZlrMe1dzYGas5NfKLOZLbVecNFVFYa1Udd3uRNNU3rN\/hNVihbmlAq9fnW1r\/O5CIATkCxUioYoLL+vDaqlCvlBmqa+2aV3XVIUTB0Z5+pFDHJ0asnU+gJSSmm6wWqqwuFqi5tBUzjpm4mXWSoPVSQABv+n6LeZL2zQKkGAYBpduzjOzkHcVgkjQx\/uOT\/EbP3+K6eEkilDsBN7B0FSF+6Zz\/KO\/dYbTR8YJ+p2+tiHhxtwK12aWOpipranjFo4CBCCb9ZJScv76HM\/+4C2mh5MkokH73UIQCfp5\/\/EpcskI\/\/y\/\/QUz86vostFYkvX5BeYGkooQiLodbm6CJ2m+3Y1Nqtbf\/GYJVVXYP5bmtz\/xOFPDCZt5s2JltcSXv\/06b88uY0jpYvu3ZiS0hQIgm04gmD7SWrHC154\/j08VfPypUyRjwaYz2GRQVTk0OcS\/\/Nhj\/Nf\/9UMuXL+LbliFANobSyDw+RRi4QCTuTihgI9MPMRwKkoyFiQc9BMJ+ogE\/SBhrVyhUKqyVqqynC8xs5hnfqVIoVQlHg6wWqg05de1XnX4VIXj+0f4zV98mKmcs\/OlNHcLu7OQ5z9+6Xm+++o1SuVqqwqNXXpEg+7mC8EWCICz1aTl9\/Jqia889wa6bvCRJ97D2FDc0XCqIjh5cIxnnjrB5559iXPX5hz2WACRkJ\/RTJSJbIJTh0Y5OJnhw48eNDs+GkRTlaYGEIKmJmh0jMTcgq2qGyzX9yqUwOVbi8QjAd6eXeb2fN6yXsHe+ffvG+aZp05wbG\/OYfPB1DIXbyzwuWd\/zHdeudrM8m119NZ0uhVbHgiydVtd1S6uFvnKd15HNwx+7QMnGM\/Gm50DZkeFAhrvu38KpOQPv\/GqmaZtGChCMJqJcfLQGEemhtg3lmJyOEEmFsbvM7c+Uto6vCePUpKMBJnMJZBS8sCBER57YJrrd5a5dGuB89fm+PGbt5lZMDds9GsqDx4Y5WMffJAzR8cJ+FTHsyRw9fYin3v2Bb754mUKDSFqCCFb3fUmticS2DQFdVsrJSurJb72\/DlyyQi\/+NgxkrGQQwgiIT8\/9cAeEIIv\/r+fkC9UOHlojJOHRjm2J0cuZa5v6LejO6GhIZR6l\/g0lXAuwWQuwZmj49yeX+WNq7P8+MItXrp4m2wywkcfP86j903g89n322poloXlAn\/2\/Hm+9eIl1ooV6l6J+QRhdv92CMH2hYIbqsCiypfyRf7qhbeYzCW4b88wI5kYqmo3B6GAOTpIx8OUKzUOTmTIJsMDd3q\/8GkqU8OmMDx4YJSLN+eJhPwcmRpydD5ATde5NrPEuaszPP+Tq6wW6qudxPapfSu2fS7AhKQhEXeX13jh3Ntcn13iyYcOMpFNOuxpOODn1KFRoH+1vtEQwlxhM5zuvHO3YRhcvrXA\/\/3eeQqFEiurncbv2ycA2xMHEFjqbPsHJCyvFfnfz73Ol7\/5Ex
05-07 23:33:39.482 W/System.err( 2429): org.json.JSONException: No value for errcode
05-07 23:33:39.482 W/System.err( 2429): 	at org.json.JSONObject.get(JSONObject.java:403)
05-07 23:33:39.482 W/System.err( 2429): 	at org.json.JSONObject.getInt(JSONObject.java:492)
05-07 23:33:39.482 W/System.err( 2429): 	at com.android.server.vapi.VApiRequestListener.onResponse(VApiRequestListener.java:20)
05-07 23:33:39.482 W/System.err( 2429): 	at com.android.server.vapi.VApiRequestListener.onResponse(VApiRequestListener.java:13)
05-07 23:33:39.482 W/System.err( 2429): 	at com.android.volley.toolbox.JsonRequest.deliverResponse(JsonRequest.java:90)
05-07 23:33:39.482 W/System.err( 2429): 	at com.android.volley.ExecutorDelivery$ResponseDeliveryRunnable.run(ExecutorDelivery.java:102)
05-07 23:33:39.482 W/System.err( 2429): 	at android.os.Handler.handleCallback(Handler.java:938)
05-07 23:33:39.482 W/System.err( 2429): 	at android.os.Handler.dispatchMessage(Handler.java:99)
05-07 23:33:39.482 W/System.err( 2429): 	at android.os.Looper.loopOnce(Looper.java:201)
05-07 23:33:39.482 W/System.err( 2429): 	at android.os.Looper.loop(Looper.java:288)
05-07 23:33:39.482 W/System.err( 2429): 	at com.android.server.SystemServer.run(SystemServer.java:929)
05-07 23:33:39.482 W/System.err( 2429): 	at com.android.server.SystemServer.main(SystemServer.java:611)
05-07 23:33:39.482 W/System.err( 2429): 	at java.lang.reflect.Method.invoke(Native Method)
05-07 23:33:39.482 W/System.err( 2429): 	at com.android.internal.os.RuntimeInit$MethodAndArgsCaller.run(RuntimeInit.java:555)
05-07 23:33:39.482 W/System.err( 2429): 	at com.android.internal.os.ZygoteInit.main(ZygoteInit.java:1069)
05-07 23:33:39.476 I/Binder:2219_2( 2219): type=1400 audit(0.0:11307): avc: denied { read write } for path="socket:[56602]" dev="sockfs" ino=56602 scontext=u:r:init:s0 tcontext=u:r:system_server:s0 tclass=tcp_socket permissive=1
05-07 23:33:39.476 I/Binder:2219_2( 2219): type=1400 audit(0.0:11308): avc: denied { getopt } for scontext=u:r:init:s0 tcontext=u:r:system_server:s0 tclass=tcp_socket permissive=1
05-07 23:33:39.494 D/com.netease.nemu_vapi_android.thread.HttpServer( 2669): http server response data: {"errcode":0,"message":"OK"}
05-07 23:33:39.476 I/Binder:2219_2( 2219): type=1400 audit(0.0:11309): avc: denied { setopt } for scontext=u:r:init:s0 tcontext=u:r:system_server:s0 tclass=tcp_socket permissive=1
05-07 23:33:39.498 D/com.netease.nemu_vapi_android.thread.HttpServer( 2669): http server response data: {"errcode":0,"message":"OK"}
05-07 23:33:39.484 I/Binder:2219_2( 2219): type=1400 audit(0.0:11310): avc: denied { use } for path="socket:[60473]" dev="sockfs" ino=60473 scontext=u:r:init:s0 tcontext=u:r:system_app:s0 tclass=fd permissive=1
05-07 23:33:39.524 D/AAudio  ( 9116): AAudioStream_requestStop(s#1) called
05-07 23:33:39.524 D/AAudioStream( 9116): setState(s#1) from 4 to 9
05-07 23:33:39.524 D/AudioTrack( 9116): stop(18): called with 144480 frames delivered
05-07 23:33:39.524 D/AAudioStream( 9116): setState(s#1) from 9 to 10
05-07 23:33:39.525 D/AAudio  ( 9116): AAudioStream_requestStop(s#1) called
05-07 23:33:39.525 D/AAudio  ( 9116): AAudioStream_close(s#1) called ---------------
05-07 23:33:39.525 D/AAudioStream( 9116): setState(s#1) from 10 to 11
05-07 23:33:39.526 D/AAudioStream( 9116): setState(s#1) from 11 to 12
05-07 23:33:39.526 D/AAudioStream( 9116): ~AudioStream(s#1) mPlayerBase strongCount = 2
05-07 23:33:39.526 D/AAudio  ( 9116): AAudioStream_close(s#1) returned 0 ---------
05-07 23:33:39.594 D/gralloc_x86( 8991): gralloc_alloc: Creating ashmem region of size 14749696
05-07 23:33:39.597 E/firestone.hook( 8991): vulkan version is 4202746
05-07 23:33:39.598 D/gralloc_x86( 8991): gralloc_alloc: Creating ashmem region of size 14749696
05-07 23:33:39.598 D/gralloc_x86( 8991): gralloc_alloc: Creating ashmem region of size 14749696
05-07 23:33:39.599 D/gralloc_x86( 8991): gralloc_alloc: Creating ashmem region of size 14749696
05-07 23:33:39.857 W/OpenGLRenderer( 9116): Surface doesn't have any previously queued frames, nothing to readback from
05-07 23:33:39.861 E/BLASTBufferQueue( 9116): [ViewRootImpl[UnityPlayerActivity]#0](f:0,a:1) Applying pending transactions on dtor 1
05-07 23:33:39.862 W/SurfaceFlinger( 2254): couldn't log to binary event log: overflow.
05-07 23:33:39.866 I/Process ( 9116): Sending signal. PID: 9116 SIG: 9
05-07 23:33:39.908 I/Zygote  ( 2220): Process 9116 exited due to signal 9 (Killed)
05-07 23:33:39.908 I/WindowManager( 2429): WIN DEATH: Window{6111480 u0 com.HolydayStudios.Firestone/com.unity3d.player.UnityPlayerActivity}
05-07 23:33:39.909 I/ActivityManager( 2429): Process com.HolydayStudios.Firestone (pid 9116) has died: cch+30 CRE 
05-07 23:33:39.910 I/libprocessgroup( 2429): Successfully killed process cgroup uid 10077 pid 9116 in 0ms
05-07 23:33:39.911 W/InputManager-JNI( 2429): Input channel object '6111480 com.HolydayStudios.Firestone/com.unity3d.player.UnityPlayerActivity (client)' was disposed without first being removed with the input manager!
05-07 23:33:39.913 W/WindowManager( 2429): Cannot find window which accessibility connection is added to
05-07 23:33:39.916 D/BoundBrokerSvc( 3171): onUnbind: Intent { act=com.google.android.gms.measurement.START pkg=com.google.android.gms }
05-07 23:33:39.918 D/RecentTaskMonitor( 2429): onRecentTaskRemoved 45:Task=45
05-07 23:33:39.918 E/RecentTaskMonitor( 2429): failed to call send close intent!
05-07 23:33:39.919 W/ActivityManager( 2429): setHasOverlayUi called on unknown pid: 9116
05-07 23:33:39.920 W/ActivityTaskManager( 2429): Can't find TaskDisplayArea to determine support for multi window. Task id=45 attached=false
05-07 23:33:39.920 W/ActivityTaskManager( 2429): Can't find TaskDisplayArea to determine support for multi window. Task id=45 attached=false
05-07 23:33:39.920 E/BpTransactionCompletedListener( 2254): Failed to transact (-32)
05-07 23:33:39.925 D/RecentTaskMonitor( 2429): VAPIShellNotifier#notifyOpenTab :{"id":"task:44","displayId":0,"userId":0,"name":"Firestone Hooks","originName":"Firestone Hooks","packageName":"com.firestone.hooks","launcher":false,"newTask":false,"icon":"iVBORw0KGgoAAAANSUhEUgAAAIAAAACACAYAAADDPmHLAAAAAXNSR0IArs4c6QAAAARzQklUCAgICHwIZIgAACAASURBVHic7Z1pkCTHdd9\/WVV9393TPffM3gcWS2APLACSgmQIIAlQsiXLskhLtAnRYpi2giE7\/MHhsCPWCn9whB1h2bItOyQGGSEqRIqmTNOiIZGSSYIieIG4CGB3gb2xx+zMztkzfVelP1QfVV3Vx1TPgcXMP2JmaqoqX73MfPXey5cvswRuOHtWOX4nl\/DVxBldN35LIh4UkixI1fX+Oj783kNcvrnIuWtz3W7riolcnIcOT\/DtV6+ysFzwREMogiOTQ4yko3zzpSueeQH46Qf3sJAv8fqVOxiG9EQjFQ\/x+Il9\/OjCTa7PLHnm5cBEhsOTQ3ztexe63icFBpJFIbgmpPJFoehfzN8yZi4+++ly+71a+4m\/9y\/+KFWqKh8oRKrP1HTjCaBrp1sRCwdIxoJkk5F+iziQjoWIhv1k4iFUITzREAKSsRDxyGC8AMQjQQwJQ4kIUnoTgEQ0QCzsJx0LUSxVPfOSigWJhf391EkBMvWfk0KIfzKV8\/3eex7+\/Of\/9Oyv3bDeaBOAU5\/8H+HZSu3f+DTxK4qiZP3r7AFNVfBpKn5\/3zLjgN+noqkKfp93Ogrg1xSTzgC8APhUBb+mEPCrGB4FwO\/TUBUFv28wfvyaiqZ6apepqq7\/q0Jef\/TJ3\/zMp77xXz5xq3GhKQCP\/tM\/SK8ulj9zd3ntKSDghcGlfJG7S2vcupv3UhwARQgmV0vcWVhlfqXomUYsHERVlIF4AVjIF1nMF7l1N+9ZAIrlGstrJWYXBmubcMBHKhrySiMi4MO6wVff96nP\/Op3f+8TF6AuAL989k+i80tr\/7qgiKcNQ\/q9MmhIiWFIz7YSwDAkUkr0AehIUedDDsYL2OvkVQDMOoE+ID8bUCcVwYlgUP0Pv3z2T37jS2f\/7ozC2bOKUa39vM+n\/KoAz52\/i3sDQqKoqvgbeq32zJ6PfzaonLk8lFqr1D4pUIa2m7ldbA0ERIqV2q9n\/JU9iq75Thm6\/CmB9OZy7+KehKGzX+rGE4qO\/g9lj\/H9Lt6FEFIY8EuKRJ7Zbl52sV2QhxRgfLvZ2MX2QEBOwSUauIudASnRlO1mYhfbi10B2OHYFYAdjl0B2OHYFYAdjl0B2OHYFYAdDu2XHjtGLOJHVQTLq2U8zngCcP++HHtH0hzbO+yZRjIWZM9wing4wNoA2TMj6SiJSIBMPOyZBsChyQxrpSqHp4Y8t0046OPIVJZ0PMSCxxwHgFwyQi4dIRTweaYBZoaSRJJfq6BdvDlPKmYmT8wvFz3PeQNkU2FuzeW5OkDeWzYVIez3cfn2IitrjhS2viAEVGo6mXiIt27Me+YFIBrys1Ioc\/nWgmcBiIUDpGMhrs4scWdh1TMvxXIViRyoTkJAJhFCSlhcKaK9cmmGXDKCpircnl8dSAAmcjEzKfT6Xe80snFiIT+vX531\/LYIAeWKTj4T5ZVLM555AVMjLa4Uee3KrOe2ScVCjKSjnL8+x\/U7y555WStVAAaqkwBGMlEA7iys7foAOx27ArDDsSsAOxy7ArDDsSsAOxy7ArDDsSsAOxy7ArDDsSsAOxy7ArDDsSsAOxy7ArDDsSsAOxzbviYg6NeYGk6QiYcpV2sYhkTwblumKBFCMJyKMpyKoiiC2cU1bs6tUKnp28qZNplNkImHUFQFVVUGmg7OxMOsFavk69OW3SEJB\/w8emySx0\/sZTwbp1iucvnWIncW17h0e4Fw0Fvig4JgOB0lkwgzkYt7otHAUCKMT1WZWCt5bptsMsKxPVmePL2XiVwCVVG4NrPE11+4yMtv3qZU1elH5kfSUTLxweok6vwA+DQV7fThcWIRP0ozI8i7AOwdTRENBUjFQu43SPOXxOykyeEET5zez3g2hlLfjWY0E2N+uYhuGFy8sYBuGJiX+tcKAsFIxswI0nXDc30ADo5nWC1ViEcC62ub+r2aqnJkeojHHpgmEQs29z3KJsNkEmGG4pF6kojZLgLRsaq5ZISRTJSHit5X8wkgEQ0ikaysVdC+9cplhuIRVFVhdnGwhBCfpnB1ZqlDxoqdrqoIfi56hHDQh6q0XBGfpjKUCLFnJMkPz93gtSuz1HSrmuwtCAI4MJ4hl4ry3deueatMHZWqztJqiXPX59YhAOZ9fp\/K6UPj7BtPk4qFUJQW76oQRII+bs+v8Pxr16kZ7YLqrOfe0RQHxjJ862XvO58JIJeKApK5pQLaYr6ETzU3ZlrMe1dzYGas5NfKLOZLbVecNFVFYa1Udd3uRNNU3rN\/hNVihbmlAq9fnW1r\/O5CIATkCxUioYoLL+vDaqlCvlBmqa+2aV3XVIUTB0Z5+pFDHJ0asnU+gJSSmm6wWqqwuFqi5tBUzjpm4mXWSoPVSQABv+n6LeZL2zQKkGAYBpduzjOzkHcVgkjQx\/uOT\/EbP3+K6eEkilDsBN7B0FSF+6Zz\/KO\/dYbTR8YJ+p2+tiHhxtwK12aWOpipranjFo4CBCCb9ZJScv76HM\/+4C2mh5MkokH73UIQCfp5\/\/EpcskI\/\/y\/\/QUz86vostFYkvX5BeYGkooQiLodbm6CJ2m+3Y1Nqtbf\/GYJVVXYP5bmtz\/xOFPDCZt5s2JltcSXv\/06b88uY0jpYvu3ZiS0hQIgm04gmD7SWrHC154\/j08VfPypUyRjwaYz2GRQVTk0OcS\/\/Nhj\/Nf\/9UMuXL+LbliFANobSyDw+RRi4QCTuTihgI9MPMRwKkoyFiQc9BMJ+ogE\/SBhrVyhUKqyVqqynC8xs5hnfqVIoVQlHg6wWqg05de1XnX4VIXj+0f4zV98mKmcs\/OlNHcLu7OQ5z9+6Xm+++o1SuVqqwqNXXpEg+7mC8EWCICz1aTl9\/Jqia889wa6bvCRJ97D2FDc0XCqIjh5cIxnnjrB5559iXPX5hz2WACRkJ\/RTJSJbIJTh0Y5OJnhw48eNDs+GkRTlaYGEIKmJmh0jMTcgq2qGyzX9yqUwOVbi8QjAd6eXeb2fN6yXsHe+ffvG+aZp05wbG\/OYfPB1DIXbyzwuWd\/zHdeudrM8m119NZ0uhVbHgiydVtd1S6uFvnKd15HNwx+7QMnGM\/Gm50DZkeFAhrvu38KpOQPv\/GqmaZtGChCMJqJcfLQGEemhtg3lmJyOEEmFsbvM7c+Uto6vCePUpKMBJnMJZBS8sCBER57YJrrd5a5dGuB89fm+PGbt5lZMDds9GsqDx4Y5WMffJAzR8cJ+FTHsyRw9fYin3v2Bb754mUKDSFqCCFb3fUmticS2DQFdVsrJSurJb72\/DlyyQi\/+NgxkrGQQwgiIT8\/9cAeEIIv\/r+fkC9UOHlojJOHRjm2J0cuZa5v6LejO6GhIZR6l\/g0lXAuwWQuwZmj49yeX+WNq7P8+MItXrp4m2wywkcfP86j903g89n322poloXlAn\/2\/Hm+9eIl1ooV6l6J+QRhdv92CMH2hYIbqsCiypfyRf7qhbeYzCW4b88wI5kYqmo3B6GAOTpIx8OUKzUOTmTIJsMDd3q\/8GkqU8OmMDx4YJSLN+eJhPwcmRpydD5ATde5NrPEuaszPP+Tq6wW6qudxPapfSu2fS7AhKQhEXeX13jh3Ntcn13iyYcOMpFNOuxpOODn1KFRoH+1vtEQwlxhM5zuvHO3YRhcvrXA\/\/3eeQqFEiurncbv2ycA2xMHEFjqbPsHJCyvFfnfz73Ol7\/5Ex
05-07 23:33:39.926 D/RecentTaskMonitor( 2429): VAPIShellNotifier#notifyCloseTab closeTab :{"id":"task:45"}
05-07 23:33:39.931 W/System.err( 2429): org.json.JSONException: No value for errcode
05-07 23:33:39.931 W/System.err( 2429): 	at org.json.JSONObject.get(JSONObject.java:403)
05-07 23:33:39.931 W/System.err( 2429): 	at org.json.JSONObject.getInt(JSONObject.java:492)
05-07 23:33:39.931 W/System.err( 2429): 	at com.android.server.vapi.VApiRequestListener.onResponse(VApiRequestListener.java:20)
05-07 23:33:39.931 W/System.err( 2429): 	at com.android.server.vapi.VApiRequestListener.onResponse(VApiRequestListener.java:13)
05-07 23:33:39.931 W/System.err( 2429): 	at com.android.volley.toolbox.JsonRequest.deliverResponse(JsonRequest.java:90)
05-07 23:33:39.931 W/System.err( 2429): 	at com.android.volley.ExecutorDelivery$ResponseDeliveryRunnable.run(ExecutorDelivery.java:102)
05-07 23:33:39.931 W/System.err( 2429): 	at android.os.Handler.handleCallback(Handler.java:938)
05-07 23:33:39.931 W/System.err( 2429): 	at android.os.Handler.dispatchMessage(Handler.java:99)
05-07 23:33:39.931 W/System.err( 2429): 	at android.os.Looper.loopOnce(Looper.java:201)
05-07 23:33:39.931 W/System.err( 2429): 	at android.os.Looper.loop(Looper.java:288)
05-07 23:33:39.931 W/System.err( 2429): 	at com.android.server.SystemServer.run(SystemServer.java:929)
05-07 23:33:39.931 W/System.err( 2429): 	at com.android.server.SystemServer.main(SystemServer.java:611)
05-07 23:33:39.931 W/System.err( 2429): 	at java.lang.reflect.Method.invoke(Native Method)
05-07 23:33:39.931 W/System.err( 2429): 	at com.android.internal.os.RuntimeInit$MethodAndArgsCaller.run(RuntimeInit.java:555)
05-07 23:33:39.931 W/System.err( 2429): 	at com.android.internal.os.ZygoteInit.main(ZygoteInit.java:1069)
05-07 23:33:39.934 W/System.err( 2429): org.json.JSONException: No value for errcode
05-07 23:33:39.934 W/System.err( 2429): 	at org.json.JSONObject.get(JSONObject.java:403)
05-07 23:33:39.934 W/System.err( 2429): 	at org.json.JSONObject.getInt(JSONObject.java:492)
05-07 23:33:39.934 W/System.err( 2429): 	at com.android.server.vapi.VApiRequestListener.onResponse(VApiRequestListener.java:20)
05-07 23:33:39.934 W/System.err( 2429): 	at com.android.server.vapi.VApiRequestListener.onResponse(VApiRequestListener.java:13)
05-07 23:33:39.934 W/System.err( 2429): 	at com.android.volley.toolbox.JsonRequest.deliverResponse(JsonRequest.java:90)
05-07 23:33:39.934 W/System.err( 2429): 	at com.android.volley.ExecutorDelivery$ResponseDeliveryRunnable.run(ExecutorDelivery.java:102)
05-07 23:33:39.934 W/System.err( 2429): 	at android.os.Handler.handleCallback(Handler.java:938)
05-07 23:33:39.934 W/System.err( 2429): 	at android.os.Handler.dispatchMessage(Handler.java:99)
05-07 23:33:39.934 W/System.err( 2429): 	at android.os.Looper.loopOnce(Looper.java:201)
05-07 23:33:39.934 W/System.err( 2429): 	at android.os.Looper.loop(Looper.java:288)
05-07 23:33:39.934 W/System.err( 2429): 	at com.android.server.SystemServer.run(SystemServer.java:929)
