05-07 23:51:38.476 I/FacebookInitProvider(12550): 	at com.android.internal.os.RuntimeInit$MethodAndArgsCaller.run(RuntimeInit.java:555)
05-07 23:51:38.476 I/FacebookInitProvider(12550): 	at com.android.internal.os.ZygoteInit.main(ZygoteInit.java:1091)
05-07 23:51:38.483 W/udios.Fireston(12550): ClassLoaderContext classpath size mismatch. expected=16, found=0 (DLC[];PCL[base.apk*545294799:base.apk!classes2.dex*352801010:base.apk!classes3.dex*3343406984:base.apk!classes4.dex*2440093784:base.apk!classes5.dex*3849908652:base.apk!classes6.dex*990115835:base.apk!classes7.dex*2111835892:base.apk!classes8.dex*3444068947:base.apk!classes9.dex*3508519706:base.apk!classes10.dex*3738386946:base.apk!classes11.dex*1150016488:base.apk!classes12.dex*2136424662:base.apk!classes13.dex*3076236650:base.apk!classes14.dex*2602640587:base.apk!classes15.dex*1985522381:base.apk!classes16.dex*3850485896]{PCL[/system/framework/org.apache.http.legacy.jar*2255768530]#PCL[/system/framework/com.android.location.provider.jar*1360179951]} | DLC[];PCL[])
05-07 23:51:38.484 I/DynamiteModule(12550): Considering local module com.google.android.gms.measurement.dynamite:141 and remote module com.google.android.gms.measurement.dynamite:190
05-07 23:51:38.484 I/DynamiteModule(12550): Selected remote version of com.google.android.gms.measurement.dynamite, version >= 190
05-07 23:51:38.484 V/DynamiteModule(12550): Dynamite loader version >= 2, using loadModule2NoCrashUtils
05-07 23:51:38.487 W/System  (12550): ClassLoader referenced unknown path: 
05-07 23:51:38.496 W/udios.Fireston(12550): ClassLoaderContext classpath size mismatch. expected=16, found=2 (DLC[];PCL[base.apk*545294799:base.apk!classes2.dex*352801010:base.apk!classes3.dex*3343406984:base.apk!classes4.dex*2440093784:base.apk!classes5.dex*3849908652:base.apk!classes6.dex*990115835:base.apk!classes7.dex*2111835892:base.apk!classes8.dex*3444068947:base.apk!classes9.dex*3508519706:base.apk!classes10.dex*3738386946:base.apk!classes11.dex*1150016488:base.apk!classes12.dex*2136424662:base.apk!classes13.dex*3076236650:base.apk!classes14.dex*2602640587:base.apk!classes15.dex*1985522381:base.apk!classes16.dex*3850485896]{PCL[/system/framework/org.apache.http.legacy.jar*2255768530]#PCL[/system/framework/com.android.location.provider.jar*1360179951]} | DLC[];PCL[/data/app/~~eYnZX0CwG_PADosI43wKmA==/com.HolydayStudios.Firestone-KwYIEPUCRPiNe65OfXHOnQ==/base.apk*115601013:/data/app/~~eYnZX0CwG_PADosI43wKmA==/com.HolydayStudios.Firestone-KwYIEPUCRPiNe65OfXHOnQ==/base.apk!classes2.dex*3214480094])
05-07 23:51:38.512 W/ActivityManager( 2429): callingPackage:com.HolydayStudios.Firestone, packageName:com.google.android.gms, name:com.google.android.gms.chimera.PersistentApiService, isSkip: true
05-07 23:51:38.517 I/PhenotypeResourceReader( 2754): unable to find any Phenotype resource metadata for com.HolydayStudios.Firestone
05-07 23:51:38.531 E/udios.Fireston(12550): No package ID 6a found for ID 0x6a0b0013.
05-07 23:51:38.532 I/FA      (12550): App measurement initialized, version: 166000
05-07 23:51:38.532 I/FA      (12550): To enable debug logging run: adb shell setprop log.tag.FA VERBOSE
05-07 23:51:38.532 I/FA      (12550): To enable faster debug mode event logging run:
05-07 23:51:38.532 I/FA      (12550):   adb shell setprop debug.firebase.analytics.app com.HolydayStudios.Firestone
05-07 23:51:38.554 I/IL2CPP  (12550): JNI_OnLoad
05-07 23:51:38.554 V/Unity   (12550): Context Type: ActivityOrService
05-07 23:51:38.559 I/FA      (12550): Tag Manager is not found and thus will not be used
05-07 23:51:38.601 D/hw-ProcessState(12550): Binder ioctl to enable oneway spam detection failed: Invalid argument
05-07 23:51:38.603 I/hwservicemanager( 2057): getTransport: Cannot find entry android.hardware.graphics.mapper@4.0::IMapper/default in either framework or device VINTF manifest.
05-07 23:51:38.603 E/HidlServiceManagement(12550): getService: Potential race detected, descriptor: android.hardware.graphics.mapper@4.0::IMapper instance: default
05-07 23:51:38.603 I/hwservicemanager( 2057): Since android.hardware.graphics.mapper@4.0::IMapper/default is not registered, trying to start it as a lazy HAL.
05-07 23:51:38.604 I/Gralloc4(12550): mapper 4.x is not supported
05-07 23:51:38.605 I/hwservicemanager( 2057): getTransport: Cannot find entry android.hardware.graphics.mapper@3.0::IMapper/default in either framework or device VINTF manifest.
05-07 23:51:38.605 E/HidlServiceManagement(12550): getService: Potential race detected, descriptor: android.hardware.graphics.mapper@3.0::IMapper instance: default
05-07 23:51:38.605 I/hwservicemanager( 2057): Since android.hardware.graphics.mapper@3.0::IMapper/default is not registered, trying to start it as a lazy HAL.
05-07 23:51:38.606 W/Gralloc3(12550): mapper 3.x is not supported
05-07 23:51:38.606 E/HidlServiceManagement(12550): getService: Potential race detected, descriptor: android.hardware.graphics.mapper@2.0::IMapper instance: default
05-07 23:51:38.612 W/libc    ( 2057): Unable to set property "ctl.interface_start" to "android.hardware.graphics.mapper@4.0::IMapper/default": error code: 0x20
05-07 23:51:38.612 I/hwservicemanager( 2057): Tried to start android.hardware.graphics.mapper@4.0::IMapper/default as a lazy service, but was unable to. Usually this happens when a service is not installed, but if the service is intended to be used as a lazy service, then it may be configured incorrectly.
05-07 23:51:38.617 I/hwservicemanager( 2057): getTransport: Cannot find entry android.hardware.graphics.allocator@4.0::IAllocator/default in either framework or device VINTF manifest.
05-07 23:51:38.617 E/HidlServiceManagement(12550): getService: Potential race detected, descriptor: android.hardware.graphics.allocator@4.0::IAllocator instance: default
05-07 23:51:38.617 I/hwservicemanager( 2057): Since android.hardware.graphics.allocator@4.0::IAllocator/default is not registered, trying to start it as a lazy HAL.
05-07 23:51:38.617 W/Gralloc4(12550): allocator 4.x is not supported
05-07 23:51:38.617 I/hwservicemanager( 2057): getTransport: Cannot find entry android.hardware.graphics.allocator@3.0::IAllocator/default in either framework or device VINTF manifest.
05-07 23:51:38.617 E/HidlServiceManagement(12550): getService: Potential race detected, descriptor: android.hardware.graphics.allocator@3.0::IAllocator instance: default
05-07 23:51:38.618 I/hwservicemanager( 2057): Since android.hardware.graphics.allocator@3.0::IAllocator/default is not registered, trying to start it as a lazy HAL.
05-07 23:51:38.618 W/Gralloc3(12550): allocator 3.x is not supported
05-07 23:51:38.618 E/HidlServiceManagement(12550): getService: Potential race detected, descriptor: android.hardware.graphics.allocator@2.0::IAllocator instance: default
05-07 23:51:38.619 I/nemucooker(12550): cook file1: /etc/mumu-configs/renderer.config, last modify time: Thu Aug 29 11:22:45 2024
05-07 23:51:38.619 I/nemucooker(12550): cook file2: /data/system/etc/mumu-configs/renderer.config, last modify time: Thu Apr 30 21:00:20 2026
05-07 23:51:38.619 I/nemucooker(12550): cook select file: /data/system/etc/mumu-configs/renderer.config
05-07 23:51:38.623 E/udios.Fireston(12550): vulkan version is 4202746
05-07 23:51:38.624 D/gralloc_x86(12550): gralloc_alloc: Creating ashmem region of size 14749696
05-07 23:51:38.626 W/libc    ( 2057): Unable to set property "ctl.interface_start" to "android.hardware.graphics.mapper@3.0::IMapper/default": error code: 0x20
05-07 23:51:38.626 I/hwservicemanager( 2057): Tried to start android.hardware.graphics.mapper@3.0::IMapper/default as a lazy service, but was unable to. Usually this happens when a service is not installed, but if the service is intended to be used as a lazy service, then it may be configured incorrectly.
05-07 23:51:38.626 W/libc    ( 2057): Unable to set property "ctl.interface_start" to "android.hardware.graphics.allocator@4.0::IAllocator/default": error code: 0x20
05-07 23:51:38.626 I/hwservicemanager( 2057): Tried to start android.hardware.graphics.allocator@4.0::IAllocator/default as a lazy service, but was unable to. Usually this happens when a service is not installed, but if the service is intended to be used as a lazy service, then it may be configured incorrectly.
05-07 23:51:38.630 W/libc    ( 2057): Unable to set property "ctl.interface_start" to "android.hardware.graphics.allocator@3.0::IAllocator/default": error code: 0x20
05-07 23:51:38.630 I/hwservicemanager( 2057): Tried to start android.hardware.graphics.allocator@3.0::IAllocator/default as a lazy service, but was unable to. Usually this happens when a service is not installed, but if the service is intended to be used as a lazy service, then it may be configured incorrectly.
05-07 23:51:38.660 D/AdvertisingIdClient( 3171): AdvertisingIdClient already created.
05-07 23:51:38.662 I/AdvertisingIdClient( 3171): shouldSendLog 1888169
05-07 23:51:38.662 I/AdvertisingIdClient( 3171): GetInfoInternal elapse 2ms
05-07 23:51:38.662 I/ActivityTaskManager( 2429): Displayed com.HolydayStudios.Firestone/com.unity3d.player.UnityPlayerActivity: +463ms
05-07 23:51:38.666 I/Unity   (12550): MemoryManager: Using 'Dynamic Heap' Allocator.
05-07 23:51:38.678 D/BoundBrokerSvc( 2754): onRebind: Intent { act=com.google.android.gms.common.telemetry.service.START dat=chimera-action: cmp=com.google.android.gms/.chimera.PersistentApiService }
05-07 23:51:38.682 I/Unity   (12550): SystemInfo CPU = ARM64 FP ASIMD AES, Cores = 6, Memory = 12007mb
05-07 23:51:38.682 I/Unity   (12550): SystemInfo ARM big.LITTLE configuration: 6 big (mask: 0x3f), 0 little (mask: 0x0)
05-07 23:51:38.682 I/Unity   (12550): ApplicationInfo 'com.HolydayStudios.Firestone', Version '3.27', Min API Level '23', Target API Level '36'
05-07 23:51:38.682 I/Unity   (12550): Built from '6000.0/staging' branch, Version '6000.0.47f1 (2ad1ed33fd3b)', Build type 'Release', Scripting Backend 'il2cpp', CPU 'arm64-v8a', Stripping 'Enabled'
05-07 23:51:38.682 I/Unity   (12550): Device Model 'Samsung SM-A5460', OS 'Android OS 12 (API 32)'
05-07 23:51:38.724 W/System  ( 2429): A resource failed to call release. 
05-07 23:51:38.724 W/System  ( 2429): A resource failed to call close. 
05-07 23:51:38.839 I/Unity   (12550): Company Name: HolydayStudios
05-07 23:51:38.839 I/Unity   (12550): Product Name: Firestone
05-07 23:51:38.843 D/libEGL  (12550): loaded /system/lib64/egl/libEGL_emulation.so
05-07 23:51:38.860 E/udios.Fireston(12550): vulkan version is 4202746
05-07 23:51:38.862 I/nemucooker(12550): cook file1: /etc/mumu-configs/renderer.config, last modify time: Thu Aug 29 11:22:45 2024
05-07 23:51:38.862 I/nemucooker(12550): cook file2: /data/system/etc/mumu-configs/renderer.config, last modify time: Thu Apr 30 21:00:20 2026
05-07 23:51:38.862 I/nemucooker(12550): cook select file: /data/system/etc/mumu-configs/renderer.config
05-07 23:51:38.865 D/libEGL  (12550): loaded /system/lib64/egl/libGLESv1_CM_emulation.so
05-07 23:51:38.865 D/libEGL  (12550): loaded /system/lib64/egl/libGLESv2_emulation.so
05-07 23:51:38.877 E/GraphicsEnv(12550): Failed to get gpu service
05-07 23:51:38.880 W/InputManager-JNI( 2429): Input channel object '6b02e53 Splash Screen com.HolydayStudios.Firestone (client)' was disposed without first being removed with the input manager!
05-07 23:51:38.910 E/HidlServiceManagement(12550): getService: Potential race detected, descriptor: android.hardware.configstore@1.0::ISurfaceFlingerConfigs instance: default
05-07 23:51:38.943 E/EGL_emulation(12550): [getAttribValue] Bad attribute idx
05-07 23:51:38.943 D/EGL_emulation(12550): eglGetConfigAttrib: bad attrib 0x1
05-07 23:51:38.944 E/EGL_emulation(12550): tid 12599: eglGetConfigAttrib(1029): error 0x3004 (EGL_BAD_ATTRIBUTE)
05-07 23:51:38.977 D/gralloc_x86(12550): gralloc_alloc: Creating ashmem region of size 7376896
05-07 23:51:39.080 E/udios.Fireston(12550): vulkan version is 4202746
05-07 23:51:39.088 I/AudioOut_D( 2249): type=1400 audit(0.0:14833): avc: denied { call } for scontext=u:r:init:s0 tcontext=u:r:init:s0 tclass=binder permissive=1
05-07 23:51:39.090 I/AAudio  (12550): AAudioStreamBuilder_openStream() called ----------------------------------------
05-07 23:51:39.090 I/AudioStreamBuilder(12550): rate   =  24000, channels  = 2, channelMask = 0x80000003, format   = 5, sharing = SH, dir = OUTPUT
05-07 23:51:39.090 I/AudioStreamBuilder(12550): device =      0, sessionId = -1, perfMode = 12, callback: ON with frames = 1024
05-07 23:51:39.090 I/AudioStreamBuilder(12550): usage  =      0, contentType = 0, inputPreset = 0, allowedCapturePolicy = 0
05-07 23:51:39.090 I/AudioStreamBuilder(12550): privacy sensitive = false
05-07 23:51:39.090 I/AudioStreamBuilder(12550): opPackageName = (null)
05-07 23:51:39.090 I/AudioStreamBuilder(12550): attributionTag = (null)
05-07 23:51:39.090 D/udios.Fireston(12550): PlayerBase::PlayerBase()
05-07 23:51:39.090 D/AudioStreamTrack(12550): open(), request notificationFrames = 0, frameCount = 8192
05-07 23:51:39.088 I/servicemanager( 2056): type=1400 audit(0.0:14834): avc: denied { transfer } for scontext=u:r:init:s0 tcontext=u:r:init:s0 tclass=binder permissive=1
05-07 23:51:39.091 W/AudioFlinger( 2249): createTrack_l(): mismatch between requested flags (00000104) and output flags (00000006)
05-07 23:51:39.092 D/AudioFlinger( 2249): Client defaulted notificationFrames to 480 for frameCount 8192
05-07 23:51:39.092 I/FontLog ( 2754): (REDACTED) Received query %s, URI %s
05-07 23:51:39.093 I/FontLog ( 2754): (REDACTED) Query [%s] resolved to %s
05-07 23:51:39.093 D/AF::TrackHandle( 2249): OpPlayAudio: track:76 usage:1 not muted
05-07 23:51:39.095 D/AudioTrack(12550): createTrack_l(111): AUDIO_OUTPUT_FLAG_FAST denied by server; frameCount 8192 -> 8192
05-07 23:51:39.095 D/AAudioStream(12550): setState(s#1) from 0 to 2
05-07 23:51:39.095 D/AudioStreamTrack(12550): open() flags changed from 0x00000104 to 0x00000000
05-07 23:51:39.095 D/AudioStreamTrack(12550): open() perfMode changed from 12 to 10
05-07 23:51:39.096 I/AAudio  (12550): AAudioStreamBuilder_openStream() returns 0 = AAUDIO_OK for s#1 ----------------
05-07 23:51:39.096 I/FontLog ( 2754): (REDACTED) Fetch %s end status %s
05-07 23:51:39.096 D/AAudio  (12550): AAudioStream_requestStart(s#1) called --------------
05-07 23:51:39.096 D/AAudioStream(12550): setState(s#1) from 2 to 3
05-07 23:51:39.097 D/AAudio  (12550): AAudioStream_requestStart(s#1) returned 0 ---------
05-07 23:51:39.098 I/FontLog ( 2754): (REDACTED) Pulling font file for id = %d, cache size = %d
05-07 23:51:39.100 I/FontLog ( 2754): (REDACTED) Pulling font file for id = %d, cache size = %d
05-07 23:51:39.107 D/AudioStreamLegacy(12550): onAudioDeviceUpdate(deviceId = 2)
05-07 23:51:39.108 D/AAudioStream(12550): setState(s#1) from 3 to 4
05-07 23:51:39.136 D/AudioFlinger( 2249): mixer(0xb40000777b658a30) throttle end: throttle time(3)
05-07 23:51:39.173 W/NewFileUpdater( 2669): MSG_GET_PACKAGE_TAG_INFO, no available new tag for: com.HolydayStudios.Firestone, workingTag: 12.2011
05-07 23:51:39.370 W/ServiceManager( 2429): Permission failure: android.permission.HIGH_SAMPLING_RATE_SENSORS from uid=10077 pid=12550
05-07 23:51:39.371 W/ServiceManager( 2429): Permission failure: android.permission.HIGH_SAMPLING_RATE_SENSORS from uid=10077 pid=12550
05-07 23:51:39.371 W/ServiceManager( 2429): Permission failure: android.permission.HIGH_SAMPLING_RATE_SENSORS from uid=10077 pid=12550
05-07 23:51:39.372 W/ServiceManager( 2429): Permission failure: android.permission.HIGH_SAMPLING_RATE_SENSORS from uid=10077 pid=12550
05-07 23:51:39.376 D/gralloc_x86(12550): gralloc_alloc: Creating ashmem region of size 7376896
05-07 23:51:39.379 V/MediaRouter(12550): Selecting route: RouteInfo{ name=Phone, description=null, status=null, category=RouteCategory{ name=System types=ROUTE_TYPE_LIVE_AUDIO ROUTE_TYPE_LIVE_VIDEO  groupable=false }, supportedTypes=ROUTE_TYPE_LIVE_AUDIO ROUTE_TYPE_LIVE_VIDEO , presentationDisplay=null }
05-07 23:51:39.380 I/MediaRouter(12550): Skip setBluetoothA2dpOn(): types=8388615, isPlaybackActive()=true, BT route=null
05-07 23:51:39.496 D/IntervalStats( 2429): Unable to parse usage stats packages: [42, 44, 46, 47, 48, 50, 51, 55, 56, 58, 59, 61, 62, 64, 66, 67, 68, 69, 70, 72, 73, 79, 80, 84, 85, 88, 90, 91, 93, 94, 95, 99, 100, 101, 102, 104, 108, 110, 111, 112, 118, 120, 123, 124, 125, 127, 128, 130, 131, 132, 133, 134, 135, 136, 137, 138, 139, 147, 148, 149, 153, 156, 157, 163, 164, 167, 169, 172, 174, 175, 176, 177, 178, 181]
05-07 23:51:39.496 I/gle.android.gm( 3171): Compiler allocated 4267KB to compile void m26.abfc.l(java.lang.Object, m26.abcv, m26.abdh)
05-07 23:51:39.498 W/GLSUser ( 2754): [DeviceKeyStore] Cannot load key: Device key file not found.
05-07 23:51:39.498 W/GLSUser ( 2754): [DeviceKeyStore] Cannot load key: Device key file not found.
05-07 23:51:39.501 I/GamesModuleInfoProvider( 3171): (REDACTED) Retrieved module info: %s
05-07 23:51:39.500 I/grpc-default-ex( 3171): type=1400 audit(0.0:14835): avc: denied { connectto } for path="/dev/socket/dnsproxyd" scontext=u:r:gmscore_app:s0:c512,c768 tcontext=u:r:init:s0 tclass=unix_stream_socket permissive=1
05-07 23:51:39.500 I/Dns_100_10039( 2219): type=1400 audit(0.0:14836): avc: denied { setopt } for scontext=u:r:init:s0 tcontext=u:r:init:s0 tclass=udp_socket permissive=1
05-07 23:51:39.500 I/Dns_100_10039( 2219): type=1400 audit(0.0:14837): avc: denied { setattr } for name="UDPv6" dev="sockfs" ino=81398 scontext=u:r:init:s0 tcontext=u:r:init:s0 tclass=udp_socket permissive=1
05-07 23:51:39.507 I/IL2CPP  (12550): Locale en-US
05-07 23:51:39.518 W/Conscrypt( 3171): Could not set socket write timeout: java.net.SocketException: Socket closed
05-07 23:51:39.518 W/Conscrypt( 3171): 	at com.google.android.gms.org.conscrypt.Platform.setSocketWriteTimeout(:com.google.android.gms@261731029@26.17.31 (190400-906420463):204)
05-07 23:51:39.518 W/Conscrypt( 3171): 	at com.google.android.gms.org.conscrypt.ConscryptFileDescriptorSocket.setSoWriteTimeout(:com.google.android.gms@261731029@26.17.31 (190400-906420463):4)
05-07 23:51:39.534 D/gralloc_x86(12550): gralloc_alloc: Creating ashmem region of size 7376896
05-07 23:51:39.536 D/gralloc_x86(12550): gralloc_alloc: Creating ashmem region of size 7376896
05-07 23:51:39.539 D/gralloc_x86(12550): gralloc_alloc: Creating ashmem region of size 7376896
05-07 23:51:39.540 I/ActivityTaskManager( 2429): Fully drawn com.HolydayStudios.Firestone/com.unity3d.player.UnityPlayerActivity: +1s346ms
05-07 23:51:39.546 D/gralloc_x86(12550): gralloc_alloc: Creating ashmem region of size 14749696
05-07 23:51:39.546 W/Conscrypt( 3171): Could not set socket write timeout: java.net.SocketException: Socket closed
05-07 23:51:39.546 W/Conscrypt( 3171): 	at com.google.android.gms.org.conscrypt.Platform.setSocketWriteTimeout(:com.google.android.gms@261731029@26.17.31 (190400-906420463):204)
05-07 23:51:39.546 W/Conscrypt( 3171): 	at com.google.android.gms.org.conscrypt.ConscryptFileDescriptorSocket.setSoWriteTimeout(:com.google.android.gms@261731029@26.17.31 (190400-906420463):4)
05-07 23:51:39.861 E/PlayGamesServices[GameAgent]( 3171): Unable to retrieve list of achievements
05-07 23:51:39.861 W/GameAgent( 3171): aedb{code=INVALID_ARGUMENT, description=aedb{code=INVALID_ARGUMENT, description=Request contains an invalid argument., cause=null}}
05-07 23:51:40.224 I/FA      (11714): Application backgrounded at: timestamp_millis: 1778169098222
05-07 23:51:40.244 I/gle.android.gm( 3171): Compiler allocated 4440KB to compile int m26.abfc.c(java.lang.Object, byte[], int, int, int, m26.abcd)
05-07 23:51:40.849 E/TaskPersister( 2429): File error accessing recents directory (directory doesn't exist?).
05-07 23:51:41.633 I/Unity   (12550): EpicGames
05-07 23:51:41.633 I/Unity   (12550): UnityEngine.DebugLogHandler:Internal_Log(LogType, LogOption, String, Object)
05-07 23:51:41.633 I/Unity   (12550): GameAnalytics:SendAnalyticsLoadingPhasePHP(LoadingPhase, String, String, String)
05-07 23:51:41.633 I/Unity   (12550): GameAnalytics:SendAnalyticsLoadingPhase(LoadingPhase, String, String, String)
05-07 23:51:41.633 I/Unity   (12550): StartScript:Awake()
05-07 23:51:41.633 I/Unity   (12550): 
05-07 23:51:41.640 I/Thread-4(12550): type=1400 audit(0.0:14848): avc: denied { connectto } for path="/dev/socket/dnsproxyd" scontext=u:r:untrusted_app:s0:c77,c256,c512,c768 tcontext=u:r:init:s0 tclass=unix_stream_socket permissive=1 app=com.HolydayStudios.Firestone
05-07 23:51:41.640 I/Dns_100_10077( 2219): type=1400 audit(0.0:14849): avc: denied { getopt } for scontext=u:r:init:s0 tcontext=u:r:init:s0 tclass=udp_socket permissive=1
05-07 23:51:41.640 I/Dns_100_10077( 2219): type=1400 audit(0.0:14850): avc: denied { bind } for scontext=u:r:init:s0 tcontext=u:r:init:s0 tclass=udp_socket permissive=1
05-07 23:51:41.640 I/Dns_100_10077( 2219): type=1400 audit(0.0:14851): avc: denied { name_bind } for src=1218 scontext=u:r:init:s0 tcontext=u:object_r:port:s0 tclass=udp_socket permissive=1
05-07 23:51:41.640 I/Dns_100_10077( 2219): type=1400 audit(0.0:14852): avc: denied { node_bind } for src=1218 scontext=u:r:init:s0 tcontext=u:object_r:node:s0 tclass=udp_socket permissive=1
05-07 23:51:41.651 W/ServiceManager( 2429): Permission failure: android.permission.HIGH_SAMPLING_RATE_SENSORS from uid=10077 pid=12550
05-07 23:51:41.651 W/SensorService( 2429): sensor 00000000 already enabled in connection 0xb400006e09facc90 (ignoring)
05-07 23:51:41.652 W/ServiceManager( 2429): Permission failure: android.permission.HIGH_SAMPLING_RATE_SENSORS from uid=10077 pid=12550
05-07 23:51:41.665 D/opengl-gc( 2307): Check pid 3171: running 1
05-07 23:51:41.859 I/Unity   (12550): EpicGames
05-07 23:51:41.859 I/Unity   (12550): UnityEngine.DebugLogHandler:Internal_Log(LogType, LogOption, String, Object)
05-07 23:51:41.859 I/Unity   (12550): GameAnalytics:SendAnalyticsLoadingPhasePHP(LoadingPhase, String, String, String)
05-07 23:51:41.859 I/Unity   (12550): GameAnalytics:SendAnalyticsLoadingPhase(LoadingPhase, String, String, String)
05-07 23:51:41.859 I/Unity   (12550): <LoadNextScene>d__24:MoveNext()
05-07 23:51:41.859 I/Unity   (12550): UnityEngine.SetupCoroutine:InvokeMoveNext(IEnumerator, IntPtr)
05-07 23:51:41.859 I/Unity   (12550): 
05-07 23:51:42.114 E/Process ( 2429): Error getting pid for '0'
05-07 23:51:43.159 I/Unity   (12550): CurrentPlatform has been assigned as Android.
05-07 23:51:43.159 I/Unity   (12550): UnityEngine.DebugLogHandler:Internal_Log(LogType, LogOption, String, Object)
05-07 23:51:43.159 I/Unity   (12550): PlayEveryWare.EpicOnlineServices.PlatformManager:.cctor()
05-07 23:51:43.159 I/Unity   (12550): PlayEveryWare.EpicOnlineServices.Utility.ConfigurationUtility:GetEOSInitializeOptions()
05-07 23:51:43.159 I/Unity   (12550): PlayEveryWare.EpicOnlineServices.EOSSingleton:InitializePlatformInterface()
05-07 23:51:43.159 I/Unity   (12550): PlayEveryWare.EpicOnlineServices.EOSSingleton:Init(IEOSCoroutineOwner, String)
05-07 23:51:43.159 I/Unity   (12550): UnityEngine.GameObject:Internal_AddComponentWithType(Type)
05-07 23:51:43.159 I/Unity   (12550): UnityEngine.GameObject:AddComponent()
05-07 23:51:43.159 I/Unity   (12550): BuildSettings:Initialize()
05-07 23:51:43.159 I/Unity   (12550): <StartGameFlow>d__22:MoveNext()
05-07 23:51:43.159 I/Unity   (12550): UnityEngine.SetupCoroutine:InvokeMoveNext(IEnumerator, IntPtr)
05-07 23:51:43.159 I/Unity   (12550): 
05-07 23:51:43.162 E/Unity   (12550): Unable to populate object of type "PlayEveryWare.EpicOnlineServices.Config" from JSON: "{
05-07 23:51:43.162 E/Unity   (12550):   "GoogleLoginClientID": null,
05-07 23:51:43.162 E/Unity   (12550):   "GoogleLoginNonce": null,
05-07 23:51:43.162 E/Unity   (12550):   "deployment": {
05-07 23:51:43.162 E/Unity   (12550):     "SandboxId": {
05-07 23:51:43.162 E/Unity   (12550):       "Value": "bda8d2133655435982b9118972792328"
05-07 23:51:43.162 E/Unity   (12550):     },
05-07 23:51:43.162 E/Unity   (12550):     "DeploymentId": "a65c0335e67b4aec8eec651de8dca6ac"
05-07 23:51:43.162 E/Unity   (12550):   },
05-07 23:51:43.162 E/Unity   (12550):   "clientCredentials": {
05-07 23:51:43.162 E/Unity   (12550):     "ClientId": "xyza78915T3juKOECHQEveLJcfCt98aA",
05-07 23:51:43.162 E/Unity   (12550):     "ClientSecret": "PF1bwir+BL20l71IojvewwKkgPD6TgpfqcUyKjd2FO0",
05-07 23:51:43.162 E/Unity   (12550):     "EncryptionKey": "D225E0C13EA6F5200170CDC21CF31848DE716F387164E6E120EEBBB7D71612F9"
05-07 23:51:43.162 E/Unity   (12550):   },
05-07 23:51:43.162 E/Unity   (12550):   "isServer": false,
05-07 23:51:43.162 E/Unity   (12550):   "platformOptionsFlags": "None",
05-07 23:51:43.162 E/Unity   (12550):   "authScopeOptionsFlags": "BasicProfile, FriendsList, Presence",
05-07 23:51:43.162 E/Unity   (12550):   "integratedPlatformManagementFlags": 0,
05-07 23:51:43.162 E/Unity   (12550):   "tickBudgetInMilliseconds": 0,
05-07 23:51:43.162 E/Unity   (12550):   "taskNetworkTimeoutSeconds": 0.0,
05-07 23:51:43.162 E/Unity   (12550):   "threadAffinity": {
05-07 23:51:43.162 E/Unity   (12550):     "NetworkWork": 0,
05-07 23:51:43.162 E/Unity   (12550):     "StorageIo": 0,
05-07 23:51:43.162 E/Unity   (12550):     "WebSocketIo": 0,
05-07 23:51:43.162 E/Unity   (12550):     "P2PIo": 0,
05-07 23:51:43.162 E/Unity   (12550):     "HttpRequestIo": 0,
05-07 23:51:43.162 E/Unity   (12550):     "RTCIo": 0,
05-07 23:51:43.162 E/Unity   (12550):     "EmbeddedOverlayMainThread": 0,
05-07 23:51:43.162 E/Unity   (12550):     "EmbeddedOverlayWorkerThreads": 0
05-07 23:51:43.162 E/Unity   (12550):   },
05-07 23:51:43.162 I/Unity   (12550): Platform Android has no defined deployment, so one was selected: "Deployment" : (DeploymentId: a65c0335e67b4aec8eec651de8dca6ac, SandboxId: bda8d2133655435982b9118972792328).
05-07 23:51:43.162 I/Unity   (12550): UnityEngine.DebugLogHandler:Internal_Log(LogType, LogOption, String, Object)
05-07 23:51:43.162 I/Unity   (12550): PlayEveryWare.EpicOnlineServices.PlatformConfig:OnReadCompleted()
05-07 23:51:43.162 I/Unity   (12550): PlayEveryWare.EpicOnlineServices.Config:Get()
05-07 23:51:43.162 I/Unity   (12550): PlayEveryWare.EpicOnlineServices.PlatformManager:GetPlatformConfig()
05-07 23:51:43.162 I/Unity   (12550): PlayEveryWare.EpicOnlineServices.Utility.ConfigurationUtility:GetEOSInitializeOptions()
05-07 23:51:43.162 I/Unity   (12550): PlayEveryWare.EpicOnlineServices.EOSSingleton:InitializePlatformInterface()
05-07 23:51:43.162 I/Unity   (12550): PlayEveryWare.EpicOnlineServices.EOSSingleton:Init(IEOSCoroutineOwner, String)
05-07 23:51:43.162 I/Unity   (12550): UnityEngine.GameObject:Internal_AddComponentWithType(Type)
05-07 23:51:43.162 I/Unity   (12550): UnityEngine.GameObject:AddComponent()
05-07 23:51:43.162 I/Unity   (12550): BuildSettings:Initialize()
05-07 23:51:43.162 I/Unity   (12550): <StartGameFlow>d__22:MoveNext()
05-07 23:51:43.162 I/Unity   (12550): UnityEngine.SetupCoroutine:InvokeMoveNext(IEnumerator, IntPtr)
05-07 23:51:43.162 I/Unity   (12550): 
05-07 23:51:43.163 I/Unity   (12550): Platform Android has no defined client credentials, so one was selected: "Client" : (PlayEveryWare.EpicOnlineServices.EOSClientCredentials).
05-07 23:51:43.163 I/Unity   (12550): UnityEngine.DebugLogHandler:Internal_Log(LogType, LogOption, String, Object)
05-07 23:51:43.163 I/Unity   (12550): PlayEveryWare.EpicOnlineServices.PlatformConfig:OnReadCompleted()
05-07 23:51:43.163 I/Unity   (12550): PlayEveryWare.EpicOnlineServices.Config:Get()
05-07 23:51:43.163 I/Unity   (12550): PlayEveryWare.EpicOnlineServices.PlatformManager:GetPlatformConfig()
05-07 23:51:43.163 I/Unity   (12550): PlayEveryWare.EpicOnlineServices.Utility.ConfigurationUtility:GetEOSInitializeOptions()
05-07 23:51:43.163 I/Unity   (12550): PlayEveryWare.EpicOnlineServices.EOSSingleton:InitializePlatformInterface()
05-07 23:51:43.163 I/Unity   (12550): PlayEveryWare.EpicOnlineServices.EOSSingleton:Init(IEOSCoroutineOwner, String)
05-07 23:51:43.163 I/Unity   (12550): UnityEngine.GameObject:Internal_AddComponentWithType(Type)
05-07 23:51:43.163 I/Unity   (12550): UnityEngine.GameObject:AddComponent()
05-07 23:51:43.163 I/Unity   (12550): BuildSettings:Initialize()
05-07 23:51:43.163 I/Unity   (12550): <StartGameFlow>d__22:MoveNext()
05-07 23:51:43.163 I/Unity   (12550): UnityEngine.SetupCoroutine:InvokeMoveNext(IEnumerator, IntPtr)
05-07 23:51:43.163 I/Unity   (12550): 
05-07 23:51:43.165 E/Unity   (12550): Unable to populate object of type "PlayEveryWare.EpicOnlineServices.Config" from JSON: "{
05-07 23:51:43.165 E/Unity   (12550):   "deploymentID": "a65c0335e67b4aec8eec651de8dca6ac",
05-07 23:51:43.165 E/Unity   (12550):   "clientID": "xyza78915T3juKOECHQEveLJcfCt98aA",
05-07 23:51:43.165 E/Unity   (12550):   "tickBudgetInMilliseconds": 0,
05-07 23:51:43.165 E/Unity   (12550):   "taskNetworkTimeoutSeconds": 0.0,
05-07 23:51:43.165 E/Unity   (12550):   "platformOptionsFlags": "None",
05-07 23:51:43.165 E/Unity   (12550):   "authScopeOptionsFlags": "NoFlags",
05-07 23:51:43.165 E/Unity   (12550):   "integratedPlatformManagementFlags": 0,
05-07 23:51:43.165 E/Unity   (12550):   "alwaysSendInputToOverlay": false,
05-07 23:51:43.165 E/Unity   (12550):   "schemaVersion": "1.0"
05-07 23:51:43.165 E/Unity   (12550): }". Exception: "Error creating 'PlayEveryWare.EpicOnlineServices.ListOfStringsToPlatformFlags'."
05-07 23:51:43.165 E/Unity   (12550): UnityEngine.DebugLogHandler:Internal_Log(LogType, LogOption, String, Object)
05-07 23:51:43.165 E/Unity   (12550): PlayEveryWare.EpicOnlineServices.Config:Read()
05-07 23:51:43.165 E/Unity   (12550): PlayEveryWare.EpicOnlineServices.Config:Get()
05-07 23:51:43.165 E/Unity   (12550): PlayEveryWare.EpicOnlineServices.PlatformConfig:MigrateConfig()
05-07 23:51:43.165 E/Unity   (12550): PlayEveryWare.EpicOnlineServices.Config:Get()
05-07 23:51:43.165 E/Unity   (12550): PlayEveryWare.EpicOnlineServices.PlatformManager:GetPlatformConfig()
05-07 23:51:43.165 E/Unity   (12550): PlayEveryWare.EpicOnlineServices.Utility.ConfigurationUtility:GetEOSInitializeOptions()
05-07 23:51:43.165 E/Unity   (12550): PlayEveryWare.EpicOnlineServices.EOSSing
05-07 23:51:43.165 I/Unity   (12550): The previous config did not explicitly define a deployment. There was one defined deployment, automatically selecting deployment name 'Deployment' with id 'a65c0335-e67b-4aec-8eec-651de8dca6ac'.
05-07 23:51:43.165 I/Unity   (12550): UnityEngine.DebugLogHandler:Internal_Log(LogType, LogOption, String, Object)
05-07 23:51:43.165 I/Unity   (12550): PlayEveryWare.EpicOnlineServices.PlatformConfig:MigrateNonOverrideableConfigValues(EOSConfig, NonOverrideableConfigValues)
05-07 23:51:43.165 I/Unity   (12550): PlayEveryWare.EpicOnlineServices.PlatformConfig:MigrateConfig()
05-07 23:51:43.165 I/Unity   (12550): PlayEveryWare.EpicOnlineServices.Config:Get()
05-07 23:51:43.165 I/Unity   (12550): PlayEveryWare.EpicOnlineServices.PlatformManager:GetPlatformConfig()
05-07 23:51:43.165 I/Unity   (12550): PlayEveryWare.EpicOnlineServices.Utility.ConfigurationUtility:GetEOSInitializeOptions()
05-07 23:51:43.165 I/Unity   (12550): PlayEveryWare.EpicOnlineServices.EOSSingleton:InitializePlatformInterface()
05-07 23:51:43.165 I/Unity   (12550): PlayEveryWare.EpicOnlineServices.EOSSingleton:Init(IEOSCoroutineOwner, String)
05-07 23:51:43.165 I/Unity   (12550): UnityEngine.GameObject:Internal_AddComponentWithType(Type)
05-07 23:51:43.165 I/Unity   (12550): UnityEngine.GameObject:AddComponent()
05-07 23:51:43.165 I/Unity   (12550): BuildSettings:Initialize()
05-07 23:51:43.165 I/Unity   (12550): <StartGameFlow>d__22:MoveNext()
05-07 23:51:43.165 I/Unity   (12550): UnityEngine.SetupCoroutine:InvokeMoveNext(IEnumera
05-07 23:51:43.166 I/Unity   (12550): The previous config did not explicitly define client credentials. There was one defined client credential, automatically selecting client credential name 'Client' with id 'xyza78915T3juKOECHQEveLJcfCt98aA'.
05-07 23:51:43.166 I/Unity   (12550): UnityEngine.DebugLogHandler:Internal_Log(LogType, LogOption, String, Object)
05-07 23:51:43.166 I/Unity   (12550): PlayEveryWare.EpicOnlineServices.PlatformConfig:MigrateNonOverrideableConfigValues(EOSConfig, NonOverrideableConfigValues)
05-07 23:51:43.166 I/Unity   (12550): PlayEveryWare.EpicOnlineServices.PlatformConfig:MigrateConfig()
05-07 23:51:43.166 I/Unity   (12550): PlayEveryWare.EpicOnlineServices.Config:Get()
05-07 23:51:43.166 I/Unity   (12550): PlayEveryWare.EpicOnlineServices.PlatformManager:GetPlatformConfig()
05-07 23:51:43.166 I/Unity   (12550): PlayEveryWare.EpicOnlineServices.Utility.ConfigurationUtility:GetEOSInitializeOptions()
05-07 23:51:43.166 I/Unity   (12550): PlayEveryWare.EpicOnlineServices.EOSSingleton:InitializePlatformInterface()
05-07 23:51:43.166 I/Unity   (12550): PlayEveryWare.EpicOnlineServices.EOSSingleton:Init(IEOSCoroutineOwner, String)
05-07 23:51:43.166 I/Unity   (12550): UnityEngine.GameObject:Internal_AddComponentWithType(Type)
05-07 23:51:43.166 I/Unity   (12550): UnityEngine.GameObject:AddComponent()
05-07 23:51:43.166 I/Unity   (12550): BuildSettings:Initialize()
05-07 23:51:43.166 I/Unity   (12550): <StartGameFlow>d__22:MoveNext()
05-07 23:51:43.166 I/Unity   (12550): UnityEngine.SetupCoroutine:InvokeMoveN
05-07 23:51:43.166 W/Unity   (12550): Configuration values for AndroidConfig have been migrated. Please double check your configuration in EOS Plugin -> EOS Configuration to make sure that the migration was successful.
05-07 23:51:43.166 W/Unity   (12550): UnityEngine.DebugLogHandler:Internal_Log(LogType, LogOption, String, Object)
05-07 23:51:43.166 W/Unity   (12550): PlayEveryWare.EpicOnlineServices.Config:Get()
05-07 23:51:43.166 W/Unity   (12550): PlayEveryWare.EpicOnlineServices.PlatformManager:GetPlatformConfig()
05-07 23:51:43.166 W/Unity   (12550): PlayEveryWare.EpicOnlineServices.Utility.ConfigurationUtility:GetEOSInitializeOptions()
05-07 23:51:43.166 W/Unity   (12550): PlayEveryWare.EpicOnlineServices.EOSSingleton:InitializePlatformInterface()
05-07 23:51:43.166 W/Unity   (12550): PlayEveryWare.EpicOnlineServices.EOSSingleton:Init(IEOSCoroutineOwner, String)
05-07 23:51:43.166 W/Unity   (12550): UnityEngine.GameObject:Internal_AddComponentWithType(Type)
05-07 23:51:43.166 W/Unity   (12550): UnityEngine.GameObject:AddComponent()
05-07 23:51:43.166 W/Unity   (12550): BuildSettings:Initialize()
05-07 23:51:43.166 W/Unity   (12550): <StartGameFlow>d__22:MoveNext()
05-07 23:51:43.166 W/Unity   (12550): UnityEngine.SetupCoroutine:InvokeMoveNext(IEnumerator, IntPtr)
05-07 23:51:43.166 W/Unity   (12550): 
05-07 23:51:43.166 I/Unity   (12550): EOSAndroid: Getting activity context...
05-07 23:51:43.166 I/Unity   (12550): UnityEngine.DebugLogHandler:Internal_Log(LogType, LogOption, String, Object)
05-07 23:51:43.166 I/Unity   (12550): PlayEveryWare.EpicOnlineServices.AndroidPlatformSpecifics:ConfigureAndroidActivity()
05-07 23:51:43.166 I/Unity   (12550): PlayEveryWare.EpicOnlineServices.AndroidPlatformSpecifics:ConfigureSystemInitOptions(EOSInitializeOptions&)
05-07 23:51:43.166 I/Unity   (12550): PlayEveryWare.EpicOnlineServices.Utility.ConfigurationUtility:GetEOSInitializeOptions()
05-07 23:51:43.166 I/Unity   (12550): PlayEveryWare.EpicOnlineServices.EOSSingleton:InitializePlatformInterface()
05-07 23:51:43.166 I/Unity   (12550): PlayEveryWare.EpicOnlineServices.EOSSingleton:Init(IEOSCoroutineOwner, String)
05-07 23:51:43.166 I/Unity   (12550): UnityEngine.GameObject:Internal_AddComponentWithType(Type)
05-07 23:51:43.166 I/Unity   (12550): UnityEngine.GameObject:AddComponent()
05-07 23:51:43.166 I/Unity   (12550): BuildSettings:Initialize()
05-07 23:51:43.166 I/Unity   (12550): <StartGameFlow>d__22:MoveNext()
05-07 23:51:43.166 I/Unity   (12550): UnityEngine.SetupCoroutine:InvokeMoveNext(IEnumerator, IntPtr)
05-07 23:51:43.166 I/Unity   (12550): 
05-07 23:51:43.167 I/Unity   (12550): EOSAndroid: activity context found!
05-07 23:51:43.167 I/Unity   (12550): UnityEngine.DebugLogHandler:Internal_Log(LogType, LogOption, String, Object)
05-07 23:51:43.167 I/Unity   (12550): PlayEveryWare.EpicOnlineServices.AndroidPlatformSpecifics:ConfigureAndroidActivity()
05-07 23:51:43.167 I/Unity   (12550): PlayEveryWare.EpicOnlineServices.AndroidPlatformSpecifics:ConfigureSystemInitOptions(EOSInitializeOptions&)
05-07 23:51:43.167 I/Unity   (12550): PlayEveryWare.EpicOnlineServices.Utility.ConfigurationUtility:GetEOSInitializeOptions()
05-07 23:51:43.167 I/Unity   (12550): PlayEveryWare.EpicOnlineServices.EOSSingleton:InitializePlatformInterface()
05-07 23:51:43.167 I/Unity   (12550): PlayEveryWare.EpicOnlineServices.EOSSingleton:Init(IEOSCoroutineOwner, String)
05-07 23:51:43.167 I/Unity   (12550): UnityEngine.GameObject:Internal_AddComponentWithType(Type)
05-07 23:51:43.167 I/Unity   (12550): UnityEngine.GameObject:AddComponent()
05-07 23:51:43.167 I/Unity   (12550): BuildSettings:Initialize()
05-07 23:51:43.167 I/Unity   (12550): <StartGameFlow>d__22:MoveNext()
05-07 23:51:43.167 I/Unity   (12550): UnityEngine.SetupCoroutine:InvokeMoveNext(IEnumerator, IntPtr)
05-07 23:51:43.167 I/Unity   (12550): 
05-07 23:51:43.167 I/Unity   (12550): EOSAndroid: call EOS SDK init.
05-07 23:51:43.167 I/Unity   (12550): UnityEngine.DebugLogHandler:Internal_Log(LogType, LogOption, String, Object)
05-07 23:51:43.167 I/Unity   (12550): PlayEveryWare.EpicOnlineServices.AndroidPlatformSpecifics:ConfigureAndroidActivity()
05-07 23:51:43.167 I/Unity   (12550): PlayEveryWare.EpicOnlineServices.AndroidPlatformSpecifics:ConfigureSystemInitOptions(EOSInitializeOptions&)
05-07 23:51:43.167 I/Unity   (12550): PlayEveryWare.EpicOnlineServices.Utility.ConfigurationUtility:GetEOSInitializeOptions()
05-07 23:51:43.167 I/Unity   (12550): PlayEveryWare.EpicOnlineServices.EOSSingleton:InitializePlatformInterface()
05-07 23:51:43.167 I/Unity   (12550): PlayEveryWare.EpicOnlineServices.EOSSingleton:Init(IEOSCoroutineOwner, String)
05-07 23:51:43.167 I/Unity   (12550): UnityEngine.GameObject:Internal_AddComponentWithType(Type)
05-07 23:51:43.167 I/Unity   (12550): UnityEngine.GameObject:AddComponent()
05-07 23:51:43.167 I/Unity   (12550): BuildSettings:Initialize()
05-07 23:51:43.167 I/Unity   (12550): <StartGameFlow>d__22:MoveNext()
05-07 23:51:43.167 I/Unity   (12550): UnityEngine.SetupCoroutine:InvokeMoveNext(IEnumerator, IntPtr)
05-07 23:51:43.167 I/Unity   (12550): 
05-07 23:51:43.172 I/Binder:2110_6( 2110): type=1400 audit(0.0:14862): avc: denied { lock } for path="/data/misc/keystore/persistent.sqlite" dev="sdb3" ino=5505027 scontext=u:r:init:s0 tcontext=u:object_r:keystore_data_file:s0 tclass=file permissive=1
05-07 23:51:43.190 I/EngineFactory(12550): Provider GmsCore_OpenSSL not available
05-07 23:51:43.192 I/lmkd    ( 2055): type=1400 audit(0.0:14863): avc: denied { write } for name="oom_score_adj" dev="proc" ino=38425 scontext=u:r:init:s0 tcontext=u:r:untrusted_app:s0:c55,c256,c512,c768 tclass=file permissive=1
05-07 23:51:43.209 I/Unity   (12550): 05/07/2026 23:51:43 LogEOS(Info): [Boot] EOSSDK Version 1.17.1.3-44532354 booting at 2026-05-07T15:51:43.208Z using CSharp
05-07 23:51:43.209 I/Unity   (12550): 05/07/2026 23:51:43 LogEOS(Info): [Boot] EOSSDK Platform Properties [OS=Android/12, ClientId=xyza78915T3juKOECHQEveLJcfCt98aA, ProductId=69576a28f7154fe9a0dce97508da5163, SandboxId=bda8d2133655435982b9118972792328, DeploymentId=a65c0335e67b4aec8eec651de8dca6ac, ProductName=Firestone Online Idle RPG, ProductVersion=1.89, IsServer=false, Flags=None]
05-07 23:51:43.209 I/Unity   (12550): 05/07/2026 23:51:43 LogEOSAnalytics(Info): Start Session (User: ...)
05-07 23:51:43.211 I/Unity   (12550): 05/07/2026 23:51:43 LogEOSOverlay(Info): Overlay loaded and initialized
05-07 23:51:43.212 I/Unity   (12550): 05/07/2026 23:51:43 LogEOSRTC(Info): [Core] Initializing LibRTC...
05-07 23:51:43.215 I/Unity   (12550): PlatformID: 0
05-07 23:51:43.215 I/Unity   (12550): UnityEngine.DebugLogHandler:Internal_Log(LogType, LogOption, String, Object)
05-07 23:51:43.215 I/Unity   (12550): BuildSettings:Initialize()
05-07 23:51:43.215 I/Unity   (12550): <StartGameFlow>d__22:MoveNext()
05-07 23:51:43.215 I/Unity   (12550): UnityEngine.SetupCoroutine:InvokeMoveNext(IEnumerator, IntPtr)
05-07 23:51:43.215 I/Unity   (12550): 
05-07 23:51:43.223 I/Unity   (12550): 05/07/2026 23:51:43 LogEOS(Info): Updating Platform SDK Config, Time: 0.008948
05-07 23:51:43.388 I/Unity   (12550): 05/07/2026 23:51:43 LogEOS(Info): SDK Config Platform Update Request Successful, Time: 0.141141
05-07 23:51:43.389 I/Unity   (12550): 05/07/2026 23:51:43 LogEOSAnalytics(Info): EOS SDK Analytics disabled for route [1].
05-07 23:51:43.390 I/Unity   (12550): 05/07/2026 23:51:43 LogEOS(Info): Prewarming URL successful
05-07 23:51:43.391 I/udios.Fireston(12550): oneway function results for code 9 on binder at 0xb400006d69ff99e0 will be dropped but finished with status UNKNOWN_TRANSACTION
05-07 23:51:43.391 I/Unity   (12550): 05/07/2026 23:51:43 LogEOS(Info): Updating Product SDK Config, Time: 0.174695
05-07 23:51:43.555 I/Unity   (12550): 05/07/2026 23:51:43 LogEOSAnalytics(Info): Start Session (User: ...)
05-07 23:51:43.655 I/Unity   (12550): 05/07/2026 23:51:43 LogEOS(Info): SDK Config Product Update Request Successful, Time: 0.408037
05-07 23:51:43.658 I/Unity   (12550): 05/07/2026 23:51:43 LogEOS(Info): Prewarming URL successful
05-07 23:51:43.658 I/udios.Fireston(12550): oneway function results for code 9 on binder at 0xb400006d69ff99e0 will be dropped but finished with status UNKNOWN_TRANSACTION
05-07 23:51:43.658 I/Unity   (12550): 05/07/2026 23:51:43 LogEOS(Info): SDK Config Data - Watermark: 438070848
05-07 23:51:43.658 I/Unity   (12550): 05/07/2026 23:51:43 LogEOS(Info): ScheduleNextSDKConfigDataUpdate - Time: 0.408037, Update Interval: 301.278015
05-07 23:51:43.709 D/BoundBrokerSvc( 2754): onUnbind: Intent { act=com.google.android.gms.common.telemetry.service.START dat=chimera-action: cmp=com.google.android.gms/.chimera.PersistentApiService }
05-07 23:51:44.144 D/ProfileInstaller(12550): Skipping profile installation for com.HolydayStudios.Firestone
05-07 23:51:44.905 I/Unity   (12550): EpicGames
05-07 23:51:44.905 I/Unity   (12550): UnityEngine.DebugLogHandler:Internal_Log(LogType, LogOption, String, Object)
05-07 23:51:44.905 I/Unity   (12550): GameAnalytics:SendAnalyticsLoadingPhasePHP(LoadingPhase, String, String, String)
05-07 23:51:44.905 I/Unity   (12550): GameAnalytics:SendAnalyticsLoadingPhase(LoadingPhase, String, String, String)
05-07 23:51:44.905 I/Unity   (12550): <StartGameInitializing>d__75:MoveNext()
05-07 23:51:44.905 I/Unity   (12550): UnityEngine.SetupCoroutine:InvokeMoveNext(IEnumerator, IntPtr)
05-07 23:51:44.905 I/Unity   (12550): 
05-07 23:51:44.991 I/PlayCore(12550): UID: [10077]  PID: [12550] AppUpdateListenerRegistry : registerListener
05-07 23:51:44.993 I/PlayCore(12550): UID: [10077]  PID: [12550] AppUpdateService : requestUpdateInfo(com.HolydayStudios.Firestone)
05-07 23:51:44.993 I/PlayCore(12550): UID: [10077]  PID: [12550] AppUpdateService : Initiate binding to the service.
05-07 23:51:44.994 W/ActivityManager( 2429): callingPackage:com.HolydayStudios.Firestone, packageName:com.android.vending, name:com.google.android.finsky.installservice.DevTriggeredUpdateService, isSkip: true
05-07 23:51:44.996 I/android.vending(11853): type=1400 audit(0.0:14864): avc: denied { getattr } for path="/system/framework/framework-res.apk" dev="sda1" ino=1454 scontext=u:r:priv_app:s0:c512,c768 tcontext=u:object_r:unlabeled:s0 tclass=file permissive=1
05-07 23:51:45.002 I/PlayCore(12550): UID: [10077]  PID: [12550] AppUpdateService : ServiceConnectionImpl.onServiceConnected(ComponentInfo{com.android.vending/com.google.android.finsky.installservice.DevTriggeredUpdateService})
05-07 23:51:45.003 I/PlayCore(12550): UID: [10077]  PID: [12550] AppUpdateService : linkToDeath
05-07 23:51:45.017 I/Finsky  (11853): [136] Created new item store.
05-07 23:51:45.032 W/ActivityManager( 2429): callingPackage:com.android.vending, packageName:com.google.android.gms, name:com.google.android.gms.chimera.PersistentDirectBootAwareApiService, isSkip: true
05-07 23:51:45.044 I/Unity   (12550): 05/07/2026 23:51:45 LogEOSAuth(Info): UpdateUserAuthToken: User ClientId: xyz...8aA AccountId: ee8...898 Access[Expires: 2026.05.07-17.51.44 Remaining: 7200.71] Refresh[Expires: 2026-11-03T15:01:46.122Z Remaining: 15549002.12] State: Valid
05-07 23:51:45.047 I/Unity   (12550): 05/07/2026 23:51:45 LogEOSAuth(Info): UserAuthGenerated: Received FUserAuthToken
05-07 23:51:45.104 I/lmkd    ( 2055): type=1400 audit(0.0:14865): avc: denied { write } for name="oom_score_adj" dev="proc" ino=18037 scontext=u:r:init:s0 tcontext=u:r:gmscore_app:s0:c512,c768 tclass=file permissive=1
05-07 23:51:45.141 I/cn_CronetUrlRequestContext(11853): destroyNativeStreamLocked org.chromium.net.impl.CronetBidirectionalStream@bb92b16
05-07 23:51:45.159 I/PlayCore(12550): UID: [10077]  PID: [12550] OnRequestInstallCallback : onRequestInfo
05-07 23:51:45.159 I/PlayCore(12550): UID: [10077]  PID: [12550] AppUpdateService : Unbind from service.
05-07 23:51:45.162 I/Unity   (12550): 05/07/2026 23:51:45 LogEOSAuth(Info): UserAuthGenerated: Login complete: EOS_Success
05-07 23:51:45.170 W/Unity   (12550): There was a problem getting the product user id of the currently logged-in user.
05-07 23:51:45.170 W/Unity   (12550): UnityEngine.DebugLogHandler:Internal_Log(LogType, LogOption, String, Object)
05-07 23:51:45.170 W/Unity   (12550): PlayEveryWare.EpicOnlineServices.EOSService:TryGetProductUserId(ProductUserId&)
05-07 23:51:45.170 W/Unity   (12550): PlayEveryWare.EpicOnlineServices.Samples.<InternalRefreshAsync>d__11:MoveNext()
05-07 23:51:45.170 W/Unity   (12550): System.Runtime.CompilerServices.AsyncTaskMethodBuilder:Start(TStateMachine&)
05-07 23:51:45.170 W/Unity   (12550): PlayEveryWare.EpicOnlineServices.Samples.AchievementsService:InternalRefreshAsync()
05-07 23:51:45.170 W/Unity   (12550): PlayEveryWare.EpicOnlineServices.<RefreshAsync>d__17:MoveNext()
05-07 23:51:45.170 W/Unity   (12550): System.Runtime.CompilerServices.AsyncTaskMethodBuilder:Start(TStateMachine&)
05-07 23:51:45.170 W/Unity   (12550): PlayEveryWare.EpicOnlineServices.EOSService:RefreshAsync()
05-07 23:51:45.170 W/Unity   (12550): PlayEveryWare.EpicOnlineServices.Samples.<OnLoggedIn>d__9:MoveNext()
05-07 23:51:45.170 W/Unity   (12550): System.Runtime.CompilerServices.AsyncVoidMethodBuilder:Start(TStateMachine&)
05-07 23:51:45.170 W/Unity   (12550): PlayEveryWare.EpicOnlineServices.Samples.AchievementsService:OnLoggedIn(LoginChangeKind)
05-07 23:51:45.170 W/Unity   (12550): PlayEveryWare.EpicOnlineServices.AuthenticationListener:TriggerAuthenticationChangedEvent(Boolean, Result, Lo
05-07 23:51:45.171 I/Unity   (12550): Successfully logged in with Persistent Auth!
05-07 23:51:45.171 I/Unity   (12550): UnityEngine.DebugLogHandler:Internal_Log(LogType, LogOption, String, Object)
05-07 23:51:45.171 I/Unity   (12550): EpicGamesUtil:<StartLoginMobile>b__93_0(LoginCallbackInfo)
05-07 23:51:45.171 I/Unity   (12550): PlayEveryWare.EpicOnlineServices.<>c__DisplayClass62_0:<StartLoginWithLoginOptions>b__0(LoginCallbackInfo&)
05-07 23:51:45.171 I/Unity   (12550): Epic.OnlineServices.Auth.OnLoginCallbackInternalImplementation:EntryPoint(LoginCallbackInfoInternal&)
05-07 23:51:45.171 I/Unity   (12550): Epic.OnlineServices.Bindings:EOS_Platform_Tick(IntPtr)
05-07 23:51:45.171 I/Unity   (12550): PlayEveryWare.EpicOnlineServices.EOSSingleton:Tick()
05-07 23:51:45.171 I/Unity   (12550): 
05-07 23:51:45.189 I/PlayCore(12550): UID: [10077]  PID: [12550] AppUpdateListenerRegistry : unregisterListener
05-07 23:51:45.192 I/RecentTaskMonitor( 2429): onTaskMovedToFront 54
05-07 23:51:45.192 D/RecentTaskMonitor( 2429): openTabFromAms task is Task{66da09 #54 type=standard I=com.google.android.play.games/com.google.android.gms.games.ui.destination.main.MainActivity U=0 visible=true visibleRequested=false mode=fullscreen translucent=true sz=1}
05-07 23:51:45.193 D/gralloc_x86( 2254): gralloc_alloc: Creating ashmem region of size 14749696
05-07 23:51:45.214 E/system_server( 2429): vulkan version is 4202746
05-07 23:51:45.212 I/Binder:2429_19( 2429): type=1400 audit(0.0:14866): avc: denied { read write } for name="vaddress" dev="tmpfs" ino=13598 scontext=u:r:system_server:s0 tcontext=u:object_r:device:s0 tclass=chr_file permissive=1
05-07 23:51:45.212 I/Binder:2429_19( 2429): type=1400 audit(0.0:14867): avc: denied { open } for path="/dev/vaddress" dev="tmpfs" ino=13598 scontext=u:r:system_server:s0 tcontext=u:object_r:device:s0 tclass=chr_file permissive=1
05-07 23:51:45.222 D/RecentTaskMonitor( 2429): task null or not sub display in notifyDisplayOpened
