05-07 23:40:47.212 E/HidlServiceManagement(10242): getService: Potential race detected, descriptor: android.hardware.graphics.allocator@3.0::IAllocator instance: default
05-07 23:40:47.212 I/hwservicemanager( 2057): Since android.hardware.graphics.allocator@3.0::IAllocator/default is not registered, trying to start it as a lazy HAL.
05-07 23:40:47.212 W/Gralloc3(10242): allocator 3.x is not supported
05-07 23:40:47.212 E/HidlServiceManagement(10242): getService: Potential race detected, descriptor: android.hardware.graphics.allocator@2.0::IAllocator instance: default
05-07 23:40:47.213 I/shadowhook_tag(10242): linker: call_ctors pre, load_bias 6d0044d000, name /system/vendor/lib64/hw/android.hardware.graphics.allocator@2.0-impl.so
05-07 23:40:47.213 I/shadowhook_tag(10242): task: call_ctors() pre callback. load_bias 6d0044d000, name /system/vendor/lib64/hw/android.hardware.graphics.allocator@2.0-impl.so
05-07 23:40:47.213 I/shadowhook_tag(10242): linker: call_ctors post, load_bias 6d0044d000, name /system/vendor/lib64/hw/android.hardware.graphics.allocator@2.0-impl.so
05-07 23:40:47.213 I/nemucooker(10242): cook file1: /etc/mumu-configs/renderer.config, last modify time: Thu Aug 29 11:22:45 2024
05-07 23:40:47.213 I/nemucooker(10242): cook file2: /data/system/etc/mumu-configs/renderer.config, last modify time: Thu Apr 30 21:00:20 2026
05-07 23:40:47.213 I/nemucooker(10242): cook select file: /data/system/etc/mumu-configs/renderer.config
05-07 23:40:47.214 W/libc    ( 2057): Unable to set property "ctl.interface_start" to "android.hardware.graphics.mapper@3.0::IMapper/default": error code: 0x20
05-07 23:40:47.214 I/hwservicemanager( 2057): Tried to start android.hardware.graphics.mapper@3.0::IMapper/default as a lazy service, but was unable to. Usually this happens when a service is not installed, but if the service is intended to be used as a lazy service, then it may be configured incorrectly.
05-07 23:40:47.216 E/udios.Fireston(10242): vulkan version is 4202746
05-07 23:40:47.217 D/gralloc_x86(10242): gralloc_alloc: Creating ashmem region of size 14749696
05-07 23:40:47.217 W/libc    ( 2057): Unable to set property "ctl.interface_start" to "android.hardware.graphics.allocator@4.0::IAllocator/default": error code: 0x20
05-07 23:40:47.217 I/hwservicemanager( 2057): Tried to start android.hardware.graphics.allocator@4.0::IAllocator/default as a lazy service, but was unable to. Usually this happens when a service is not installed, but if the service is intended to be used as a lazy service, then it may be configured incorrectly.
05-07 23:40:47.221 W/libc    ( 2057): Unable to set property "ctl.interface_start" to "android.hardware.graphics.allocator@3.0::IAllocator/default": error code: 0x20
05-07 23:40:47.221 I/hwservicemanager( 2057): Tried to start android.hardware.graphics.allocator@3.0::IAllocator/default as a lazy service, but was unable to. Usually this happens when a service is not installed, but if the service is intended to be used as a lazy service, then it may be configured incorrectly.
05-07 23:40:47.239 I/ActivityTaskManager( 2429): Displayed com.HolydayStudios.Firestone/com.unity3d.player.UnityPlayerActivity: +447ms
05-07 23:40:47.241 D/AdvertisingIdClient( 3171): AdvertisingIdClient already created.
05-07 23:40:47.241 D/AdvertisingIdClient( 3171): AdvertisingIdClient is not bounded. Starting to bind it...
05-07 23:40:47.242 W/ActivityManager( 2429): callingPackage:com.google.android.gms, packageName:com.google.android.gms, name:com.google.android.gms.ads.identifier.service.AdvertisingIdService, isSkip: true
05-07 23:40:47.244 D/AdvertisingIdClient( 3171): AdvertisingIdClient is bounded
05-07 23:40:47.246 I/AdvertisingIdClient( 3171): shouldSendLog 1888169
05-07 23:40:47.246 I/AdvertisingIdClient( 3171): GetInfoInternal elapse 5ms
05-07 23:40:47.249 I/Unity   (10242): MemoryManager: Using 'Dynamic Heap' Allocator.
05-07 23:40:47.254 D/BoundBrokerSvc( 2754): onRebind: Intent { act=com.google.android.gms.common.telemetry.service.START dat=chimera-action: cmp=com.google.android.gms/.chimera.PersistentApiService }
05-07 23:40:47.255 D/BoundBrokerSvc( 2754): onRebind: Intent { act=com.google.android.gms.presencemanager.service.START dat=chimera-action: cmp=com.google.android.gms/.chimera.PersistentApiService }
05-07 23:40:47.255 D/BoundBrokerSvc( 2754): onRebind: Intent { act=com.google.android.gms.presencemanager.service.INTERNAL_IDENTITY dat=chimera-action: cmp=com.google.android.gms/.chimera.PersistentApiService }
05-07 23:40:47.259 I/Unity   (10242): SystemInfo CPU = ARM64 FP ASIMD AES, Cores = 6, Memory = 12007mb
05-07 23:40:47.259 I/Unity   (10242): SystemInfo ARM big.LITTLE configuration: 6 big (mask: 0x3f), 0 little (mask: 0x0)
05-07 23:40:47.259 I/Unity   (10242): ApplicationInfo 'com.HolydayStudios.Firestone', Version '3.27', Min API Level '23', Target API Level '36'
05-07 23:40:47.259 I/Unity   (10242): Built from '6000.0/staging' branch, Version '6000.0.47f1 (2ad1ed33fd3b)', Build type 'Release', Scripting Backend 'il2cpp', CPU 'arm64-v8a', Stripping 'Enabled'
05-07 23:40:47.259 I/Unity   (10242): Device Model 'Samsung SM-A5460', OS 'Android OS 12 (API 32)'
05-07 23:40:47.364 I/FirestoneHooks(10242): libil2cpp.so base=0x6d03c97000
05-07 23:40:47.364 I/shadowhook_tag(10242): shadowhook: hook_func_addr(libil2cpp.so, EasyWin.CentralCurrencyHandler.HaveCurrency, 0x6d0683ce48, 0x6d18e260cc, 9) ...
05-07 23:40:47.364 I/shadowhook_tag(10242): switch: create, target_addr 6d0683ce48
05-07 23:40:47.365 I/shadowhook_tag(10242): hub: create trampo at 6ff0225000, size 96 + 16 = 112
05-07 23:40:47.365 I/shadowhook_tag(10242): hub: add(new) func 6d18e260cc
05-07 23:40:47.365 I/shadowhook_tag(10242): a64 rewrite: type 0, inst f94002a0
05-07 23:40:47.365 I/shadowhook_tag(10242): linker: get dlinfo by target addr: target_addr 0x6d0683ce48, sym_name (NULL), sym_sz 0, load_bias 6d03c97000, pathname /data/app/~~eYnZX0CwG_PADosI43wKmA==/com.HolydayStudios.Firestone-KwYIEPUCRPiNe65OfXHOnQ==/lib/arm64/libil2cpp.so
05-07 23:40:47.365 I/shadowhook_tag(10242): elf: find phdr gap 6d05ae2000-6d05ae5000(load_bias 6d03c97000, 1e4b000-1e4e000)
05-07 23:40:47.365 I/shadowhook_tag(10242): elf: find phdr gap 6d08c3f7f0-6d08c43000(load_bias 6d03c97000, 4fa87f0-4fac000)
05-07 23:40:47.365 I/shadowhook_tag(10242): elf: find phdr gap 6d08f78000-6d08f7b000(load_bias 6d03c97000, 52e1000-52e4000)
05-07 23:40:47.365 I/shadowhook_tag(10242): elf: find phdr gap 6d094a5370-6d094a6000(load_bias 6d03c97000, 580e370-580f000)
05-07 23:40:47.365 I/shadowhook_tag(10242): elf: alloc addr 6d05ae2000(load_bias 6d03c97000, 1e4b000), size 16, idx [0, 4)
05-07 23:40:47.365 I/shadowhook_tag(10242): island: alloc in ELF-gap, addr 6d05ae2000, size 16, pc 6d0683ce48, range [6cfe83ce48, 6d0e83ce44]
05-07 23:40:47.365 I/shadowhook_tag(10242): a64: hook (with island) OK. target 6d0683ce48 -> island-exit 6d05ae2000 -> new 6ff0225000 -> enter 6ff02c3080 -> resume 6d0683ce4c
05-07 23:40:47.365 I/shadowhook_tag(10242): switch: hook in SHARED mode OK: target_addr 6d0683ce48, new_addr 6d18e260cc
05-07 23:40:47.365 I/shadowhook_tag(10242): shadowhook: hook_func_addr(0x6d0683ce48, 0x6d18e260cc, 9) OK. return: 0xb400006db9ff8c60
05-07 23:40:47.365 I/FirestoneHooks(10242): EasyWin.CentralCurrencyHandler.HaveCurrency hook installed rva=0x2ba5e48 target=0x6d0683ce48 stub=0xb400006db9ff8c60 err=0 OK
05-07 23:40:47.365 I/shadowhook_tag(10242): shadowhook: hook_func_addr(libil2cpp.so, EasyWin.Currency.HaveCurrency, 0x6d0683ced8, 0x6d18e261f4, 9) ...
05-07 23:40:47.365 I/shadowhook_tag(10242): switch: create, target_addr 6d0683ced8
05-07 23:40:47.365 I/shadowhook_tag(10242): hub: create trampo at 6ff0225070, size 96 + 16 = 112
05-07 23:40:47.365 I/shadowhook_tag(10242): hub: add(new) func 6d18e261f4
05-07 23:40:47.365 I/shadowhook_tag(10242): a64 rewrite: type 0, inst aa1f03e0
05-07 23:40:47.365 I/shadowhook_tag(10242): elf: alloc addr 6d05ae2010(load_bias 6d03c97000, 1e4b010), size 16, idx [4, 8)
05-07 23:40:47.365 I/shadowhook_tag(10242): island: alloc in ELF-gap, addr 6d05ae2010, size 16, pc 6d0683ced8, range [6cfe83ced8, 6d0e83ced4]
05-07 23:40:47.365 I/shadowhook_tag(10242): a64: hook (with island) OK. target 6d0683ced8 -> island-exit 6d05ae2010 -> new 6ff0225070 -> enter 6ff02c30c0 -> resume 6d0683cedc
05-07 23:40:47.365 I/shadowhook_tag(10242): switch: hook in SHARED mode OK: target_addr 6d0683ced8, new_addr 6d18e261f4
05-07 23:40:47.365 I/shadowhook_tag(10242): shadowhook: hook_func_addr(0x6d0683ced8, 0x6d18e261f4, 9) OK. return: 0xb400006db9ffaf40
05-07 23:40:47.365 I/FirestoneHooks(10242): EasyWin.Currency.HaveCurrency hook installed rva=0x2ba5ed8 target=0x6d0683ced8 stub=0xb400006db9ffaf40 err=0 OK
05-07 23:40:47.365 I/FirestoneHooks(10242): easy-win FreeCurrency toggle active; affordability hooks installed
05-07 23:40:47.365 I/shadowhook_tag(10242): shadowhook: hook_func_addr(libil2cpp.so, GodMode.BattleHero.IsImmune, 0x6d06757170, 0x6d18e265e0, 9) ...
05-07 23:40:47.365 I/shadowhook_tag(10242): switch: create, target_addr 6d06757170
05-07 23:40:47.365 I/shadowhook_tag(10242): hub: create trampo at 6ff02250e0, size 96 + 16 = 112
05-07 23:40:47.365 I/shadowhook_tag(10242): hub: add(new) func 6d18e265e0
05-07 23:40:47.365 I/shadowhook_tag(10242): a64 rewrite: type 0, inst b9004be8
05-07 23:40:47.365 I/shadowhook_tag(10242): elf: alloc addr 6d05ae2020(load_bias 6d03c97000, 1e4b020), size 16, idx [8, 12)
05-07 23:40:47.365 I/shadowhook_tag(10242): island: alloc in ELF-gap, addr 6d05ae2020, size 16, pc 6d06757170, range [6cfe757170, 6d0e75716c]
05-07 23:40:47.365 I/shadowhook_tag(10242): a64: hook (with island) OK. target 6d06757170 -> island-exit 6d05ae2020 -> new 6ff02250e0 -> enter 6ff02c3100 -> resume 6d06757174
05-07 23:40:47.365 I/shadowhook_tag(10242): switch: hook in SHARED mode OK: target_addr 6d06757170, new_addr 6d18e265e0
05-07 23:40:47.365 I/shadowhook_tag(10242): shadowhook: hook_func_addr(0x6d06757170, 0x6d18e265e0, 9) OK. return: 0xb400006db9ffaac0
05-07 23:40:47.365 I/FirestoneHooks(10242): GodMode.BattleHero.IsImmune hook installed rva=0x2ac0170 target=0x6d06757170 stub=0xb400006db9ffaac0 err=0 OK
05-07 23:40:47.365 I/shadowhook_tag(10242): shadowhook: hook_func_addr(libil2cpp.so, GameSpeed.Time.set_timeScale, 0x6d086a5aa4, 0x6d18e26938, 9) ...
05-07 23:40:47.365 I/shadowhook_tag(10242): switch: create, target_addr 6d086a5aa4
05-07 23:40:47.365 I/shadowhook_tag(10242): hub: create trampo at 6ff0225150, size 96 + 16 = 112
05-07 23:40:47.365 I/shadowhook_tag(10242): hub: add(new) func 6d18e26938
05-07 23:40:47.365 I/shadowhook_tag(10242): a64 rewrite: type 0, inst 7100977f
05-07 23:40:47.365 I/shadowhook_tag(10242): elf: alloc addr 6d05ae2030(load_bias 6d03c97000, 1e4b030), size 16, idx [12, 16)
05-07 23:40:47.365 I/shadowhook_tag(10242): island: alloc in ELF-gap, addr 6d05ae2030, size 16, pc 6d086a5aa4, range [6d006a5aa4, 6d106a5aa0]
05-07 23:40:47.365 I/shadowhook_tag(10242): a64: hook (with island) OK. target 6d086a5aa4 -> island-exit 6d05ae2030 -> new 6ff0225150 -> enter 6ff02c3140 -> resume 6d086a5aa8
05-07 23:40:47.365 I/shadowhook_tag(10242): switch: hook in SHARED mode OK: target_addr 6d086a5aa4, new_addr 6d18e26938
05-07 23:40:47.365 I/shadowhook_tag(10242): shadowhook: hook_func_addr(0x6d086a5aa4, 0x6d18e26938, 9) OK. return: 0xb400006db9ff9e60
05-07 23:40:47.365 I/FirestoneHooks(10242): GameSpeed.Time.set_timeScale hook installed rva=0x4a0eaa4 target=0x6d086a5aa4 stub=0xb400006db9ff9e60 err=0 OK
05-07 23:40:47.365 I/shadowhook_tag(10242): shadowhook: hook_func_addr(libil2cpp.so, GameSpeed.Time.get_fixedDeltaTime, 0x6d086a59f4, 0x6d18e269cc, 9) ...
05-07 23:40:47.365 I/shadowhook_tag(10242): switch: create, target_addr 6d086a59f4
05-07 23:40:47.365 I/shadowhook_tag(10242): hub: create trampo at 6ff02251c0, size 96 + 16 = 112
05-07 23:40:47.365 I/shadowhook_tag(10242): hub: add(new) func 6d18e269cc
05-07 23:40:47.365 I/shadowhook_tag(10242): a64 rewrite: type 3, inst 975ac675
05-07 23:40:47.365 I/shadowhook_tag(10242): elf: alloc addr 6d05ae2040(load_bias 6d03c97000, 1e4b040), size 16, idx [16, 20)
05-07 23:40:47.365 I/shadowhook_tag(10242): island: alloc in ELF-gap, addr 6d05ae2040, size 16, pc 6d086a59f4, range [6d006a59f4, 6d106a59f0]
05-07 23:40:47.365 I/shadowhook_tag(10242): a64: hook (with island) OK. target 6d086a59f4 -> island-exit 6d05ae2040 -> new 6ff02251c0 -> enter 6ff02c3180 -> resume 6d086a59f8
05-07 23:40:47.365 I/shadowhook_tag(10242): switch: hook in SHARED mode OK: target_addr 6d086a59f4, new_addr 6d18e269cc
05-07 23:40:47.365 I/shadowhook_tag(10242): shadowhook: hook_func_addr(0x6d086a59f4, 0x6d18e269cc, 9) OK. return: 0xb400006db9ffb840
05-07 23:40:47.365 I/FirestoneHooks(10242): GameSpeed.Time.get_fixedDeltaTime hook installed rva=0x4a0e9f4 target=0x6d086a59f4 stub=0xb400006db9ffb840 err=0 OK
05-07 23:40:47.365 I/shadowhook_tag(10242): shadowhook: hook_func_addr(libil2cpp.so, GameSpeed.TeamLogic.ApplyWaveTransitionSpeedModifierToDuration, 0x6d067609dc, 0x6d18e26a8c, 9) ...
05-07 23:40:47.365 I/shadowhook_tag(10242): switch: create, target_addr 6d067609dc
05-07 23:40:47.365 I/shadowhook_tag(10242): hub: create trampo at 6ff0225230, size 96 + 16 = 112
05-07 23:40:47.365 I/shadowhook_tag(10242): hub: add(new) func 6d18e26a8c
05-07 23:40:47.365 I/shadowhook_tag(10242): a64 rewrite: type 3, inst 97d7da7b
05-07 23:40:47.365 I/shadowhook_tag(10242): elf: alloc addr 6d05ae2050(load_bias 6d03c97000, 1e4b050), size 16, idx [20, 24)
05-07 23:40:47.365 I/shadowhook_tag(10242): island: alloc in ELF-gap, addr 6d05ae2050, size 16, pc 6d067609dc, range [6cfe7609dc, 6d0e7609d8]
05-07 23:40:47.365 I/shadowhook_tag(10242): a64: hook (with island) OK. target 6d067609dc -> island-exit 6d05ae2050 -> new 6ff0225230 -> enter 6ff02c31c0 -> resume 6d067609e0
05-07 23:40:47.365 I/shadowhook_tag(10242): switch: hook in SHARED mode OK: target_addr 6d067609dc, new_addr 6d18e26a8c
05-07 23:40:47.365 I/shadowhook_tag(10242): shadowhook: hook_func_addr(0x6d067609dc, 0x6d18e26a8c, 9) OK. return: 0xb400006db9ffb960
05-07 23:40:47.365 I/FirestoneHooks(10242): GameSpeed.TeamLogic.ApplyWaveTransitionSpeedModifierToDuration hook installed rva=0x2ac99dc target=0x6d067609dc stub=0xb400006db9ffb960 err=0 OK
05-07 23:40:47.365 I/shadowhook_tag(10242): shadowhook: hook_func_addr(libil2cpp.so, GameSpeed.TeamLogic.set_WaveTransitionSpeedMultiplier, 0x6d06760814, 0x6d18e26b5c, 9) ...
05-07 23:40:47.365 I/shadowhook_tag(10242): switch: create, target_addr 6d06760814
05-07 23:40:47.365 I/shadowhook_tag(10242): hub: create trampo at 6ff02252a0, size 96 + 16 = 112
05-07 23:40:47.365 I/shadowhook_tag(10242): hub: add(new) func 6d18e26b5c
05-07 23:40:47.365 I/shadowhook_tag(10242): a64 rewrite: type 5, inst 90013b68
05-07 23:40:47.365 I/shadowhook_tag(10242): elf: alloc addr 6d05ae2060(load_bias 6d03c97000, 1e4b060), size 16, idx [24, 28)
05-07 23:40:47.365 I/shadowhook_tag(10242): island: alloc in ELF-gap, addr 6d05ae2060, size 16, pc 6d06760814, range [6cfe760814, 6d0e760810]
05-07 23:40:47.365 I/shadowhook_tag(10242): a64: hook (with island) OK. target 6d06760814 -> island-exit 6d05ae2060 -> new 6ff02252a0 -> enter 6ff02c3200 -> resume 6d06760818
05-07 23:40:47.365 I/shadowhook_tag(10242): switch: hook in SHARED mode OK: target_addr 6d06760814, new_addr 6d18e26b5c
05-07 23:40:47.365 I/shadowhook_tag(10242): shadowhook: hook_func_addr(0x6d06760814, 0x6d18e26b5c, 9) OK. return: 0xb400006db9ff97a0
05-07 23:40:47.365 I/FirestoneHooks(10242): GameSpeed.TeamLogic.set_WaveTransitionSpeedMultiplier hook installed rva=0x2ac9814 target=0x6d06760814 stub=0xb400006db9ff97a0 err=0 OK
05-07 23:40:47.365 I/shadowhook_tag(10242): shadowhook: hook_func_addr(libil2cpp.so, GameSpeed.Spine.AnimationState.set_TimeScale, 0x6d08001ac8, 0x6d18e26bf0, 9) ...
05-07 23:40:47.365 I/shadowhook_tag(10242): switch: create, target_addr 6d08001ac8
05-07 23:40:47.365 I/shadowhook_tag(10242): hub: create trampo at 6ff0225310, size 96 + 16 = 112
05-07 23:40:47.365 I/shadowhook_tag(10242): hub: add(new) func 6d18e26bf0
05-07 23:40:47.367 I/shadowhook_tag(10242): a64 rewrite: type 0, inst f9424af7
05-07 23:40:47.367 I/shadowhook_tag(10242): island: alloc via anon-page, addr 6d00002000, size 16, pc 6d08001ac8, range [6d00001ac8, 6d10001ac4]
05-07 23:40:47.367 I/shadowhook_tag(10242): a64: hook (with island) OK. target 6d08001ac8 -> island-exit 6d00002000 -> new 6ff0225310 -> enter 6ff02c3240 -> resume 6d08001acc
05-07 23:40:47.367 I/shadowhook_tag(10242): switch: hook in SHARED mode OK: target_addr 6d08001ac8, new_addr 6d18e26bf0
05-07 23:40:47.367 I/shadowhook_tag(10242): shadowhook: hook_func_addr(0x6d08001ac8, 0x6d18e26bf0, 9) OK. return: 0xb400006db9ffbe70
05-07 23:40:47.367 I/FirestoneHooks(10242): GameSpeed.Spine.AnimationState.set_TimeScale hook installed rva=0x436aac8 target=0x6d08001ac8 stub=0xb400006db9ffbe70 err=0 OK
05-07 23:40:47.367 I/shadowhook_tag(10242): shadowhook: hook_func_addr(libil2cpp.so, OHK.BattleController.ApplyDamage.short, 0x6d0645be00, 0x6d18e26fac, 9) ...
05-07 23:40:47.367 I/shadowhook_tag(10242): switch: create, target_addr 6d0645be00
05-07 23:40:47.367 I/shadowhook_tag(10242): hub: create trampo at 6ff0225380, size 96 + 16 = 112
05-07 23:40:47.367 I/shadowhook_tag(10242): hub: add(new) func 6d18e26fac
05-07 23:40:47.367 I/shadowhook_tag(10242): a64 rewrite: type 5, inst b00154f4
05-07 23:40:47.367 I/shadowhook_tag(10242): island: alloc via anon-page, addr 6d00002014, size 16, pc 6d0645be00, range [6cfe45be00, 6d0e45bdfc]
05-07 23:40:47.367 I/shadowhook_tag(10242): a64: hook (with island) OK. target 6d0645be00 -> island-exit 6d00002014 -> new 6ff0225380 -> enter 6ff02c3280 -> resume 6d0645be04
05-07 23:40:47.367 I/shadowhook_tag(10242): switch: hook in SHARED mode OK: target_addr 6d0645be00, new_addr 6d18e26fac
05-07 23:40:47.367 I/shadowhook_tag(10242): shadowhook: hook_func_addr(0x6d0645be00, 0x6d18e26fac, 9) OK. return: 0xb400006db9ffa130
05-07 23:40:47.367 I/FirestoneHooks(10242): OHK.BattleController.ApplyDamage.short hook installed rva=0x27c4e00 target=0x6d0645be00 stub=0xb400006db9ffa130 err=0 OK
05-07 23:40:47.367 I/shadowhook_tag(10242): shadowhook: hook_func_addr(libil2cpp.so, OHK.BattleController.ApplyDamage.full, 0x6d0645be10, 0x6d18e270f0, 9) ...
05-07 23:40:47.367 I/shadowhook_tag(10242): switch: create, target_addr 6d0645be10
05-07 23:40:47.367 I/shadowhook_tag(10242): hub: create trampo at 6ff02253f0, size 96 + 16 = 112
05-07 23:40:47.367 I/shadowhook_tag(10242): hub: add(new) func 6d18e270f0
05-07 23:40:47.367 I/shadowhook_tag(10242): a64 rewrite: type 5, inst b00154e0
05-07 23:40:47.367 I/shadowhook_tag(10242): island: alloc via anon-page, addr 6d00002028, size 16, pc 6d0645be10, range [6cfe45be10, 6d0e45be0c]
05-07 23:40:47.367 I/shadowhook_tag(10242): a64: hook (with island) OK. target 6d0645be10 -> island-exit 6d00002028 -> new 6ff02253f0 -> enter 6ff02c32c0 -> resume 6d0645be14
05-07 23:40:47.367 I/shadowhook_tag(10242): switch: hook in SHARED mode OK: target_addr 6d0645be10, new_addr 6d18e270f0
05-07 23:40:47.367 I/shadowhook_tag(10242): shadowhook: hook_func_addr(0x6d0645be10, 0x6d18e270f0, 9) OK. return: 0xb400006db9ff9950
05-07 23:40:47.367 I/FirestoneHooks(10242): OHK.BattleController.ApplyDamage.full hook installed rva=0x27c4e10 target=0x6d0645be10 stub=0xb400006db9ff9950 err=0 OK
05-07 23:40:47.367 I/shadowhook_tag(10242): shadowhook: hook_func_addr(libil2cpp.so, OHK.BattleCharacter.ReceiveDamage, 0x6d06678ac8, 0x6d18e27240, 9) ...
05-07 23:40:47.367 I/shadowhook_tag(10242): switch: create, target_addr 6d06678ac8
05-07 23:40:47.367 I/shadowhook_tag(10242): hub: create trampo at 6ff0225460, size 96 + 16 = 112
05-07 23:40:47.367 I/shadowhook_tag(10242): hub: add(new) func 6d18e27240
05-07 23:40:47.367 I/shadowhook_tag(10242): a64 rewrite: type 0, inst b1503a8
05-07 23:40:47.367 I/shadowhook_tag(10242): island: alloc via anon-page, addr 6d0000203c, size 16, pc 6d06678ac8, range [6cfe678ac8, 6d0e678ac4]
05-07 23:40:47.367 I/shadowhook_tag(10242): a64: hook (with island) OK. target 6d06678ac8 -> island-exit 6d0000203c -> new 6ff0225460 -> enter 6ff02c3300 -> resume 6d06678acc
05-07 23:40:47.367 I/shadowhook_tag(10242): switch: hook in SHARED mode OK: target_addr 6d06678ac8, new_addr 6d18e27240
05-07 23:40:47.367 I/shadowhook_tag(10242): shadowhook: hook_func_addr(0x6d06678ac8, 0x6d18e27240, 9) OK. return: 0xb400006db9ffdc40
05-07 23:40:47.367 I/FirestoneHooks(10242): OHK.BattleCharacter.ReceiveDamage hook installed rva=0x29e1ac8 target=0x6d06678ac8 stub=0xb400006db9ffdc40 err=0 OK
05-07 23:40:47.367 I/shadowhook_tag(10242): shadowhook: hook_func_addr(libil2cpp.so, AttackSpeed.CharacterBattleLogic.FillAttackSpeedTimer, 0x6d0675f2e8, 0x6d18e276c4, 9) ...
05-07 23:40:47.367 I/shadowhook_tag(10242): switch: create, target_addr 6d0675f2e8
05-07 23:40:47.367 I/shadowhook_tag(10242): hub: create trampo at 6ff02254d0, size 96 + 16 = 112
05-07 23:40:47.367 I/shadowhook_tag(10242): hub: add(new) func 6d18e276c4
05-07 23:40:47.367 I/shadowhook_tag(10242): a64 rewrite: type 0, inst f9400c00
05-07 23:40:47.367 I/shadowhook_tag(10242): island: alloc via anon-page, addr 6d00002050, size 16, pc 6d0675f2e8, range [6cfe75f2e8, 6d0e75f2e4]
05-07 23:40:47.367 I/shadowhook_tag(10242): a64: hook (with island) OK. target 6d0675f2e8 -> island-exit 6d00002050 -> new 6ff02254d0 -> enter 6ff02c3340 -> resume 6d0675f2ec
05-07 23:40:47.367 I/shadowhook_tag(10242): switch: hook in SHARED mode OK: target_addr 6d0675f2e8, new_addr 6d18e276c4
05-07 23:40:47.367 I/shadowhook_tag(10242): shadowhook: hook_func_addr(0x6d0675f2e8, 0x6d18e276c4, 9) OK. return: 0xb400006db9ffd070
05-07 23:40:47.367 I/FirestoneHooks(10242): AttackSpeed.CharacterBattleLogic.FillAttackSpeedTimer hook installed rva=0x2ac82e8 target=0x6d0675f2e8 stub=0xb400006db9ffd070 err=0 OK
05-07 23:40:47.367 I/shadowhook_tag(10242): shadowhook: hook_func_addr(libil2cpp.so, AttackSpeed.BattleMainHero.CalculateAttackSpeedTotal, 0x6d06759af8, 0x6d18e27804, 9) ...
05-07 23:40:47.367 I/shadowhook_tag(10242): switch: create, target_addr 6d06759af8
05-07 23:40:47.367 I/shadowhook_tag(10242): hub: create trampo at 6ff0225540, size 96 + 16 = 112
05-07 23:40:47.367 I/shadowhook_tag(10242): hub: add(new) func 6d18e27804
05-07 23:40:47.367 I/shadowhook_tag(10242): a64 rewrite: type 0, inst f9409268
05-07 23:40:47.367 I/shadowhook_tag(10242): island: alloc via anon-page, addr 6d00002064, size 16, pc 6d06759af8, range [6cfe759af8, 6d0e759af4]
05-07 23:40:47.367 I/shadowhook_tag(10242): a64: hook (with island) OK. target 6d06759af8 -> island-exit 6d00002064 -> new 6ff0225540 -> enter 6ff02c3380 -> resume 6d06759afc
05-07 23:40:47.367 I/shadowhook_tag(10242): switch: hook in SHARED mode OK: target_addr 6d06759af8, new_addr 6d18e27804
05-07 23:40:47.367 I/shadowhook_tag(10242): shadowhook: hook_func_addr(0x6d06759af8, 0x6d18e27804, 9) OK. return: 0xb400006dba010780
05-07 23:40:47.367 I/FirestoneHooks(10242): AttackSpeed.BattleMainHero.CalculateAttackSpeedTotal hook installed rva=0x2ac2af8 target=0x6d06759af8 stub=0xb400006dba010780 err=0 OK
05-07 23:40:47.367 I/shadowhook_tag(10242): shadowhook: hook_func_addr(libil2cpp.so, AttackSpeed.BattleMainEnemy.CalculateAttackSpeedTotal, 0x6d0667cb94, 0x6d18e27908, 9) ...
05-07 23:40:47.367 I/shadowhook_tag(10242): switch: create, target_addr 6d0667cb94
05-07 23:40:47.367 I/shadowhook_tag(10242): hub: create trampo at 6ff02255b0, size 96 + 16 = 112
05-07 23:40:47.367 I/shadowhook_tag(10242): hub: add(new) func 6d18e27908
05-07 23:40:47.368 I/shadowhook_tag(10242): a64 rewrite: type 3, inst 97db6a0d
05-07 23:40:47.368 I/shadowhook_tag(10242): island: alloc via anon-page, addr 6d00002078, size 16, pc 6d0667cb94, range [6cfe67cb94, 6d0e67cb90]
05-07 23:40:47.368 I/shadowhook_tag(10242): a64: hook (with island) OK. target 6d0667cb94 -> island-exit 6d00002078 -> new 6ff02255b0 -> enter 6ff02c33c0 -> resume 6d0667cb98
05-07 23:40:47.368 I/shadowhook_tag(10242): switch: hook in SHARED mode OK: target_addr 6d0667cb94, new_addr 6d18e27908
05-07 23:40:47.368 I/shadowhook_tag(10242): shadowhook: hook_func_addr(0x6d0667cb94, 0x6d18e27908, 9) OK. return: 0xb400006dba00ef50
05-07 23:40:47.368 I/FirestoneHooks(10242): AttackSpeed.BattleMainEnemy.CalculateAttackSpeedTotal hook installed rva=0x29e5b94 target=0x6d0667cb94 stub=0xb400006dba00ef50 err=0 OK
05-07 23:40:47.368 I/FirestoneHooks(10242): native hook install complete result=0
05-07 23:40:47.406 I/Unity   (10242): Company Name: HolydayStudios
05-07 23:40:47.406 I/Unity   (10242): Product Name: Firestone
05-07 23:40:47.408 I/shadowhook_tag(10242): linker: call_ctors pre, load_bias 6c43ecb000, name /system/lib64/egl/libEGL_emulation.so
05-07 23:40:47.408 I/shadowhook_tag(10242): task: call_ctors() pre callback. load_bias 6c43ecb000, name /system/lib64/egl/libEGL_emulation.so
05-07 23:40:47.408 I/shadowhook_tag(10242): linker: call_ctors post, load_bias 6c43ecb000, name /system/lib64/egl/libEGL_emulation.so
05-07 23:40:47.409 D/libEGL  (10242): loaded /system/lib64/egl/libEGL_emulation.so
05-07 23:40:47.409 I/shadowhook_tag(10242): linker: call_ctors pre, load_bias 6c43e86000, name /system/lib64/egl/libGLESv1_CM_emulation.so
05-07 23:40:47.409 I/shadowhook_tag(10242): task: call_ctors() pre callback. load_bias 6c43e86000, name /system/lib64/egl/libGLESv1_CM_emulation.so
05-07 23:40:47.409 I/shadowhook_tag(10242): linker: call_ctors post, load_bias 6c43e86000, name /system/lib64/egl/libGLESv1_CM_emulation.so
05-07 23:40:47.409 I/shadowhook_tag(10242): linker: call_ctors pre, load_bias 6c43e5c000, name /system/lib64/egl/libGLESv2_emulation.so
05-07 23:40:47.409 I/shadowhook_tag(10242): task: call_ctors() pre callback. load_bias 6c43e5c000, name /system/lib64/egl/libGLESv2_emulation.so
05-07 23:40:47.409 I/shadowhook_tag(10242): linker: call_ctors post, load_bias 6c43e5c000, name /system/lib64/egl/libGLESv2_emulation.so
05-07 23:40:47.427 E/udios.Fireston(10242): vulkan version is 4202746
05-07 23:40:47.429 I/nemucooker(10242): cook file1: /etc/mumu-configs/renderer.config, last modify time: Thu Aug 29 11:22:45 2024
05-07 23:40:47.429 I/nemucooker(10242): cook file2: /data/system/etc/mumu-configs/renderer.config, last modify time: Thu Apr 30 21:00:20 2026
05-07 23:40:47.429 I/nemucooker(10242): cook select file: /data/system/etc/mumu-configs/renderer.config
05-07 23:40:47.431 D/libEGL  (10242): loaded /system/lib64/egl/libGLESv1_CM_emulation.so
05-07 23:40:47.431 W/InputManager-JNI( 2429): Input channel object '708d67c Splash Screen com.HolydayStudios.Firestone (client)' was disposed without first being removed with the input manager!
05-07 23:40:47.432 D/libEGL  (10242): loaded /system/lib64/egl/libGLESv2_emulation.so
05-07 23:40:47.444 E/GraphicsEnv(10242): Failed to get gpu service
05-07 23:40:47.461 E/HidlServiceManagement(10242): getService: Potential race detected, descriptor: android.hardware.configstore@1.0::ISurfaceFlingerConfigs instance: default
05-07 23:40:47.494 E/EGL_emulation(10242): [getAttribValue] Bad attribute idx
05-07 23:40:47.494 D/EGL_emulation(10242): eglGetConfigAttrib: bad attrib 0x1
05-07 23:40:47.494 E/EGL_emulation(10242): tid 10292: eglGetConfigAttrib(1029): error 0x3004 (EGL_BAD_ATTRIBUTE)
05-07 23:40:47.527 D/gralloc_x86(10242): gralloc_alloc: Creating ashmem region of size 7376896
05-07 23:40:47.595 E/udios.Fireston(10242): vulkan version is 4202746
05-07 23:40:47.596 E/ActivityThread(10242): Failed to find provider info for com.firestone.hooks.settings
05-07 23:40:47.596 W/FirestoneHooks(10242): Settings provider read failed; using defaults
05-07 23:40:47.596 W/FirestoneHooks(10242): java.lang.IllegalArgumentException: Unknown authority com.firestone.hooks.settings
05-07 23:40:47.596 W/FirestoneHooks(10242): 	at android.content.ContentResolver.call(ContentResolver.java:2447)
05-07 23:40:47.596 W/FirestoneHooks(10242): 	at android.content.ContentResolver.call(ContentResolver.java:2430)
05-07 23:40:47.596 W/FirestoneHooks(10242): 	at com.template.lsposed.FirestoneSettings.readFromProvider(FirestoneSettings.java:88)
05-07 23:40:47.596 W/FirestoneHooks(10242): 	at com.template.lsposed.FirestoneSettings.syncProviderToTargetFile(FirestoneSettings.java:117)
05-07 23:40:47.596 W/FirestoneHooks(10242): 	at com.template.lsposed.ModuleEntry.lambda$startSettingsSync$3(ModuleEntry.java:163)
05-07 23:40:47.596 W/FirestoneHooks(10242): 	at com.template.lsposed.ModuleEntry.$r8$lambda$53MZ5_DMRWAF7qSxzT9rHtSMkIQ(Unknown Source:0)
05-07 23:40:47.596 W/FirestoneHooks(10242): 	at com.template.lsposed.ModuleEntry$$ExternalSyntheticLambda1.run(D8$$SyntheticClass:0)
05-07 23:40:47.596 W/FirestoneHooks(10242): 	at java.lang.Thread.run(Thread.java:920)
05-07 23:40:47.651 I/AAudio  (10242): AAudioStreamBuilder_openStream() called ----------------------------------------
05-07 23:40:47.651 I/AudioStreamBuilder(10242): rate   =  24000, channels  = 2, channelMask = 0x80000003, format   = 5, sharing = SH, dir = OUTPUT
05-07 23:40:47.651 I/AudioStreamBuilder(10242): device =      0, sessionId = -1, perfMode = 12, callback: ON with frames = 1024
05-07 23:40:47.651 I/AudioStreamBuilder(10242): usage  =      0, contentType = 0, inputPreset = 0, allowedCapturePolicy = 0
05-07 23:40:47.651 I/AudioStreamBuilder(10242): privacy sensitive = false
05-07 23:40:47.651 I/AudioStreamBuilder(10242): opPackageName = (null)
05-07 23:40:47.651 I/AudioStreamBuilder(10242): attributionTag = (null)
05-07 23:40:47.651 D/udios.Fireston(10242): PlayerBase::PlayerBase()
05-07 23:40:47.651 D/AudioStreamTrack(10242): open(), request notificationFrames = 0, frameCount = 8192
05-07 23:40:47.652 W/AudioFlinger( 2249): createTrack_l(): mismatch between requested flags (00000104) and output flags (00000006)
05-07 23:40:47.653 D/AudioFlinger( 2249): Client defaulted notificationFrames to 480 for frameCount 8192
05-07 23:40:47.654 D/AF::TrackHandle( 2249): OpPlayAudio: track:68 usage:1 not muted
05-07 23:40:47.654 D/AudioTrack(10242): createTrack_l(111): AUDIO_OUTPUT_FLAG_FAST denied by server; frameCount 8192 -> 8192
05-07 23:40:47.655 D/AAudioStream(10242): setState(s#1) from 0 to 2
05-07 23:40:47.655 D/AudioStreamTrack(10242): open() flags changed from 0x00000104 to 0x00000000
05-07 23:40:47.655 D/AudioStreamTrack(10242): open() perfMode changed from 12 to 10
05-07 23:40:47.656 I/AAudio  (10242): AAudioStreamBuilder_openStream() returns 0 = AAUDIO_OK for s#1 ----------------
05-07 23:40:47.657 D/AAudio  (10242): AAudioStream_requestStart(s#1) called --------------
05-07 23:40:47.657 D/AAudioStream(10242): setState(s#1) from 2 to 3
05-07 23:40:47.658 D/AAudio  (10242): AAudioStream_requestStart(s#1) returned 0 ---------
05-07 23:40:47.658 D/AudioStreamLegacy(10242): onAudioDeviceUpdate(deviceId = 2)
05-07 23:40:47.659 D/audio_hw_primary( 2227): tunnel_pcm_open called!
05-07 23:40:47.680 I/FontLog ( 2754): (REDACTED) Received query %s, URI %s
05-07 23:40:47.681 I/FontLog ( 2754): (REDACTED) Query [%s] resolved to %s
05-07 23:40:47.681 D/AAudioStream(10242): setState(s#1) from 3 to 4
05-07 23:40:47.683 I/FontLog ( 2754): (REDACTED) Fetch %s end status %s
05-07 23:40:47.685 I/FontLog ( 2754): (REDACTED) Pulling font file for id = %d, cache size = %d
05-07 23:40:47.687 I/FontLog ( 2754): (REDACTED) Pulling font file for id = %d, cache size = %d
05-07 23:40:47.732 W/NewFileUpdater( 2669): MSG_GET_PACKAGE_TAG_INFO, no available new tag for: com.HolydayStudios.Firestone, workingTag: 12.2011
05-07 23:40:47.856 I/WifiHandlerThre( 2429): type=1400 audit(0.0:12123): avc: denied { map_read } for scontext=u:r:system_server:s0 tcontext=u:r:init:s0 tclass=bpf permissive=1
05-07 23:40:47.961 W/ServiceManager( 2429): Permission failure: android.permission.HIGH_SAMPLING_RATE_SENSORS from uid=10077 pid=10242
05-07 23:40:47.962 W/ServiceManager( 2429): Permission failure: android.permission.HIGH_SAMPLING_RATE_SENSORS from uid=10077 pid=10242
05-07 23:40:47.965 W/ServiceManager( 2429): Permission failure: android.permission.HIGH_SAMPLING_RATE_SENSORS from uid=10077 pid=10242
05-07 23:40:47.967 W/ServiceManager( 2429): Permission failure: android.permission.HIGH_SAMPLING_RATE_SENSORS from uid=10077 pid=10242
05-07 23:40:47.971 D/gralloc_x86(10242): gralloc_alloc: Creating ashmem region of size 7376896
05-07 23:40:47.975 V/MediaRouter(10242): Selecting route: RouteInfo{ name=Phone, description=null, status=null, category=RouteCategory{ name=System types=ROUTE_TYPE_LIVE_AUDIO ROUTE_TYPE_LIVE_VIDEO  groupable=false }, supportedTypes=ROUTE_TYPE_LIVE_AUDIO ROUTE_TYPE_LIVE_VIDEO , presentationDisplay=null }
05-07 23:40:47.976 I/MediaRouter(10242): Skip setBluetoothA2dpOn(): types=8388615, isPlaybackActive()=true, BT route=null
05-07 23:40:48.100 E/ActivityThread(10242): Failed to find provider info for com.firestone.hooks.settings
05-07 23:40:48.100 W/FirestoneHooks(10242): Settings provider read failed; using defaults
05-07 23:40:48.100 W/FirestoneHooks(10242): java.lang.IllegalArgumentException: Unknown authority com.firestone.hooks.settings
05-07 23:40:48.100 W/FirestoneHooks(10242): 	at android.content.ContentResolver.call(ContentResolver.java:2447)
05-07 23:40:48.100 W/FirestoneHooks(10242): 	at android.content.ContentResolver.call(ContentResolver.java:2430)
05-07 23:40:48.100 W/FirestoneHooks(10242): 	at com.template.lsposed.FirestoneSettings.readFromProvider(FirestoneSettings.java:88)
05-07 23:40:48.100 W/FirestoneHooks(10242): 	at com.template.lsposed.FirestoneSettings.syncProviderToTargetFile(FirestoneSettings.java:117)
05-07 23:40:48.100 W/FirestoneHooks(10242): 	at com.template.lsposed.ModuleEntry.lambda$startSettingsSync$3(ModuleEntry.java:163)
05-07 23:40:48.100 W/FirestoneHooks(10242): 	at com.template.lsposed.ModuleEntry.$r8$lambda$53MZ5_DMRWAF7qSxzT9rHtSMkIQ(Unknown Source:0)
05-07 23:40:48.100 W/FirestoneHooks(10242): 	at com.template.lsposed.ModuleEntry$$ExternalSyntheticLambda1.run(D8$$SyntheticClass:0)
05-07 23:40:48.100 W/FirestoneHooks(10242): 	at java.lang.Thread.run(Thread.java:920)
05-07 23:40:48.114 I/IL2CPP  (10242): Locale en-US
05-07 23:40:48.143 D/gralloc_x86(10242): gralloc_alloc: Creating ashmem region of size 7376896
05-07 23:40:48.147 D/gralloc_x86(10242): gralloc_alloc: Creating ashmem region of size 7376896
05-07 23:40:48.150 D/gralloc_x86(10242): gralloc_alloc: Creating ashmem region of size 7376896
05-07 23:40:48.151 I/ActivityTaskManager( 2429): Fully drawn com.HolydayStudios.Firestone/com.unity3d.player.UnityPlayerActivity: +1s362ms
05-07 23:40:48.154 D/gralloc_x86(10242): gralloc_alloc: Creating ashmem region of size 14749696
05-07 23:40:48.606 E/ActivityThread(10242): Failed to find provider info for com.firestone.hooks.settings
05-07 23:40:48.606 W/FirestoneHooks(10242): Settings provider read failed; using defaults
05-07 23:40:48.606 W/FirestoneHooks(10242): java.lang.IllegalArgumentException: Unknown authority com.firestone.hooks.settings
05-07 23:40:48.606 W/FirestoneHooks(10242): 	at android.content.ContentResolver.call(ContentResolver.java:2447)
05-07 23:40:48.606 W/FirestoneHooks(10242): 	at android.content.ContentResolver.call(ContentResolver.java:2430)
05-07 23:40:48.606 W/FirestoneHooks(10242): 	at com.template.lsposed.FirestoneSettings.readFromProvider(FirestoneSettings.java:88)
05-07 23:40:48.606 W/FirestoneHooks(10242): 	at com.template.lsposed.FirestoneSettings.syncProviderToTargetFile(FirestoneSettings.java:117)
05-07 23:40:48.606 W/FirestoneHooks(10242): 	at com.template.lsposed.ModuleEntry.lambda$startSettingsSync$3(ModuleEntry.java:163)
05-07 23:40:48.606 W/FirestoneHooks(10242): 	at com.template.lsposed.ModuleEntry.$r8$lambda$53MZ5_DMRWAF7qSxzT9rHtSMkIQ(Unknown Source:0)
05-07 23:40:48.606 W/FirestoneHooks(10242): 	at com.template.lsposed.ModuleEntry$$ExternalSyntheticLambda1.run(D8$$SyntheticClass:0)
05-07 23:40:48.606 W/FirestoneHooks(10242): 	at java.lang.Thread.run(Thread.java:920)
05-07 23:40:49.111 E/ActivityThread(10242): Failed to find provider info for com.firestone.hooks.settings
05-07 23:40:49.111 W/FirestoneHooks(10242): Settings provider read failed; using defaults
05-07 23:40:49.111 W/FirestoneHooks(10242): java.lang.IllegalArgumentException: Unknown authority com.firestone.hooks.settings
05-07 23:40:49.111 W/FirestoneHooks(10242): 	at android.content.ContentResolver.call(ContentResolver.java:2447)
05-07 23:40:49.111 W/FirestoneHooks(10242): 	at android.content.ContentResolver.call(ContentResolver.java:2430)
05-07 23:40:49.111 W/FirestoneHooks(10242): 	at com.template.lsposed.FirestoneSettings.readFromProvider(FirestoneSettings.java:88)
05-07 23:40:49.111 W/FirestoneHooks(10242): 	at com.template.lsposed.FirestoneSettings.syncProviderToTargetFile(FirestoneSettings.java:117)
05-07 23:40:49.111 W/FirestoneHooks(10242): 	at com.template.lsposed.ModuleEntry.lambda$startSettingsSync$3(ModuleEntry.java:163)
05-07 23:40:49.111 W/FirestoneHooks(10242): 	at com.template.lsposed.ModuleEntry.$r8$lambda$53MZ5_DMRWAF7qSxzT9rHtSMkIQ(Unknown Source:0)
05-07 23:40:49.111 W/FirestoneHooks(10242): 	at com.template.lsposed.ModuleEntry$$ExternalSyntheticLambda1.run(D8$$SyntheticClass:0)
05-07 23:40:49.111 W/FirestoneHooks(10242): 	at java.lang.Thread.run(Thread.java:920)
05-07 23:40:49.616 E/ActivityThread(10242): Failed to find provider info for com.firestone.hooks.settings
05-07 23:40:49.617 W/FirestoneHooks(10242): Settings provider read failed; using defaults
05-07 23:40:49.617 W/FirestoneHooks(10242): java.lang.IllegalArgumentException: Unknown authority com.firestone.hooks.settings
05-07 23:40:49.617 W/FirestoneHooks(10242): 	at android.content.ContentResolver.call(ContentResolver.java:2447)
05-07 23:40:49.617 W/FirestoneHooks(10242): 	at android.content.ContentResolver.call(ContentResolver.java:2430)
05-07 23:40:49.617 W/FirestoneHooks(10242): 	at com.template.lsposed.FirestoneSettings.readFromProvider(FirestoneSettings.java:88)
05-07 23:40:49.617 W/FirestoneHooks(10242): 	at com.template.lsposed.FirestoneSettings.syncProviderToTargetFile(FirestoneSettings.java:117)
05-07 23:40:49.617 W/FirestoneHooks(10242): 	at com.template.lsposed.ModuleEntry.lambda$startSettingsSync$3(ModuleEntry.java:163)
05-07 23:40:49.617 W/FirestoneHooks(10242): 	at com.template.lsposed.ModuleEntry.$r8$lambda$53MZ5_DMRWAF7qSxzT9rHtSMkIQ(Unknown Source:0)
05-07 23:40:49.617 W/FirestoneHooks(10242): 	at com.template.lsposed.ModuleEntry$$ExternalSyntheticLambda1.run(D8$$SyntheticClass:0)
05-07 23:40:49.617 W/FirestoneHooks(10242): 	at java.lang.Thread.run(Thread.java:920)
05-07 23:40:49.811 E/TaskPersister( 2429): File error accessing recents directory (directory doesn't exist?).
05-07 23:40:50.121 E/ActivityThread(10242): Failed to find provider info for com.firestone.hooks.settings
05-07 23:40:50.121 W/FirestoneHooks(10242): Settings provider read failed; using defaults
05-07 23:40:50.121 W/FirestoneHooks(10242): java.lang.IllegalArgumentException: Unknown authority com.firestone.hooks.settings
05-07 23:40:50.121 W/FirestoneHooks(10242): 	at android.content.ContentResolver.call(ContentResolver.java:2447)
05-07 23:40:50.121 W/FirestoneHooks(10242): 	at android.content.ContentResolver.call(ContentResolver.java:2430)
05-07 23:40:50.121 W/FirestoneHooks(10242): 	at com.template.lsposed.FirestoneSettings.readFromProvider(FirestoneSettings.java:88)
05-07 23:40:50.121 W/FirestoneHooks(10242): 	at com.template.lsposed.FirestoneSettings.syncProviderToTargetFile(FirestoneSettings.java:117)
05-07 23:40:50.121 W/FirestoneHooks(10242): 	at com.template.lsposed.ModuleEntry.lambda$startSettingsSync$3(ModuleEntry.java:163)
05-07 23:40:50.121 W/FirestoneHooks(10242): 	at com.template.lsposed.ModuleEntry.$r8$lambda$53MZ5_DMRWAF7qSxzT9rHtSMkIQ(Unknown Source:0)
05-07 23:40:50.121 W/FirestoneHooks(10242): 	at com.template.lsposed.ModuleEntry$$ExternalSyntheticLambda1.run(D8$$SyntheticClass:0)
05-07 23:40:50.121 W/FirestoneHooks(10242): 	at java.lang.Thread.run(Thread.java:920)
05-07 23:40:50.229 I/Unity   (10242): EpicGames
05-07 23:40:50.229 I/Unity   (10242): UnityEngine.DebugLogHandler:Internal_Log(LogType, LogOption, String, Object)
05-07 23:40:50.229 I/Unity   (10242): GameAnalytics:SendAnalyticsLoadingPhasePHP(LoadingPhase, String, String, String)
05-07 23:40:50.229 I/Unity   (10242): GameAnalytics:SendAnalyticsLoadingPhase(LoadingPhase, String, String, String)
05-07 23:40:50.229 I/Unity   (10242): StartScript:Awake()
05-07 23:40:50.229 I/Unity   (10242): 
05-07 23:40:50.236 I/SkDestroyListen( 2219): type=1400 audit(0.0:12124): avc: denied { read } for scontext=u:r:init:s0 tcontext=u:r:init:s0 tclass=netlink_tcpdiag_socket permissive=1
05-07 23:40:50.236 I/Thread-4(10242): type=1400 audit(0.0:12125): avc: denied { connectto } for path="/dev/socket/dnsproxyd" scontext=u:r:untrusted_app:s0:c77,c256,c512,c768 tcontext=u:r:init:s0 tclass=unix_stream_socket permissive=1
05-07 23:40:50.236 I/Binder:2219_2( 2219): type=1400 audit(0.0:12126): avc: denied { read write } for path="socket:[69736]" dev="sockfs" ino=69736 scontext=u:r:init:s0 tcontext=u:r:untrusted_app:s0:c77,c256,c512,c768 tclass=tcp_socket permissive=1
05-07 23:40:50.236 I/Binder:2219_2( 2219): type=1400 audit(0.0:12127): avc: denied { getopt } for scontext=u:r:init:s0 tcontext=u:r:untrusted_app:s0:c77,c256,c512,c768 tclass=tcp_socket permissive=1
05-07 23:40:50.236 I/Binder:2219_2( 2219): type=1400 audit(0.0:12128): avc: denied { setopt } for scontext=u:r:init:s0 tcontext=u:r:untrusted_app:s0:c77,c256,c512,c768 tclass=tcp_socket permissive=1
05-07 23:40:50.247 W/ServiceManager( 2429): Permission failure: android.permission.HIGH_SAMPLING_RATE_SENSORS from uid=10077 pid=10242
05-07 23:40:50.247 W/SensorService( 2429): sensor 00000000 already enabled in connection 0xb400006e09f8d6b0 (ignoring)
05-07 23:40:50.249 W/ServiceManager( 2429): Permission failure: android.permission.HIGH_SAMPLING_RATE_SENSORS from uid=10077 pid=10242
05-07 23:40:50.392 I/Dns_100_10077( 2219): type=1400 audit(0.0:12129): avc: denied { getopt } for scontext=u:r:init:s0 tcontext=u:r:init:s0 tclass=udp_socket permissive=1
05-07 23:40:50.392 I/Dns_100_10077( 2219): type=1400 audit(0.0:12130): avc: denied { bind } for scontext=u:r:init:s0 tcontext=u:r:init:s0 tclass=udp_socket permissive=1
05-07 23:40:50.392 I/Dns_100_10077( 2219): type=1400 audit(0.0:12131): avc: denied { node_bind } for src=40931 scontext=u:r:init:s0 tcontext=u:object_r:node:s0 tclass=udp_socket permissive=1
05-07 23:40:50.392 I/Dns_100_10077( 2219): type=1400 audit(0.0:12132): avc: denied { write } for laddr=10.0.2.15 lport=40931 faddr=10.0.2.3 fport=53 scontext=u:r:init:s0 tcontext=u:r:init:s0 tclass=udp_socket permissive=1
05-07 23:40:50.420 I/Unity   (10242): EpicGames
05-07 23:40:50.420 I/Unity   (10242): UnityEngine.DebugLogHandler:Internal_Log(LogType, LogOption, String, Object)
05-07 23:40:50.420 I/Unity   (10242): GameAnalytics:SendAnalyticsLoadingPhasePHP(LoadingPhase, String, String, String)
05-07 23:40:50.420 I/Unity   (10242): GameAnalytics:SendAnalyticsLoadingPhase(LoadingPhase, String, String, String)
05-07 23:40:50.420 I/Unity   (10242): <LoadNextScene>d__24:MoveNext()
05-07 23:40:50.420 I/Unity   (10242): UnityEngine.SetupCoroutine:InvokeMoveNext(IEnumerator, IntPtr)
05-07 23:40:50.420 I/Unity   (10242): 
05-07 23:40:50.624 E/ActivityThread(10242): Failed to find provider info for com.firestone.hooks.settings
05-07 23:40:50.625 W/FirestoneHooks(10242): Settings provider read failed; using defaults
05-07 23:40:50.625 W/FirestoneHooks(10242): java.lang.IllegalArgumentException: Unknown authority com.firestone.hooks.settings
05-07 23:40:50.625 W/FirestoneHooks(10242): 	at android.content.ContentResolver.call(ContentResolver.java:2447)
05-07 23:40:50.625 W/FirestoneHooks(10242): 	at android.content.ContentResolver.call(ContentResolver.java:2430)
05-07 23:40:50.625 W/FirestoneHooks(10242): 	at com.template.lsposed.FirestoneSettings.readFromProvider(FirestoneSettings.java:88)
05-07 23:40:50.625 W/FirestoneHooks(10242): 	at com.template.lsposed.FirestoneSettings.syncProviderToTargetFile(FirestoneSettings.java:117)
05-07 23:40:50.625 W/FirestoneHooks(10242): 	at com.template.lsposed.ModuleEntry.lambda$startSettingsSync$3(ModuleEntry.java:163)
05-07 23:40:50.625 W/FirestoneHooks(10242): 	at com.template.lsposed.ModuleEntry.$r8$lambda$53MZ5_DMRWAF7qSxzT9rHtSMkIQ(Unknown Source:0)
05-07 23:40:50.625 W/FirestoneHooks(10242): 	at com.template.lsposed.ModuleEntry$$ExternalSyntheticLambda1.run(D8$$SyntheticClass:0)
05-07 23:40:50.625 W/FirestoneHooks(10242): 	at java.lang.Thread.run(Thread.java:920)
05-07 23:40:51.129 E/ActivityThread(10242): Failed to find provider info for com.firestone.hooks.settings
05-07 23:40:51.129 W/FirestoneHooks(10242): Settings provider read failed; using defaults
05-07 23:40:51.129 W/FirestoneHooks(10242): java.lang.IllegalArgumentException: Unknown authority com.firestone.hooks.settings
05-07 23:40:51.129 W/FirestoneHooks(10242): 	at android.content.ContentResolver.call(ContentResolver.java:2447)
05-07 23:40:51.129 W/FirestoneHooks(10242): 	at android.content.ContentResolver.call(ContentResolver.java:2430)
05-07 23:40:51.129 W/FirestoneHooks(10242): 	at com.template.lsposed.FirestoneSettings.readFromProvider(FirestoneSettings.java:88)
05-07 23:40:51.129 W/FirestoneHooks(10242): 	at com.template.lsposed.FirestoneSettings.syncProviderToTargetFile(FirestoneSettings.java:117)
05-07 23:40:51.129 W/FirestoneHooks(10242): 	at com.template.lsposed.ModuleEntry.lambda$startSettingsSync$3(ModuleEntry.java:163)
05-07 23:40:51.129 W/FirestoneHooks(10242): 	at com.template.lsposed.ModuleEntry.$r8$lambda$53MZ5_DMRWAF7qSxzT9rHtSMkIQ(Unknown Source:0)
05-07 23:40:51.129 W/FirestoneHooks(10242): 	at com.template.lsposed.ModuleEntry$$ExternalSyntheticLambda1.run(D8$$SyntheticClass:0)
05-07 23:40:51.129 W/FirestoneHooks(10242): 	at java.lang.Thread.run(Thread.java:920)
05-07 23:40:51.392 I/netd    ( 2219): type=1400 audit(0.0:12138): avc: denied { create } for scontext=u:r:init:s0 tcontext=u:r:init:s0 tclass=netlink_tcpdiag_socket permissive=1
05-07 23:40:51.392 I/netd    ( 2219): type=1400 audit(0.0:12139): avc: denied { connect } for scontext=u:r:init:s0 tcontext=u:r:init:s0 tclass=netlink_tcpdiag_socket permissive=1
05-07 23:40:51.392 I/netd    ( 2219): type=1400 audit(0.0:12140): avc: denied { write } for path="socket:[66251]" dev="sockfs" ino=66251 scontext=u:r:init:s0 tcontext=u:r:init:s0 tclass=netlink_tcpdiag_socket permissive=1
05-07 23:40:51.392 I/netd    ( 2219): type=1400 audit(0.0:12141): avc: denied { nlmsg_read } for scontext=u:r:init:s0 tcontext=u:r:init:s0 tclass=netlink_tcpdiag_socket permissive=1
05-07 23:40:51.599 D/opengl-gc( 2307): Check pid 3171: running 1
05-07 23:40:51.596 I/opengl-gc( 2307): type=1400 audit(0.0:12142): avc: denied { sys_ptrace } for capability=19 scontext=u:r:init:s0 tcontext=u:r:init:s0 tclass=capability permissive=1
05-07 23:40:51.634 E/ActivityThread(10242): Failed to find provider info for com.firestone.hooks.settings
05-07 23:40:51.634 W/FirestoneHooks(10242): Settings provider read failed; using defaults
05-07 23:40:51.634 W/FirestoneHooks(10242): java.lang.IllegalArgumentException: Unknown authority com.firestone.hooks.settings
05-07 23:40:51.634 W/FirestoneHooks(10242): 	at android.content.ContentResolver.call(ContentResolver.java:2447)
05-07 23:40:51.634 W/FirestoneHooks(10242): 	at android.content.ContentResolver.call(ContentResolver.java:2430)
05-07 23:40:51.634 W/FirestoneHooks(10242): 	at com.template.lsposed.FirestoneSettings.readFromProvider(FirestoneSettings.java:88)
05-07 23:40:51.634 W/FirestoneHooks(10242): 	at com.template.lsposed.FirestoneSettings.syncProviderToTargetFile(FirestoneSettings.java:117)
05-07 23:40:51.634 W/FirestoneHooks(10242): 	at com.template.lsposed.ModuleEntry.lambda$startSettingsSync$3(ModuleEntry.java:163)
05-07 23:40:51.634 W/FirestoneHooks(10242): 	at com.template.lsposed.ModuleEntry.$r8$lambda$53MZ5_DMRWAF7qSxzT9rHtSMkIQ(Unknown Source:0)
05-07 23:40:51.634 W/FirestoneHooks(10242): 	at com.template.lsposed.ModuleEntry$$ExternalSyntheticLambda1.run(D8$$SyntheticClass:0)
05-07 23:40:51.634 W/FirestoneHooks(10242): 	at java.lang.Thread.run(Thread.java:920)
05-07 23:40:51.684 I/shadowhook_tag(10242): linker: call_ctors pre, load_bias 6bab604000, name /data/app/~~eYnZX0CwG_PADosI43wKmA==/com.HolydayStudios.Firestone-KwYIEPUCRPiNe65OfXHOnQ==/lib/arm64/libEOSSDK.so
05-07 23:40:51.684 I/shadowhook_tag(10242): task: call_ctors() pre callback. load_bias 6bab604000, name /data/app/~~eYnZX0CwG_PADosI43wKmA==/com.HolydayStudios.Firestone-KwYIEPUCRPiNe65OfXHOnQ==/lib/arm64/libEOSSDK.so
05-07 23:40:51.686 I/shadowhook_tag(10242): linker: call_ctors post, load_bias 6bab604000, name /data/app/~~eYnZX0CwG_PADosI43wKmA==/com.HolydayStudios.Firestone-KwYIEPUCRPiNe65OfXHOnQ==/lib/arm64/libEOSSDK.so
05-07 23:40:51.718 I/Unity   (10242): CurrentPlatform has been assigned as Android.
05-07 23:40:51.718 I/Unity   (10242): UnityEngine.DebugLogHandler:Internal_Log(LogType, LogOption, String, Object)
05-07 23:40:51.718 I/Unity   (10242): PlayEveryWare.EpicOnlineServices.PlatformManager:.cctor()
05-07 23:40:51.718 I/Unity   (10242): PlayEveryWare.EpicOnlineServices.Utility.ConfigurationUtility:GetEOSInitializeOptions()
05-07 23:40:51.718 I/Unity   (10242): PlayEveryWare.EpicOnlineServices.EOSSingleton:InitializePlatformInterface()
05-07 23:40:51.718 I/Unity   (10242): PlayEveryWare.EpicOnlineServices.EOSSingleton:Init(IEOSCoroutineOwner, String)
05-07 23:40:51.718 I/Unity   (10242): UnityEngine.GameObject:Internal_AddComponentWithType(Type)
05-07 23:40:51.718 I/Unity   (10242): UnityEngine.GameObject:AddComponent()
05-07 23:40:51.718 I/Unity   (10242): BuildSettings:Initialize()
05-07 23:40:51.718 I/Unity   (10242): <StartGameFlow>d__22:MoveNext()
05-07 23:40:51.718 I/Unity   (10242): UnityEngine.SetupCoroutine:InvokeMoveNext(IEnumerator, IntPtr)
05-07 23:40:51.718 I/Unity   (10242): 
05-07 23:40:51.720 E/Unity   (10242): Unable to populate object of type "PlayEveryWare.EpicOnlineServices.Config" from JSON: "{
