--------- beginning of system
05-07 23:45:48.918 W/WindowManager( 2429): Cannot find window which accessibility connection is added to
05-07 23:45:48.918 V/ActivityManager( 2429): Got obituary of 10659:com.HolydayStudios.Firestone
05-07 23:45:48.918 W/ActivityManager( 2429): setHasOverlayUi called on unknown pid: 10659
--------- beginning of main
05-07 23:45:48.919 I/Zygote  ( 2220): Process 10659 exited due to signal 9 (Killed)
05-07 23:45:49.940 D/ProcessState(11036): Binder ioctl to enable oneway spam detection failed: Invalid argument
05-07 23:45:49.942 I/ActivityManager( 2429): Force stopping com.HolydayStudios.Firestone appid=10077 user=0: from pid 11036
05-07 23:45:50.196 I/ActivityTaskManager( 2429): START u0 {flg=0x10000000 cmp=com.HolydayStudios.Firestone/com.unity3d.player.UnityPlayerActivity} from uid 2000, pid 11036
05-07 23:45:50.198 I/ActivityTaskManager( 2429): [KeepAlive] disabled for com.HolydayStudios.Firestone
05-07 23:45:50.199 W/ActivityTaskManager( 2429): Can't find TaskDisplayArea to determine support for multi window. Task id=51 attached=false
05-07 23:45:50.203 D/CompatibilityChangeReporter( 2429): Compat change id reported: 174042980; UID 10077; state: DISABLED
05-07 23:45:50.204 D/CompatibilityChangeReporter( 2429): Compat change id reported: 184838306; UID 10077; state: DISABLED
05-07 23:45:50.205 D/CompatibilityChangeReporter( 2429): Compat change id reported: 185004937; UID 10077; state: DISABLED
05-07 23:45:50.208 I/RecentTaskMonitor( 2429): onTaskMovedToFront 51
05-07 23:45:50.208 D/RecentTaskMonitor( 2429): openTabFromAms task is Task{f7d5229 #51 type=standard A=10077:com.HolydayStudios.Firestone U=0 visible=true visibleRequested=false mode=fullscreen translucent=true sz=1}
05-07 23:45:50.209 D/CompatibilityChangeReporter( 2429): Compat change id reported: 168419799; UID 10077; state: DISABLED
05-07 23:45:50.210 D/RecentTaskMonitor( 2429): onRecentTaskAdded 51:Task=51
05-07 23:45:50.208 I/ll.splashscreen( 2670): type=1400 audit(0.0:12893): avc: denied { getattr } for path="/system/framework/framework-res.apk" dev="sda1" ino=1454 scontext=u:r:platform_app:s0:c512,c768 tcontext=u:object_r:unlabeled:s0 tclass=file permissive=1
05-07 23:45:50.225 D/gralloc_x86( 2670): gralloc_alloc: Creating ashmem region of size 14749696
05-07 23:45:50.227 W/RecentTaskMonitor( 2429): null pid retry ...
05-07 23:45:50.227 E/RecentTaskMonitor( 2429): VAPIShellNotifier#notifyOpenTab null params
05-07 23:45:50.228 E/ndroid.systemu( 2670): vulkan version is 4202746
05-07 23:45:50.224 I/RenderThread( 2670): type=1400 audit(0.0:12894): avc: denied { use } for path="/dev/ashmem0a3da58f-7e1b-4c7c-8565-69d28e278314" dev="tmpfs" ino=253 scontext=u:r:init:s0 tcontext=u:r:platform_app:s0:c512,c768 tclass=fd permissive=1
05-07 23:45:50.229 D/gralloc_x86( 2670): gralloc_alloc: Creating ashmem region of size 14749696
05-07 23:45:50.230 D/CompatibilityChangeReporter( 2429): Compat change id reported: 135634846; UID 10077; state: DISABLED
05-07 23:45:50.230 D/CompatibilityChangeReporter( 2429): Compat change id reported: 177438394; UID 10077; state: DISABLED
05-07 23:45:50.230 D/CompatibilityChangeReporter( 2429): Compat change id reported: 135772972; UID 10077; state: DISABLED
05-07 23:45:50.230 D/CompatibilityChangeReporter( 2429): Compat change id reported: 135754954; UID 10077; state: ENABLED
05-07 23:45:50.234 D/Zygote  ( 2220): Forked child process 11040
05-07 23:45:50.235 I/ActivityManager( 2429): Start proc 11040:com.HolydayStudios.Firestone/u0a77 for pre-top-activity {com.HolydayStudios.Firestone/com.unity3d.player.UnityPlayerActivity}
05-07 23:45:50.236 D/gralloc_x86( 2670): gralloc_alloc: Creating ashmem region of size 14749696
05-07 23:45:50.236 D/gralloc_x86( 2670): gralloc_alloc: Creating ashmem region of size 14749696
05-07 23:45:50.240 D/RecentTaskMonitor( 2429): task null or not sub display in notifyDisplayOpened
05-07 23:45:50.236 I/main    (11040): type=1400 audit(0.0:12895): avc: denied { search } for name="com.android.permission" dev="sda1" ino=348 scontext=u:r:zygote:s0 tcontext=u:object_r:unlabeled:s0 tclass=dir permissive=1
05-07 23:45:50.241 D/RecentTaskMonitor( 2429): VAPIShellNotifier#notifyOpenTab :{"id":"task:51","displayId":0,"userId":0,"name":"Firestone","originName":"Firestone","packageName":"com.HolydayStudios.Firestone","launcher":false,"newTask":true,"icon":"iVBORw0KGgoAAAANSUhEUgAAAIAAAACACAYAAADDPmHLAAAAAXNSR0IArs4c6QAAAARzQklUCAgICHwIZIgAACAASURBVHicrLx3lJ3Jddj5q\/rSy6FzBLrRyGkQOAlDDGc45AQmURTFoBWpFU1JFJUsadc+R7K98tljr71eWxbtlShrSUs8YpBIyhSHYpghZzjkJGAiYqMBdM7p9cvvi1X7x2vEQQOYse47dfr1++qrcO+te2\/durcEG8DWz73a7gjvXqT4GIIPaq3i19cRQqJ0hECAEAAoqdBSo7UFiEs1b9iHENf+rrW+4e9vBi61cTO4pn15k3rr49bqqjavry9BG1eeaw1KGbxxzhvMSWssHSFliFh\/P9A2UgT84ty\/ZCq+l+dbP4FhRNhSYgkwhAQBmvX5rs\/n6h6kINLIYyj95cg0n3jhI3su3niON4Ddf\/bSQXT0tIDsjUd9BUIzvOHvUl5pOoquMMP\/DHGvAbHelr49ot+wCSlQltr4eSQQ6trxKlNtSMuNQCmJ1sbG\/QCWDhBCobVFJAQDjdf5+Pwf8bmBL1Ix24gBUiikoZFX4VDIK3i1tb7h0JTSRFp\/Maqpz7zya28Lrn52DT\/3\/afn43v\/7MU\/kahnb0V8LTTKUAiaDHh9uWaCUiHEbRJJ3Eb5x2hHNqXVzUBLjZLqmvJmQANKG1xG803mEwmTEJtICAQR95e+xSv591G3csj1vkMBgRIordHrRSl1eRGEcLkEQKA1vtLUgboWn6o7vHzk9\/\/r5qvHeJkBBv7o6Vg2bnxOw29rdOJaZF8l4tY\/SA2GRkiBEFfKpVnp9bc0IEQEQq0zhr6mvevh6rY2LFJckSTrxLyGMW6HiSRgAFoh1AaEFet1ri5vZvXr9Y6ERMgbLxQhBEiBkrJZhGCzN0xHOMVzLT8HUmNI3VSrUqOk5sqnqab0Oj6VEFeYQGsCfYUZVOTT+ew39vc+\/ddPvqd35\/ZLQzQvfUn0Of9Zi+jTN54IyEA29btxFbJuIM61lqBN0O56lSaxpNRNRmBdJN5M+V7d8TVfNWJd5+l1Da0FaFNtOJ5bgyC7epFKy2Yiw34L718Rw1dDc47Xin0pwytEX6+jrlMxAsUjla9yLnME18q9AUtCCIJL6lQKbHVF7GutL9srCk0ERAjwG3S8+D1aX\/wH6nVvG4719Z9n951f56xvAuz\/\/PMPKS0+qa4T00rp5oARaEOhUdfqW70+mattKgGICCEM9OWldslgASHWdegtNIIVeeT9VeJBFSMMsBolMtV5Um4FpIGRTWLHYxStNirSxrfiLJtZ6kYM37AJDRvErZnMCar8Vtt5Pl9LspzquWX9N8AGPNdUedE1PHkJl1fXkdepla5gmq5wnMfbfuW2uo\/Etei89DfSze\/Sq9P\/o78mO3ycaj0AIhJxsbfvHeIPeYb\/Q2z93E\/aEzExpqSR0vKNCGsSXF\/+fjX9pZQbGnUa0DdaBSJAc2OjSGhFIqyTK8+xZ\/kYufoiURihfIUIg3WdChKBKT2k0MTjDqZlYkiBJx3WZJK10KLm5Cgn2iilOygl2\/GcNEoab5ASO8un+dw7DH77r04xcsdHrnl+jfV\/aYzXMfytoNncVUS\/ycuG9vnF5f9A2cjzP1o+cw0D3wjPN5I8l8astcaqFhl44ksYw8fwPZdMOk5bPkbC0WRTtSiXdbabsZT1zgiR2ngCV4yBNyNhlTK5EaaUtt7wm4GmLVrjQOkUb6ueQXk+Nd\/FlRplahoKQmHgYyERqEjhaxMVKeo1j7gj2NFj0t2eImbCQqHIyPws8\/MxNAYqGaOY6WapZZBitpt6PEtoWBh+gw+3TmEFLXTPvsL4zsfwY5mbIvhWcDWhbkbsa19q\/unzxzjgPc+\/6\/48XLUYN2rnRgx6yR4wKwW2\/sOfE557jUApOtrS9HUoWuMubSmDji6MdFI\/bGr4xduc2w1B6Y3E7K0nL2VEJ1Xe759kj3cOoRu4QlM3I4hL7MggCEJAEoQhMRSekjQijecHSCkwTYMw0igtKBVLkDDJZ5P0kWBLv4FpmJyacYkXxmgvTBAYFoGdYDXTR5RyeM8HWikWiiTLs7QvnWV20z03HKteN+iEUGykv26b4BvAfbXv8UryQZbN7jf9rr5qTObqAgPf+xLeyMvEHZuhvjjppGBTt6C3TZJN+nihxciF6Z8zNdz3Vofd1Os33t8KIa5z7FwRTQCmgIfNUX4ueoWsUcYzXEJbkRAC0zWpKkWkNIaElK3BMlA6wgsVCRNcx8T1PKoNhdbw6gWNo11yhsv+ff1syceJWRqtQxL9JlPzHkuBxDQ1QeCSmq\/x7vts6pMzJFruI2nV6Z58ZUMGaHpejPXdzMYYuyUTbPC4LxhlV3iS\/9zyf6GEeXttcRmr6\/9oYgsTbH7yS0Tjw\/S3BXS0JdjT59HVnaa93UNrwdKywfA0zK\/E7zQFIn\/LXq4Dpa927Gxc7xpxKDRSNncBGRnwTxLneYTzEFWoVKpYZoRSEPoGkWruHGwzwjA0KKu518Ugbiu0VghhEQSSlZSm4UeUSj6r1ZDRpSpzyy+zd1c\/d+7pRwpBW9ogm8gR2jaGlWNyrsirw7N0Z7vx3AYr8wVaWvIUloZJ1FdpJNuujPsSEQQ0N1VvYbnckicE76w\/zow1RMHsvmLVrxP2ZoyglIkQCkFAau4Ce7\/\/p5Rmxxgc6GD\/tjqb+2129GliMUmtlmByusDkTJXFZRBCZ80NW74pRNf9L7mZT1WI6LIjqM3w+NdtZ3i7NUXguyws1JBhiFI2gYpoRD7StMg4NpXAJwwDHNRlJAihMC2BEA6eFyDrPmtCYOXihEmHlnSclZVVnj6+yNjIHA8+cJSeXomlFL4XMXxxnOHFOoPdazjFFeLbevnT\/\/QEve0OGbHGponnOL\/7A+h\/LI\/lbUBGrbE3fJU\/z\/zBm35XCoVG03r2efa9\/BXaWObnPpZm9x6HfLITx7FQKoXnwdJclQuzmoklA6UU+bzFW2IAKa7dumgtbrqrE+tOoA7D49+1HuewnEIpyWphichyMG0bVYuQlqC1NYFpGHieD3UTFUmMdZeHNCS27QCKej0CAiwUCUIM0yIUGktKpMxQqxksLFf528df4IF7Orlj3178RhHllzH9Ve7b042uTzJxIWAm8RArs89wqEdSHf0RE1sfxHdu6QW\/bpJvEonrYOqIn69+kfPWHUyY265r8jbsqMij\/eSP2Xvy7+hylnnonZId+0xiyRJStxGFmnrdYW6+zNmRBnMLdaJIk8062LZ4awxwNahrDn2umphx9R5YkpEB\/7b1ZQ7piyAF5WKdTD6PY6ZwPY98XCFME2GYFFeKaDcgYVuAgRAgDYnjGAghCIOQMFD4foSpNTECTKkIpERLiVYSKR2kNCgVizzx7AhLRXj7\/i0QNkgbNVqNEjKT4sXX6\/Qe+WVe+corPLLPYH51mXxhnKWeg5fnorXGieqoSBE4qQ2Jo29lHAreYD90hrPc5z3Dv235v9GG9ab4SAQ+fa98ix2nf0Bfssqdd+XZsbeKYwtEZOMHDrVawNx8wNRUmfmFGq6nSSYTxOMaIfT\/PAOA4opvtekEvt7vb6D5bO4Mh9VZpG0SAfnePmqejwgE8XgcJ2ujQ8Xq8hpBGBCLx1CquRuS0sCJxbFSCYxIocKARMLFWguxzQbJRMjERQi1wjEEdcekGoWYMYGRsln1U7xwYpqZZZ9YfIWH37uJtdWzxLp28GJ9B0eG4CnzKKNLP6Yz1WBg+Hssd+5FG1e2rK2iQu
05-07 23:45:50.241 D/gralloc_x86( 2254): gralloc_alloc: Creating ashmem region of size 14749696
05-07 23:45:50.241 I/Zygote  (11040): fakeProductInfoIfNeed callded! com.HolydayStudios.Firestone
05-07 23:45:50.247 I/Zygote  (11040): fake Product info com.HolydayStudios.Firestone not matched any pattern
05-07 23:45:50.248 I/Zygote  (11040): fakeProductInfoFromProperties callded! com.HolydayStudios.Firestone
05-07 23:45:50.248 W/System.err( 2429): org.json.JSONException: No value for errcode
05-07 23:45:50.248 W/System.err( 2429): 	at org.json.JSONObject.get(JSONObject.java:403)
05-07 23:45:50.248 W/System.err( 2429): 	at org.json.JSONObject.getInt(JSONObject.java:492)
05-07 23:45:50.248 W/System.err( 2429): 	at com.android.server.vapi.VApiRequestListener.onResponse(VApiRequestListener.java:20)
05-07 23:45:50.248 W/System.err( 2429): 	at com.android.server.vapi.VApiRequestListener.onResponse(VApiRequestListener.java:13)
05-07 23:45:50.248 W/System.err( 2429): 	at com.android.volley.toolbox.JsonRequest.deliverResponse(JsonRequest.java:90)
05-07 23:45:50.248 W/System.err( 2429): 	at com.android.volley.ExecutorDelivery$ResponseDeliveryRunnable.run(ExecutorDelivery.java:102)
05-07 23:45:50.248 W/System.err( 2429): 	at android.os.Handler.handleCallback(Handler.java:938)
05-07 23:45:50.250 W/System.err( 2429): 	at android.os.Handler.dispatchMessage(Handler.java:99)
05-07 23:45:50.250 W/System.err( 2429): 	at android.os.Looper.loopOnce(Looper.java:201)
05-07 23:45:50.250 W/System.err( 2429): 	at android.os.Looper.loop(Looper.java:288)
05-07 23:45:50.250 W/System.err( 2429): 	at com.android.server.SystemServer.run(SystemServer.java:929)
05-07 23:45:50.250 W/System.err( 2429): 	at com.android.server.SystemServer.main(SystemServer.java:611)
05-07 23:45:50.250 W/System.err( 2429): 	at java.lang.reflect.Method.invoke(Native Method)
05-07 23:45:50.250 W/System.err( 2429): 	at com.android.internal.os.RuntimeInit$MethodAndArgsCaller.run(RuntimeInit.java:555)
05-07 23:45:50.250 W/System.err( 2429): 	at com.android.internal.os.ZygoteInit.main(ZygoteInit.java:1069)
05-07 23:45:50.248 I/main    (11040): type=1400 audit(0.0:12896): avc: denied { read } for name="u:object_r:serialno_prop:s0" dev="tmpfs" ino=3067 scontext=u:r:zygote:s0 tcontext=u:object_r:serialno_prop:s0 tclass=file permissive=1
05-07 23:45:50.248 I/main    (11040): type=1400 audit(0.0:12897): avc: denied { open } for path="/dev/__properties__/u:object_r:serialno_prop:s0" dev="tmpfs" ino=3067 scontext=u:r:zygote:s0 tcontext=u:object_r:serialno_prop:s0 tclass=file permissive=1
05-07 23:45:50.256 E/system_server( 2429): vulkan version is 4202746
05-07 23:45:50.259 D/com.netease.nemu_vapi_android.thread.HttpServer( 2669): http server response data: {"errcode":0,"message":"OK"}
05-07 23:45:50.260 D/com.netease.nemu_vapi_android.thread.HttpServer( 2669): http server response data: {"errcode":0,"message":"OK"}
05-07 23:45:50.261 E/NemuAppNameUtil(11040): save data success
05-07 23:45:50.263 V/zygiskd64( 2221): zygiskd::zygiskd: New daemon action: GetProcessFlags
05-07 23:45:50.265 I/RecentTaskMonitor( 2429): broadcast tab opened in android as it's new task 51
05-07 23:45:50.265 W/BroadcastQueue( 2429): Background execution not allowed: receiving Intent { act=nemu.intent.action.NEW_TASK dat=package:com.HolydayStudios.Firestone flg=0x10 (has extras) } to com.mumu.acc/.AccMsgReceiver
05-07 23:45:50.267 W/ActivityManager( 2429): Foreground service started from background can not have location/camera/microphone access: service com.mumu.acc/.AccService
05-07 23:45:50.267 V/ActivityManager( 2429): Attempted to start a foreground service (com.mumu.acc/.AccService) with a broken notification (no icon: Notification(channel=acc-service shortcut=null contentView=null vibrate=null sound=null defaults=0x0 flags=0x40 color=0x00000000 vis=PRIVATE))
05-07 23:45:50.267 D/NewFileUpdater( 2669): onOpenNewTask focusPkgName set to com.HolydayStudios.Firestone
05-07 23:45:50.268 D/VApi.Res.TabManager( 2669): setFocusTaskProp 51
05-07 23:45:50.281 D/ProcessState(11047): Binder ioctl to enable oneway spam detection failed: Invalid argument
05-07 23:45:50.293 V/zygiskd64( 2221): zygiskd::zygiskd: Flags for UID 10077: ProcessFlags(PROCESS_ROOT_IS_MAGISK)
05-07 23:45:50.294 V/zygiskd64( 2221): zygiskd::zygiskd: New daemon action: ReadModules
05-07 23:45:50.310 W/System  ( 2670): A resource failed to call close. 
05-07 23:45:50.310 W/System  ( 2670): A resource failed to call close. 
05-07 23:45:50.311 W/System  ( 2670): A resource failed to call release. 
05-07 23:45:50.311 W/System  ( 2670): A resource failed to call release. 
05-07 23:45:50.311 W/System  ( 2670): A resource failed to call close. 
05-07 23:45:50.311 W/System  ( 2670): A resource failed to call release. 
05-07 23:45:50.311 W/System  ( 2670): A resource failed to call release. 
05-07 23:45:50.339 D/RecentTaskMonitor( 2429): task null or not sub display in notifyDisplayOpened
05-07 23:45:50.340 D/RecentTaskMonitor( 2429): VAPIShellNotifier#notifyOpenTab :{"id":"task:51","displayId":0,"userId":0,"name":"Firestone","originName":"Firestone","packageName":"com.HolydayStudios.Firestone","launcher":false,"newTask":false,"icon":"iVBORw0KGgoAAAANSUhEUgAAAIAAAACACAYAAADDPmHLAAAAAXNSR0IArs4c6QAAAARzQklUCAgICHwIZIgAACAASURBVHicrLx3lJ3Jddj5q\/rSy6FzBLrRyGkQOAlDDGc45AQmURTFoBWpFU1JFJUsadc+R7K98tljr71eWxbtlShrSUs8YpBIyhSHYpghZzjkJGAiYqMBdM7p9cvvi1X7x2vEQQOYse47dfr1++qrcO+te2\/durcEG8DWz73a7gjvXqT4GIIPaq3i19cRQqJ0hECAEAAoqdBSo7UFiEs1b9iHENf+rrW+4e9vBi61cTO4pn15k3rr49bqqjavry9BG1eeaw1KGbxxzhvMSWssHSFliFh\/P9A2UgT84ty\/ZCq+l+dbP4FhRNhSYgkwhAQBmvX5rs\/n6h6kINLIYyj95cg0n3jhI3su3niON4Ddf\/bSQXT0tIDsjUd9BUIzvOHvUl5pOoquMMP\/DHGvAbHelr49ot+wCSlQltr4eSQQ6trxKlNtSMuNQCmJ1sbG\/QCWDhBCobVFJAQDjdf5+Pwf8bmBL1Ix24gBUiikoZFX4VDIK3i1tb7h0JTSRFp\/Maqpz7zya28Lrn52DT\/3\/afn43v\/7MU\/kahnb0V8LTTKUAiaDHh9uWaCUiHEbRJJ3Eb5x2hHNqXVzUBLjZLqmvJmQANKG1xG803mEwmTEJtICAQR95e+xSv591G3csj1vkMBgRIordHrRSl1eRGEcLkEQKA1vtLUgboWn6o7vHzk9\/\/r5qvHeJkBBv7o6Vg2bnxOw29rdOJaZF8l4tY\/SA2GRkiBEFfKpVnp9bc0IEQEQq0zhr6mvevh6rY2LFJckSTrxLyGMW6HiSRgAFoh1AaEFet1ri5vZvXr9Y6ERMgbLxQhBEiBkrJZhGCzN0xHOMVzLT8HUmNI3VSrUqOk5sqnqab0Oj6VEFeYQGsCfYUZVOTT+ew39vc+\/ddPvqd35\/ZLQzQvfUn0Of9Zi+jTN54IyEA29btxFbJuIM61lqBN0O56lSaxpNRNRmBdJN5M+V7d8TVfNWJd5+l1Da0FaFNtOJ5bgyC7epFKy2Yiw34L718Rw1dDc47Xin0pwytEX6+jrlMxAsUjla9yLnME18q9AUtCCIJL6lQKbHVF7GutL9srCk0ERAjwG3S8+D1aX\/wH6nVvG4719Z9n951f56xvAuz\/\/PMPKS0+qa4T00rp5oARaEOhUdfqW70+mattKgGICCEM9OWldslgASHWdegtNIIVeeT9VeJBFSMMsBolMtV5Um4FpIGRTWLHYxStNirSxrfiLJtZ6kYM37AJDRvErZnMCar8Vtt5Pl9LspzquWX9N8AGPNdUedE1PHkJl1fXkdepla5gmq5wnMfbfuW2uo\/Etei89DfSze\/Sq9P\/o78mO3ycaj0AIhJxsbfvHeIPeYb\/Q2z93E\/aEzExpqSR0vKNCGsSXF\/+fjX9pZQbGnUa0DdaBSJAc2OjSGhFIqyTK8+xZ\/kYufoiURihfIUIg3WdChKBKT2k0MTjDqZlYkiBJx3WZJK10KLm5Cgn2iilOygl2\/GcNEoab5ASO8un+dw7DH77r04xcsdHrnl+jfV\/aYzXMfytoNncVUS\/ycuG9vnF5f9A2cjzP1o+cw0D3wjPN5I8l8astcaqFhl44ksYw8fwPZdMOk5bPkbC0WRTtSiXdbabsZT1zgiR2ngCV4yBNyNhlTK5EaaUtt7wm4GmLVrjQOkUb6ueQXk+Nd\/FlRplahoKQmHgYyERqEjhaxMVKeo1j7gj2NFj0t2eImbCQqHIyPws8\/MxNAYqGaOY6WapZZBitpt6PEtoWBh+gw+3TmEFLXTPvsL4zsfwY5mbIvhWcDWhbkbsa19q\/unzxzjgPc+\/6\/48XLUYN2rnRgx6yR4wKwW2\/sOfE557jUApOtrS9HUoWuMubSmDji6MdFI\/bGr4xduc2w1B6Y3E7K0nL2VEJ1Xe759kj3cOoRu4QlM3I4hL7MggCEJAEoQhMRSekjQijecHSCkwTYMw0igtKBVLkDDJZ5P0kWBLv4FpmJyacYkXxmgvTBAYFoGdYDXTR5RyeM8HWikWiiTLs7QvnWV20z03HKteN+iEUGykv26b4BvAfbXv8UryQZbN7jf9rr5qTObqAgPf+xLeyMvEHZuhvjjppGBTt6C3TZJN+nihxciF6Z8zNdz3Vofd1Os33t8KIa5z7FwRTQCmgIfNUX4ueoWsUcYzXEJbkRAC0zWpKkWkNIaElK3BMlA6wgsVCRNcx8T1PKoNhdbw6gWNo11yhsv+ff1syceJWRqtQxL9JlPzHkuBxDQ1QeCSmq\/x7vts6pMzJFruI2nV6Z58ZUMGaHpejPXdzMYYuyUTbPC4LxhlV3iS\/9zyf6GEeXttcRmr6\/9oYgsTbH7yS0Tjw\/S3BXS0JdjT59HVnaa93UNrwdKywfA0zK\/E7zQFIn\/LXq4Dpa927Gxc7xpxKDRSNncBGRnwTxLneYTzEFWoVKpYZoRSEPoGkWruHGwzwjA0KKu518Ugbiu0VghhEQSSlZSm4UeUSj6r1ZDRpSpzyy+zd1c\/d+7pRwpBW9ogm8gR2jaGlWNyrsirw7N0Z7vx3AYr8wVaWvIUloZJ1FdpJNuujPsSEQQ0N1VvYbnckicE76w\/zow1RMHsvmLVrxP2ZoyglIkQCkFAau4Ce7\/\/p5Rmxxgc6GD\/tjqb+2129GliMUmtlmByusDkTJXFZRBCZ80NW74pRNf9L7mZT1WI6LIjqM3w+NdtZ3i7NUXguyws1JBhiFI2gYpoRD7StMg4NpXAJwwDHNRlJAihMC2BEA6eFyDrPmtCYOXihEmHlnSclZVVnj6+yNjIHA8+cJSeXomlFL4XMXxxnOHFOoPdazjFFeLbevnT\/\/QEve0OGbHGponnOL\/7A+h\/LI\/lbUBGrbE3fJU\/z\/zBm35XCoVG03r2efa9\/BXaWObnPpZm9x6HfLITx7FQKoXnwdJclQuzmoklA6UU+bzFW2IAKa7dumgtbrqrE+tOoA7D49+1HuewnEIpyWphichyMG0bVYuQlqC1NYFpGHieD3UTFUmMdZeHNCS27QCKej0CAiwUCUIM0yIUGktKpMxQqxksLFf528df4IF7Orlj3178RhHllzH9Ve7b042uTzJxIWAm8RArs89wqEdSHf0RE1sfxHdu6QW\/bpJvEonrYOqIn69+kfPWHUyY265r8jbsqMij\/eSP2Xvy7+hylnnonZId+0xiyRJStxGFmnrdYW6+zNmRBnMLdaJIk8062LZ4awxwNahrDn2umphx9R5YkpEB\/7b1ZQ7piyAF5WKdTD6PY6ZwPY98XCFME2GYFFeKaDcgYVuAgRAgDYnjGAghCIOQMFD4foSpNTECTKkIpERLiVYSKR2kNCgVizzx7AhLRXj7\/i0QNkgbNVqNEjKT4sXX6\/Qe+WVe+corPLLPYH51mXxhnKWeg5fnorXGieqoSBE4qQ2Jo29lHAreYD90hrPc5z3Dv235v9GG9ab4SAQ+fa98ix2nf0Bfssqdd+XZsbeKYwtEZOMHDrVawNx8wNRUmfmFGq6nSSYTxOMaIfT\/PAOA4opvtekEvt7vb6D5bO4Mh9VZpG0SAfnePmqejwgE8XgcJ2ujQ8Xq8hpBGBCLx1CquRuS0sCJxbFSCYxIocKARMLFWguxzQbJRMjERQi1wjEEdcekGoWYMYGRsln1U7xwYpqZZZ9YfIWH37uJtdWzxLp28GJ9B0eG4CnzKKNLP6Yz1WBg+Hssd+5FG1e2rK2iQ
05-07 23:45:50.346 W/System.err( 2429): org.json.JSONException: No value for errcode
05-07 23:45:50.346 W/System.err( 2429): 	at org.json.JSONObject.get(JSONObject.java:403)
05-07 23:45:50.346 W/System.err( 2429): 	at org.json.JSONObject.getInt(JSONObject.java:492)
05-07 23:45:50.346 W/System.err( 2429): 	at com.android.server.vapi.VApiRequestListener.onResponse(VApiRequestListener.java:20)
05-07 23:45:50.346 W/System.err( 2429): 	at com.android.server.vapi.VApiRequestListener.onResponse(VApiRequestListener.java:13)
05-07 23:45:50.346 W/System.err( 2429): 	at com.android.volley.toolbox.JsonRequest.deliverResponse(JsonRequest.java:90)
05-07 23:45:50.346 W/System.err( 2429): 	at com.android.volley.ExecutorDelivery$ResponseDeliveryRunnable.run(ExecutorDelivery.java:102)
05-07 23:45:50.346 W/System.err( 2429): 	at android.os.Handler.handleCallback(Handler.java:938)
05-07 23:45:50.346 W/System.err( 2429): 	at android.os.Handler.dispatchMessage(Handler.java:99)
05-07 23:45:50.346 W/System.err( 2429): 	at android.os.Looper.loopOnce(Looper.java:201)
05-07 23:45:50.346 W/System.err( 2429): 	at android.os.Looper.loop(Looper.java:288)
05-07 23:45:50.346 W/System.err( 2429): 	at com.android.server.SystemServer.run(SystemServer.java:929)
05-07 23:45:50.346 W/System.err( 2429): 	at com.android.server.SystemServer.main(SystemServer.java:611)
05-07 23:45:50.346 W/System.err( 2429): 	at java.lang.reflect.Method.invoke(Native Method)
05-07 23:45:50.346 W/System.err( 2429): 	at com.android.internal.os.RuntimeInit$MethodAndArgsCaller.run(RuntimeInit.java:555)
05-07 23:45:50.346 W/System.err( 2429): 	at com.android.internal.os.ZygoteInit.main(ZygoteInit.java:1069)
05-07 23:45:50.357 W/Zygote  (11040): BindMount ,  SpecializeCommon: source /data/system/etc/mumu-configs/app/com.HolydayStudios.Firestone/currentApp, target: /system/etc/mumu-configs/currentApp , chownRet: 0
05-07 23:45:50.358 W/Zygote  (11040): BindMount ,  SpecializeCommon mount currentApp , MountRet: 0
05-07 23:45:50.388 I/Zygote  (11040): seccomp disabled by setenforce 0
05-07 23:45:50.397 E/udios.Fireston(11040): Not starting debugger since process cannot load the jdwp agent.
05-07 23:45:50.399 D/ProcessState(11040): Binder ioctl to enable oneway spam detection failed: Invalid argument
05-07 23:45:50.400 D/VectorZygiskBridge( 2429): onTransact: action=GET_BINDER, callerUid=10077
05-07 23:45:50.419 V/VectorDeopter(11040): Skipping deopt for android.app.Instrumentation#newApplication: android.app.Instrumentation.newApplication [class java.lang.ClassLoader, class android.content.Context]
05-07 23:45:50.419 V/VectorDeopter(11040): Skipping deopt for android.app.LoadedApk#makeApplicationInner: android.app.LoadedApk.makeApplicationInner [boolean, class android.app.Instrumentation, boolean]
05-07 23:45:50.419 V/VectorDeopter(11040): Skipping deopt for android.app.LoadedApk#makeApplicationInner: android.app.LoadedApk.makeApplicationInner [boolean, class android.app.Instrumentation]
05-07 23:45:50.421 V/Vector  (11040): Loading Vector/Xposed for com.HolydayStudios.Firestone (UID: 10077)
05-07 23:45:50.433 W/OomAdjuster( 2429): Fallback pre-set sched group to default: not expected top priority
05-07 23:45:50.435 E/ashmem  (11040): memfd: ro.vndk.version not defined or invalid (), this is mandated since P.
05-07 23:45:50.438 D/VectorModuleManager(11040): Loading module com.firestone.hooks
05-07 23:45:50.441 W/udios.Fireston(11040): Could not get odex filename for Anonymous-DexFile@1434885652: Dex location Anonymous-DexFile@1434885652 has no directory.
05-07 23:45:50.443 V/VectorModuleManager(11040): Loading class class com.template.lsposed.ModuleEntry
05-07 23:45:50.444 I/FirestoneHooks(11040): com.firestone.hooks: Loaded in process=com.HolydayStudios.Firestone, framework=Vector 2.0, api=101
05-07 23:45:50.444 D/VectorModuleManager(11040): Loaded module com.firestone.hooks successfully.
05-07 23:45:50.444 D/CompatibilityChangeReporter(11040): Compat change id reported: 171979766; UID 10077; state: ENABLED
05-07 23:45:50.446 D/NemuJavaHotPatchHelper(11040): onHandleBindApplication reportedPackageName:com.HolydayStudios.Firestone isMatchJavaPatch:false
05-07 23:45:50.510 E/firestone.hook(10949): vulkan version is 4202746
05-07 23:45:50.510 I/Typeface(11040): Preloading /system/fonts/Roboto-Regular.ttf
05-07 23:45:50.512 I/Typeface(11040): Preloading /system/fonts/RobotoStatic-Regular.ttf
05-07 23:45:50.530 I/nemucooker(11040): cook file1: /system/etc/mumu-configs/shared_libs/libc_llite.so, last modify time: Fri Jul 12 17:30:20 2024
05-07 23:45:50.530 I/nemucooker(11040): cook file2: /data/system/etc/mumu-configs/shared_libs/libc_llite.so, last modify time: Wed Apr 29 17:20:43 2026
05-07 23:45:50.530 I/nemucooker(11040): cook select file: /data/system/etc/mumu-configs/shared_libs/libc_llite.so
05-07 23:45:50.530 E/linker  (11040): do_dlsym houdini_patch_entrance_name failed
05-07 23:45:50.531 W/udios.Fireston(11040): ClassLoaderContext shared library size mismatch. Expected=1, found=0 (PCL[]{PCL[/system/framework/org.apache.http.legacy.jar*2255768530]} | PCL[])
05-07 23:45:50.533 I/FirestoneHooks(11040): com.firestone.hooks: onPackageLoaded com.HolydayStudios.Firestone process=com.HolydayStudios.Firestone firstPackage=true dataDir=/data/user/0/com.HolydayStudios.Firestone
05-07 23:45:50.533 I/FirestoneHooks(11040): com.firestone.hooks: Hooked Application.attach
05-07 23:45:50.534 W/NewFileUpdater( 2669): MSG_GET_PACKAGE_TAG_INFO, no available new tag for: com.HolydayStudios.Firestone, workingTag: 12.2011
05-07 23:45:50.534 I/FirestoneHooks(11040): com.firestone.hooks: Hooked Activity.onResume sample
05-07 23:45:50.535 D/VectorLifecycle(11040): dispatchPackageReady h1@938c1d4
05-07 23:45:50.535 I/FirestoneHooks(11040): com.firestone.hooks: onPackageReady com.HolydayStudios.Firestone process=com.HolydayStudios.Firestone firstPackage=true dataDir=/data/user/0/com.HolydayStudios.Firestone
05-07 23:45:50.539 V/GraphicsEnvironment(11040): ANGLE Developer option for 'com.HolydayStudios.Firestone' set to: 'default'
05-07 23:45:50.539 V/GraphicsEnvironment(11040): ANGLE GameManagerService for com.HolydayStudios.Firestone: false
05-07 23:45:50.539 V/GraphicsEnvironment(11040): Neither updatable production driver nor prerelease driver is supported.
05-07 23:45:50.540 D/NetworkSecurityConfig(11040): No Network Security Config specified, using platform default
05-07 23:45:50.540 D/NetworkSecurityConfig(11040): No Network Security Config specified, using platform default
05-07 23:45:50.542 E/ActivityThread(11040): Failed to find provider info for com.firestone.hooks.settings
05-07 23:45:50.546 D/CompatibilityChangeReporter( 2429): Compat change id reported: 149924527; UID 10077; state: ENABLED
05-07 23:45:50.547 D/CompatibilityChangeReporter( 2429): Compat change id reported: 132649864; UID 10077; state: DISABLED
05-07 23:45:50.553 E/MediaProvider( 3381): Permission to access file: /storage/emulated/0/Android/media/com.firestone.hooks/firestonehooks.json is denied
05-07 23:45:50.553 W/FirestoneHooks(11040): Settings provider read failed; using defaults
05-07 23:45:50.553 W/FirestoneHooks(11040): java.lang.IllegalArgumentException: Unknown authority com.firestone.hooks.settings
05-07 23:45:50.553 W/FirestoneHooks(11040): 	at android.content.ContentResolver.call(ContentResolver.java:2447)
05-07 23:45:50.553 W/FirestoneHooks(11040): 	at android.content.ContentResolver.call(ContentResolver.java:2430)
05-07 23:45:50.553 W/FirestoneHooks(11040): 	at com.template.lsposed.FirestoneSettings.readFromProvider(FirestoneSettings.java:91)
05-07 23:45:50.553 W/FirestoneHooks(11040): 	at com.template.lsposed.FirestoneSettings.syncProviderToTargetFile(FirestoneSettings.java:128)
05-07 23:45:50.553 W/FirestoneHooks(11040): 	at com.template.lsposed.ModuleEntry.onApplicationContextReady(ModuleEntry.java:121)
05-07 23:45:50.553 W/FirestoneHooks(11040): 	at com.template.lsposed.ModuleEntry.lambda$installApplicationAttachHook$0(ModuleEntry.java:98)
05-07 23:45:50.553 W/FirestoneHooks(11040): 	at com.template.lsposed.ModuleEntry.$r8$lambda$k7l8Sx5uLWPn571rH1-O9e485pE(Unknown Source:0)
05-07 23:45:50.553 W/FirestoneHooks(11040): 	at com.template.lsposed.ModuleEntry$$ExternalSyntheticLambda3.intercept(D8$$SyntheticClass:0)
05-07 23:45:50.553 W/FirestoneHooks(11040): 	at j2.a(r8-map-id-656caac1f55b126a25f1b31ace47897cbcfbe4c9e48877a810a6cd8f57690890:41)
05-07 23:45:50.553 W/FirestoneHooks(11040): 	at j2.proceed(r8-map-id-656caac1f55b126a25f1b31ace47897cbcfbe4c9e48877a810a6cd8f57690890:1)
05-07 23:45:50.553 W/FirestoneHooks(11040): 	at y2.callback(r8-map-id-656caac1f55b126a25f1b31ace47897cbcfbe4c9e48877a810a6cd8f57690890:105)
05-07 23:45:50.553 W/FirestoneHooks(11040): 	at Vector_.attach(Unknown Source:11)
05-07 23:45:50.553 W/FirestoneHooks(11040): 	at android.app.Instrumentation.newApplication(Instrumentation.java:1191)
05-07 23:45:50.553 W/FirestoneHooks(11040): 	at android.app.LoadedApk.makeApplication(LoadedApk.java:1356)
05-07 23:45:50.553 W/FirestoneHooks(11040): 	at android.app.ActivityThread.handleBindApplication(ActivityThread.java:6896)
05-07 23:45:50.553 W/FirestoneHooks(11040): 	at android.app.ActivityThread.access$1500(ActivityThread.java:259)
05-07 23:45:50.553 W/FirestoneHooks(11040): 	at android.app.ActivityThread$H.handleMessage(ActivityThread.java:2094)
05-07 23:45:50.553 W/FirestoneHooks(11040): 	at android.os.Handler.dispatchMessage(Handler.java:106)
05-07 23:45:50.553 W/FirestoneHooks(11040): 	at android.os.Looper.loopOnce(Looper.java:201)
05-07 23:45:50.553 W/FirestoneHooks(11040): 	at android.os.Looper.loop(Looper.java:288)
05-07 23:45:50.553 W/FirestoneHooks(11040): 	at android.app.ActivityThread.main(ActivityThread.java:8043)
05-07 23:45:50.553 W/FirestoneHooks(11040): 	at java.lang.reflect.Method.invoke(Native Method)
05-07 23:45:50.553 W/FirestoneHooks(11040): 	at com.android.internal.os.RuntimeInit$MethodAndArgsCaller.run(RuntimeInit.java:555)
05-07 23:45:50.553 W/FirestoneHooks(11040): 	at com.android.internal.os.ZygoteInit.main(ZygoteInit.java:1091)
05-07 23:45:50.558 I/FirestoneHooks(11040): com.firestone.hooks: Detected engine=UNITY evidence=[libil2cpp.so, libunity.so, libmain.so]
05-07 23:45:50.558 E/ActivityThread(11040): Failed to find provider info for com.firestone.hooks.settings
05-07 23:45:50.565 E/MediaProvider( 3381): Permission to access file: /storage/emulated/0/Android/media/com.firestone.hooks/firestonehooks.json is denied
05-07 23:45:50.567 I/FirestoneHooks(11040): com.firestone.hooks: Synced settings to /data/user/0/com.HolydayStudios.Firestone/files/firestonehooks.json
05-07 23:45:50.569 I/shadowhook_tag(11040): linker: hook soinfo::call_constructors
05-07 23:45:50.569 I/shadowhook_tag(11040): a64 rewrite: type 0, inst d10283ff
05-07 23:45:50.569 I/shadowhook_tag(11040): elf: find phdr gap 6ffa3b9070-6ffa3ba000(load_bias 6ffa297000, 122070-123000)
05-07 23:45:50.569 I/shadowhook_tag(11040): elf: find phdr gap 6ffa3cfe38-6ffa3d0000(load_bias 6ffa297000, 138e38-139000)
05-07 23:45:50.569 I/shadowhook_tag(11040): elf: alloc addr 6ffa3b9070(load_bias 6ffa297000, 122070), size 16, idx [0, 4)
05-07 23:45:50.569 I/shadowhook_tag(11040): island: alloc in ELF-gap, addr 6ffa3b9070, size 16, pc 6ffa2e8fd4, range [6ff22e8fd4, 70022e8fd0]
05-07 23:45:50.569 I/shadowhook_tag(11040): a64: hook (with island) OK. target 6ffa2e8fd4 -> island-exit 6ffa3b9070 -> new 6d1bce3fc0 -> enter 6ff0373000 -> resume 6ffa2e8fd8
05-07 23:45:50.569 I/shadowhook_tag(11040): switch: hook invisible OK: target_addr 6ffa2e8fd4, new_addr 6d1bce3fc0
05-07 23:45:50.569 I/shadowhook_tag(11040): linker: hook soinfo::call_destructors
05-07 23:45:50.569 I/shadowhook_tag(11040): a64 rewrite: type 0, inst d10283ff
05-07 23:45:50.569 I/shadowhook_tag(11040): elf: alloc addr 6ffa3b9080(load_bias 6ffa297000, 122080), size 16, idx [4, 8)
05-07 23:45:50.569 I/shadowhook_tag(11040): island: alloc in ELF-gap, addr 6ffa3b9080, size 16, pc 6ffa2e93bc, range [6ff22e93bc, 70022e93b8]
05-07 23:45:50.569 I/shadowhook_tag(11040): a64: hook (with island) OK. target 6ffa2e93bc -> island-exit 6ffa3b9080 -> new 6d1bce4738 -> enter 6ff0373040 -> resume 6ffa2e93c0
05-07 23:45:50.569 I/shadowhook_tag(11040): switch: hook invisible OK: target_addr 6ffa2e93bc, new_addr 6d1bce4738
05-07 23:45:50.570 I/shadowhook_tag(11040): linker: soinfo memory scan pre OK. load_bias 208, name 216, phdr 0, phnum 8, called 248
05-07 23:45:50.570 I/shadowhook_tag(11040): linker: soinfo memory scan post OK
05-07 23:45:50.570 I/shadowhook_tag(11040): linker: hook ctors and dtors OK
05-07 23:45:50.570 I/shadowhook_tag(11040): task: start linker DL-init/fini monitor ...
05-07 23:45:50.570 E/shadowhook_tag(11040): shadowhook version 2.0.0: shadowhook init(default_mode: SHARED, debuggable: true), return: 0, real-init: yes
05-07 23:45:50.570 I/FirestoneHooks(11040): ShadowHook ready: version=shadowhook version 2.0.0, arch=arm64
05-07 23:45:50.572 I/shadowhook_tag(11040): linker: call_ctors pre, load_bias 6d168f5000, name /data/app/~~JPCeL9KxBwTHp2nVnqt1fg==/com.firestone.hooks-iV9ZDybE7qXKamLerz47CA==/base.apk!/lib/arm64-v8a/libfirestonehooks.so
05-07 23:45:50.572 I/shadowhook_tag(11040): task: call_ctors() pre callback. load_bias 6d168f5000, name /data/app/~~JPCeL9KxBwTHp2nVnqt1fg==/com.firestone.hooks-iV9ZDybE7qXKamLerz47CA==/base.apk!/lib/arm64-v8a/libfirestonehooks.so
05-07 23:45:50.572 I/shadowhook_tag(11040): linker: call_ctors post, load_bias 6d168f5000, name /data/app/~~JPCeL9KxBwTHp2nVnqt1fg==/com.firestone.hooks-iV9ZDybE7qXKamLerz47CA==/base.apk!/lib/arm64-v8a/libfirestonehooks.so
05-07 23:45:50.572 I/FirestoneHooks(11040): JNI_OnLoad firestonehooks
05-07 23:45:50.572 I/FirestoneHooks(11040): Loaded libfirestonehooks.so
05-07 23:45:50.574 I/FirebaseApp(11040): Device unlocked: initializing all Firebase APIs for app [DEFAULT]
05-07 23:45:50.574 I/FirestoneHooks(11040): install worker package=com.HolydayStudios.Firestone settings=/data/user/0/com.HolydayStudios.Firestone/files/firestonehooks.json shadowhook=shadowhook version 2.0.0
05-07 23:45:50.574 E/shadowhook_tag(11040): shadowhook version 2.0.0: shadowhook init(default_mode: SHARED, debuggable: false), return: 0, real-init: no
05-07 23:45:50.575 I/FirestoneHooks(11040): settings refresh thread path=/data/user/0/com.HolydayStudios.Firestone/files/firestonehooks.json
05-07 23:45:50.580 I/FirebaseInitProvider(11040): FirebaseApp initialization successful
05-07 23:45:50.587 I/FacebookInitProvider(11040): Failed to auto initialize the Facebook SDK
05-07 23:45:50.587 I/FacebookInitProvider(11040): A valid Facebook app client token must be set in the AndroidManifest.xml or set by calling FacebookSdk.setClientToken before initializing the sdk.
05-07 23:45:50.587 I/FacebookInitProvider(11040): 	at com.facebook.FacebookSdk.sdkInitialize(SourceFile:460)
05-07 23:45:50.587 I/FacebookInitProvider(11040): 	at com.facebook.FacebookSdk.sdkInitialize(SourceFile:412)
05-07 23:45:50.587 I/FacebookInitProvider(11040): 	at com.facebook.internal.FacebookInitProvider.onCreate(SourceFile:28)
05-07 23:45:50.587 I/FacebookInitProvider(11040): 	at android.content.ContentProvider.attachInfo(ContentProvider.java:2404)
05-07 23:45:50.587 I/FacebookInitProvider(11040): 	at android.content.ContentProvider.attachInfo(ContentProvider.java:2374)
05-07 23:45:50.587 I/FacebookInitProvider(11040): 	at android.app.ActivityThread.installProvider(ActivityThread.java:7632)
05-07 23:45:50.587 I/FacebookInitProvider(11040): 	at android.app.ActivityThread.installContentProviders(ActivityThread.java:7149)
05-07 23:45:50.587 I/FacebookInitProvider(11040): 	at android.app.ActivityThread.handleBindApplication(ActivityThread.java:6920)
05-07 23:45:50.587 I/FacebookInitProvider(11040): 	at android.app.ActivityThread.access$1500(ActivityThread.java:259)
05-07 23:45:50.587 I/FacebookInitProvider(11040): 	at android.app.ActivityThread$H.handleMessage(ActivityThread.java:2094)
05-07 23:45:50.587 I/FacebookInitProvider(11040): 	at android.os.Handler.dispatchMessage(Handler.java:106)
05-07 23:45:50.587 I/FacebookInitProvider(11040): 	at android.os.Looper.loopOnce(Looper.java:201)
05-07 23:45:50.587 I/FacebookInitProvider(11040): 	at android.os.Looper.loop(Looper.java:288)
05-07 23:45:50.587 I/FacebookInitProvider(11040): 	at android.app.ActivityThread.main(ActivityThread.java:8043)
05-07 23:45:50.587 I/FacebookInitProvider(11040): 	at java.lang.reflect.Method.invoke(Native Method)
05-07 23:45:50.587 I/FacebookInitProvider(11040): 	at com.android.internal.os.RuntimeInit$MethodAndArgsCaller.run(RuntimeInit.java:555)
05-07 23:45:50.587 I/FacebookInitProvider(11040): 	at com.android.internal.os.ZygoteInit.main(ZygoteInit.java:1091)
05-07 23:45:50.591 I/shadowhook_tag(11040): linker: call_ctors pre, load_bias 6d1b82b000, name /data/app/~~tgC2c5ssgk9r73G-imUtqg==/com.google.android.gms-CMAnXXGUTmLyUglZWdA9Yw==/oat/arm64/split_DynamiteLoader_installtime.odex
05-07 23:45:50.591 I/shadowhook_tag(11040): task: call_ctors() pre callback. load_bias 6d1b82b000, name /data/app/~~tgC2c5ssgk9r73G-imUtqg==/com.google.android.gms-CMAnXXGUTmLyUglZWdA9Yw==/oat/arm64/split_DynamiteLoader_installtime.odex
05-07 23:45:50.591 I/shadowhook_tag(11040): linker: call_ctors post, load_bias 6d1b82b000, name /data/app/~~tgC2c5ssgk9r73G-imUtqg==/com.google.android.gms-CMAnXXGUTmLyUglZWdA9Yw==/oat/arm64/split_DynamiteLoader_installtime.odex
05-07 23:45:50.591 W/udios.Fireston(11040): ClassLoaderContext classpath size mismatch. expected=16, found=0 (DLC[];PCL[base.apk*545294799:base.apk!classes2.dex*352801010:base.apk!classes3.dex*3343406984:base.apk!classes4.dex*2440093784:base.apk!classes5.dex*3849908652:base.apk!classes6.dex*990115835:base.apk!classes7.dex*2111835892:base.apk!classes8.dex*3444068947:base.apk!classes9.dex*3508519706:base.apk!classes10.dex*3738386946:base.apk!classes11.dex*1150016488:base.apk!classes12.dex*2136424662:base.apk!classes13.dex*3076236650:base.apk!classes14.dex*2602640587:base.apk!classes15.dex*1985522381:base.apk!classes16.dex*3850485896]{PCL[/system/framework/org.apache.http.legacy.jar*2255768530]#PCL[/system/framework/com.android.location.provider.jar*1360179951]} | DLC[];PCL[])
05-07 23:45:50.593 I/shadowhook_tag(11040): linker: call_dtors pre, load_bias 6d1b82b000, name /data/app/~~tgC2c5ssgk9r73G-imUtqg==/com.google.android.gms-CMAnXXGUTmLyUglZWdA9Yw==/oat/arm64/split_DynamiteLoader_installtime.odex
05-07 23:45:50.593 I/shadowhook_tag(11040): linker: call_dtors post, load_bias 6d1b82b000, name /data/app/~~tgC2c5ssgk9r73G-imUtqg==/com.google.android.gms-CMAnXXGUTmLyUglZWdA9Yw==/oat/arm64/split_DynamiteLoader_installtime.odex
05-07 23:45:50.593 I/shadowhook_tag(11040): task: call_dtors() post callback. load_bias 6d1b82b000, name /data/app/~~tgC2c5ssgk9r73G-imUtqg==/com.google.android.gms-CMAnXXGUTmLyUglZWdA9Yw==/oat/arm64/split_DynamiteLoader_installtime.odex
05-07 23:45:50.594 I/DynamiteModule(11040): Considering local module com.google.android.gms.measurement.dynamite:141 and remote module com.google.android.gms.measurement.dynamite:190
05-07 23:45:50.594 I/DynamiteModule(11040): Selected remote version of com.google.android.gms.measurement.dynamite, version >= 190
05-07 23:45:50.594 V/DynamiteModule(11040): Dynamite loader version >= 2, using loadModule2NoCrashUtils
05-07 23:45:50.598 W/System  (11040): ClassLoader referenced unknown path: 
05-07 23:45:50.599 D/VectorLifecycle(11040): dispatchPackageReady h1@39205a2
05-07 23:45:50.605 I/shadowhook_tag(11040): linker: call_ctors pre, load_bias 6d1b41a000, name /data/app/~~tgC2c5ssgk9r73G-imUtqg==/com.google.android.gms-CMAnXXGUTmLyUglZWdA9Yw==/oat/arm64/split_MeasurementDynamite_installtime.odex
05-07 23:45:50.605 I/shadowhook_tag(11040): task: call_ctors() pre callback. load_bias 6d1b41a000, name /data/app/~~tgC2c5ssgk9r73G-imUtqg==/com.google.android.gms-CMAnXXGUTmLyUglZWdA9Yw==/oat/arm64/split_MeasurementDynamite_installtime.odex
05-07 23:45:50.605 I/shadowhook_tag(11040): linker: call_ctors post, load_bias 6d1b41a000, name /data/app/~~tgC2c5ssgk9r73G-imUtqg==/com.google.android.gms-CMAnXXGUTmLyUglZWdA9Yw==/oat/arm64/split_MeasurementDynamite_installtime.odex
05-07 23:45:50.609 W/udios.Fireston(11040): ClassLoaderContext classpath size mismatch. expected=16, found=2 (DLC[];PCL[base.apk*545294799:base.apk!classes2.dex*352801010:base.apk!classes3.dex*3343406984:base.apk!classes4.dex*2440093784:base.apk!classes5.dex*3849908652:base.apk!classes6.dex*990115835:base.apk!classes7.dex*2111835892:base.apk!classes8.dex*3444068947:base.apk!classes9.dex*3508519706:base.apk!classes10.dex*3738386946:base.apk!classes11.dex*1150016488:base.apk!classes12.dex*2136424662:base.apk!classes13.dex*3076236650:base.apk!classes14.dex*2602640587:base.apk!classes15.dex*1985522381:base.apk!classes16.dex*3850485896]{PCL[/system/framework/org.apache.http.legacy.jar*2255768530]#PCL[/system/framework/com.android.location.provider.jar*1360179951]} | DLC[];PCL[/data/app/~~eYnZX0CwG_PADosI43wKmA==/com.HolydayStudios.Firestone-KwYIEPUCRPiNe65OfXHOnQ==/base.apk*115601013:/data/app/~~eYnZX0CwG_PADosI43wKmA==/com.HolydayStudios.Firestone-KwYIEPUCRPiNe65OfXHOnQ==/base.apk!classes2.dex*3214480094])
05-07 23:45:50.612 I/shadowhook_tag(11040): linker: call_ctors pre, load_bias 6d1b2e9000, name /data/app/~~eYnZX0CwG_PADosI43wKmA==/com.HolydayStudios.Firestone-KwYIEPUCRPiNe65OfXHOnQ==/lib/arm64/libmain.so
05-07 23:45:50.612 I/shadowhook_tag(11040): task: call_ctors() pre callback. load_bias 6d1b2e9000, name /data/app/~~eYnZX0CwG_PADosI43wKmA==/com.HolydayStudios.Firestone-KwYIEPUCRPiNe65OfXHOnQ==/lib/arm64/libmain.so
05-07 23:45:50.612 I/shadowhook_tag(11040): linker: call_ctors post, load_bias 6d1b2e9000, name /data/app/~~eYnZX0CwG_PADosI43wKmA==/com.HolydayStudios.Firestone-KwYIEPUCRPiNe65OfXHOnQ==/lib/arm64/libmain.so
05-07 23:45:50.613 I/shadowhook_tag(11040): linker: call_dtors pre, load_bias 6d1b41a000, name /data/app/~~tgC2c5ssgk9r73G-imUtqg==/com.google.android.gms-CMAnXXGUTmLyUglZWdA9Yw==/oat/arm64/split_MeasurementDynamite_installtime.odex
05-07 23:45:50.613 I/shadowhook_tag(11040): linker: call_dtors post, load_bias 6d1b41a000, name /data/app/~~tgC2c5ssgk9r73G-imUtqg==/com.google.android.gms-CMAnXXGUTmLyUglZWdA9Yw==/oat/arm64/split_MeasurementDynamite_installtime.odex
05-07 23:45:50.613 I/shadowhook_tag(11040): task: call_dtors() post callback. load_bias 6d1b41a000, name /data/app/~~tgC2c5ssgk9r73G-imUtqg==/com.google.android.gms-CMAnXXGUTmLyUglZWdA9Yw==/oat/arm64/split_MeasurementDynamite_installtime.odex
05-07 23:45:50.621 I/shadowhook_tag(11040): linker: call_ctors pre, load_bias 6d0fc79000, name /data/app/~~eYnZX0CwG_PADosI43wKmA==/com.HolydayStudios.Firestone-KwYIEPUCRPiNe65OfXHOnQ==/lib/arm64/libunity.so
05-07 23:45:50.621 I/shadowhook_tag(11040): task: call_ctors() pre callback. load_bias 6d0fc79000, name /data/app/~~eYnZX0CwG_PADosI43wKmA==/com.HolydayStudios.Firestone-KwYIEPUCRPiNe65OfXHOnQ==/lib/arm64/libunity.so
05-07 23:45:50.645 W/ActivityManager( 2429): callingPackage:com.HolydayStudios.Firestone, packageName:com.google.android.gms, name:com.google.android.gms.chimera.PersistentApiService, isSkip: true
05-07 23:45:50.646 I/shadowhook_tag(11040): linker: call_ctors post, load_bias 6d0fc79000, name /data/app/~~eYnZX0CwG_PADosI43wKmA==/com.HolydayStudios.Firestone-KwYIEPUCRPiNe65OfXHOnQ==/lib/arm64/libunity.so
05-07 23:45:50.650 I/PhenotypeResourceReader( 2754): unable to find any Phenotype resource metadata for com.HolydayStudios.Firestone
05-07 23:45:50.664 I/shadowhook_tag(11040): linker: call_ctors pre, load_bias 6d05729000, name /data/app/~~eYnZX0CwG_PADosI43wKmA==/com.HolydayStudios.Firestone-KwYIEPUCRPiNe65OfXHOnQ==/lib/arm64/libil2cpp.so
05-07 23:45:50.664 I/shadowhook_tag(11040): task: call_ctors() pre callback. load_bias 6d05729000, name /data/app/~~eYnZX0CwG_PADosI43wKmA==/com.HolydayStudios.Firestone-KwYIEPUCRPiNe65OfXHOnQ==/lib/arm64/libil2cpp.so
05-07 23:45:50.667 I/shadowhook_tag(11040): linker: call_ctors post, load_bias 6d05729000, name /data/app/~~eYnZX0CwG_PADosI43wKmA==/com.HolydayStudios.Firestone-KwYIEPUCRPiNe65OfXHOnQ==/lib/arm64/libil2cpp.so
05-07 23:45:50.667 I/IL2CPP  (11040): JNI_OnLoad
05-07 23:45:50.667 V/Unity   (11040): Context Type: ActivityOrService
05-07 23:45:50.673 E/udios.Fireston(11040): No package ID 6a found for ID 0x6a0b0013.
05-07 23:45:50.673 I/FA      (11040): App measurement initialized, version: 166000
05-07 23:45:50.673 I/FA      (11040): To enable debug logging run: adb shell setprop log.tag.FA VERBOSE
05-07 23:45:50.673 I/FA      (11040): To enable faster debug mode event logging run:
05-07 23:45:50.673 I/FA      (11040):   adb shell setprop debug.firebase.analytics.app com.HolydayStudios.Firestone
05-07 23:45:50.675 W/WindowManager( 2429): Failed looking up window session=Session{de9070 11040:u0a10077} callers=com.android.server.wm.WindowManagerService.windowForClientLocked:5826 com.android.server.wm.Session.updateRequestedVisibilities:640 android.view.IWindowSession$Stub.onTransact:1175 
05-07 23:45:50.694 W/System  ( 2429): A resource failed to call release. 
05-07 23:45:50.695 W/System  ( 2429): A resource failed to call close. 
05-07 23:45:50.702 D/hw-ProcessState(11040): Binder ioctl to enable oneway spam detection failed: Invalid argument
05-07 23:45:50.702 I/hwservicemanager( 2057): getTransport: Cannot find entry android.hardware.graphics.mapper@4.0::IMapper/default in either framework or device VINTF manifest.
05-07 23:45:50.702 E/HidlServiceManagement(11040): getService: Potential race detected, descriptor: android.hardware.graphics.mapper@4.0::IMapper instance: default
05-07 23:45:50.702 I/hwservicemanager( 2057): Since android.hardware.graphics.mapper@4.0::IMapper/default is not registered, trying to start it as a lazy HAL.
05-07 23:45:50.702 I/Gralloc4(11040): mapper 4.x is not supported
05-07 23:45:50.703 I/hwservicemanager( 2057): getTransport: Cannot find entry android.hardware.graphics.mapper@3.0::IMapper/default in either framework or device VINTF manifest.
05-07 23:45:50.704 E/HidlServiceManagement(11040): getService: Potential race detected, descriptor: android.hardware.graphics.mapper@3.0::IMapper instance: default
05-07 23:45:50.705 I/hwservicemanager( 2057): Since android.hardware.graphics.mapper@3.0::IMapper/default is not registered, trying to start it as a lazy HAL.
05-07 23:45:50.705 W/Gralloc3(11040): mapper 3.x is not supported
05-07 23:45:50.705 E/HidlServiceManagement(11040): getService: Potential race detected, descriptor: android.hardware.graphics.mapper@2.0::IMapper instance: default
05-07 23:45:50.705 I/shadowhook_tag(11040): linker: call_ctors pre, load_bias 6d1168c000, name /system/vendor/lib64/hw/android.hardware.graphics.mapper@2.0-impl.so
05-07 23:45:50.705 I/shadowhook_tag(11040): task: call_ctors() pre callback. load_bias 6d1168c000, name /system/vendor/lib64/hw/android.hardware.graphics.mapper@2.0-impl.so
05-07 23:45:50.705 I/shadowhook_tag(11040): linker: call_ctors post, load_bias 6d1168c000, name /system/vendor/lib64/hw/android.hardware.graphics.mapper@2.0-impl.so
05-07 23:45:50.706 I/shadowhook_tag(11040): linker: call_ctors pre, load_bias 6d0af87000, name /system/lib64/hw/gralloc.kona.so
05-07 23:45:50.706 I/shadowhook_tag(11040): task: call_ctors() pre callback. load_bias 6d0af87000, name /system/lib64/hw/gralloc.kona.so
05-07 23:45:50.706 I/shadowhook_tag(11040): linker: call_ctors pre, load_bias 6d0008e000, name /system/lib64/libOpenglSystemCommon.so
05-07 23:45:50.706 I/shadowhook_tag(11040): task: call_ctors() pre callback. load_bias 6d0008e000, name /system/lib64/libOpenglSystemCommon.so
05-07 23:45:50.706 I/shadowhook_tag(11040): linker: call_ctors pre, load_bias 6ceb746000, name /system/lib64/libvulkan_enc.so
05-07 23:45:50.706 I/shadowhook_tag(11040): task: call_ctors() pre callback. load_bias 6ceb746000, name /system/lib64/libvulkan_enc.so
05-07 23:45:50.706 I/shadowhook_tag(11040): linker: call_ctors pre, load_bias 6d00044000, name /system/lib64/libandroidemu.so
05-07 23:45:50.706 I/shadowhook_tag(11040): task: call_ctors() pre callback. load_bias 6d00044000, name /system/lib64/libandroidemu.so
05-07 23:45:50.706 I/shadowhook_tag(11040): linker: call_ctors post, load_bias 6d00044000, name /system/lib64/libandroidemu.so
05-07 23:45:50.706 I/shadowhook_tag(11040): linker: call_ctors pre, load_bias 6cecc84000, name /system/lib64/lib_renderControl_enc.so
05-07 23:45:50.706 I/shadowhook_tag(11040): task: call_ctors() pre callback. load_bias 6cecc84000, name /system/lib64/lib_renderControl_enc.so
05-07 23:45:50.706 I/shadowhook_tag(11040): linker: call_ctors post, load_bias 6cecc84000, name /system/lib64/lib_renderControl_enc.so
05-07 23:45:50.706 I/shadowhook_tag(11040): linker: call_ctors pre, load_bias 6d0afe6000, name /system/lib64/libdrm.so
05-07 23:45:50.706 I/shadowhook_tag(11040): task: call_ctors() pre callback. load_bias 6d0afe6000, name /system/lib64/libdrm.so
05-07 23:45:50.706 I/shadowhook_tag(11040): linker: call_ctors post, load_bias 6d0afe6000, name /system/lib64/libdrm.so
05-07 23:45:50.706 I/shadowhook_tag(11040): linker: call_ctors post, load_bias 6ceb746000, name /system/lib64/libvulkan_enc.so
05-07 23:45:50.706 I/shadowhook_tag(11040): linker: call_ctors pre, load_bias 6cecd51000, name /system/lib64/libGLESv2_enc.so
05-07 23:45:50.706 I/shadowhook_tag(11040): task: call_ctors() pre callback. load_bias 6cecd51000, name /system/lib64/libGLESv2_enc.so
05-07 23:45:50.706 I/shadowhook_tag(11040): linker: call_ctors post, load_bias 6cecd51000, name /system/lib64/libGLESv2_enc.so
05-07 23:45:50.706 I/shadowhook_tag(11040): linker: call_ctors pre, load_bias 6ceccc9000, name /system/lib64/libGLESv1_enc.so
05-07 23:45:50.706 I/shadowhook_tag(11040): task: call_ctors() pre callback. load_bias 6ceccc9000, name /system/lib64/libGLESv1_enc.so
05-07 23:45:50.706 I/shadowhook_tag(11040): linker: call_ctors post, load_bias 6ceccc9000, name /system/lib64/libGLESv1_enc.so
05-07 23:45:50.706 I/shadowhook_tag(11040): linker: call_ctors post, load_bias 6d0008e000, name /system/lib64/libOpenglSystemCommon.so
05-07 23:45:50.706 I/shadowhook_tag(11040): linker: call_ctors post, load_bias 6d0af87000, name /system/lib64/hw/gralloc.kona.so
05-07 23:45:50.707 I/hwservicemanager( 2057): getTransport: Cannot find entry android.hardware.graphics.allocator@4.0::IAllocator/default in either framework or device VINTF manifest.
05-07 23:45:50.707 E/HidlServiceManagement(11040): getService: Potential race detected, descriptor: android.hardware.graphics.allocator@4.0::IAllocator instance: default
05-07 23:45:50.708 I/hwservicemanager( 2057): Since android.hardware.graphics.allocator@4.0::IAllocator/default is not registered, trying to start it as a lazy HAL.
05-07 23:45:50.708 W/Gralloc4(11040): allocator 4.x is not supported
05-07 23:45:50.709 I/hwservicemanager( 2057): getTransport: Cannot find entry android.hardware.graphics.allocator@3.0::IAllocator/default in either framework or device VINTF manifest.
05-07 23:45:50.709 E/HidlServiceManagement(11040): getService: Potential race detected, descriptor: android.hardware.graphics.allocator@3.0::IAllocator instance: default
05-07 23:45:50.709 I/hwservicemanager( 2057): Since android.hardware.graphics.allocator@3.0::IAllocator/default is not registered, trying to start it as a lazy HAL.
05-07 23:45:50.710 W/Gralloc3(11040): allocator 3.x is not supported
05-07 23:45:50.710 E/HidlServiceManagement(11040): getService: Potential race detected, descriptor: android.hardware.graphics.allocator@2.0::IAllocator instance: default
05-07 23:45:50.710 I/shadowhook_tag(11040): linker: call_ctors pre, load_bias 6d1165d000, name /system/vendor/lib64/hw/android.hardware.graphics.allocator@2.0-impl.so
05-07 23:45:50.710 I/shadowhook_tag(11040): task: call_ctors() pre callback. load_bias 6d1165d000, name /system/vendor/lib64/hw/android.hardware.graphics.allocator@2.0-impl.so
05-07 23:45:50.710 I/shadowhook_tag(11040): linker: call_ctors post, load_bias 6d1165d000, name /system/vendor/lib64/hw/android.hardware.graphics.allocator@2.0-impl.so
05-07 23:45:50.711 W/libc    ( 2057): Unable to set property "ctl.interface_start" to "android.hardware.graphics.mapper@4.0::IMapper/default": error code: 0x20
05-07 23:45:50.711 I/nemucooker(11040): cook file1: /etc/mumu-configs/renderer.config, last modify time: Thu Aug 29 11:22:45 2024
05-07 23:45:50.711 I/nemucooker(11040): cook file2: /data/system/etc/mumu-configs/renderer.config, last modify time: Thu Apr 30 21:00:20 2026
