05-07 23:07:22.929 E/shadowhook_tag( 7534): shadowhook version 2.0.0: shadowhook init(default_mode: SHARED, debuggable: false), return: 0, real-init: no
05-07 23:07:22.931 I/FirestoneHooks( 7534): settings refresh thread path=/data/user/0/com.HolydayStudios.Firestone/files/firestonehooks.json
05-07 23:07:22.931 I/FirebaseApp( 7534): Device unlocked: initializing all Firebase APIs for app [DEFAULT]
05-07 23:07:22.924 I/FirestoneHooksW( 7534): type=1400 audit(0.0:9358): avc: denied { read } for name="linker64" dev="sda1" ino=616 scontext=u:r:untrusted_app:s0:c77,c256,c512,c768 tcontext=u:object_r:unlabeled:s0 tclass=lnk_file permissive=1 app=com.HolydayStudios.Firestone
05-07 23:07:22.936 I/FirebaseInitProvider( 7534): FirebaseApp initialization successful
05-07 23:07:22.924 I/FirestoneHooksW( 7534): type=1400 audit(0.0:9359): avc: denied { use } for path="/apex/com.android.runtime/bin/linker64" dev="sda1" ino=375 scontext=u:r:untrusted_app:s0:c77,c256,c512,c768 tcontext=u:r:kernel:s0 tclass=fd permissive=1 app=com.HolydayStudios.Firestone
05-07 23:07:22.936 I/Binder:2254_1( 2254): type=1400 audit(0.0:9360): avc: denied { read write } for path="socket:[44866]" dev="sockfs" ino=44866 scontext=u:r:untrusted_app:s0:c77,c256,c512,c768 tcontext=u:r:init:s0 tclass=unix_stream_socket permissive=1
05-07 23:07:22.945 I/FacebookInitProvider( 7534): Failed to auto initialize the Facebook SDK
05-07 23:07:22.945 I/FacebookInitProvider( 7534): A valid Facebook app client token must be set in the AndroidManifest.xml or set by calling FacebookSdk.setClientToken before initializing the sdk.
05-07 23:07:22.945 I/FacebookInitProvider( 7534): 	at com.facebook.FacebookSdk.sdkInitialize(SourceFile:460)
05-07 23:07:22.945 I/FacebookInitProvider( 7534): 	at com.facebook.FacebookSdk.sdkInitialize(SourceFile:412)
05-07 23:07:22.945 I/FacebookInitProvider( 7534): 	at com.facebook.internal.FacebookInitProvider.onCreate(SourceFile:28)
05-07 23:07:22.945 I/FacebookInitProvider( 7534): 	at android.content.ContentProvider.attachInfo(ContentProvider.java:2404)
05-07 23:07:22.945 I/FacebookInitProvider( 7534): 	at android.content.ContentProvider.attachInfo(ContentProvider.java:2374)
05-07 23:07:22.945 I/FacebookInitProvider( 7534): 	at android.app.ActivityThread.installProvider(ActivityThread.java:7632)
05-07 23:07:22.945 I/FacebookInitProvider( 7534): 	at android.app.ActivityThread.installContentProviders(ActivityThread.java:7149)
05-07 23:07:22.945 I/FacebookInitProvider( 7534): 	at android.app.ActivityThread.handleBindApplication(ActivityThread.java:6920)
05-07 23:07:22.945 I/FacebookInitProvider( 7534): 	at android.app.ActivityThread.access$1500(ActivityThread.java:259)
05-07 23:07:22.945 I/FacebookInitProvider( 7534): 	at android.app.ActivityThread$H.handleMessage(ActivityThread.java:2094)
05-07 23:07:22.945 I/FacebookInitProvider( 7534): 	at android.os.Handler.dispatchMessage(Handler.java:106)
05-07 23:07:22.945 I/FacebookInitProvider( 7534): 	at android.os.Looper.loopOnce(Looper.java:201)
05-07 23:07:22.945 I/FacebookInitProvider( 7534): 	at android.os.Looper.loop(Looper.java:288)
05-07 23:07:22.945 I/FacebookInitProvider( 7534): 	at android.app.ActivityThread.main(ActivityThread.java:8043)
05-07 23:07:22.945 I/FacebookInitProvider( 7534): 	at java.lang.reflect.Method.invoke(Native Method)
05-07 23:07:22.945 I/FacebookInitProvider( 7534): 	at com.android.internal.os.RuntimeInit$MethodAndArgsCaller.run(RuntimeInit.java:555)
05-07 23:07:22.945 I/FacebookInitProvider( 7534): 	at com.android.internal.os.ZygoteInit.main(ZygoteInit.java:1091)
05-07 23:07:22.940 I/lmkd    ( 2055): type=1400 audit(0.0:9361): avc: denied { write } for name="oom_score_adj" dev="proc" ino=18037 scontext=u:r:init:s0 tcontext=u:r:gmscore_app:s0:c512,c768 tclass=file permissive=1
05-07 23:07:22.950 I/shadowhook_tag( 7534): linker: call_ctors pre, load_bias 6d1a924000, name /data/app/~~tgC2c5ssgk9r73G-imUtqg==/com.google.android.gms-CMAnXXGUTmLyUglZWdA9Yw==/oat/arm64/split_DynamiteLoader_installtime.odex
05-07 23:07:22.950 I/shadowhook_tag( 7534): task: call_ctors() pre callback. load_bias 6d1a924000, name /data/app/~~tgC2c5ssgk9r73G-imUtqg==/com.google.android.gms-CMAnXXGUTmLyUglZWdA9Yw==/oat/arm64/split_DynamiteLoader_installtime.odex
05-07 23:07:22.950 I/shadowhook_tag( 7534): linker: call_ctors post, load_bias 6d1a924000, name /data/app/~~tgC2c5ssgk9r73G-imUtqg==/com.google.android.gms-CMAnXXGUTmLyUglZWdA9Yw==/oat/arm64/split_DynamiteLoader_installtime.odex
05-07 23:07:22.952 W/udios.Fireston( 7534): ClassLoaderContext classpath size mismatch. expected=16, found=0 (DLC[];PCL[base.apk*545294799:base.apk!classes2.dex*352801010:base.apk!classes3.dex*3343406984:base.apk!classes4.dex*2440093784:base.apk!classes5.dex*3849908652:base.apk!classes6.dex*990115835:base.apk!classes7.dex*2111835892:base.apk!classes8.dex*3444068947:base.apk!classes9.dex*3508519706:base.apk!classes10.dex*3738386946:base.apk!classes11.dex*1150016488:base.apk!classes12.dex*2136424662:base.apk!classes13.dex*3076236650:base.apk!classes14.dex*2602640587:base.apk!classes15.dex*1985522381:base.apk!classes16.dex*3850485896]{PCL[/system/framework/org.apache.http.legacy.jar*2255768530]#PCL[/system/framework/com.android.location.provider.jar*1360179951]} | DLC[];PCL[])
05-07 23:07:22.952 I/shadowhook_tag( 7534): linker: call_dtors pre, load_bias 6d1a924000, name /data/app/~~tgC2c5ssgk9r73G-imUtqg==/com.google.android.gms-CMAnXXGUTmLyUglZWdA9Yw==/oat/arm64/split_DynamiteLoader_installtime.odex
05-07 23:07:22.952 I/shadowhook_tag( 7534): linker: call_dtors post, load_bias 6d1a924000, name /data/app/~~tgC2c5ssgk9r73G-imUtqg==/com.google.android.gms-CMAnXXGUTmLyUglZWdA9Yw==/oat/arm64/split_DynamiteLoader_installtime.odex
05-07 23:07:22.952 I/shadowhook_tag( 7534): task: call_dtors() post callback. load_bias 6d1a924000, name /data/app/~~tgC2c5ssgk9r73G-imUtqg==/com.google.android.gms-CMAnXXGUTmLyUglZWdA9Yw==/oat/arm64/split_DynamiteLoader_installtime.odex
05-07 23:07:22.954 I/DynamiteModule( 7534): Considering local module com.google.android.gms.measurement.dynamite:141 and remote module com.google.android.gms.measurement.dynamite:190
05-07 23:07:22.954 I/DynamiteModule( 7534): Selected remote version of com.google.android.gms.measurement.dynamite, version >= 190
05-07 23:07:22.954 V/DynamiteModule( 7534): Dynamite loader version >= 2, using loadModule2NoCrashUtils
05-07 23:07:22.958 W/System  ( 7534): ClassLoader referenced unknown path: 
05-07 23:07:22.959 D/VectorLifecycle( 7534): dispatchPackageReady h1@cb328ec
05-07 23:07:22.968 I/shadowhook_tag( 7534): linker: call_ctors pre, load_bias 6d1a571000, name /data/app/~~eYnZX0CwG_PADosI43wKmA==/com.HolydayStudios.Firestone-KwYIEPUCRPiNe65OfXHOnQ==/lib/arm64/libmain.so
05-07 23:07:22.968 I/shadowhook_tag( 7534): task: call_ctors() pre callback. load_bias 6d1a571000, name /data/app/~~eYnZX0CwG_PADosI43wKmA==/com.HolydayStudios.Firestone-KwYIEPUCRPiNe65OfXHOnQ==/lib/arm64/libmain.so
05-07 23:07:22.968 I/shadowhook_tag( 7534): linker: call_ctors post, load_bias 6d1a571000, name /data/app/~~eYnZX0CwG_PADosI43wKmA==/com.HolydayStudios.Firestone-KwYIEPUCRPiNe65OfXHOnQ==/lib/arm64/libmain.so
05-07 23:07:22.972 I/shadowhook_tag( 7534): linker: call_ctors pre, load_bias 6d0b036000, name /data/app/~~eYnZX0CwG_PADosI43wKmA==/com.HolydayStudios.Firestone-KwYIEPUCRPiNe65OfXHOnQ==/lib/arm64/libunity.so
05-07 23:07:22.973 I/shadowhook_tag( 7534): task: call_ctors() pre callback. load_bias 6d0b036000, name /data/app/~~eYnZX0CwG_PADosI43wKmA==/com.HolydayStudios.Firestone-KwYIEPUCRPiNe65OfXHOnQ==/lib/arm64/libunity.so
05-07 23:07:23.002 I/shadowhook_tag( 7534): linker: call_ctors post, load_bias 6d0b036000, name /data/app/~~eYnZX0CwG_PADosI43wKmA==/com.HolydayStudios.Firestone-KwYIEPUCRPiNe65OfXHOnQ==/lib/arm64/libunity.so
05-07 23:07:23.003 I/shadowhook_tag( 7534): linker: call_ctors pre, load_bias 6d1a390000, name /data/app/~~tgC2c5ssgk9r73G-imUtqg==/com.google.android.gms-CMAnXXGUTmLyUglZWdA9Yw==/oat/arm64/split_MeasurementDynamite_installtime.odex
05-07 23:07:23.003 I/shadowhook_tag( 7534): task: call_ctors() pre callback. load_bias 6d1a390000, name /data/app/~~tgC2c5ssgk9r73G-imUtqg==/com.google.android.gms-CMAnXXGUTmLyUglZWdA9Yw==/oat/arm64/split_MeasurementDynamite_installtime.odex
05-07 23:07:23.003 I/shadowhook_tag( 7534): linker: call_ctors post, load_bias 6d1a390000, name /data/app/~~tgC2c5ssgk9r73G-imUtqg==/com.google.android.gms-CMAnXXGUTmLyUglZWdA9Yw==/oat/arm64/split_MeasurementDynamite_installtime.odex
05-07 23:07:23.004 W/udios.Fireston( 7534): ClassLoaderContext classpath size mismatch. expected=16, found=2 (DLC[];PCL[base.apk*545294799:base.apk!classes2.dex*352801010:base.apk!classes3.dex*3343406984:base.apk!classes4.dex*2440093784:base.apk!classes5.dex*3849908652:base.apk!classes6.dex*990115835:base.apk!classes7.dex*2111835892:base.apk!classes8.dex*3444068947:base.apk!classes9.dex*3508519706:base.apk!classes10.dex*3738386946:base.apk!classes11.dex*1150016488:base.apk!classes12.dex*2136424662:base.apk!classes13.dex*3076236650:base.apk!classes14.dex*2602640587:base.apk!classes15.dex*1985522381:base.apk!classes16.dex*3850485896]{PCL[/system/framework/org.apache.http.legacy.jar*2255768530]#PCL[/system/framework/com.android.location.provider.jar*1360179951]} | DLC[];PCL[/data/app/~~eYnZX0CwG_PADosI43wKmA==/com.HolydayStudios.Firestone-KwYIEPUCRPiNe65OfXHOnQ==/base.apk*115601013:/data/app/~~eYnZX0CwG_PADosI43wKmA==/com.HolydayStudios.Firestone-KwYIEPUCRPiNe65OfXHOnQ==/base.apk!classes2.dex*3214480094])
05-07 23:07:23.005 W/NewFileUpdater( 2669): MSG_GET_PACKAGE_TAG_INFO, no available new tag for: com.HolydayStudios.Firestone, workingTag: 12.2011
05-07 23:07:23.035 I/shadowhook_tag( 7534): linker: call_ctors pre, load_bias 6d04cbb000, name /data/app/~~eYnZX0CwG_PADosI43wKmA==/com.HolydayStudios.Firestone-KwYIEPUCRPiNe65OfXHOnQ==/lib/arm64/libil2cpp.so
05-07 23:07:23.035 I/shadowhook_tag( 7534): task: call_ctors() pre callback. load_bias 6d04cbb000, name /data/app/~~eYnZX0CwG_PADosI43wKmA==/com.HolydayStudios.Firestone-KwYIEPUCRPiNe65OfXHOnQ==/lib/arm64/libil2cpp.so
05-07 23:07:23.036 I/shadowhook_tag( 7534): linker: call_ctors post, load_bias 6d04cbb000, name /data/app/~~eYnZX0CwG_PADosI43wKmA==/com.HolydayStudios.Firestone-KwYIEPUCRPiNe65OfXHOnQ==/lib/arm64/libil2cpp.so
05-07 23:07:23.036 I/IL2CPP  ( 7534): JNI_OnLoad
05-07 23:07:23.036 I/shadowhook_tag( 7534): linker: call_dtors pre, load_bias 6d1a390000, name /data/app/~~tgC2c5ssgk9r73G-imUtqg==/com.google.android.gms-CMAnXXGUTmLyUglZWdA9Yw==/oat/arm64/split_MeasurementDynamite_installtime.odex
05-07 23:07:23.036 I/shadowhook_tag( 7534): linker: call_dtors post, load_bias 6d1a390000, name /data/app/~~tgC2c5ssgk9r73G-imUtqg==/com.google.android.gms-CMAnXXGUTmLyUglZWdA9Yw==/oat/arm64/split_MeasurementDynamite_installtime.odex
05-07 23:07:23.036 I/shadowhook_tag( 7534): task: call_dtors() post callback. load_bias 6d1a390000, name /data/app/~~tgC2c5ssgk9r73G-imUtqg==/com.google.android.gms-CMAnXXGUTmLyUglZWdA9Yw==/oat/arm64/split_MeasurementDynamite_installtime.odex
05-07 23:07:23.036 V/Unity   ( 7534): Context Type: ActivityOrService
05-07 23:07:23.051 W/WindowManager( 2429): Failed looking up window session=Session{58fd9de 7534:u0a10077} callers=com.android.server.wm.WindowManagerService.windowForClientLocked:5826 com.android.server.wm.Session.updateRequestedVisibilities:640 android.view.IWindowSession$Stub.onTransact:1175 
05-07 23:07:23.051 W/ActivityManager( 2429): callingPackage:com.HolydayStudios.Firestone, packageName:com.google.android.gms, name:com.google.android.gms.chimera.PersistentApiService, isSkip: true
05-07 23:07:23.062 I/PhenotypeResourceReader( 2754): unable to find any Phenotype resource metadata for com.HolydayStudios.Firestone
05-07 23:07:23.069 E/udios.Fireston( 7534): No package ID 6a found for ID 0x6a0b0013.
05-07 23:07:23.071 I/FA      ( 7534): App measurement initialized, version: 166000
05-07 23:07:23.071 I/FA      ( 7534): To enable debug logging run: adb shell setprop log.tag.FA VERBOSE
05-07 23:07:23.071 D/hw-ProcessState( 7534): Binder ioctl to enable oneway spam detection failed: Invalid argument
05-07 23:07:23.071 I/FA      ( 7534): To enable faster debug mode event logging run:
05-07 23:07:23.071 I/FA      ( 7534):   adb shell setprop debug.firebase.analytics.app com.HolydayStudios.Firestone
05-07 23:07:23.071 I/hwservicemanager( 2057): getTransport: Cannot find entry android.hardware.graphics.mapper@4.0::IMapper/default in either framework or device VINTF manifest.
05-07 23:07:23.071 E/HidlServiceManagement( 7534): getService: Potential race detected, descriptor: android.hardware.graphics.mapper@4.0::IMapper instance: default
05-07 23:07:23.071 I/hwservicemanager( 2057): Since android.hardware.graphics.mapper@4.0::IMapper/default is not registered, trying to start it as a lazy HAL.
05-07 23:07:23.071 I/Gralloc4( 7534): mapper 4.x is not supported
05-07 23:07:23.071 I/hwservicemanager( 2057): getTransport: Cannot find entry android.hardware.graphics.mapper@3.0::IMapper/default in either framework or device VINTF manifest.
05-07 23:07:23.071 E/HidlServiceManagement( 7534): getService: Potential race detected, descriptor: android.hardware.graphics.mapper@3.0::IMapper instance: default
05-07 23:07:23.071 I/hwservicemanager( 2057): Since android.hardware.graphics.mapper@3.0::IMapper/default is not registered, trying to start it as a lazy HAL.
05-07 23:07:23.072 W/Gralloc3( 7534): mapper 3.x is not supported
05-07 23:07:23.072 E/HidlServiceManagement( 7534): getService: Potential race detected, descriptor: android.hardware.graphics.mapper@2.0::IMapper instance: default
05-07 23:07:23.076 W/libc    ( 2057): Unable to set property "ctl.interface_start" to "android.hardware.graphics.mapper@4.0::IMapper/default": error code: 0x20
05-07 23:07:23.076 I/shadowhook_tag( 7534): linker: call_ctors pre, load_bias 6d00338000, name /system/vendor/lib64/hw/android.hardware.graphics.mapper@2.0-impl.so
05-07 23:07:23.076 I/shadowhook_tag( 7534): task: call_ctors() pre callback. load_bias 6d00338000, name /system/vendor/lib64/hw/android.hardware.graphics.mapper@2.0-impl.so
05-07 23:07:23.076 I/shadowhook_tag( 7534): linker: call_ctors post, load_bias 6d00338000, name /system/vendor/lib64/hw/android.hardware.graphics.mapper@2.0-impl.so
05-07 23:07:23.076 I/hwservicemanager( 2057): Tried to start android.hardware.graphics.mapper@4.0::IMapper/default as a lazy service, but was unable to. Usually this happens when a service is not installed, but if the service is intended to be used as a lazy service, then it may be configured incorrectly.
05-07 23:07:23.078 W/libc    ( 2057): Unable to set property "ctl.interface_start" to "android.hardware.graphics.mapper@3.0::IMapper/default": error code: 0x20
05-07 23:07:23.078 I/hwservicemanager( 2057): Tried to start android.hardware.graphics.mapper@3.0::IMapper/default as a lazy service, but was unable to. Usually this happens when a service is not installed, but if the service is intended to be used as a lazy service, then it may be configured incorrectly.
05-07 23:07:23.100 I/shadowhook_tag( 7534): linker: call_ctors pre, load_bias 6ce9c90000, name /system/lib64/hw/gralloc.kona.so
05-07 23:07:23.100 I/shadowhook_tag( 7534): task: call_ctors() pre callback. load_bias 6ce9c90000, name /system/lib64/hw/gralloc.kona.so
05-07 23:07:23.100 I/shadowhook_tag( 7534): linker: call_ctors pre, load_bias 6ce9b4a000, name /system/lib64/libOpenglSystemCommon.so
05-07 23:07:23.100 I/shadowhook_tag( 7534): task: call_ctors() pre callback. load_bias 6ce9b4a000, name /system/lib64/libOpenglSystemCommon.so
05-07 23:07:23.100 I/shadowhook_tag( 7534): linker: call_ctors pre, load_bias 6ce7cc6000, name /system/lib64/libvulkan_enc.so
05-07 23:07:23.100 I/shadowhook_tag( 7534): task: call_ctors() pre callback. load_bias 6ce7cc6000, name /system/lib64/libvulkan_enc.so
05-07 23:07:23.100 I/shadowhook_tag( 7534): linker: call_ctors pre, load_bias 6ce9b1f000, name /system/lib64/libandroidemu.so
05-07 23:07:23.100 I/shadowhook_tag( 7534): task: call_ctors() pre callback. load_bias 6ce9b1f000, name /system/lib64/libandroidemu.so
05-07 23:07:23.100 I/shadowhook_tag( 7534): linker: call_ctors post, load_bias 6ce9b1f000, name /system/lib64/libandroidemu.so
05-07 23:07:23.100 I/shadowhook_tag( 7534): linker: call_ctors pre, load_bias 6ce9ac0000, name /system/lib64/lib_renderControl_enc.so
05-07 23:07:23.100 I/shadowhook_tag( 7534): task: call_ctors() pre callback. load_bias 6ce9ac0000, name /system/lib64/lib_renderControl_enc.so
05-07 23:07:23.100 I/shadowhook_tag( 7534): linker: call_ctors post, load_bias 6ce9ac0000, name /system/lib64/lib_renderControl_enc.so
05-07 23:07:23.100 I/shadowhook_tag( 7534): linker: call_ctors pre, load_bias 6ce9aa4000, name /system/lib64/libdrm.so
05-07 23:07:23.100 I/shadowhook_tag( 7534): task: call_ctors() pre callback. load_bias 6ce9aa4000, name /system/lib64/libdrm.so
05-07 23:07:23.100 I/shadowhook_tag( 7534): linker: call_ctors post, load_bias 6ce9aa4000, name /system/lib64/libdrm.so
05-07 23:07:23.100 I/shadowhook_tag( 7534): linker: call_ctors post, load_bias 6ce7cc6000, name /system/lib64/libvulkan_enc.so
05-07 23:07:23.100 I/shadowhook_tag( 7534): linker: call_ctors pre, load_bias 6ce9b85000, name /system/lib64/libGLESv2_enc.so
05-07 23:07:23.100 I/shadowhook_tag( 7534): task: call_ctors() pre callback. load_bias 6ce9b85000, name /system/lib64/libGLESv2_enc.so
05-07 23:07:23.100 I/shadowhook_tag( 7534): linker: call_ctors post, load_bias 6ce9b85000, name /system/lib64/libGLESv2_enc.so
05-07 23:07:23.100 I/shadowhook_tag( 7534): linker: call_ctors pre, load_bias 6ce9c23000, name /system/lib64/libGLESv1_enc.so
05-07 23:07:23.100 I/shadowhook_tag( 7534): task: call_ctors() pre callback. load_bias 6ce9c23000, name /system/lib64/libGLESv1_enc.so
05-07 23:07:23.100 I/shadowhook_tag( 7534): linker: call_ctors post, load_bias 6ce9c23000, name /system/lib64/libGLESv1_enc.so
05-07 23:07:23.100 I/shadowhook_tag( 7534): linker: call_ctors post, load_bias 6ce9b4a000, name /system/lib64/libOpenglSystemCommon.so
05-07 23:07:23.100 I/shadowhook_tag( 7534): linker: call_ctors post, load_bias 6ce9c90000, name /system/lib64/hw/gralloc.kona.so
05-07 23:07:23.101 I/hwservicemanager( 2057): getTransport: Cannot find entry android.hardware.graphics.allocator@4.0::IAllocator/default in either framework or device VINTF manifest.
05-07 23:07:23.101 E/HidlServiceManagement( 7534): getService: Potential race detected, descriptor: android.hardware.graphics.allocator@4.0::IAllocator instance: default
05-07 23:07:23.102 I/hwservicemanager( 2057): Since android.hardware.graphics.allocator@4.0::IAllocator/default is not registered, trying to start it as a lazy HAL.
05-07 23:07:23.102 W/Gralloc4( 7534): allocator 4.x is not supported
05-07 23:07:23.103 I/hwservicemanager( 2057): getTransport: Cannot find entry android.hardware.graphics.allocator@3.0::IAllocator/default in either framework or device VINTF manifest.
05-07 23:07:23.103 E/HidlServiceManagement( 7534): getService: Potential race detected, descriptor: android.hardware.graphics.allocator@3.0::IAllocator instance: default
05-07 23:07:23.103 I/hwservicemanager( 2057): Since android.hardware.graphics.allocator@3.0::IAllocator/default is not registered, trying to start it as a lazy HAL.
05-07 23:07:23.104 W/Gralloc3( 7534): allocator 3.x is not supported
05-07 23:07:23.105 E/HidlServiceManagement( 7534): getService: Potential race detected, descriptor: android.hardware.graphics.allocator@2.0::IAllocator instance: default
05-07 23:07:23.107 I/shadowhook_tag( 7534): linker: call_ctors pre, load_bias 6d002d5000, name /system/vendor/lib64/hw/android.hardware.graphics.allocator@2.0-impl.so
05-07 23:07:23.107 I/shadowhook_tag( 7534): task: call_ctors() pre callback. load_bias 6d002d5000, name /system/vendor/lib64/hw/android.hardware.graphics.allocator@2.0-impl.so
05-07 23:07:23.107 I/shadowhook_tag( 7534): linker: call_ctors post, load_bias 6d002d5000, name /system/vendor/lib64/hw/android.hardware.graphics.allocator@2.0-impl.so
05-07 23:07:23.107 I/nemucooker( 7534): cook file1: /etc/mumu-configs/renderer.config, last modify time: Thu Aug 29 11:22:45 2024
05-07 23:07:23.107 I/nemucooker( 7534): cook file2: /data/system/etc/mumu-configs/renderer.config, last modify time: Thu Apr 30 21:00:20 2026
05-07 23:07:23.107 I/nemucooker( 7534): cook select file: /data/system/etc/mumu-configs/renderer.config
05-07 23:07:23.109 W/libc    ( 2057): Unable to set property "ctl.interface_start" to "android.hardware.graphics.allocator@4.0::IAllocator/default": error code: 0x20
05-07 23:07:23.109 I/hwservicemanager( 2057): Tried to start android.hardware.graphics.allocator@4.0::IAllocator/default as a lazy service, but was unable to. Usually this happens when a service is not installed, but if the service is intended to be used as a lazy service, then it may be configured incorrectly.
05-07 23:07:23.110 E/udios.Fireston( 7534): vulkan version is 4202746
05-07 23:07:23.110 W/ActivityManager( 2429): callingPackage:com.HolydayStudios.Firestone, packageName:com.google.android.gms, name:com.google.android.gms.measurement.service.MeasurementBrokerService, isSkip: true
05-07 23:07:23.111 D/gralloc_x86( 7534): gralloc_alloc: Creating ashmem region of size 14749696
05-07 23:07:23.114 W/libc    ( 2057): Unable to set property "ctl.interface_start" to "android.hardware.graphics.allocator@3.0::IAllocator/default": error code: 0x20
05-07 23:07:23.114 I/hwservicemanager( 2057): Tried to start android.hardware.graphics.allocator@3.0::IAllocator/default as a lazy service, but was unable to. Usually this happens when a service is not installed, but if the service is intended to be used as a lazy service, then it may be configured incorrectly.
05-07 23:07:23.114 D/BoundBrokerSvc( 3171): onBind: Intent { act=com.google.android.gms.measurement.START pkg=com.google.android.gms }
05-07 23:07:23.114 D/BoundBrokerSvc( 3171): Loading bound service for intent: Intent { act=com.google.android.gms.measurement.START pkg=com.google.android.gms }
05-07 23:07:23.115 I/FA      ( 7534): Tag Manager is not found and thus will not be used
05-07 23:07:23.157 I/ActivityTaskManager( 2429): Displayed com.HolydayStudios.Firestone/com.unity3d.player.UnityPlayerActivity: +957ms
05-07 23:07:23.165 D/AdvertisingIdClient( 3171): AdvertisingIdClient already created.
05-07 23:07:23.165 D/AdvertisingIdClient( 3171): AdvertisingIdClient is not bounded. Starting to bind it...
05-07 23:07:23.167 W/ActivityManager( 2429): callingPackage:com.google.android.gms, packageName:com.google.android.gms, name:com.google.android.gms.ads.identifier.service.AdvertisingIdService, isSkip: true
05-07 23:07:23.167 I/Unity   ( 7534): MemoryManager: Using 'Dynamic Heap' Allocator.
05-07 23:07:23.169 D/AdvertisingIdClient( 3171): AdvertisingIdClient is bounded
05-07 23:07:23.175 I/AdvertisingIdClient( 3171): shouldSendLog 10952
05-07 23:07:23.175 I/AdvertisingIdClient( 3171): GetInfoInternal elapse 9ms
05-07 23:07:23.179 D/BoundBrokerSvc( 2754): onRebind: Intent { act=com.google.android.gms.common.telemetry.service.START dat=chimera-action: cmp=com.google.android.gms/.chimera.PersistentApiService }
05-07 23:07:23.186 I/FirestoneHooks( 7534): libil2cpp.so base=0x6d04cbb000
05-07 23:07:23.186 I/shadowhook_tag( 7534): shadowhook: hook_func_addr(libil2cpp.so, EasyWin.CentralCurrencyHandler.HaveCurrency, 0x6d07860e48, 0x6d155090fc, 9) ...
05-07 23:07:23.186 I/shadowhook_tag( 7534): switch: create, target_addr 6d07860e48
05-07 23:07:23.186 I/shadowhook_tag( 7534): hub: create trampo at 6ff02bc000, size 96 + 16 = 112
05-07 23:07:23.186 I/shadowhook_tag( 7534): hub: add(new) func 6d155090fc
05-07 23:07:23.186 I/shadowhook_tag( 7534): a64 rewrite: type 0, inst f94002a0
05-07 23:07:23.190 I/shadowhook_tag( 7534): linker: get dlinfo by target addr: target_addr 0x6d07860e48, sym_name (NULL), sym_sz 0, load_bias 6d04cbb000, pathname /data/app/~~eYnZX0CwG_PADosI43wKmA==/com.HolydayStudios.Firestone-KwYIEPUCRPiNe65OfXHOnQ==/lib/arm64/libil2cpp.so
05-07 23:07:23.190 I/shadowhook_tag( 7534): elf: find phdr gap 6d06b06000-6d06b09000(load_bias 6d04cbb000, 1e4b000-1e4e000)
05-07 23:07:23.190 I/shadowhook_tag( 7534): elf: find phdr gap 6d09c637f0-6d09c67000(load_bias 6d04cbb000, 4fa87f0-4fac000)
05-07 23:07:23.190 I/shadowhook_tag( 7534): elf: find phdr gap 6d09f9c000-6d09f9f000(load_bias 6d04cbb000, 52e1000-52e4000)
05-07 23:07:23.190 I/shadowhook_tag( 7534): elf: find phdr gap 6d0a4c9370-6d0a4ca000(load_bias 6d04cbb000, 580e370-580f000)
05-07 23:07:23.190 I/shadowhook_tag( 7534): elf: alloc addr 6d06b06000(load_bias 6d04cbb000, 1e4b000), size 16, idx [0, 4)
05-07 23:07:23.190 I/shadowhook_tag( 7534): island: alloc in ELF-gap, addr 6d06b06000, size 16, pc 6d07860e48, range [6cff860e48, 6d0f860e44]
05-07 23:07:23.190 I/shadowhook_tag( 7534): a64: hook (with island) OK. target 6d07860e48 -> island-exit 6d06b06000 -> new 6ff02bc000 -> enter 6ff03e8080 -> resume 6d07860e4c
05-07 23:07:23.190 I/shadowhook_tag( 7534): switch: hook in SHARED mode OK: target_addr 6d07860e48, new_addr 6d155090fc
05-07 23:07:23.190 I/shadowhook_tag( 7534): shadowhook: hook_func_addr(0x6d07860e48, 0x6d155090fc, 9) OK. return: 0xb400006db9ffa640
05-07 23:07:23.190 I/FirestoneHooks( 7534): EasyWin.CentralCurrencyHandler.HaveCurrency hook installed rva=0x2ba5e48 target=0x6d07860e48 stub=0xb400006db9ffa640 err=0 OK
05-07 23:07:23.190 I/shadowhook_tag( 7534): shadowhook: hook_func_addr(libil2cpp.so, EasyWin.Currency.HaveCurrency, 0x6d07860ed8, 0x6d15509224, 9) ...
05-07 23:07:23.190 I/shadowhook_tag( 7534): switch: create, target_addr 6d07860ed8
05-07 23:07:23.190 I/shadowhook_tag( 7534): hub: create trampo at 6ff02bc070, size 96 + 16 = 112
05-07 23:07:23.190 I/shadowhook_tag( 7534): hub: add(new) func 6d15509224
05-07 23:07:23.190 I/shadowhook_tag( 7534): a64 rewrite: type 0, inst aa1f03e0
05-07 23:07:23.190 I/shadowhook_tag( 7534): elf: alloc addr 6d06b06010(load_bias 6d04cbb000, 1e4b010), size 16, idx [4, 8)
05-07 23:07:23.190 I/shadowhook_tag( 7534): island: alloc in ELF-gap, addr 6d06b06010, size 16, pc 6d07860ed8, range [6cff860ed8, 6d0f860ed4]
05-07 23:07:23.190 I/shadowhook_tag( 7534): a64: hook (with island) OK. target 6d07860ed8 -> island-exit 6d06b06010 -> new 6ff02bc070 -> enter 6ff03e80c0 -> resume 6d07860edc
05-07 23:07:23.190 I/shadowhook_tag( 7534): switch: hook in SHARED mode OK: target_addr 6d07860ed8, new_addr 6d15509224
05-07 23:07:23.190 I/shadowhook_tag( 7534): shadowhook: hook_func_addr(0x6d07860ed8, 0x6d15509224, 9) OK. return: 0xb400006db9ff9170
05-07 23:07:23.190 I/FirestoneHooks( 7534): EasyWin.Currency.HaveCurrency hook installed rva=0x2ba5ed8 target=0x6d07860ed8 stub=0xb400006db9ff9170 err=0 OK
05-07 23:07:23.190 I/FirestoneHooks( 7534): easy-win FreeCurrency toggle active; affordability hooks installed
05-07 23:07:23.190 I/shadowhook_tag( 7534): shadowhook: hook_func_addr(libil2cpp.so, GodMode.BattleHero.IsImmune, 0x6d0777b170, 0x6d15509610, 9) ...
05-07 23:07:23.190 I/shadowhook_tag( 7534): switch: create, target_addr 6d0777b170
05-07 23:07:23.190 I/shadowhook_tag( 7534): hub: create trampo at 6ff02bc0e0, size 96 + 16 = 112
05-07 23:07:23.190 I/shadowhook_tag( 7534): hub: add(new) func 6d15509610
05-07 23:07:23.191 I/shadowhook_tag( 7534): a64 rewrite: type 0, inst b9004be8
05-07 23:07:23.191 I/shadowhook_tag( 7534): elf: alloc addr 6d06b06020(load_bias 6d04cbb000, 1e4b020), size 16, idx [8, 12)
05-07 23:07:23.191 I/shadowhook_tag( 7534): island: alloc in ELF-gap, addr 6d06b06020, size 16, pc 6d0777b170, range [6cff77b170, 6d0f77b16c]
05-07 23:07:23.191 I/shadowhook_tag( 7534): a64: hook (with island) OK. target 6d0777b170 -> island-exit 6d06b06020 -> new 6ff02bc0e0 -> enter 6ff03e8100 -> resume 6d0777b174
05-07 23:07:23.191 I/shadowhook_tag( 7534): switch: hook in SHARED mode OK: target_addr 6d0777b170, new_addr 6d15509610
05-07 23:07:23.191 I/shadowhook_tag( 7534): shadowhook: hook_func_addr(0x6d0777b170, 0x6d15509610, 9) OK. return: 0xb400006db9ff8e10
05-07 23:07:23.191 I/FirestoneHooks( 7534): GodMode.BattleHero.IsImmune hook installed rva=0x2ac0170 target=0x6d0777b170 stub=0xb400006db9ff8e10 err=0 OK
05-07 23:07:23.191 I/shadowhook_tag( 7534): shadowhook: hook_func_addr(libil2cpp.so, GameSpeed.Time.set_timeScale, 0x6d096c9aa4, 0x6d15509968, 9) ...
05-07 23:07:23.191 I/shadowhook_tag( 7534): switch: create, target_addr 6d096c9aa4
05-07 23:07:23.191 I/shadowhook_tag( 7534): hub: create trampo at 6ff02bc150, size 96 + 16 = 112
05-07 23:07:23.191 I/shadowhook_tag( 7534): hub: add(new) func 6d15509968
05-07 23:07:23.192 I/shadowhook_tag( 7534): a64 rewrite: type 0, inst 7100977f
05-07 23:07:23.192 I/shadowhook_tag( 7534): elf: alloc addr 6d06b06030(load_bias 6d04cbb000, 1e4b030), size 16, idx [12, 16)
05-07 23:07:23.192 I/shadowhook_tag( 7534): island: alloc in ELF-gap, addr 6d06b06030, size 16, pc 6d096c9aa4, range [6d016c9aa4, 6d116c9aa0]
05-07 23:07:23.192 I/shadowhook_tag( 7534): a64: hook (with island) OK. target 6d096c9aa4 -> island-exit 6d06b06030 -> new 6ff02bc150 -> enter 6ff03e8140 -> resume 6d096c9aa8
05-07 23:07:23.192 I/shadowhook_tag( 7534): switch: hook in SHARED mode OK: target_addr 6d096c9aa4, new_addr 6d15509968
05-07 23:07:23.192 I/shadowhook_tag( 7534): shadowhook: hook_func_addr(0x6d096c9aa4, 0x6d15509968, 9) OK. return: 0xb400006db9ff9f80
05-07 23:07:23.192 I/FirestoneHooks( 7534): GameSpeed.Time.set_timeScale hook installed rva=0x4a0eaa4 target=0x6d096c9aa4 stub=0xb400006db9ff9f80 err=0 OK
05-07 23:07:23.192 I/shadowhook_tag( 7534): shadowhook: hook_func_addr(libil2cpp.so, GameSpeed.Time.get_fixedDeltaTime, 0x6d096c99f4, 0x6d155099fc, 9) ...
05-07 23:07:23.192 I/shadowhook_tag( 7534): switch: create, target_addr 6d096c99f4
05-07 23:07:23.192 I/shadowhook_tag( 7534): hub: create trampo at 6ff02bc1c0, size 96 + 16 = 112
05-07 23:07:23.192 I/shadowhook_tag( 7534): hub: add(new) func 6d155099fc
05-07 23:07:23.192 I/shadowhook_tag( 7534): a64 rewrite: type 3, inst 975ac675
05-07 23:07:23.192 I/shadowhook_tag( 7534): elf: alloc addr 6d06b06040(load_bias 6d04cbb000, 1e4b040), size 16, idx [16, 20)
05-07 23:07:23.192 I/shadowhook_tag( 7534): island: alloc in ELF-gap, addr 6d06b06040, size 16, pc 6d096c99f4, range [6d016c99f4, 6d116c99f0]
05-07 23:07:23.192 I/shadowhook_tag( 7534): a64: hook (with island) OK. target 6d096c99f4 -> island-exit 6d06b06040 -> new 6ff02bc1c0 -> enter 6ff03e8180 -> resume 6d096c99f8
05-07 23:07:23.192 I/shadowhook_tag( 7534): switch: hook in SHARED mode OK: target_addr 6d096c99f4, new_addr 6d155099fc
05-07 23:07:23.192 I/shadowhook_tag( 7534): shadowhook: hook_func_addr(0x6d096c99f4, 0x6d155099fc, 9) OK. return: 0xb400006db9ff9cb0
05-07 23:07:23.192 I/FirestoneHooks( 7534): GameSpeed.Time.get_fixedDeltaTime hook installed rva=0x4a0e9f4 target=0x6d096c99f4 stub=0xb400006db9ff9cb0 err=0 OK
05-07 23:07:23.192 I/shadowhook_tag( 7534): shadowhook: hook_func_addr(libil2cpp.so, GameSpeed.TeamLogic.ApplyWaveTransitionSpeedModifierToDuration, 0x6d077849dc, 0x6d15509abc, 9) ...
05-07 23:07:23.192 I/shadowhook_tag( 7534): switch: create, target_addr 6d077849dc
05-07 23:07:23.192 I/shadowhook_tag( 7534): hub: create trampo at 6ff02bc230, size 96 + 16 = 112
05-07 23:07:23.192 I/shadowhook_tag( 7534): hub: add(new) func 6d15509abc
05-07 23:07:23.192 I/shadowhook_tag( 7534): a64 rewrite: type 3, inst 97d7da7b
05-07 23:07:23.192 I/shadowhook_tag( 7534): elf: alloc addr 6d06b06050(load_bias 6d04cbb000, 1e4b050), size 16, idx [20, 24)
05-07 23:07:23.192 I/shadowhook_tag( 7534): island: alloc in ELF-gap, addr 6d06b06050, size 16, pc 6d077849dc, range [6cff7849dc, 6d0f7849d8]
05-07 23:07:23.192 I/shadowhook_tag( 7534): a64: hook (with island) OK. target 6d077849dc -> island-exit 6d06b06050 -> new 6ff02bc230 -> enter 6ff03e81c0 -> resume 6d077849e0
05-07 23:07:23.192 I/shadowhook_tag( 7534): switch: hook in SHARED mode OK: target_addr 6d077849dc, new_addr 6d15509abc
05-07 23:07:23.192 I/shadowhook_tag( 7534): shadowhook: hook_func_addr(0x6d077849dc, 0x6d15509abc, 9) OK. return: 0xb400006db9ff8f30
05-07 23:07:23.192 I/FirestoneHooks( 7534): GameSpeed.TeamLogic.ApplyWaveTransitionSpeedModifierToDuration hook installed rva=0x2ac99dc target=0x6d077849dc stub=0xb400006db9ff8f30 err=0 OK
05-07 23:07:23.192 I/shadowhook_tag( 7534): shadowhook: hook_func_addr(libil2cpp.so, GameSpeed.TeamLogic.set_WaveTransitionSpeedMultiplier, 0x6d07784814, 0x6d15509b8c, 9) ...
05-07 23:07:23.192 I/shadowhook_tag( 7534): switch: create, target_addr 6d07784814
05-07 23:07:23.192 I/shadowhook_tag( 7534): hub: create trampo at 6ff02bc2a0, size 96 + 16 = 112
05-07 23:07:23.192 I/shadowhook_tag( 7534): hub: add(new) func 6d15509b8c
05-07 23:07:23.192 I/shadowhook_tag( 7534): a64 rewrite: type 5, inst 90013b68
05-07 23:07:23.192 I/shadowhook_tag( 7534): elf: alloc addr 6d06b06060(load_bias 6d04cbb000, 1e4b060), size 16, idx [24, 28)
05-07 23:07:23.192 I/shadowhook_tag( 7534): island: alloc in ELF-gap, addr 6d06b06060, size 16, pc 6d07784814, range [6cff784814, 6d0f784810]
05-07 23:07:23.192 I/shadowhook_tag( 7534): a64: hook (with island) OK. target 6d07784814 -> island-exit 6d06b06060 -> new 6ff02bc2a0 -> enter 6ff03e8200 -> resume 6d07784818
05-07 23:07:23.192 I/shadowhook_tag( 7534): switch: hook in SHARED mode OK: target_addr 6d07784814, new_addr 6d15509b8c
05-07 23:07:23.192 I/shadowhook_tag( 7534): shadowhook: hook_func_addr(0x6d07784814, 0x6d15509b8c, 9) OK. return: 0xb400006db9ff94d0
05-07 23:07:23.192 I/FirestoneHooks( 7534): GameSpeed.TeamLogic.set_WaveTransitionSpeedMultiplier hook installed rva=0x2ac9814 target=0x6d07784814 stub=0xb400006db9ff94d0 err=0 OK
05-07 23:07:23.192 I/shadowhook_tag( 7534): shadowhook: hook_func_addr(libil2cpp.so, GameSpeed.Spine.AnimationState.set_TimeScale, 0x6d09025ac8, 0x6d15509c20, 9) ...
05-07 23:07:23.192 I/shadowhook_tag( 7534): switch: create, target_addr 6d09025ac8
05-07 23:07:23.192 I/shadowhook_tag( 7534): hub: create trampo at 6ff02bc310, size 96 + 16 = 112
05-07 23:07:23.192 I/shadowhook_tag( 7534): hub: add(new) func 6d15509c20
05-07 23:07:23.194 I/shadowhook_tag( 7534): a64 rewrite: type 0, inst f9424af7
05-07 23:07:23.194 I/shadowhook_tag( 7534): elf: alloc addr 6d06b06070(load_bias 6d04cbb000, 1e4b070), size 16, idx [28, 32)
05-07 23:07:23.194 I/shadowhook_tag( 7534): island: alloc in ELF-gap, addr 6d06b06070, size 16, pc 6d09025ac8, range [6d01025ac8, 6d11025ac4]
05-07 23:07:23.194 I/shadowhook_tag( 7534): a64: hook (with island) OK. target 6d09025ac8 -> island-exit 6d06b06070 -> new 6ff02bc310 -> enter 6ff03e8240 -> resume 6d09025acc
05-07 23:07:23.194 I/shadowhook_tag( 7534): switch: hook in SHARED mode OK: target_addr 6d09025ac8, new_addr 6d15509c20
05-07 23:07:23.194 I/shadowhook_tag( 7534): shadowhook: hook_func_addr(0x6d09025ac8, 0x6d15509c20, 9) OK. return: 0xb400006db9ff9200
05-07 23:07:23.195 I/FirestoneHooks( 7534): GameSpeed.Spine.AnimationState.set_TimeScale hook installed rva=0x436aac8 target=0x6d09025ac8 stub=0xb400006db9ff9200 err=0 OK
05-07 23:07:23.195 I/shadowhook_tag( 7534): shadowhook: hook_func_addr(libil2cpp.so, OHK.BattleController.ApplyDamage.short, 0x6d0747fe00, 0x6d15509fdc, 9) ...
05-07 23:07:23.195 I/shadowhook_tag( 7534): switch: create, target_addr 6d0747fe00
05-07 23:07:23.195 I/shadowhook_tag( 7534): hub: create trampo at 6ff02bc380, size 96 + 16 = 112
05-07 23:07:23.195 I/shadowhook_tag( 7534): hub: add(new) func 6d15509fdc
05-07 23:07:23.195 D/BoundBrokerSvc( 2754): onRebind: Intent { act=com.google.android.gms.presencemanager.service.START dat=chimera-action: cmp=com.google.android.gms/.chimera.PersistentApiService }
05-07 23:07:23.195 I/shadowhook_tag( 7534): a64 rewrite: type 5, inst b00154f4
05-07 23:07:23.195 I/shadowhook_tag( 7534): elf: alloc addr 6d06b06080(load_bias 6d04cbb000, 1e4b080), size 16, idx [32, 36)
05-07 23:07:23.195 I/shadowhook_tag( 7534): island: alloc in ELF-gap, addr 6d06b06080, size 16, pc 6d0747fe00, range [6cff47fe00, 6d0f47fdfc]
05-07 23:07:23.195 I/shadowhook_tag( 7534): a64: hook (with island) OK. target 6d0747fe00 -> island-exit 6d06b06080 -> new 6ff02bc380 -> enter 6ff03e8280 -> resume 6d0747fe04
05-07 23:07:23.195 I/shadowhook_tag( 7534): switch: hook in SHARED mode OK: target_addr 6d0747fe00, new_addr 6d15509fdc
05-07 23:07:23.195 I/shadowhook_tag( 7534): shadowhook: hook_func_addr(0x6d0747fe00, 0x6d15509fdc, 9) OK. return: 0xb400006db9ff8c60
05-07 23:07:23.195 I/FirestoneHooks( 7534): OHK.BattleController.ApplyDamage.short hook installed rva=0x27c4e00 target=0x6d0747fe00 stub=0xb400006db9ff8c60 err=0 OK
05-07 23:07:23.195 I/shadowhook_tag( 7534): shadowhook: hook_func_addr(libil2cpp.so, OHK.BattleController.ApplyDamage.full, 0x6d0747fe10, 0x6d1550a120, 9) ...
05-07 23:07:23.195 I/shadowhook_tag( 7534): switch: create, target_addr 6d0747fe10
05-07 23:07:23.195 I/shadowhook_tag( 7534): hub: create trampo at 6ff02bc3f0, size 96 + 16 = 112
05-07 23:07:23.195 I/shadowhook_tag( 7534): hub: add(new) func 6d1550a120
05-07 23:07:23.195 I/shadowhook_tag( 7534): a64 rewrite: type 5, inst b00154e0
05-07 23:07:23.195 I/shadowhook_tag( 7534): elf: alloc addr 6d06b06090(load_bias 6d04cbb000, 1e4b090), size 16, idx [36, 40)
05-07 23:07:23.195 I/shadowhook_tag( 7534): island: alloc in ELF-gap, addr 6d06b06090, size 16, pc 6d0747fe10, range [6cff47fe10, 6d0f47fe0c]
05-07 23:07:23.195 I/shadowhook_tag( 7534): a64: hook (with island) OK. target 6d0747fe10 -> island-exit 6d06b06090 -> new 6ff02bc3f0 -> enter 6ff03e82c0 -> resume 6d0747fe14
05-07 23:07:23.195 I/shadowhook_tag( 7534): switch: hook in SHARED mode OK: target_addr 6d0747fe10, new_addr 6d1550a120
05-07 23:07:23.195 I/shadowhook_tag( 7534): shadowhook: hook_func_addr(0x6d0747fe10, 0x6d1550a120, 9) OK. return: 0xb400006db9ffa760
05-07 23:07:23.195 I/FirestoneHooks( 7534): OHK.BattleController.ApplyDamage.full hook installed rva=0x27c4e10 target=0x6d0747fe10 stub=0xb400006db9ffa760 err=0 OK
05-07 23:07:23.195 I/shadowhook_tag( 7534): shadowhook: hook_func_addr(libil2cpp.so, OHK.BattleCharacter.ReceiveDamage, 0x6d0769cac8, 0x6d1550a270, 9) ...
05-07 23:07:23.195 I/shadowhook_tag( 7534): switch: create, target_addr 6d0769cac8
05-07 23:07:23.195 I/shadowhook_tag( 7534): hub: create trampo at 6ff02bc460, size 96 + 16 = 112
05-07 23:07:23.195 I/shadowhook_tag( 7534): hub: add(new) func 6d1550a270
05-07 23:07:23.196 I/shadowhook_tag( 7534): a64 rewrite: type 0, inst b1503a8
05-07 23:07:23.196 I/shadowhook_tag( 7534): elf: alloc addr 6d06b060a0(load_bias 6d04cbb000, 1e4b0a0), size 16, idx [40, 44)
05-07 23:07:23.196 I/shadowhook_tag( 7534): island: alloc in ELF-gap, addr 6d06b060a0, size 16, pc 6d0769cac8, range [6cff69cac8, 6d0f69cac4]
05-07 23:07:23.196 I/shadowhook_tag( 7534): a64: hook (with island) OK. target 6d0769cac8 -> island-exit 6d06b060a0 -> new 6ff02bc460 -> enter 6ff03e8300 -> resume 6d0769cacc
05-07 23:07:23.196 I/shadowhook_tag( 7534): switch: hook in SHARED mode OK: target_addr 6d0769cac8, new_addr 6d1550a270
05-07 23:07:23.196 I/shadowhook_tag( 7534): shadowhook: hook_func_addr(0x6d0769cac8, 0x6d1550a270, 9) OK. return: 0xb400006db9ffb2a0
05-07 23:07:23.196 I/FirestoneHooks( 7534): OHK.BattleCharacter.ReceiveDamage hook installed rva=0x29e1ac8 target=0x6d0769cac8 stub=0xb400006db9ffb2a0 err=0 OK
05-07 23:07:23.196 I/shadowhook_tag( 7534): shadowhook: hook_func_addr(libil2cpp.so, AttackSpeed.CharacterBattleLogic.FillAttackSpeedTimer, 0x6d077832e8, 0x6d1550a6f4, 9) ...
05-07 23:07:23.196 I/shadowhook_tag( 7534): switch: create, target_addr 6d077832e8
05-07 23:07:23.196 I/shadowhook_tag( 7534): hub: create trampo at 6ff02bc4d0, size 96 + 16 = 112
05-07 23:07:23.196 I/shadowhook_tag( 7534): hub: add(new) func 6d1550a6f4
05-07 23:07:23.197 I/shadowhook_tag( 7534): a64 rewrite: type 0, inst f9400c00
05-07 23:07:23.197 I/shadowhook_tag( 7534): elf: alloc addr 6d06b060b0(load_bias 6d04cbb000, 1e4b0b0), size 16, idx [44, 48)
05-07 23:07:23.197 I/shadowhook_tag( 7534): island: alloc in ELF-gap, addr 6d06b060b0, size 16, pc 6d077832e8, range [6cff7832e8, 6d0f7832e4]
05-07 23:07:23.197 I/shadowhook_tag( 7534): a64: hook (with island) OK. target 6d077832e8 -> island-exit 6d06b060b0 -> new 6ff02bc4d0 -> enter 6ff03e8340 -> resume 6d077832ec
05-07 23:07:23.197 I/shadowhook_tag( 7534): switch: hook in SHARED mode OK: target_addr 6d077832e8, new_addr 6d1550a6f4
05-07 23:07:23.197 I/shadowhook_tag( 7534): shadowhook: hook_func_addr(0x6d077832e8, 0x6d1550a6f4, 9) OK. return: 0xb400006db9ffaa30
05-07 23:07:23.197 I/FirestoneHooks( 7534): AttackSpeed.CharacterBattleLogic.FillAttackSpeedTimer hook installed rva=0x2ac82e8 target=0x6d077832e8 stub=0xb400006db9ffaa30 err=0 OK
05-07 23:07:23.197 I/shadowhook_tag( 7534): shadowhook: hook_func_addr(libil2cpp.so, AttackSpeed.BattleMainHero.CalculateAttackSpeedTotal, 0x6d0777daf8, 0x6d1550a834, 9) ...
05-07 23:07:23.197 I/shadowhook_tag( 7534): switch: create, target_addr 6d0777daf8
05-07 23:07:23.197 I/shadowhook_tag( 7534): hub: create trampo at 6ff02bc540, size 96 + 16 = 112
05-07 23:07:23.197 I/shadowhook_tag( 7534): hub: add(new) func 6d1550a834
05-07 23:07:23.197 I/shadowhook_tag( 7534): a64 rewrite: type 0, inst f9409268
05-07 23:07:23.197 I/shadowhook_tag( 7534): elf: alloc addr 6d06b060c0(load_bias 6d04cbb000, 1e4b0c0), size 16, idx [48, 52)
05-07 23:07:23.197 I/shadowhook_tag( 7534): island: alloc in ELF-gap, addr 6d06b060c0, size 16, pc 6d0777daf8, range [6cff77daf8, 6d0f77daf4]
05-07 23:07:23.197 I/shadowhook_tag( 7534): a64: hook (with island) OK. target 6d0777daf8 -> island-exit 6d06b060c0 -> new 6ff02bc540 -> enter 6ff03e8380 -> resume 6d0777dafc
05-07 23:07:23.197 I/shadowhook_tag( 7534): switch: hook in SHARED mode OK: target_addr 6d0777daf8, new_addr 6d1550a834
05-07 23:07:23.197 I/shadowhook_tag( 7534): shadowhook: hook_func_addr(0x6d0777daf8, 0x6d1550a834, 9) OK. return: 0xb400006db9ffbba0
05-07 23:07:23.197 I/FirestoneHooks( 7534): AttackSpeed.BattleMainHero.CalculateAttackSpeedTotal hook installed rva=0x2ac2af8 target=0x6d0777daf8 stub=0xb400006db9ffbba0 err=0 OK
05-07 23:07:23.197 I/shadowhook_tag( 7534): shadowhook: hook_func_addr(libil2cpp.so, AttackSpeed.BattleMainEnemy.CalculateAttackSpeedTotal, 0x6d076a0b94, 0x6d1550a938, 9) ...
05-07 23:07:23.197 I/shadowhook_tag( 7534): switch: create, target_addr 6d076a0b94
05-07 23:07:23.197 I/shadowhook_tag( 7534): hub: create trampo at 6ff02bc5b0, size 96 + 16 = 112
05-07 23:07:23.197 I/shadowhook_tag( 7534): hub: add(new) func 6d1550a938
05-07 23:07:23.197 I/shadowhook_tag( 7534): a64 rewrite: type 3, inst 97db6a0d
05-07 23:07:23.197 I/shadowhook_tag( 7534): elf: alloc addr 6d06b060d0(load_bias 6d04cbb000, 1e4b0d0), size 16, idx [52, 56)
05-07 23:07:23.197 I/shadowhook_tag( 7534): island: alloc in ELF-gap, addr 6d06b060d0, size 16, pc 6d076a0b94, range [6cff6a0b94, 6d0f6a0b90]
05-07 23:07:23.197 I/shadowhook_tag( 7534): a64: hook (with island) OK. target 6d076a0b94 -> island-exit 6d06b060d0 -> new 6ff02bc5b0 -> enter 6ff03e83c0 -> resume 6d076a0b98
05-07 23:07:23.197 I/shadowhook_tag( 7534): switch: hook in SHARED mode OK: target_addr 6d076a0b94, new_addr 6d1550a938
05-07 23:07:23.197 I/shadowhook_tag( 7534): shadowhook: hook_func_addr(0x6d076a0b94, 0x6d1550a938, 9) OK. return: 0xb400006db9ffa910
05-07 23:07:23.197 I/FirestoneHooks( 7534): AttackSpeed.BattleMainEnemy.CalculateAttackSpeedTotal hook installed rva=0x29e5b94 target=0x6d076a0b94 stub=0xb400006db9ffa910 err=0 OK
05-07 23:07:23.197 I/FirestoneHooks( 7534): native hook install complete result=0
05-07 23:07:23.199 D/BoundBrokerSvc( 2754): onRebind: Intent { act=com.google.android.gms.presencemanager.service.INTERNAL_IDENTITY dat=chimera-action: cmp=com.google.android.gms/.chimera.PersistentApiService }
05-07 23:07:23.288 I/Unity   ( 7534): SystemInfo CPU = ARM64 FP ASIMD AES, Cores = 6, Memory = 12007mb
05-07 23:07:23.288 I/Unity   ( 7534): SystemInfo ARM big.LITTLE configuration: 6 big (mask: 0x3f), 0 little (mask: 0x0)
05-07 23:07:23.288 I/Unity   ( 7534): ApplicationInfo 'com.HolydayStudios.Firestone', Version '3.27', Min API Level '23', Target API Level '36'
05-07 23:07:23.288 I/Unity   ( 7534): Built from '6000.0/staging' branch, Version '6000.0.47f1 (2ad1ed33fd3b)', Build type 'Release', Scripting Backend 'il2cpp', CPU 'arm64-v8a', Stripping 'Enabled'
05-07 23:07:23.288 I/Unity   ( 7534): Device Model 'Samsung SM-A5460', OS 'Android OS 12 (API 32)'
05-07 23:07:23.381 W/InputManager-JNI( 2429): Input channel object '20dcf2a Splash Screen com.HolydayStudios.Firestone (client)' was disposed without first being removed with the input manager!
05-07 23:07:23.483 I/Unity   ( 7534): Company Name: HolydayStudios
05-07 23:07:23.483 I/Unity   ( 7534): Product Name: Firestone
05-07 23:07:23.487 I/shadowhook_tag( 7534): linker: call_ctors pre, load_bias 6d14509000, name /system/lib64/egl/libEGL_emulation.so
05-07 23:07:23.487 I/shadowhook_tag( 7534): task: call_ctors() pre callback. load_bias 6d14509000, name /system/lib64/egl/libEGL_emulation.so
05-07 23:07:23.487 I/shadowhook_tag( 7534): linker: call_ctors post, load_bias 6d14509000, name /system/lib64/egl/libEGL_emulation.so
05-07 23:07:23.487 D/libEGL  ( 7534): loaded /system/lib64/egl/libEGL_emulation.so
05-07 23:07:23.492 I/shadowhook_tag( 7534): linker: call_ctors pre, load_bias 6ce6f49000, name /system/lib64/egl/libGLESv1_CM_emulation.so
05-07 23:07:23.492 I/shadowhook_tag( 7534): task: call_ctors() pre callback. load_bias 6ce6f49000, name /system/lib64/egl/libGLESv1_CM_emulation.so
05-07 23:07:23.492 I/shadowhook_tag( 7534): linker: call_ctors post, load_bias 6ce6f49000, name /system/lib64/egl/libGLESv1_CM_emulation.so
05-07 23:07:23.492 I/shadowhook_tag( 7534): linker: call_ctors pre, load_bias 6ce6f09000, name /system/lib64/egl/libGLESv2_emulation.so
05-07 23:07:23.492 I/shadowhook_tag( 7534): task: call_ctors() pre callback. load_bias 6ce6f09000, name /system/lib64/egl/libGLESv2_emulation.so
05-07 23:07:23.492 I/shadowhook_tag( 7534): linker: call_ctors post, load_bias 6ce6f09000, name /system/lib64/egl/libGLESv2_emulation.so
05-07 23:07:23.494 E/udios.Fireston( 7534): vulkan version is 4202746
05-07 23:07:23.495 I/nemucooker( 7534): cook file1: /etc/mumu-configs/renderer.config, last modify time: Thu Aug 29 11:22:45 2024
05-07 23:07:23.495 I/nemucooker( 7534): cook file2: /data/system/etc/mumu-configs/renderer.config, last modify time: Thu Apr 30 21:00:20 2026
05-07 23:07:23.495 I/nemucooker( 7534): cook select file: /data/system/etc/mumu-configs/renderer.config
05-07 23:07:23.497 D/libEGL  ( 7534): loaded /system/lib64/egl/libGLESv1_CM_emulation.so
05-07 23:07:23.498 D/libEGL  ( 7534): loaded /system/lib64/egl/libGLESv2_emulation.so
05-07 23:07:23.510 E/GraphicsEnv( 7534): Failed to get gpu service
05-07 23:07:23.511 E/HidlServiceManagement( 7534): getService: Potential race detected, descriptor: android.hardware.configstore@1.0::ISurfaceFlingerConfigs instance: default
05-07 23:07:23.544 E/EGL_emulation( 7534): [getAttribValue] Bad attribute idx
05-07 23:07:23.544 D/EGL_emulation( 7534): eglGetConfigAttrib: bad attrib 0x1
05-07 23:07:23.544 E/EGL_emulation( 7534): tid 7609: eglGetConfigAttrib(1029): error 0x3004 (EGL_BAD_ATTRIBUTE)
05-07 23:07:23.546 D/gralloc_x86( 7534): gralloc_alloc: Creating ashmem region of size 7376896
05-07 23:07:23.556 I/FontLog ( 2754): (REDACTED) Received query %s, URI %s
05-07 23:07:23.558 I/FontLog ( 2754): (REDACTED) Query [%s] resolved to %s
05-07 23:07:23.564 I/FontLog ( 2754): (REDACTED) Fetch %s end status %s
05-07 23:07:23.567 E/udios.Fireston( 7534): vulkan version is 4202746
05-07 23:07:23.567 I/FontLog ( 2754): (REDACTED) Pulling font file for id = %d, cache size = %d
05-07 23:07:23.573 I/FontLog ( 2754): (REDACTED) Pulling font file for id = %d, cache size = %d
05-07 23:07:23.581 I/AAudio  ( 7534): AAudioStreamBuilder_openStream() called ----------------------------------------
05-07 23:07:23.581 I/AudioStreamBuilder( 7534): rate   =  24000, channels  = 2, channelMask = 0x80000003, format   = 5, sharing = SH, dir = OUTPUT
05-07 23:07:23.581 I/AudioStreamBuilder( 7534): device =      0, sessionId = -1, perfMode = 12, callback: ON with frames = 1024
05-07 23:07:23.581 I/AudioStreamBuilder( 7534): usage  =      0, contentType = 0, inputPreset = 0, allowedCapturePolicy = 0
05-07 23:07:23.581 I/AudioStreamBuilder( 7534): privacy sensitive = false
05-07 23:07:23.581 I/AudioStreamBuilder( 7534): opPackageName = (null)
05-07 23:07:23.581 I/AudioStreamBuilder( 7534): attributionTag = (null)
05-07 23:07:23.581 D/udios.Fireston( 7534): PlayerBase::PlayerBase()
05-07 23:07:23.583 D/AudioStreamTrack( 7534): open(), request notificationFrames = 0, frameCount = 8192
05-07 23:07:23.586 W/AudioFlinger( 2249): createTrack_l(): mismatch between requested flags (00000104) and output flags (00000006)
05-07 23:07:23.586 D/AudioFlinger( 2249): Client defaulted notificationFrames to 480 for frameCount 8192
05-07 23:07:23.587 D/AF::TrackHandle( 2249): OpPlayAudio: track:60 usage:1 not muted
05-07 23:07:23.588 D/AudioTrack( 7534): createTrack_l(111): AUDIO_OUTPUT_FLAG_FAST denied by server; frameCount 8192 -> 8192
05-07 23:07:23.589 D/AAudioStream( 7534): setState(s#1) from 0 to 2
05-07 23:07:23.590 D/AudioStreamTrack( 7534): open() flags changed from 0x00000104 to 0x00000000
05-07 23:07:23.590 D/AudioStreamTrack( 7534): open() perfMode changed from 12 to 10
05-07 23:07:23.592 I/AAudio  ( 7534): AAudioStreamBuilder_openStream() returns 0 = AAUDIO_OK for s#1 ----------------
05-07 23:07:23.593 D/AAudio  ( 7534): AAudioStream_requestStart(s#1) called --------------
05-07 23:07:23.593 D/AAudioStream( 7534): setState(s#1) from 2 to 3
05-07 23:07:23.594 D/AAudio  ( 7534): AAudioStream_requestStart(s#1) returned 0 ---------
05-07 23:07:23.594 D/AudioStreamLegacy( 7534): onAudioDeviceUpdate(deviceId = 2)
05-07 23:07:23.595 D/audio_hw_primary( 2227): tunnel_pcm_open called!
05-07 23:07:23.622 D/AAudioStream( 7534): setState(s#1) from 3 to 4
