--------- beginning of main
05-07 23:33:07.356 I/logcat  ( 9101): type=1400 audit(0.0:11112): avc: denied { write } for name="logd" dev="tmpfs" ino=3542 scontext=u:r:adbd:s0 tcontext=u:object_r:logd_socket:s0 tclass=sock_file permissive=1
05-07 23:33:11.507 D/opengl-gc( 2307): Check pid 3171: running 1
05-07 23:33:19.445 I/id.gms.unstabl( 6511): Explicit concurrent copying GC freed 581(99KB) AllocSpace objects, 0(0B) LOS objects, 24% free, 3199KB/4266KB, paused 53us,47us total 31.988ms
05-07 23:33:21.508 D/opengl-gc( 2307): Check pid 3171: running 1
05-07 23:33:21.544 I/logcat  ( 9103): type=1400 audit(0.0:11113): avc: denied { write } for name="logdr" dev="tmpfs" ino=3544 scontext=u:r:adbd:s0 tcontext=u:object_r:logdr_socket:s0 tclass=sock_file permissive=1
05-07 23:33:23.044 I/tokio-runtime-w( 2068): type=1400 audit(0.0:11114): avc: denied { write } for name="dnsproxyd" dev="tmpfs" ino=1662 scontext=u:r:init:s0 tcontext=u:object_r:dnsproxyd_socket:s0 tclass=sock_file permissive=1
05-07 23:33:23.052 I/Dns_100_0( 2219): type=1400 audit(0.0:11115): avc: denied { name_bind } for src=13676 scontext=u:r:init:s0 tcontext=u:object_r:port:s0 tclass=udp_socket permissive=1
05-07 23:33:23.268 I/vold    ( 2068): type=1400 audit(0.0:11116): avc: denied { create } for scontext=u:r:init:s0 tcontext=u:r:init:s0 tclass=tcp_socket permissive=1
05-07 23:33:23.268 I/vold    ( 2068): type=1400 audit(0.0:11117): avc: denied { getopt } for scontext=u:r:init:s0 tcontext=u:r:init:s0 tclass=tcp_socket permissive=1
05-07 23:33:23.268 I/vold    ( 2068): type=1400 audit(0.0:11118): avc: denied { write } for name="fwmarkd" dev="tmpfs" ino=1666 scontext=u:r:init:s0 tcontext=u:object_r:fwmarkd_socket:s0 tclass=sock_file permissive=1
05-07 23:33:24.292 I/tokio-runtime-w( 2068): type=1400 audit(0.0:11124): avc: denied { shutdown } for laddr=10.0.2.15 lport=58826 faddr=42.186.140.37 fport=443 scontext=u:r:init:s0 tcontext=u:r:init:s0 tclass=tcp_socket permissive=1
05-07 23:33:25.562 E/android.hardware.power.stats@1.0-service-mock( 2240): Failed to getEnergyData
05-07 23:33:31.509 D/opengl-gc( 2307): Check pid 3171: running 1
05-07 23:33:32.578 D/ProcessState( 9112): Binder ioctl to enable oneway spam detection failed: Invalid argument
--------- beginning of system
05-07 23:33:32.581 I/ActivityManager( 2429): Force stopping com.HolydayStudios.Firestone appid=10077 user=0: from pid 9112
05-07 23:33:32.835 I/ActivityTaskManager( 2429): START u0 {flg=0x10000000 cmp=com.HolydayStudios.Firestone/com.unity3d.player.UnityPlayerActivity} from uid 2000, pid 9112
05-07 23:33:32.836 I/ActivityTaskManager( 2429): [KeepAlive] disabled for com.HolydayStudios.Firestone
05-07 23:33:32.837 W/ActivityTaskManager( 2429): Can't find TaskDisplayArea to determine support for multi window. Task id=45 attached=false
05-07 23:33:32.836 I/android.anim( 2429): type=1400 audit(0.0:11125): avc: denied { read } for scontext=u:r:system_server:s0 tcontext=u:r:init:s0 tclass=unix_stream_socket permissive=1
05-07 23:33:32.849 D/CompatibilityChangeReporter( 2429): Compat change id reported: 197654537; UID 10077; state: ENABLED
05-07 23:33:32.850 I/RecentTaskMonitor( 2429): onTaskMovedToFront 45
05-07 23:33:32.850 D/RecentTaskMonitor( 2429): openTabFromAms task is Task{558afbc #45 type=standard A=10077:com.HolydayStudios.Firestone U=0 visible=true visibleRequested=false mode=fullscreen translucent=true sz=1}
05-07 23:33:32.853 D/CompatibilityChangeReporter( 2429): Compat change id reported: 168419799; UID 10077; state: DISABLED
05-07 23:33:32.836 I/Binder:2429_11( 2429): type=1400 audit(0.0:11126): avc: denied { transfer } for scontext=u:r:system_server:s0 tcontext=u:r:init:s0 tclass=binder permissive=1
05-07 23:33:32.855 D/RecentTaskMonitor( 2429): onRecentTaskAdded 45:Task=45
05-07 23:33:32.864 I/ll.splashworker( 2670): type=1400 audit(0.0:11127): avc: denied { map } for path="/system/framework/framework-res.apk" dev="sda1" ino=1454 scontext=u:r:platform_app:s0:c512,c768 tcontext=u:object_r:unlabeled:s0 tclass=file permissive=1
05-07 23:33:32.864 I/ll.splashworker( 2670): type=1400 audit(0.0:11128): avc: denied { read } for path="/system/framework/framework-res.apk" dev="sda1" ino=1454 scontext=u:r:platform_app:s0:c512,c768 tcontext=u:object_r:unlabeled:s0 tclass=file permissive=1
05-07 23:33:32.926 W/RecentTaskMonitor( 2429): null pid retry ...
05-07 23:33:32.926 E/RecentTaskMonitor( 2429): VAPIShellNotifier#notifyOpenTab null params
05-07 23:33:32.930 D/gralloc_x86( 2670): gralloc_alloc: Creating ashmem region of size 14749696
05-07 23:33:32.934 D/CompatibilityChangeReporter( 2429): Compat change id reported: 135634846; UID 10077; state: DISABLED
05-07 23:33:32.934 D/CompatibilityChangeReporter( 2429): Compat change id reported: 177438394; UID 10077; state: DISABLED
05-07 23:33:32.934 D/CompatibilityChangeReporter( 2429): Compat change id reported: 135772972; UID 10077; state: DISABLED
05-07 23:33:32.934 D/CompatibilityChangeReporter( 2429): Compat change id reported: 135754954; UID 10077; state: ENABLED
05-07 23:33:32.945 E/ndroid.systemu( 2670): vulkan version is 4202746
05-07 23:33:32.947 D/gralloc_x86( 2670): gralloc_alloc: Creating ashmem region of size 14749696
05-07 23:33:32.912 I/RenderThread( 8991): type=1400 audit(0.0:11129): avc: denied { ioctl } for path="/dev/vaddress" dev="tmpfs" ino=13598 ioctlcmd=0x4c19 scontext=u:r:untrusted_app:s0:c66,c256,c512,c768 tcontext=u:object_r:device:s0 tclass=chr_file permissive=1 app=com.firestone.hooks
05-07 23:33:32.954 D/Zygote  ( 2220): Forked child process 9116
05-07 23:33:32.957 I/ActivityManager( 2429): Start proc 9116:com.HolydayStudios.Firestone/u0a77 for pre-top-activity {com.HolydayStudios.Firestone/com.unity3d.player.UnityPlayerActivity}
05-07 23:33:32.957 D/gralloc_x86( 2670): gralloc_alloc: Creating ashmem region of size 14749696
05-07 23:33:32.963 D/gralloc_x86( 2670): gralloc_alloc: Creating ashmem region of size 14749696
05-07 23:33:32.940 I/RenderThread( 2670): type=1400 audit(0.0:11130): avc: denied { read write } for name="vaddress" dev="tmpfs" ino=13598 scontext=u:r:platform_app:s0:c512,c768 tcontext=u:object_r:device:s0 tclass=chr_file permissive=1
05-07 23:33:32.975 D/RecentTaskMonitor( 2429): task null or not sub display in notifyDisplayOpened
05-07 23:33:32.977 D/RecentTaskMonitor( 2429): VAPIShellNotifier#notifyOpenTab :{"id":"task:45","displayId":0,"userId":0,"name":"Firestone","originName":"Firestone","packageName":"com.HolydayStudios.Firestone","launcher":false,"newTask":true,"icon":"iVBORw0KGgoAAAANSUhEUgAAAIAAAACACAYAAADDPmHLAAAAAXNSR0IArs4c6QAAAARzQklUCAgICHwIZIgAACAASURBVHicrLx3lJ3Jddj5q\/rSy6FzBLrRyGkQOAlDDGc45AQmURTFoBWpFU1JFJUsadc+R7K98tljr71eWxbtlShrSUs8YpBIyhSHYpghZzjkJGAiYqMBdM7p9cvvi1X7x2vEQQOYse47dfr1++qrcO+te2\/durcEG8DWz73a7gjvXqT4GIIPaq3i19cRQqJ0hECAEAAoqdBSo7UFiEs1b9iHENf+rrW+4e9vBi61cTO4pn15k3rr49bqqjavry9BG1eeaw1KGbxxzhvMSWssHSFliFh\/P9A2UgT84ty\/ZCq+l+dbP4FhRNhSYgkwhAQBmvX5rs\/n6h6kINLIYyj95cg0n3jhI3su3niON4Ddf\/bSQXT0tIDsjUd9BUIzvOHvUl5pOoquMMP\/DHGvAbHelr49ot+wCSlQltr4eSQQ6trxKlNtSMuNQCmJ1sbG\/QCWDhBCobVFJAQDjdf5+Pwf8bmBL1Ix24gBUiikoZFX4VDIK3i1tb7h0JTSRFp\/Maqpz7zya28Lrn52DT\/3\/afn43v\/7MU\/kahnb0V8LTTKUAiaDHh9uWaCUiHEbRJJ3Eb5x2hHNqXVzUBLjZLqmvJmQANKG1xG803mEwmTEJtICAQR95e+xSv591G3csj1vkMBgRIordHrRSl1eRGEcLkEQKA1vtLUgboWn6o7vHzk9\/\/r5qvHeJkBBv7o6Vg2bnxOw29rdOJaZF8l4tY\/SA2GRkiBEFfKpVnp9bc0IEQEQq0zhr6mvevh6rY2LFJckSTrxLyGMW6HiSRgAFoh1AaEFet1ri5vZvXr9Y6ERMgbLxQhBEiBkrJZhGCzN0xHOMVzLT8HUmNI3VSrUqOk5sqnqab0Oj6VEFeYQGsCfYUZVOTT+ew39vc+\/ddPvqd35\/ZLQzQvfUn0Of9Zi+jTN54IyEA29btxFbJuIM61lqBN0O56lSaxpNRNRmBdJN5M+V7d8TVfNWJd5+l1Da0FaFNtOJ5bgyC7epFKy2Yiw34L718Rw1dDc47Xin0pwytEX6+jrlMxAsUjla9yLnME18q9AUtCCIJL6lQKbHVF7GutL9srCk0ERAjwG3S8+D1aX\/wH6nVvG4719Z9n951f56xvAuz\/\/PMPKS0+qa4T00rp5oARaEOhUdfqW70+mattKgGICCEM9OWldslgASHWdegtNIIVeeT9VeJBFSMMsBolMtV5Um4FpIGRTWLHYxStNirSxrfiLJtZ6kYM37AJDRvErZnMCar8Vtt5Pl9LspzquWX9N8AGPNdUedE1PHkJl1fXkdepla5gmq5wnMfbfuW2uo\/Etei89DfSze\/Sq9P\/o78mO3ycaj0AIhJxsbfvHeIPeYb\/Q2z93E\/aEzExpqSR0vKNCGsSXF\/+fjX9pZQbGnUa0DdaBSJAc2OjSGhFIqyTK8+xZ\/kYufoiURihfIUIg3WdChKBKT2k0MTjDqZlYkiBJx3WZJK10KLm5Cgn2iilOygl2\/GcNEoab5ASO8un+dw7DH77r04xcsdHrnl+jfV\/aYzXMfytoNncVUS\/ycuG9vnF5f9A2cjzP1o+cw0D3wjPN5I8l8astcaqFhl44ksYw8fwPZdMOk5bPkbC0WRTtSiXdbabsZT1zgiR2ngCV4yBNyNhlTK5EaaUtt7wm4GmLVrjQOkUb6ueQXk+Nd\/FlRplahoKQmHgYyERqEjhaxMVKeo1j7gj2NFj0t2eImbCQqHIyPws8\/MxNAYqGaOY6WapZZBitpt6PEtoWBh+gw+3TmEFLXTPvsL4zsfwY5mbIvhWcDWhbkbsa19q\/unzxzjgPc+\/6\/48XLUYN2rnRgx6yR4wKwW2\/sOfE557jUApOtrS9HUoWuMubSmDji6MdFI\/bGr4xduc2w1B6Y3E7K0nL2VEJ1Xe759kj3cOoRu4QlM3I4hL7MggCEJAEoQhMRSekjQijecHSCkwTYMw0igtKBVLkDDJZ5P0kWBLv4FpmJyacYkXxmgvTBAYFoGdYDXTR5RyeM8HWikWiiTLs7QvnWV20z03HKteN+iEUGykv26b4BvAfbXv8UryQZbN7jf9rr5qTObqAgPf+xLeyMvEHZuhvjjppGBTt6C3TZJN+nihxciF6Z8zNdz3Vofd1Os33t8KIa5z7FwRTQCmgIfNUX4ueoWsUcYzXEJbkRAC0zWpKkWkNIaElK3BMlA6wgsVCRNcx8T1PKoNhdbw6gWNo11yhsv+ff1syceJWRqtQxL9JlPzHkuBxDQ1QeCSmq\/x7vts6pMzJFruI2nV6Z58ZUMGaHpejPXdzMYYuyUTbPC4LxhlV3iS\/9zyf6GEeXttcRmr6\/9oYgsTbH7yS0Tjw\/S3BXS0JdjT59HVnaa93UNrwdKywfA0zK\/E7zQFIn\/LXq4Dpa927Gxc7xpxKDRSNncBGRnwTxLneYTzEFWoVKpYZoRSEPoGkWruHGwzwjA0KKu518Ugbiu0VghhEQSSlZSm4UeUSj6r1ZDRpSpzyy+zd1c\/d+7pRwpBW9ogm8gR2jaGlWNyrsirw7N0Z7vx3AYr8wVaWvIUloZJ1FdpJNuujPsSEQQ0N1VvYbnckicE76w\/zow1RMHsvmLVrxP2ZoyglIkQCkFAau4Ce7\/\/p5Rmxxgc6GD\/tjqb+2129GliMUmtlmByusDkTJXFZRBCZ80NW74pRNf9L7mZT1WI6LIjqM3w+NdtZ3i7NUXguyws1JBhiFI2gYpoRD7StMg4NpXAJwwDHNRlJAihMC2BEA6eFyDrPmtCYOXihEmHlnSclZVVnj6+yNjIHA8+cJSeXomlFL4XMXxxnOHFOoPdazjFFeLbevnT\/\/QEve0OGbHGponnOL\/7A+h\/LI\/lbUBGrbE3fJU\/z\/zBm35XCoVG03r2efa9\/BXaWObnPpZm9x6HfLITx7FQKoXnwdJclQuzmoklA6UU+bzFW2IAKa7dumgtbrqrE+tOoA7D49+1HuewnEIpyWphichyMG0bVYuQlqC1NYFpGHieD3UTFUmMdZeHNCS27QCKej0CAiwUCUIM0yIUGktKpMxQqxksLFf528df4IF7Orlj3178RhHllzH9Ve7b042uTzJxIWAm8RArs89wqEdSHf0RE1sfxHdu6QW\/bpJvEonrYOqIn69+kfPWHUyY265r8jbsqMij\/eSP2Xvy7+hylnnonZId+0xiyRJStxGFmnrdYW6+zNmRBnMLdaJIk8062LZ4awxwNahrDn2umphx9R5YkpEB\/7b1ZQ7piyAF5WKdTD6PY6ZwPY98XCFME2GYFFeKaDcgYVuAgRAgDYnjGAghCIOQMFD4foSpNTECTKkIpERLiVYSKR2kNCgVizzx7AhLRXj7\/i0QNkgbNVqNEjKT4sXX6\/Qe+WVe+corPLLPYH51mXxhnKWeg5fnorXGieqoSBE4qQ2Jo29lHAreYD90hrPc5z3Dv235v9GG9ab4SAQ+fa98ix2nf0Bfssqdd+XZsbeKYwtEZOMHDrVawNx8wNRUmfmFGq6nSSYTxOMaIfT\/PAOA4opvtekEvt7vb6D5bO4Mh9VZpG0SAfnePmqejwgE8XgcJ2ujQ8Xq8hpBGBCLx1CquRuS0sCJxbFSCYxIocKARMLFWguxzQbJRMjERQi1wjEEdcekGoWYMYGRsln1U7xwYpqZZZ9YfIWH37uJtdWzxLp28GJ9B0eG4CnzKKNLP6Yz1WBg+Hssd+5FG1e2rK2iQu
05-07 23:33:32.987 I/Zygote  ( 9116): fakeProductInfoIfNeed callded! com.HolydayStudios.Firestone
05-07 23:33:32.989 I/RecentTaskMonitor( 2429): broadcast tab opened in android as it's new task 45
05-07 23:33:32.990 W/BroadcastQueue( 2429): Background execution not allowed: receiving Intent { act=nemu.intent.action.NEW_TASK dat=package:com.HolydayStudios.Firestone flg=0x10 (has extras) } to com.mumu.acc/.AccMsgReceiver
05-07 23:33:32.990 I/Zygote  ( 9116): fake Product info com.HolydayStudios.Firestone not matched any pattern
05-07 23:33:32.990 I/Zygote  ( 9116): fakeProductInfoFromProperties callded! com.HolydayStudios.Firestone
05-07 23:33:32.996 E/NemuAppNameUtil( 9116): save data success
05-07 23:33:32.997 V/zygiskd64( 2221): zygiskd::zygiskd: New daemon action: GetProcessFlags
05-07 23:33:32.999 D/NewFileUpdater( 2669): onOpenNewTask focusPkgName set to com.HolydayStudios.Firestone
05-07 23:33:33.002 W/System.err( 2429): org.json.JSONException: No value for errcode
05-07 23:33:33.002 W/System.err( 2429): 	at org.json.JSONObject.get(JSONObject.java:403)
05-07 23:33:33.002 W/System.err( 2429): 	at org.json.JSONObject.getInt(JSONObject.java:492)
05-07 23:33:33.002 W/System.err( 2429): 	at com.android.server.vapi.VApiRequestListener.onResponse(VApiRequestListener.java:20)
05-07 23:33:33.002 W/System.err( 2429): 	at com.android.server.vapi.VApiRequestListener.onResponse(VApiRequestListener.java:13)
05-07 23:33:33.002 W/System.err( 2429): 	at com.android.volley.toolbox.JsonRequest.deliverResponse(JsonRequest.java:90)
05-07 23:33:33.002 W/System.err( 2429): 	at com.android.volley.ExecutorDelivery$ResponseDeliveryRunnable.run(ExecutorDelivery.java:102)
05-07 23:33:33.002 W/System.err( 2429): 	at android.os.Handler.handleCallback(Handler.java:938)
05-07 23:33:33.002 W/System.err( 2429): 	at android.os.Handler.dispatchMessage(Handler.java:99)
05-07 23:33:33.002 W/System.err( 2429): 	at android.os.Looper.loopOnce(Looper.java:201)
05-07 23:33:33.002 W/System.err( 2429): 	at android.os.Looper.loop(Looper.java:288)
05-07 23:33:33.002 W/System.err( 2429): 	at com.android.server.SystemServer.run(SystemServer.java:929)
05-07 23:33:33.002 W/System.err( 2429): 	at com.android.server.SystemServer.main(SystemServer.java:611)
05-07 23:33:33.002 W/System.err( 2429): 	at java.lang.reflect.Method.invoke(Native Method)
05-07 23:33:33.002 W/System.err( 2429): 	at com.android.internal.os.RuntimeInit$MethodAndArgsCaller.run(RuntimeInit.java:555)
05-07 23:33:33.002 W/System.err( 2429): 	at com.android.internal.os.ZygoteInit.main(ZygoteInit.java:1069)
05-07 23:33:33.002 D/VApi.Res.TabManager( 2669): setFocusTaskProp 45
05-07 23:33:32.940 I/RenderThread( 2670): type=1400 audit(0.0:11131): avc: denied { open } for path="/dev/vaddress" dev="tmpfs" ino=13598 scontext=u:r:platform_app:s0:c512,c768 tcontext=u:object_r:device:s0 tclass=chr_file permissive=1
05-07 23:33:33.026 D/gralloc_x86( 2254): gralloc_alloc: Creating ashmem region of size 14749696
05-07 23:33:32.940 I/RenderThread( 2670): type=1400 audit(0.0:11132): avc: denied { map } for path="/dev/vaddress" dev="tmpfs" ino=13598 scontext=u:r:platform_app:s0:c512,c768 tcontext=u:object_r:device:s0 tclass=chr_file permissive=1
05-07 23:33:33.029 D/com.netease.nemu_vapi_android.thread.HttpServer( 2669): http server response data: {"errcode":0,"message":"OK"}
05-07 23:33:33.029 W/ActivityManager( 2429): Foreground service started from background can not have location/camera/microphone access: service com.mumu.acc/.AccService
05-07 23:33:33.029 V/ActivityManager( 2429): Attempted to start a foreground service (com.mumu.acc/.AccService) with a broken notification (no icon: Notification(channel=acc-service shortcut=null contentView=null vibrate=null sound=null defaults=0x0 flags=0x40 color=0x00000000 vis=PRIVATE))
05-07 23:33:33.029 D/com.netease.nemu_vapi_android.thread.HttpServer( 2669): http server response data: {"errcode":0,"message":"OK"}
05-07 23:33:32.952 I/main    ( 2220): type=1400 audit(0.0:11133): avc: denied { sendto } for path="/dev/socket/logdw" scontext=u:r:zygote:s0 tcontext=u:r:init:s0 tclass=unix_dgram_socket permissive=1
05-07 23:33:33.036 D/RecentTaskMonitor( 2429): task null or not sub display in notifyDisplayOpened
05-07 23:33:33.037 D/RecentTaskMonitor( 2429): VAPIShellNotifier#notifyOpenTab :{"id":"task:45","displayId":0,"userId":0,"name":"Firestone","originName":"Firestone","packageName":"com.HolydayStudios.Firestone","launcher":false,"newTask":false,"icon":"iVBORw0KGgoAAAANSUhEUgAAAIAAAACACAYAAADDPmHLAAAAAXNSR0IArs4c6QAAAARzQklUCAgICHwIZIgAACAASURBVHicrLx3lJ3Jddj5q\/rSy6FzBLrRyGkQOAlDDGc45AQmURTFoBWpFU1JFJUsadc+R7K98tljr71eWxbtlShrSUs8YpBIyhSHYpghZzjkJGAiYqMBdM7p9cvvi1X7x2vEQQOYse47dfr1++qrcO+te2\/durcEG8DWz73a7gjvXqT4GIIPaq3i19cRQqJ0hECAEAAoqdBSo7UFiEs1b9iHENf+rrW+4e9vBi61cTO4pn15k3rr49bqqjavry9BG1eeaw1KGbxxzhvMSWssHSFliFh\/P9A2UgT84ty\/ZCq+l+dbP4FhRNhSYgkwhAQBmvX5rs\/n6h6kINLIYyj95cg0n3jhI3su3niON4Ddf\/bSQXT0tIDsjUd9BUIzvOHvUl5pOoquMMP\/DHGvAbHelr49ot+wCSlQltr4eSQQ6trxKlNtSMuNQCmJ1sbG\/QCWDhBCobVFJAQDjdf5+Pwf8bmBL1Ix24gBUiikoZFX4VDIK3i1tb7h0JTSRFp\/Maqpz7zya28Lrn52DT\/3\/afn43v\/7MU\/kahnb0V8LTTKUAiaDHh9uWaCUiHEbRJJ3Eb5x2hHNqXVzUBLjZLqmvJmQANKG1xG803mEwmTEJtICAQR95e+xSv591G3csj1vkMBgRIordHrRSl1eRGEcLkEQKA1vtLUgboWn6o7vHzk9\/\/r5qvHeJkBBv7o6Vg2bnxOw29rdOJaZF8l4tY\/SA2GRkiBEFfKpVnp9bc0IEQEQq0zhr6mvevh6rY2LFJckSTrxLyGMW6HiSRgAFoh1AaEFet1ri5vZvXr9Y6ERMgbLxQhBEiBkrJZhGCzN0xHOMVzLT8HUmNI3VSrUqOk5sqnqab0Oj6VEFeYQGsCfYUZVOTT+ew39vc+\/ddPvqd35\/ZLQzQvfUn0Of9Zi+jTN54IyEA29btxFbJuIM61lqBN0O56lSaxpNRNRmBdJN5M+V7d8TVfNWJd5+l1Da0FaFNtOJ5bgyC7epFKy2Yiw34L718Rw1dDc47Xin0pwytEX6+jrlMxAsUjla9yLnME18q9AUtCCIJL6lQKbHVF7GutL9srCk0ERAjwG3S8+D1aX\/wH6nVvG4719Z9n951f56xvAuz\/\/PMPKS0+qa4T00rp5oARaEOhUdfqW70+mattKgGICCEM9OWldslgASHWdegtNIIVeeT9VeJBFSMMsBolMtV5Um4FpIGRTWLHYxStNirSxrfiLJtZ6kYM37AJDRvErZnMCar8Vtt5Pl9LspzquWX9N8AGPNdUedE1PHkJl1fXkdepla5gmq5wnMfbfuW2uo\/Etei89DfSze\/Sq9P\/o78mO3ycaj0AIhJxsbfvHeIPeYb\/Q2z93E\/aEzExpqSR0vKNCGsSXF\/+fjX9pZQbGnUa0DdaBSJAc2OjSGhFIqyTK8+xZ\/kYufoiURihfIUIg3WdChKBKT2k0MTjDqZlYkiBJx3WZJK10KLm5Cgn2iilOygl2\/GcNEoab5ASO8un+dw7DH77r04xcsdHrnl+jfV\/aYzXMfytoNncVUS\/ycuG9vnF5f9A2cjzP1o+cw0D3wjPN5I8l8astcaqFhl44ksYw8fwPZdMOk5bPkbC0WRTtSiXdbabsZT1zgiR2ngCV4yBNyNhlTK5EaaUtt7wm4GmLVrjQOkUb6ueQXk+Nd\/FlRplahoKQmHgYyERqEjhaxMVKeo1j7gj2NFj0t2eImbCQqHIyPws8\/MxNAYqGaOY6WapZZBitpt6PEtoWBh+gw+3TmEFLXTPvsL4zsfwY5mbIvhWcDWhbkbsa19q\/unzxzjgPc+\/6\/48XLUYN2rnRgx6yR4wKwW2\/sOfE557jUApOtrS9HUoWuMubSmDji6MdFI\/bGr4xduc2w1B6Y3E7K0nL2VEJ1Xe759kj3cOoRu4QlM3I4hL7MggCEJAEoQhMRSekjQijecHSCkwTYMw0igtKBVLkDDJZ5P0kWBLv4FpmJyacYkXxmgvTBAYFoGdYDXTR5RyeM8HWikWiiTLs7QvnWV20z03HKteN+iEUGykv26b4BvAfbXv8UryQZbN7jf9rr5qTObqAgPf+xLeyMvEHZuhvjjppGBTt6C3TZJN+nihxciF6Z8zNdz3Vofd1Os33t8KIa5z7FwRTQCmgIfNUX4ueoWsUcYzXEJbkRAC0zWpKkWkNIaElK3BMlA6wgsVCRNcx8T1PKoNhdbw6gWNo11yhsv+ff1syceJWRqtQxL9JlPzHkuBxDQ1QeCSmq\/x7vts6pMzJFruI2nV6Z58ZUMGaHpejPXdzMYYuyUTbPC4LxhlV3iS\/9zyf6GEeXttcRmr6\/9oYgsTbH7yS0Tjw\/S3BXS0JdjT59HVnaa93UNrwdKywfA0zK\/E7zQFIn\/LXq4Dpa927Gxc7xpxKDRSNncBGRnwTxLneYTzEFWoVKpYZoRSEPoGkWruHGwzwjA0KKu518Ugbiu0VghhEQSSlZSm4UeUSj6r1ZDRpSpzyy+zd1c\/d+7pRwpBW9ogm8gR2jaGlWNyrsirw7N0Z7vx3AYr8wVaWvIUloZJ1FdpJNuujPsSEQQ0N1VvYbnckicE76w\/zow1RMHsvmLVrxP2ZoyglIkQCkFAau4Ce7\/\/p5Rmxxgc6GD\/tjqb+2129GliMUmtlmByusDkTJXFZRBCZ80NW74pRNf9L7mZT1WI6LIjqM3w+NdtZ3i7NUXguyws1JBhiFI2gYpoRD7StMg4NpXAJwwDHNRlJAihMC2BEA6eFyDrPmtCYOXihEmHlnSclZVVnj6+yNjIHA8+cJSeXomlFL4XMXxxnOHFOoPdazjFFeLbevnT\/\/QEve0OGbHGponnOL\/7A+h\/LI\/lbUBGrbE3fJU\/z\/zBm35XCoVG03r2efa9\/BXaWObnPpZm9x6HfLITx7FQKoXnwdJclQuzmoklA6UU+bzFW2IAKa7dumgtbrqrE+tOoA7D49+1HuewnEIpyWphichyMG0bVYuQlqC1NYFpGHieD3UTFUmMdZeHNCS27QCKej0CAiwUCUIM0yIUGktKpMxQqxksLFf528df4IF7Orlj3178RhHllzH9Ve7b042uTzJxIWAm8RArs89wqEdSHf0RE1sfxHdu6QW\/bpJvEonrYOqIn69+kfPWHUyY265r8jbsqMij\/eSP2Xvy7+hylnnonZId+0xiyRJStxGFmnrdYW6+zNmRBnMLdaJIk8062LZ4awxwNahrDn2umphx9R5YkpEB\/7b1ZQ7piyAF5WKdTD6PY6ZwPY98XCFME2GYFFeKaDcgYVuAgRAgDYnjGAghCIOQMFD4foSpNTECTKkIpERLiVYSKR2kNCgVizzx7AhLRXj7\/i0QNkgbNVqNEjKT4sXX6\/Qe+WVe+corPLLPYH51mXxhnKWeg5fnorXGieqoSBE4qQ2Jo29lHAreYD90hrPc5z3Dv235v9GG9ab4SAQ+fa98ix2nf0Bfssqdd+XZsbeKYwtEZOMHDrVawNx8wNRUmfmFGq6nSSYTxOMaIfT\/PAOA4opvtekEvt7vb6D5bO4Mh9VZpG0SAfnePmqejwgE8XgcJ2ujQ8Xq8hpBGBCLx1CquRuS0sCJxbFSCYxIocKARMLFWguxzQbJRMjERQi1wjEEdcekGoWYMYGRsln1U7xwYpqZZZ9YfIWH37uJtdWzxLp28GJ9B0eG4CnzKKNLP6Yz1WBg+Hssd+5FG1e2rK2iQ
05-07 23:33:33.038 D/ProcessState( 9125): Binder ioctl to enable oneway spam detection failed: Invalid argument
05-07 23:33:33.041 W/System.err( 2429): org.json.JSONException: No value for errcode
05-07 23:33:33.041 W/System.err( 2429): 	at org.json.JSONObject.get(JSONObject.java:403)
05-07 23:33:33.041 W/System.err( 2429): 	at org.json.JSONObject.getInt(JSONObject.java:492)
05-07 23:33:33.041 W/System.err( 2429): 	at com.android.server.vapi.VApiRequestListener.onResponse(VApiRequestListener.java:20)
05-07 23:33:33.041 W/System.err( 2429): 	at com.android.server.vapi.VApiRequestListener.onResponse(VApiRequestListener.java:13)
05-07 23:33:33.041 W/System.err( 2429): 	at com.android.volley.toolbox.JsonRequest.deliverResponse(JsonRequest.java:90)
05-07 23:33:33.041 W/System.err( 2429): 	at com.android.volley.ExecutorDelivery$ResponseDeliveryRunnable.run(ExecutorDelivery.java:102)
05-07 23:33:33.041 W/System.err( 2429): 	at android.os.Handler.handleCallback(Handler.java:938)
05-07 23:33:33.041 W/System.err( 2429): 	at android.os.Handler.dispatchMessage(Handler.java:99)
05-07 23:33:33.041 W/System.err( 2429): 	at android.os.Looper.loopOnce(Looper.java:201)
05-07 23:33:33.041 W/System.err( 2429): 	at android.os.Looper.loop(Looper.java:288)
05-07 23:33:33.041 W/System.err( 2429): 	at com.android.server.SystemServer.run(SystemServer.java:929)
05-07 23:33:33.041 W/System.err( 2429): 	at com.android.server.SystemServer.main(SystemServer.java:611)
05-07 23:33:33.041 W/System.err( 2429): 	at java.lang.reflect.Method.invoke(Native Method)
05-07 23:33:33.041 W/System.err( 2429): 	at com.android.internal.os.RuntimeInit$MethodAndArgsCaller.run(RuntimeInit.java:555)
05-07 23:33:33.041 W/System.err( 2429): 	at com.android.internal.os.ZygoteInit.main(ZygoteInit.java:1069)
05-07 23:33:33.043 D/CompatibilityChangeReporter( 2429): Compat change id reported: 197654537; UID 10066; state: ENABLED
05-07 23:33:33.051 V/zygiskd64( 2221): zygiskd::zygiskd: Flags for UID 10077: ProcessFlags(PROCESS_ROOT_IS_MAGISK)
05-07 23:33:33.052 V/zygiskd64( 2221): zygiskd::zygiskd: New daemon action: ReadModules
05-07 23:33:33.075 W/System  ( 2670): A resource failed to call close. 
05-07 23:33:33.075 W/System  ( 2670): A resource failed to call close. 
05-07 23:33:33.075 W/System  ( 2670): A resource failed to call release. 
05-07 23:33:33.092 W/Zygote  ( 9116): BindMount ,  SpecializeCommon: source /data/system/etc/mumu-configs/app/com.HolydayStudios.Firestone/currentApp, target: /system/etc/mumu-configs/currentApp , chownRet: 0
05-07 23:33:33.093 W/Zygote  ( 9116): BindMount ,  SpecializeCommon mount currentApp , MountRet: 0
05-07 23:33:33.115 I/Zygote  ( 9116): seccomp disabled by setenforce 0
05-07 23:33:33.123 E/udios.Fireston( 9116): Not starting debugger since process cannot load the jdwp agent.
05-07 23:33:33.124 D/ProcessState( 9116): Binder ioctl to enable oneway spam detection failed: Invalid argument
05-07 23:33:33.126 D/VectorZygiskBridge( 2429): onTransact: action=GET_BINDER, callerUid=10077
05-07 23:33:33.132 W/OomAdjuster( 2429): Fallback pre-set sched group to default: not expected top priority
05-07 23:33:33.134 E/ashmem  ( 9116): memfd: ro.vndk.version not defined or invalid (), this is mandated since P.
05-07 23:33:33.135 D/CompatibilityChangeReporter( 9116): Compat change id reported: 171979766; UID 10077; state: ENABLED
05-07 23:33:33.138 D/NemuJavaHotPatchHelper( 9116): onHandleBindApplication reportedPackageName:com.HolydayStudios.Firestone isMatchJavaPatch:false
05-07 23:33:33.184 I/Typeface( 9116): Preloading /system/fonts/Roboto-Regular.ttf
05-07 23:33:33.184 I/Typeface( 9116): Preloading /system/fonts/RobotoStatic-Regular.ttf
05-07 23:33:33.201 I/nemucooker( 9116): cook file1: /system/etc/mumu-configs/shared_libs/libc_llite.so, last modify time: Fri Jul 12 17:30:20 2024
05-07 23:33:33.201 I/nemucooker( 9116): cook file2: /data/system/etc/mumu-configs/shared_libs/libc_llite.so, last modify time: Wed Apr 29 17:20:43 2026
05-07 23:33:33.201 I/nemucooker( 9116): cook select file: /data/system/etc/mumu-configs/shared_libs/libc_llite.so
05-07 23:33:33.201 E/linker  ( 9116): do_dlsym houdini_patch_entrance_name failed
05-07 23:33:33.202 W/udios.Fireston( 9116): ClassLoaderContext shared library size mismatch. Expected=1, found=0 (PCL[]{PCL[/system/framework/org.apache.http.legacy.jar*2255768530]} | PCL[])
05-07 23:33:33.205 V/GraphicsEnvironment( 9116): ANGLE Developer option for 'com.HolydayStudios.Firestone' set to: 'default'
05-07 23:33:33.205 V/GraphicsEnvironment( 9116): ANGLE GameManagerService for com.HolydayStudios.Firestone: false
05-07 23:33:33.205 V/GraphicsEnvironment( 9116): Neither updatable production driver nor prerelease driver is supported.
05-07 23:33:33.206 D/NetworkSecurityConfig( 9116): No Network Security Config specified, using platform default
05-07 23:33:33.206 D/NetworkSecurityConfig( 9116): No Network Security Config specified, using platform default
05-07 23:33:33.210 I/FirebaseApp( 9116): Device unlocked: initializing all Firebase APIs for app [DEFAULT]
05-07 23:33:33.212 I/FirebaseInitProvider( 9116): FirebaseApp initialization successful
05-07 23:33:33.217 I/FacebookInitProvider( 9116): Failed to auto initialize the Facebook SDK
05-07 23:33:33.217 I/FacebookInitProvider( 9116): A valid Facebook app client token must be set in the AndroidManifest.xml or set by calling FacebookSdk.setClientToken before initializing the sdk.
05-07 23:33:33.217 I/FacebookInitProvider( 9116): 	at com.facebook.FacebookSdk.sdkInitialize(SourceFile:460)
05-07 23:33:33.217 I/FacebookInitProvider( 9116): 	at com.facebook.FacebookSdk.sdkInitialize(SourceFile:412)
05-07 23:33:33.217 I/FacebookInitProvider( 9116): 	at com.facebook.internal.FacebookInitProvider.onCreate(SourceFile:28)
05-07 23:33:33.217 I/FacebookInitProvider( 9116): 	at android.content.ContentProvider.attachInfo(ContentProvider.java:2404)
05-07 23:33:33.217 I/FacebookInitProvider( 9116): 	at android.content.ContentProvider.attachInfo(ContentProvider.java:2374)
05-07 23:33:33.217 I/FacebookInitProvider( 9116): 	at android.app.ActivityThread.installProvider(ActivityThread.java:7632)
05-07 23:33:33.217 I/FacebookInitProvider( 9116): 	at android.app.ActivityThread.installContentProviders(ActivityThread.java:7149)
05-07 23:33:33.217 I/FacebookInitProvider( 9116): 	at android.app.ActivityThread.handleBindApplication(ActivityThread.java:6920)
05-07 23:33:33.217 I/FacebookInitProvider( 9116): 	at android.app.ActivityThread.access$1500(ActivityThread.java:259)
05-07 23:33:33.217 I/FacebookInitProvider( 9116): 	at android.app.ActivityThread$H.handleMessage(ActivityThread.java:2094)
05-07 23:33:33.217 I/FacebookInitProvider( 9116): 	at android.os.Handler.dispatchMessage(Handler.java:106)
05-07 23:33:33.217 I/FacebookInitProvider( 9116): 	at android.os.Looper.loopOnce(Looper.java:201)
05-07 23:33:33.217 I/FacebookInitProvider( 9116): 	at android.os.Looper.loop(Looper.java:288)
05-07 23:33:33.217 I/FacebookInitProvider( 9116): 	at android.app.ActivityThread.main(ActivityThread.java:8043)
05-07 23:33:33.217 I/FacebookInitProvider( 9116): 	at java.lang.reflect.Method.invoke(Native Method)
05-07 23:33:33.217 I/FacebookInitProvider( 9116): 	at com.android.internal.os.RuntimeInit$MethodAndArgsCaller.run(RuntimeInit.java:555)
05-07 23:33:33.217 I/FacebookInitProvider( 9116): 	at com.android.internal.os.ZygoteInit.main(ZygoteInit.java:1091)
05-07 23:33:33.218 W/ActivityManager( 2429): callingPackage:android, packageName:com.android.vending, name:com.google.android.finsky.scheduler.process.mainimpl.PhoneskyJobServiceMain, isSkip: true
05-07 23:33:33.222 I/Finsky  ( 6486): [2] SCH: job service start with id 9811.
05-07 23:33:33.222 W/udios.Fireston( 9116): ClassLoaderContext classpath size mismatch. expected=16, found=0 (DLC[];PCL[base.apk*545294799:base.apk!classes2.dex*352801010:base.apk!classes3.dex*3343406984:base.apk!classes4.dex*2440093784:base.apk!classes5.dex*3849908652:base.apk!classes6.dex*990115835:base.apk!classes7.dex*2111835892:base.apk!classes8.dex*3444068947:base.apk!classes9.dex*3508519706:base.apk!classes10.dex*3738386946:base.apk!classes11.dex*1150016488:base.apk!classes12.dex*2136424662:base.apk!classes13.dex*3076236650:base.apk!classes14.dex*2602640587:base.apk!classes15.dex*1985522381:base.apk!classes16.dex*3850485896]{PCL[/system/framework/org.apache.http.legacy.jar*2255768530]#PCL[/system/framework/com.android.location.provider.jar*1360179951]} | DLC[];PCL[])
05-07 23:33:33.222 I/DynamiteModule( 9116): Considering local module com.google.android.gms.measurement.dynamite:141 and remote module com.google.android.gms.measurement.dynamite:190
05-07 23:33:33.222 I/DynamiteModule( 9116): Selected remote version of com.google.android.gms.measurement.dynamite, version >= 190
05-07 23:33:33.222 V/DynamiteModule( 9116): Dynamite loader version >= 2, using loadModule2NoCrashUtils
05-07 23:33:33.225 W/System  ( 9116): ClassLoader referenced unknown path: 
05-07 23:33:33.227 I/Finsky  ( 6486): [216] SCH: Satisfied jobs for 9811 are: 16-16161616
05-07 23:33:33.228 I/Finsky  ( 6486): [215] SCH: Job 16-16161616 starting
05-07 23:33:33.229 I/Finsky  ( 6486): [2] WM::SCH: Logging work start for 16-16161616
05-07 23:33:33.232 I/Finsky  ( 6486): [217] Flushing event logs for [niDzF9XMyG3SoGAwu3jcbpFPsfgzboswX1et9794Qlw]
05-07 23:33:33.232 I/Finsky  ( 6486): [217] playLoggingServerUrl: https://play.googleapis.com/play/log
05-07 23:33:33.232 I/Finsky  ( 6486): [217] playLoggingServerTimestampUrl: https://play.googleapis.com/play/log/timestamp
05-07 23:33:33.233 I/PlayCommon( 6486): [75] Preparing logs for uploading
05-07 23:33:33.234 I/PlayCommon( 6486): [75] Connecting to server: https://play.googleapis.com/play/log?format=raw&proto_v2=true
05-07 23:33:33.237 W/udios.Fireston( 9116): ClassLoaderContext classpath size mismatch. expected=16, found=2 (DLC[];PCL[base.apk*545294799:base.apk!classes2.dex*352801010:base.apk!classes3.dex*3343406984:base.apk!classes4.dex*2440093784:base.apk!classes5.dex*3849908652:base.apk!classes6.dex*990115835:base.apk!classes7.dex*2111835892:base.apk!classes8.dex*3444068947:base.apk!classes9.dex*3508519706:base.apk!classes10.dex*3738386946:base.apk!classes11.dex*1150016488:base.apk!classes12.dex*2136424662:base.apk!classes13.dex*3076236650:base.apk!classes14.dex*2602640587:base.apk!classes15.dex*1985522381:base.apk!classes16.dex*3850485896]{PCL[/system/framework/org.apache.http.legacy.jar*2255768530]#PCL[/system/framework/com.android.location.provider.jar*1360179951]} | DLC[];PCL[/data/app/~~eYnZX0CwG_PADosI43wKmA==/com.HolydayStudios.Firestone-KwYIEPUCRPiNe65OfXHOnQ==/base.apk*115601013:/data/app/~~eYnZX0CwG_PADosI43wKmA==/com.HolydayStudios.Firestone-KwYIEPUCRPiNe65OfXHOnQ==/base.apk!classes2.dex*3214480094])
05-07 23:33:33.250 W/ActivityManager( 2429): callingPackage:com.HolydayStudios.Firestone, packageName:com.google.android.gms, name:com.google.android.gms.chimera.PersistentApiService, isSkip: true
05-07 23:33:33.256 I/PhenotypeResourceReader( 2754): unable to find any Phenotype resource metadata for com.HolydayStudios.Firestone
05-07 23:33:33.265 I/IL2CPP  ( 9116): JNI_OnLoad
05-07 23:33:33.265 V/Unity   ( 9116): Context Type: ActivityOrService
05-07 23:33:33.266 E/udios.Fireston( 9116): No package ID 6a found for ID 0x6a0b0013.
05-07 23:33:33.267 I/FA      ( 9116): App measurement initialized, version: 166000
05-07 23:33:33.267 I/FA      ( 9116): To enable debug logging run: adb shell setprop log.tag.FA VERBOSE
05-07 23:33:33.267 I/FA      ( 9116): To enable faster debug mode event logging run:
05-07 23:33:33.267 I/FA      ( 9116):   adb shell setprop debug.firebase.analytics.app com.HolydayStudios.Firestone
05-07 23:33:33.274 W/WindowManager( 2429): Failed looking up window session=Session{79a79b2 9116:u0a10077} callers=com.android.server.wm.WindowManagerService.windowForClientLocked:5826 com.android.server.wm.Session.updateRequestedVisibilities:640 android.view.IWindowSession$Stub.onTransact:1175 
05-07 23:33:33.292 I/PlayCommon( 6486): [75] Successfully uploaded logs.
05-07 23:33:33.293 E/firestone.hook( 8991): vulkan version is 4202746
05-07 23:33:33.295 W/ActivityManager( 2429): callingPackage:com.android.vending, packageName:com.android.vending, name:com.google.frameworks.client.data.android.server.play.BackgroundProcessEndpointService, isSkip: true
05-07 23:33:33.302 W/ActivityManager( 2429): callingPackage:com.HolydayStudios.Firestone, packageName:com.google.android.gms, name:com.google.android.gms.measurement.service.MeasurementBrokerService, isSkip: true
05-07 23:33:33.304 D/BoundBrokerSvc( 3171): onBind: Intent { act=com.google.android.gms.measurement.START pkg=com.google.android.gms }
05-07 23:33:33.304 D/BoundBrokerSvc( 3171): Loading bound service for intent: Intent { act=com.google.android.gms.measurement.START pkg=com.google.android.gms }
05-07 23:33:33.306 D/hw-ProcessState( 9116): Binder ioctl to enable oneway spam detection failed: Invalid argument
05-07 23:33:33.306 I/hwservicemanager( 2057): getTransport: Cannot find entry android.hardware.graphics.mapper@4.0::IMapper/default in either framework or device VINTF manifest.
05-07 23:33:33.306 E/HidlServiceManagement( 9116): getService: Potential race detected, descriptor: android.hardware.graphics.mapper@4.0::IMapper instance: default
05-07 23:33:33.306 I/hwservicemanager( 2057): Since android.hardware.graphics.mapper@4.0::IMapper/default is not registered, trying to start it as a lazy HAL.
05-07 23:33:33.307 I/Gralloc4( 9116): mapper 4.x is not supported
05-07 23:33:33.307 I/FA      ( 9116): Tag Manager is not found and thus will not be used
05-07 23:33:33.307 I/hwservicemanager( 2057): getTransport: Cannot find entry android.hardware.graphics.mapper@3.0::IMapper/default in either framework or device VINTF manifest.
05-07 23:33:33.307 E/HidlServiceManagement( 9116): getService: Potential race detected, descriptor: android.hardware.graphics.mapper@3.0::IMapper instance: default
05-07 23:33:33.307 I/hwservicemanager( 2057): Since android.hardware.graphics.mapper@3.0::IMapper/default is not registered, trying to start it as a lazy HAL.
05-07 23:33:33.308 W/Gralloc3( 9116): mapper 3.x is not supported
05-07 23:33:33.308 E/HidlServiceManagement( 9116): getService: Potential race detected, descriptor: android.hardware.graphics.mapper@2.0::IMapper instance: default
05-07 23:33:33.311 I/hwservicemanager( 2057): getTransport: Cannot find entry android.hardware.graphics.allocator@4.0::IAllocator/default in either framework or device VINTF manifest.
05-07 23:33:33.312 E/HidlServiceManagement( 9116): getService: Potential race detected, descriptor: android.hardware.graphics.allocator@4.0::IAllocator instance: default
05-07 23:33:33.312 I/hwservicemanager( 2057): Since android.hardware.graphics.allocator@4.0::IAllocator/default is not registered, trying to start it as a lazy HAL.
05-07 23:33:33.312 W/Gralloc4( 9116): allocator 4.x is not supported
05-07 23:33:33.313 I/hwservicemanager( 2057): getTransport: Cannot find entry android.hardware.graphics.allocator@3.0::IAllocator/default in either framework or device VINTF manifest.
05-07 23:33:33.313 E/HidlServiceManagement( 9116): getService: Potential race detected, descriptor: android.hardware.graphics.allocator@3.0::IAllocator instance: default
05-07 23:33:33.313 I/hwservicemanager( 2057): Since android.hardware.graphics.allocator@3.0::IAllocator/default is not registered, trying to start it as a lazy HAL.
05-07 23:33:33.313 W/Gralloc3( 9116): allocator 3.x is not supported
05-07 23:33:33.314 E/HidlServiceManagement( 9116): getService: Potential race detected, descriptor: android.hardware.graphics.allocator@2.0::IAllocator instance: default
05-07 23:33:33.314 I/nemucooker( 9116): cook file1: /etc/mumu-configs/renderer.config, last modify time: Thu Aug 29 11:22:45 2024
05-07 23:33:33.314 I/nemucooker( 9116): cook file2: /data/system/etc/mumu-configs/renderer.config, last modify time: Thu Apr 30 21:00:20 2026
05-07 23:33:33.314 I/nemucooker( 9116): cook select file: /data/system/etc/mumu-configs/renderer.config
05-07 23:33:33.316 I/Finsky:background( 6755): [58] playLoggingServerUrl: https://play.googleapis.com/play/log
05-07 23:33:33.316 I/Finsky:background( 6755): [58] playLoggingServerTimestampUrl: https://play.googleapis.com/play/log/timestamp
05-07 23:33:33.316 W/libc    ( 2057): Unable to set property "ctl.interface_start" to "android.hardware.graphics.mapper@4.0::IMapper/default": error code: 0x20
05-07 23:33:33.316 I/hwservicemanager( 2057): Tried to start android.hardware.graphics.mapper@4.0::IMapper/default as a lazy service, but was unable to. Usually this happens when a service is not installed, but if the service is intended to be used as a lazy service, then it may be configured incorrectly.
05-07 23:33:33.317 E/udios.Fireston( 9116): vulkan version is 4202746
05-07 23:33:33.318 D/gralloc_x86( 9116): gralloc_alloc: Creating ashmem region of size 14749696
05-07 23:33:33.322 W/libc    ( 2057): Unable to set property "ctl.interface_start" to "android.hardware.graphics.mapper@3.0::IMapper/default": error code: 0x20
05-07 23:33:33.322 I/hwservicemanager( 2057): Tried to start android.hardware.graphics.mapper@3.0::IMapper/default as a lazy service, but was unable to. Usually this happens when a service is not installed, but if the service is intended to be used as a lazy service, then it may be configured incorrectly.
05-07 23:33:33.324 W/ActivityManager( 2429): callingPackage:com.android.vending, packageName:com.android.vending, name:com.google.frameworks.client.data.android.server.play.QuickLaunchProcessEndpointService, isSkip: true
05-07 23:33:33.325 I/ActivityManager( 2429): com.android.vending is exempt from freezer
05-07 23:33:33.325 D/CompatibilityChangeReporter( 2429): Compat change id reported: 135634846; UID 10091; state: DISABLED
05-07 23:33:33.325 D/CompatibilityChangeReporter( 2429): Compat change id reported: 177438394; UID 10091; state: DISABLED
05-07 23:33:33.325 D/CompatibilityChangeReporter( 2429): Compat change id reported: 135772972; UID 10091; state: DISABLED
05-07 23:33:33.325 D/CompatibilityChangeReporter( 2429): Compat change id reported: 135754954; UID 10091; state: ENABLED
05-07 23:33:33.326 D/CompatibilityChangeReporter( 2429): Compat change id reported: 143937733; UID 10091; state: ENABLED
05-07 23:33:33.328 W/libc    ( 2057): Unable to set property "ctl.interface_start" to "android.hardware.graphics.allocator@4.0::IAllocator/default": error code: 0x20
05-07 23:33:33.328 I/hwservicemanager( 2057): Tried to start android.hardware.graphics.allocator@4.0::IAllocator/default as a lazy service, but was unable to. Usually this happens when a service is not installed, but if the service is intended to be used as a lazy service, then it may be configured incorrectly.
05-07 23:33:33.330 D/Zygote  ( 2220): Forked child process 9177
05-07 23:33:33.330 I/ActivityManager( 2429): Start proc 9177:com.android.vending:quick_launch/u0a91 for service {com.android.vending/com.google.frameworks.client.data.android.server.play.QuickLaunchProcessEndpointService}
05-07 23:33:33.338 W/libc    ( 2057): Unable to set property "ctl.interface_start" to "android.hardware.graphics.allocator@3.0::IAllocator/default": error code: 0x20
05-07 23:33:33.338 I/hwservicemanager( 2057): Tried to start android.hardware.graphics.allocator@3.0::IAllocator/default as a lazy service, but was unable to. Usually this happens when a service is not installed, but if the service is intended to be used as a lazy service, then it may be configured incorrectly.
05-07 23:33:33.363 I/ActivityTaskManager( 2429): Displayed com.HolydayStudios.Firestone/com.unity3d.player.UnityPlayerActivity: +526ms
05-07 23:33:33.366 D/AdvertisingIdClient( 3171): AdvertisingIdClient already created.
05-07 23:33:33.366 D/AdvertisingIdClient( 3171): AdvertisingIdClient is not bounded. Starting to bind it...
05-07 23:33:33.368 W/ActivityManager( 2429): callingPackage:com.google.android.gms, packageName:com.google.android.gms, name:com.google.android.gms.ads.identifier.service.AdvertisingIdService, isSkip: true
05-07 23:33:33.370 D/AdvertisingIdClient( 3171): AdvertisingIdClient is bounded
05-07 23:33:33.372 I/AdvertisingIdClient( 3171): shouldSendLog 1888169
05-07 23:33:33.372 I/AdvertisingIdClient( 3171): GetInfoInternal elapse 5ms
05-07 23:33:33.373 I/Zygote  ( 9177): fakeProductInfoIfNeed callded! com.android.vending:quick_launch
05-07 23:33:33.374 I/Unity   ( 9116): MemoryManager: Using 'Dynamic Heap' Allocator.
05-07 23:33:33.374 I/Zygote  ( 9177): fake Product info com.android.vending:quick_launch not matched any pattern
05-07 23:33:33.374 I/Zygote  ( 9177): fakeProductInfoFromProperties callded! com.android.vending:quick_launch
05-07 23:33:33.374 I/Zygote  ( 9177): fakeProductInfoFromProperties disable for uid ! com.android.vending:quick_launch
05-07 23:33:33.385 E/NemuAppNameUtil( 9177): save data success
05-07 23:33:33.385 D/BoundBrokerSvc( 2754): onRebind: Intent { act=com.google.android.gms.presencemanager.service.START dat=chimera-action: cmp=com.google.android.gms/.chimera.PersistentApiService }
05-07 23:33:33.386 D/BoundBrokerSvc( 2754): onRebind: Intent { act=com.google.android.gms.common.telemetry.service.START dat=chimera-action: cmp=com.google.android.gms/.chimera.PersistentApiService }
05-07 23:33:33.386 I/Unity   ( 9116): SystemInfo CPU = ARM64 FP ASIMD AES, Cores = 6, Memory = 12007mb
05-07 23:33:33.386 I/Unity   ( 9116): SystemInfo ARM big.LITTLE configuration: 6 big (mask: 0x3f), 0 little (mask: 0x0)
05-07 23:33:33.386 I/Unity   ( 9116): ApplicationInfo 'com.HolydayStudios.Firestone', Version '3.27', Min API Level '23', Target API Level '36'
05-07 23:33:33.386 I/Unity   ( 9116): Built from '6000.0/staging' branch, Version '6000.0.47f1 (2ad1ed33fd3b)', Build type 'Release', Scripting Backend 'il2cpp', CPU 'arm64-v8a', Stripping 'Enabled'
05-07 23:33:33.386 I/Unity   ( 9116): Device Model 'Samsung SM-A5460', OS 'Android OS 12 (API 32)'
05-07 23:33:33.387 D/BoundBrokerSvc( 2754): onRebind: Intent { act=com.google.android.gms.presencemanager.service.INTERNAL_IDENTITY dat=chimera-action: cmp=com.google.android.gms/.chimera.PersistentApiService }
05-07 23:33:33.389 V/zygiskd64( 2221): zygiskd::zygiskd: New daemon action: GetProcessFlags
05-07 23:33:33.404 D/ProcessState( 9190): Binder ioctl to enable oneway spam detection failed: Invalid argument
05-07 23:33:33.421 V/zygiskd64( 2221): zygiskd::zygiskd: Flags for UID 10091: ProcessFlags(PROCESS_ROOT_IS_MAGISK)
05-07 23:33:33.423 V/zygiskd64( 2221): zygiskd::zygiskd: New daemon action: ReadModules
05-07 23:33:33.495 W/Zygote  ( 9177): BindMount ,  SpecializeCommon: source /data/system/etc/mumu-configs/app/com.android.vending:quick_launch/currentApp, target: /system/etc/mumu-configs/currentApp , chownRet: 0
05-07 23:33:33.495 W/Zygote  ( 9177): BindMount ,  SpecializeCommon mount currentApp , MountRet: 0
05-07 23:33:33.498 I/Zygote  ( 9177): seccomp disabled by setenforce 0
05-07 23:33:33.501 W/InputManager-JNI( 2429): Input channel object '2df643e Splash Screen com.HolydayStudios.Firestone (client)' was disposed without first being removed with the input manager!
05-07 23:33:33.505 E/ng:quick_launc( 9177): Not starting debugger since process cannot load the jdwp agent.
05-07 23:33:33.506 D/ProcessState( 9177): Binder ioctl to enable oneway spam detection failed: Invalid argument
05-07 23:33:33.508 D/VectorZygiskBridge( 2429): onTransact: action=GET_BINDER, callerUid=10091
05-07 23:33:33.517 E/ashmem  ( 9177): memfd: ro.vndk.version not defined or invalid (), this is mandated since P.
05-07 23:33:33.518 D/CompatibilityChangeReporter( 9177): Compat change id reported: 171979766; UID 10091; state: ENABLED
05-07 23:33:33.520 D/NemuJavaHotPatchHelper( 9177): onHandleBindApplication reportedPackageName:com.android.vending isMatchJavaPatch:true
05-07 23:33:33.521 D/NemuJavaHotPatchHelper( 9177): onHandleBindApplication cpu_abi:arm64-v8a api_jar_filename:/data/system/etc/mumu-configs/java_patch/javahelper/java_helper_classes.jar library_dirname:/system/etc/mumu-configs/java_patch/javahelper/libs/arm64-v8a
05-07 23:33:33.523 D/NemuJavaHotPatchHelper( 9177): onHandleBindApplication api_loader:dalvik.system.PathClassLoader[DexPathList[[zip file "/data/system/etc/mumu-configs/java_patch/javahelper/java_helper_classes.jar"],nativeLibraryDirectories=[/system/etc/mumu-configs/java_patch/javahelper/libs/arm64-v8a, /system/lib64, /system/system_ext/lib64, /system/product/lib64, /system/vendor/lib64]]]
05-07 23:33:33.523 W/XposedInit( 9177): init_v3 appBindData:AppBindData{appInfo=ApplicationInfo{7d5e056 com.android.vending}}
05-07 23:33:33.528 I/ModuleManager( 9177): Loading modules from /data/system/etc/mumu-configs/java_patch/jpatchs/patch_all_in_one_arm.jar
05-07 23:33:33.528 W/ng:quick_launc( 9177): Opening an oat file without a class loader. Are you using the deprecated DexFile APIs?
05-07 23:33:33.531 I/ModuleManager( 9177):   Loading class com.android.javapatch.JavaPatchEntry
05-07 23:33:33.537 I/nemucooker( 9177): cook file1: /system/etc/mumu-configs/shared_libs/libc_llite.so, last modify time: Fri Jul 12 17:30:20 2024
05-07 23:33:33.537 I/nemucooker( 9177): cook file2: /data/system/etc/mumu-configs/shared_libs/libc_llite.so, last modify time: Wed Apr 29 17:20:43 2026
05-07 23:33:33.537 I/nemucooker( 9177): cook select file: /data/system/etc/mumu-configs/shared_libs/libc_llite.so
05-07 23:33:33.537 E/linker  ( 9177): do_dlsym houdini_patch_entrance_name failed
05-07 23:33:33.543 E/ng:quick_launc( 9177): Could not write anonymous vdex /system/framework/oat/arm64/org.apache.http.legacy.vdex: Could not open /system/framework/oat/arm64/org.apache.http.legacy.vdex for writing
05-07 23:33:33.547 W/System  ( 2429): A resource failed to call release. 
05-07 23:33:33.547 W/MediaPlayer-JNI( 2429): MediaPlayer finalized without being released
05-07 23:33:33.557 W/ng:quick_launc( 9177): ClassLoaderContext parent mismatch.  (PCL[]{PCL[/system/framework/org.apache.http.legacy.jar*2255768530]} | PCL[]{PCL[/system/framework/org.apache.http.legacy.jar*2255768530];PCL[/data/system/etc/mumu-configs/java_patch/javahelper/java_helper_classes.jar*1206699713]};PCL[/data/system/etc/mumu-configs/java_patch/javahelper/java_helper_classes.jar*1206699713])
05-07 23:33:33.558 W/ng:quick_launc( 9177): Entry not found
05-07 23:33:33.558 W/ng:quick_launc( 9177): Entry not found
05-07 23:33:33.558 W/ng:quick_launc( 9177): Entry not found
05-07 23:33:33.559 W/ng:quick_launc( 9177): Entry not found
05-07 23:33:33.561 W/ng:quick_launc( 9177): JIT profile information will not be recorded: profile file does not exist.
05-07 23:33:33.561 W/ng:quick_launc( 9177): JIT profile information will not be recorded: profile file does not exist.
05-07 23:33:33.561 W/ng:quick_launc( 9177): JIT profile information will not be recorded: profile file does not exist.
05-07 23:33:33.561 W/ng:quick_launc( 9177): JIT profile information will not be recorded: profile file does not exist.
05-07 23:33:33.561 W/JavaPatchEntry( 9177): come from handleLoadPackage packageName:com.android.vending sdkVersion:32
05-07 23:33:33.565 I/Unity   ( 9116): Company Name: HolydayStudios
05-07 23:33:33.565 I/Unity   ( 9116): Product Name: Firestone
05-07 23:33:33.566 D/libEGL  ( 9116): loaded /system/lib64/egl/libEGL_emulation.so
05-07 23:33:33.567 E/udios.Fireston( 9116): vulkan version is 4202746
05-07 23:33:33.568 I/nemucooker( 9116): cook file1: /etc/mumu-configs/renderer.config, last modify time: Thu Aug 29 11:22:45 2024
05-07 23:33:33.568 I/nemucooker( 9116): cook file2: /data/system/etc/mumu-configs/renderer.config, last modify time: Thu Apr 30 21:00:20 2026
05-07 23:33:33.568 I/nemucooker( 9116): cook select file: /data/system/etc/mumu-configs/renderer.config
05-07 23:33:33.571 D/libEGL  ( 9116): loaded /system/lib64/egl/libGLESv1_CM_emulation.so
05-07 23:33:33.571 D/libEGL  ( 9116): loaded /system/lib64/egl/libGLESv2_emulation.so
05-07 23:33:33.574 E/JKHelper( 9177): Suspend VM API is unavailable.
05-07 23:33:33.583 E/GraphicsEnv( 9116): Failed to get gpu service
05-07 23:33:33.584 E/HidlServiceManagement( 9116): getService: Potential race detected, descriptor: android.hardware.configstore@1.0::ISurfaceFlingerConfigs instance: default
05-07 23:33:33.585 E/EGL_emulation( 9116): [getAttribValue] Bad attribute idx
05-07 23:33:33.585 D/EGL_emulation( 9116): eglGetConfigAttrib: bad attrib 0x1
05-07 23:33:33.585 E/EGL_emulation( 9116): tid 9160: eglGetConfigAttrib(1029): error 0x3004 (EGL_BAD_ATTRIBUTE)
05-07 23:33:33.586 D/gralloc_x86( 9116): gralloc_alloc: Creating ashmem region of size 7376896
05-07 23:33:33.590 E/JKHelper( 9177): Suspend VM API is unavailable.
05-07 23:33:33.601 E/udios.Fireston( 9116): vulkan version is 4202746
05-07 23:33:33.605 I/Typeface( 9177): Preloading /system/fonts/Roboto-Regular.ttf
05-07 23:33:33.605 I/Typeface( 9177): Preloading /system/fonts/RobotoStatic-Regular.ttf
05-07 23:33:33.611 I/AAudio  ( 9116): AAudioStreamBuilder_openStream() called ----------------------------------------
05-07 23:33:33.611 I/AudioStreamBuilder( 9116): rate   =  24000, channels  = 2, channelMask = 0x80000003, format   = 5, sharing = SH, dir = OUTPUT
05-07 23:33:33.611 I/AudioStreamBuilder( 9116): device =      0, sessionId = -1, perfMode = 12, callback: ON with frames = 1024
05-07 23:33:33.611 I/AudioStreamBuilder( 9116): usage  =      0, contentType = 0, inputPreset = 0, allowedCapturePolicy = 0
05-07 23:33:33.611 I/AudioStreamBuilder( 9116): privacy sensitive = false
05-07 23:33:33.611 I/AudioStreamBuilder( 9116): opPackageName = (null)
05-07 23:33:33.611 I/AudioStreamBuilder( 9116): attributionTag = (null)
05-07 23:33:33.611 D/udios.Fireston( 9116): PlayerBase::PlayerBase()
05-07 23:33:33.611 D/AudioStreamTrack( 9116): open(), request notificationFrames = 0, frameCount = 8192
05-07 23:33:33.613 W/AudioFlinger( 2249): createTrack_l(): mismatch between requested flags (00000104) and output flags (00000006)
05-07 23:33:33.613 D/AudioFlinger( 2249): Client defaulted notificationFrames to 480 for frameCount 8192
05-07 23:33:33.614 D/AF::TrackHandle( 2249): OpPlayAudio: track:65 usage:1 not muted
05-07 23:33:33.615 D/AudioTrack( 9116): createTrack_l(111): AUDIO_OUTPUT_FLAG_FAST denied by server; frameCount 8192 -> 8192
05-07 23:33:33.616 D/AAudioStream( 9116): setState(s#1) from 0 to 2
05-07 23:33:33.617 D/AudioStreamTrack( 9116): open() flags changed from 0x00000104 to 0x00000000
05-07 23:33:33.617 D/AudioStreamTrack( 9116): open() perfMode changed from 12 to 10
05-07 23:33:33.618 I/AAudio  ( 9116): AAudioStreamBuilder_openStream() returns 0 = AAUDIO_OK for s#1 ----------------
05-07 23:33:33.618 D/AAudio  ( 9116): AAudioStream_requestStart(s#1) called --------------
05-07 23:33:33.618 D/AAudioStream( 9116): setState(s#1) from 2 to 3
05-07 23:33:33.619 D/AudioStreamLegacy( 9116): onAudioDeviceUpdate(deviceId = 2)
05-07 23:33:33.619 D/AAudio  ( 9116): AAudioStream_requestStart(s#1) returned 0 ---------
05-07 23:33:33.619 D/audio_hw_primary( 2227): tunnel_pcm_open called!
05-07 23:33:33.624 V/GraphicsEnvironment( 9177): ANGLE Developer option for 'com.android.vending' set to: 'default'
